--------- beginning of system
05-24 20:10:58.416   824   845 E Watchdog: WDT_Monitor: checkSFStatus sfBlocked=false
05-24 20:10:58.416   824   845 E Watchdog: WDT_Monitor: writeWDTMonitor duration=50,shutdowning=false
05-24 20:11:28.422   824   845 E Watchdog: WDT_Monitor: checkSFStatus sfBlocked=false
05-24 20:11:28.422   824   845 E Watchdog: WDT_Monitor: writeWDTMonitor duration=50,shutdowning=false
05-24 20:11:58.428   824   845 E Watchdog: WDT_Monitor: checkSFStatus sfBlocked=false
05-24 20:11:58.428   824   845 E Watchdog: WDT_Monitor: writeWDTMonitor duration=50,shutdowning=false
05-24 20:12:28.434   824   845 E Watchdog: WDT_Monitor: checkSFStatus sfBlocked=false
05-24 20:12:28.434   824   845 E Watchdog: WDT_Monitor: writeWDTMonitor duration=50,shutdowning=false
05-24 20:12:58.440   824   845 E Watchdog: WDT_Monitor: checkSFStatus sfBlocked=false
05-24 20:12:58.440   824   845 E Watchdog: WDT_Monitor: writeWDTMonitor duration=50,shutdowning=false
05-24 20:13:28.446   824   845 E Watchdog: WDT_Monitor: checkSFStatus sfBlocked=false
05-24 20:13:28.447   824   845 E Watchdog: WDT_Monitor: writeWDTMonitor duration=50,shutdowning=false
05-24 20:13:58.453   824   845 E Watchdog: WDT_Monitor: checkSFStatus sfBlocked=false
05-24 20:13:58.453   824   845 E Watchdog: WDT_Monitor: writeWDTMonitor duration=50,shutdowning=false
05-24 20:14:28.459   824   845 E Watchdog: WDT_Monitor: checkSFStatus sfBlocked=false
05-24 20:14:28.459   824   845 E Watchdog: WDT_Monitor: writeWDTMonitor duration=50,shutdowning=false
05-24 20:14:58.465   824   845 E Watchdog: WDT_Monitor: checkSFStatus sfBlocked=false
05-24 20:14:58.465   824   845 E Watchdog: WDT_Monitor: writeWDTMonitor duration=50,shutdowning=false
--------- beginning of main
05-24 20:15:00.654 22913 22913 E ding:backgroun: Not starting debugger since process cannot load the jdwp agent.
05-24 20:15:25.085 19737 20009 E fb4a.TigonNetworkSessionListenerManager: handleDataTask failed for handleDataTaskType
05-24 20:15:25.086 19737 11737 E fb4a.msys: E[N data-request]_HandleDataResponse(1681)=>Data request error for task 438aa674-d75e-4040-bf56-a27f2a983327 (response type 1): network disconnected
05-24 20:15:25.087 19737 11739 E fb4a.msys: E[S sync]_createResponseError(241)=>Network Response 438aa674-d75e-4040-bf56-a27f2a983327 contains sync error Error Domain=NSURLErrorDomain Code=1 UserInfo=0xbda73600 {MCFErrorDirectUnderlyingErrorKey=0xbe760980 "Error Domain=NSURLErrorDomain Code=1 UserInfo=0xe5f1ca00 {MCFErrorDirectLocalizedFailureReasonKey=TigonError(error=TransientError, errorDomain=TigonLigerErrorDomain, domainErrorCode=3, analyticsDetail="AsyncSocketException: connect timed out after 29995ms, type = Timed out")}", MCFErrorDirectLocalizedFailureReasonKey=network disconnected} - Underlying error Error Domain=NSURLErrorDomain Code=1 UserInfo=0xe5f1ca00 {MCFErrorDirectLocalizedFailureReasonKey=TigonError(error=TransientError, errorDomain=TigonLigerErrorDomain, domainErrorCode=3, analyticsDetail="AsyncSocketException: connect timed out after 29995ms, type = Timed out")}: Error Domain=NSURLErrorDomain Code=1 UserInfo=0xbda73600 {MCFErrorDirectUnderlyingErrorKey=0xbe760980 "Error Domain=NSURLErrorDomain Code=1 UserInfo=0xe5f1ca00 {MCFErrorDirectLocalizedFailureReasonKey=TigonError(error=TransientError, errorDomain=TigonLigerErrorDomain, domainErrorCode=3, analyticsDetail="AsyncSocketException: connect timed out after 29995ms, type = Timed out")}", MCFErrorDirectLocalizedFailureReasonKey=network disconnected}
05-24 20:15:28.471   824   845 E Watchdog: WDT_Monitor: checkSFStatus sfBlocked=false
05-24 20:15:28.471   824   845 E Watchdog: WDT_Monitor: writeWDTMonitor duration=50,shutdowning=false
05-24 20:15:55.144 19737 20009 E fb4a.TigonNetworkSessionListenerManager: handleDataTask failed for handleDataTaskType
05-24 20:15:55.145 19737 11737 E fb4a.msys: E[N data-request]_HandleDataResponse(1681)=>Data request error for task ebb93b5e-c6f5-4ad3-b9dc-10c9a83a2bda (response type 1): network disconnected
05-24 20:15:55.147 19737 11739 E fb4a.msys: E[S sync]_createResponseError(241)=>Network Response ebb93b5e-c6f5-4ad3-b9dc-10c9a83a2bda contains sync error Error Domain=NSURLErrorDomain Code=1 UserInfo=0xd41c8800 {MCFErrorDirectUnderlyingErrorKey=0xebade000 "Error Domain=NSURLErrorDomain Code=1 UserInfo=0xe5f1ca00 {MCFErrorDirectLocalizedFailureReasonKey=TigonError(error=TransientError, errorDomain=TigonLigerErrorDomain, domainErrorCode=3, analyticsDetail="AsyncSocketException: connect timed out after 29995ms, type = Timed out")}", MCFErrorDirectLocalizedFailureReasonKey=network disconnected} - Underlying error Error Domain=NSURLErrorDomain Code=1 UserInfo=0xe5f1ca00 {MCFErrorDirectLocalizedFailureReasonKey=TigonError(error=TransientError, errorDomain=TigonLigerErrorDomain, domainErrorCode=3, analyticsDetail="AsyncSocketException: connect timed out after 29995ms, type = Timed out")}: Error Domain=NSURLErrorDomain Code=1 UserInfo=0xd41c8800 {MCFErrorDirectUnderlyingErrorKey=0xebade000 "Error Domain=NSURLErrorDomain Code=1 UserInfo=0xe5f1ca00 {MCFErrorDirectLocalizedFailureReasonKey=TigonError(error=TransientError, errorDomain=TigonLigerErrorDomain, domainErrorCode=3, analyticsDetail="AsyncSocketException: connect timed out after 29995ms, type = Timed out")}", MCFErrorDirectLocalizedFailureReasonKey=network disconnected}
05-24 20:15:58.477   824   845 E Watchdog: WDT_Monitor: checkSFStatus sfBlocked=false
05-24 20:15:58.477   824   845 E Watchdog: WDT_Monitor: writeWDTMonitor duration=50,shutdowning=false
05-24 20:16:25.204 19737 20009 E fb4a.TigonNetworkSessionListenerManager: handleDataTask failed for handleDataTaskType
05-24 20:16:25.204 19737 11737 E fb4a.msys: E[N data-request]_HandleDataResponse(1681)=>Data request error for task f9835895-7e01-4cbe-9945-3a9c169098f4 (response type 1): network disconnected
05-24 20:16:25.207 19737 11739 E fb4a.msys: E[S sync]_createResponseError(241)=>Network Response f9835895-7e01-4cbe-9945-3a9c169098f4 contains sync error Error Domain=NSURLErrorDomain Code=1 UserInfo=0xd4184600 {MCFErrorDirectUnderlyingErrorKey=0xebade580 "Error Domain=NSURLErrorDomain Code=1 UserInfo=0xe5f1ca00 {MCFErrorDirectLocalizedFailureReasonKey=TigonError(error=TransientError, errorDomain=TigonLigerErrorDomain, domainErrorCode=3, analyticsDetail="AsyncSocketException: connect timed out after 29995ms, type = Timed out")}", MCFErrorDirectLocalizedFailureReasonKey=network disconnected} - Underlying error Error Domain=NSURLErrorDomain Code=1 UserInfo=0xe5f1ca00 {MCFErrorDirectLocalizedFailureReasonKey=TigonError(error=TransientError, errorDomain=TigonLigerErrorDomain, domainErrorCode=3, analyticsDetail="AsyncSocketException: connect timed out after 29995ms, type = Timed out")}: Error Domain=NSURLErrorDomain Code=1 UserInfo=0xd4184600 {MCFErrorDirectUnderlyingErrorKey=0xebade580 "Error Domain=NSURLErrorDomain Code=1 UserInfo=0xe5f1ca00 {MCFErrorDirectLocalizedFailureReasonKey=TigonError(error=TransientError, errorDomain=TigonLigerErrorDomain, domainErrorCode=3, analyticsDetail="AsyncSocketException: connect timed out after 29995ms, type = Timed out")}", MCFErrorDirectLocalizedFailureReasonKey=network disconnected}
05-24 20:16:28.483   824   845 E Watchdog: WDT_Monitor: checkSFStatus sfBlocked=false
05-24 20:16:28.483   824   845 E Watchdog: WDT_Monitor: writeWDTMonitor duration=50,shutdowning=false
05-24 20:16:55.225 19737 20009 E fb4a.TigonNetworkSessionListenerManager: handleDataTask failed for handleDataTaskType
05-24 20:16:55.226 19737 11737 E fb4a.msys: E[N data-request]_HandleDataResponse(1681)=>Data request error for task ab7e208f-6799-4626-a1bc-39036331ad6d (response type 1): network disconnected
05-24 20:16:55.228 19737 11739 E fb4a.msys: E[S sync]_createResponseError(241)=>Network Response ab7e208f-6799-4626-a1bc-39036331ad6d contains sync error Error Domain=NSURLErrorDomain Code=1 UserInfo=0xe5f20100 {MCFErrorDirectUnderlyingErrorKey=0xba236240 "Error Domain=NSURLErrorDomain Code=1 UserInfo=0xe5f1ca00 {MCFErrorDirectLocalizedFailureReasonKey=TigonError(error=TransientError, errorDomain=TigonLigerErrorDomain, domainErrorCode=3, analyticsDetail="AsyncSocketException: connect timed out after 29995ms, type = Timed out")}", MCFErrorDirectLocalizedFailureReasonKey=network disconnected} - Underlying error Error Domain=NSURLErrorDomain Code=1 UserInfo=0xe5f1ca00 {MCFErrorDirectLocalizedFailureReasonKey=TigonError(error=TransientError, errorDomain=TigonLigerErrorDomain, domainErrorCode=3, analyticsDetail="AsyncSocketException: connect timed out after 29995ms, type = Timed out")}: Error Domain=NSURLErrorDomain Code=1 UserInfo=0xe5f20100 {MCFErrorDirectUnderlyingErrorKey=0xba236240 "Error Domain=NSURLErrorDomain Code=1 UserInfo=0xe5f1ca00 {MCFErrorDirectLocalizedFailureReasonKey=TigonError(error=TransientError, errorDomain=TigonLigerErrorDomain, domainErrorCode=3, analyticsDetail="AsyncSocketException: connect timed out after 29995ms, type = Timed out")}", MCFErrorDirectLocalizedFailureReasonKey=network disconnected}
05-24 20:16:58.489   824   845 E Watchdog: WDT_Monitor: checkSFStatus sfBlocked=false
05-24 20:16:58.489   824   845 E Watchdog: WDT_Monitor: writeWDTMonitor duration=50,shutdowning=false
05-24 20:17:00.737 22799 22847 E PlayCommon: [16811] arhj.k(221): Failed to connect to server for server timestamp: java.net.SocketTimeoutException: failed to connect to play.googleapis.com/142.251.42.234 (port 443) from /192.168.0.58 (port 60816) after 40000ms
05-24 20:17:25.285 19737 20009 E fb4a.TigonNetworkSessionListenerManager: handleDataTask failed for handleDataTaskType
05-24 20:17:25.286 19737 11737 E fb4a.msys: E[N data-request]_HandleDataResponse(1681)=>Data request error for task 90061fa4-1611-4ec7-b1ab-b39b56197961 (response type 1): network disconnected
05-24 20:17:25.288 19737 11739 E fb4a.msys: E[S sync]_createResponseError(241)=>Network Response 90061fa4-1611-4ec7-b1ab-b39b56197961 contains sync error Error Domain=NSURLErrorDomain Code=1 UserInfo=0xe5f20100 {MCFErrorDirectUnderlyingErrorKey=0xd41c50a0 "Error Domain=NSURLErrorDomain Code=1 UserInfo=0xe5f1ca00 {MCFErrorDirectLocalizedFailureReasonKey=TigonError(error=TransientError, errorDomain=TigonLigerErrorDomain, domainErrorCode=3, analyticsDetail="AsyncSocketException: connect timed out after 29995ms, type = Timed out")}", MCFErrorDirectLocalizedFailureReasonKey=network disconnected} - Underlying error Error Domain=NSURLErrorDomain Code=1 UserInfo=0xe5f1ca00 {MCFErrorDirectLocalizedFailureReasonKey=TigonError(error=TransientError, errorDomain=TigonLigerErrorDomain, domainErrorCode=3, analyticsDetail="AsyncSocketException: connect timed out after 29995ms, type = Timed out")}: Error Domain=NSURLErrorDomain Code=1 UserInfo=0xe5f20100 {MCFErrorDirectUnderlyingErrorKey=0xd41c50a0 "Error Domain=NSURLErrorDomain Code=1 UserInfo=0xe5f1ca00 {MCFErrorDirectLocalizedFailureReasonKey=TigonError(error=TransientError, errorDomain=TigonLigerErrorDomain, domainErrorCode=3, analyticsDetail="AsyncSocketException: connect timed out after 29995ms, type = Timed out")}", MCFErrorDirectLocalizedFailureReasonKey=network disconnected}
05-24 20:17:28.495   824   845 E Watchdog: WDT_Monitor: checkSFStatus sfBlocked=false
05-24 20:17:28.495   824   845 E Watchdog: WDT_Monitor: writeWDTMonitor duration=50,shutdowning=false
05-24 20:17:31.009 22799 22847 E PlayCommon: [16811] arhj.m(58): Failed to get auth token: java.io.IOException: NetworkError
05-24 20:17:31.823 22551 22989 E LangProfileGrpcService: Authentication failure. [CONTEXT service_id=167 ]
05-24 20:17:31.823 22551 22989 E LangProfileGrpcService: java.io.IOException: NetworkError
05-24 20:17:31.823 22551 22989 E LangProfileGrpcService: 	at sfs.n(:com.google.android.gms@241319057@24.13.19 (170300-626168189):120)
05-24 20:17:31.823 22551 22989 E LangProfileGrpcService: 	at sfs.s(:com.google.android.gms@241319057@24.13.19 (170300-626168189):32)
05-24 20:17:31.823 22551 22989 E LangProfileGrpcService: 	at sfm.a(:com.google.android.gms@241319057@24.13.19 (170300-626168189):41)
05-24 20:17:31.823 22551 22989 E LangProfileGrpcService: 	at sfs.r(:com.google.android.gms@241319057@24.13.19 (170300-626168189):30)
05-24 20:17:31.823 22551 22989 E LangProfileGrpcService: 	at sfs.u(:com.google.android.gms@241319057@24.13.19 (170300-626168189):125)
05-24 20:17:31.823 22551 22989 E LangProfileGrpcService: 	at sfs.h(:com.google.android.gms@241319057@24.13.19 (170300-626168189):4)
05-24 20:17:31.823 22551 22989 E LangProfileGrpcService: 	at sfs.f(:com.google.android.gms@241319057@24.13.19 (170300-626168189):6)
05-24 20:17:31.823 22551 22989 E LangProfileGrpcService: 	at azjj.a(:com.google.android.gms@241319057@24.13.19 (170300-626168189):17)
05-24 20:17:31.823 22551 22989 E LangProfileGrpcService: 	at azjj.d(:com.google.android.gms@241319057@24.13.19 (170300-626168189):35)
05-24 20:17:31.823 22551 22989 E LangProfileGrpcService: 	at azkl.c(:com.google.android.gms@241319057@24.13.19 (170300-626168189):110)
05-24 20:17:31.823 22551 22989 E LangProfileGrpcService: 	at azkj.d(:com.google.android.gms@241319057@24.13.19 (170300-626168189):60)
05-24 20:17:31.823 22551 22989 E LangProfileGrpcService: 	at berm.a(:com.google.android.gms@241319057@24.13.19 (170300-626168189):5)
05-24 20:17:31.823 22551 22989 E LangProfileGrpcService: 	at cmcz.a(:com.google.android.gms@241319057@24.13.19 (170300-626168189):158)
05-24 20:17:31.823 22551 22989 E LangProfileGrpcService: 	at czye.a(:com.google.android.gms@241319057@24.13.19 (170300-626168189):13)
05-24 20:17:31.823 22551 22989 E LangProfileGrpcService: 	at dgkg.d(:com.google.android.gms@241319057@24.13.19 (170300-626168189):3)
05-24 20:17:31.823 22551 22989 E LangProfileGrpcService: 	at dgki.run(:com.google.android.gms@241319057@24.13.19 (170300-626168189):42)
05-24 20:17:31.823 22551 22989 E LangProfileGrpcService: 	at ajjo.c(:com.google.android.gms@241319057@24.13.19 (170300-626168189):50)
05-24 20:17:31.823 22551 22989 E LangProfileGrpcService: 	at ajjo.run(:com.google.android.gms@241319057@24.13.19 (170300-626168189):76)
05-24 20:17:31.823 22551 22989 E LangProfileGrpcService: 	at java.util.concurrent.ThreadPoolExecutor.runWorker(ThreadPoolExecutor.java:1167)
05-24 20:17:31.823 22551 22989 E LangProfileGrpcService: 	at java.util.concurrent.ThreadPoolExecutor$Worker.run(ThreadPoolExecutor.java:641)
05-24 20:17:31.823 22551 22989 E LangProfileGrpcService: 	at ajpb.run(:com.google.android.gms@241319057@24.13.19 (170300-626168189):8)
05-24 20:17:31.823 22551 22989 E LangProfileGrpcService: 	at java.lang.Thread.run(Thread.java:923)
05-24 20:17:31.846  6334  8064 E AuthPII : [RequestTokenManager] getToken() -> BAD_AUTHENTICATION. App: com.google.android.gms, Service: oauth2:https://www.googleapis.com/auth/ulp
05-24 20:17:31.846  6334  8064 E AuthPII : aihl: Long live credential not available.
05-24 20:17:31.846  6334  8064 E AuthPII : 	at szb.a(:com.google.android.gms@241319057@24.13.19 (170300-626168189):978)
05-24 20:17:31.846  6334  8064 E AuthPII : 	at szh.b(:com.google.android.gms@241319057@24.13.19 (170300-626168189):28)
05-24 20:17:31.846  6334  8064 E AuthPII : 	at szf.a(:com.google.android.gms@241319057@24.13.19 (170300-626168189):620)
05-24 20:17:31.846  6334  8064 E AuthPII : 	at sze.a(:com.google.android.gms@241319057@24.13.19 (170300-626168189):92)
05-24 20:17:31.846  6334  8064 E AuthPII : 	at njz.c(:com.google.android.gms@241319057@24.13.19 (170300-626168189):263)
05-24 20:17:31.846  6334  8064 E AuthPII : 	at njz.h(:com.google.android.gms@241319057@24.13.19 (170300-626168189):2)
05-24 20:17:31.846  6334  8064 E AuthPII : 	at njz.gY(:com.google.android.gms@241319057@24.13.19 (170300-626168189):200)
05-24 20:17:31.846  6334  8064 E AuthPII : 	at nft.onTransact(:com.google.android.gms@241319057@24.13.19 (170300-626168189):96)
05-24 20:17:31.846  6334  8064 E AuthPII : 	at android.os.Binder.transact(Binder.java:1043)
05-24 20:17:31.846  6334  8064 E AuthPII : 	at azlr.onTransact(:com.google.android.gms@241319057@24.13.19 (170300-626168189):26)
05-24 20:17:31.846  6334  8064 E AuthPII : 	at android.os.Binder.transact(Binder.java:1043)
05-24 20:17:31.846  6334  8064 E AuthPII : 	at autl.onTransact(:com.google.android.gms@241319057@24.13.19 (170300-626168189):147)
05-24 20:17:31.846  6334  8064 E AuthPII : 	at android.os.Binder.execTransactInternal(Binder.java:1154)
05-24 20:17:31.846  6334  8064 E AuthPII : 	at android.os.Binder.execTransact(Binder.java:1123)
05-24 20:17:31.846  6334  8064 E AuthPII : Message is Long live credential not available.
05-24 20:17:31.846  6334  8064 E AuthPII : aihl: Long live credential not available.
05-24 20:17:31.846  6334  8064 E AuthPII : 	at szb.a(:com.google.android.gms@241319057@24.13.19 (170300-626168189):978)
05-24 20:17:31.846  6334  8064 E AuthPII : 	at szh.b(:com.google.android.gms@241319057@24.13.19 (170300-626168189):28)
05-24 20:17:31.846  6334  8064 E AuthPII : 	at szf.a(:com.google.android.gms@241319057@24.13.19 (170300-626168189):620)
05-24 20:17:31.846  6334  8064 E AuthPII : 	at sze.a(:com.google.android.gms@241319057@24.13.19 (170300-626168189):92)
05-24 20:17:31.846  6334  8064 E AuthPII : 	at njz.c(:com.google.android.gms@241319057@24.13.19 (170300-626168189):263)
05-24 20:17:31.846  6334  8064 E AuthPII : 	at njz.h(:com.google.android.gms@241319057@24.13.19 (170300-626168189):2)
05-24 20:17:31.846  6334  8064 E AuthPII : 	at njz.gY(:com.google.android.gms@241319057@24.13.19 (170300-626168189):200)
05-24 20:17:31.846  6334  8064 E AuthPII : 	at nft.onTransact(:com.google.android.gms@241319057@24.13.19 (170300-626168189):96)
05-24 20:17:31.846  6334  8064 E AuthPII : 	at android.os.Binder.transact(Binder.java:1043)
05-24 20:17:31.846  6334  8064 E AuthPII : 	at azlr.onTransact(:com.google.android.gms@241319057@24.13.19 (170300-626168189):26)
05-24 20:17:31.846  6334  8064 E AuthPII : 	at android.os.Binder.transact(Binder.java:1043)
05-24 20:17:31.846  6334  8064 E AuthPII : 	at autl.onTransact(:com.google.android.gms@241319057@24.13.19 (170300-626168189):147)
05-24 20:17:31.846  6334  8064 E AuthPII : 	at android.os.Binder.execTransactInternal(Binder.java:1154)
05-24 20:17:31.846  6334  8064 E AuthPII : 	at android.os.Binder.execTransact(Binder.java:1123)
05-24 20:17:31.866 22551 22990 E LangProfileGrpcService: Authentication failure. [CONTEXT service_id=167 ]
05-24 20:17:31.866 22551 22990 E LangProfileGrpcService: com.google.android.gms.auth.UserRecoverableAuthException: BadAuthentication
05-24 20:17:31.866 22551 22990 E LangProfileGrpcService: 	at sfs.n(:com.google.android.gms@241319057@24.13.19 (170300-626168189):41)
05-24 20:17:31.866 22551 22990 E LangProfileGrpcService: 	at sfs.s(:com.google.android.gms@241319057@24.13.19 (170300-626168189):32)
05-24 20:17:31.866 22551 22990 E LangProfileGrpcService: 	at sfm.a(:com.google.android.gms@241319057@24.13.19 (170300-626168189):41)
05-24 20:17:31.866 22551 22990 E LangProfileGrpcService: 	at sfs.r(:com.google.android.gms@241319057@24.13.19 (170300-626168189):30)
05-24 20:17:31.866 22551 22990 E LangProfileGrpcService: 	at sfs.u(:com.google.android.gms@241319057@24.13.19 (170300-626168189):125)
05-24 20:17:31.866 22551 22990 E LangProfileGrpcService: 	at sfs.h(:com.google.android.gms@241319057@24.13.19 (170300-626168189):4)
05-24 20:17:31.866 22551 22990 E LangProfileGrpcService: 	at sfs.f(:com.google.android.gms@241319057@24.13.19 (170300-626168189):6)
05-24 20:17:31.866 22551 22990 E LangProfileGrpcService: 	at azjj.a(:com.google.android.gms@241319057@24.13.19 (170300-626168189):17)
05-24 20:17:31.866 22551 22990 E LangProfileGrpcService: 	at azjj.d(:com.google.android.gms@241319057@24.13.19 (170300-626168189):35)
05-24 20:17:31.866 22551 22990 E LangProfileGrpcService: 	at azkl.c(:com.google.android.gms@241319057@24.13.19 (170300-626168189):110)
05-24 20:17:31.866 22551 22990 E LangProfileGrpcService: 	at azkj.d(:com.google.android.gms@241319057@24.13.19 (170300-626168189):60)
05-24 20:17:31.866 22551 22990 E LangProfileGrpcService: 	at berm.a(:com.google.android.gms@241319057@24.13.19 (170300-626168189):5)
05-24 20:17:31.866 22551 22990 E LangProfileGrpcService: 	at cmcz.a(:com.google.android.gms@241319057@24.13.19 (170300-626168189):158)
05-24 20:17:31.866 22551 22990 E LangProfileGrpcService: 	at czye.a(:com.google.android.gms@241319057@24.13.19 (170300-626168189):13)
05-24 20:17:31.866 22551 22990 E LangProfileGrpcService: 	at dgkg.d(:com.google.android.gms@241319057@24.13.19 (170300-626168189):3)
05-24 20:17:31.866 22551 22990 E LangProfileGrpcService: 	at dgki.run(:com.google.android.gms@241319057@24.13.19 (170300-626168189):42)
05-24 20:17:31.866 22551 22990 E LangProfileGrpcService: 	at ajjo.c(:com.google.android.gms@241319057@24.13.19 (170300-626168189):50)
05-24 20:17:31.866 22551 22990 E LangProfileGrpcService: 	at ajjo.run(:com.google.android.gms@241319057@24.13.19 (170300-626168189):76)
05-24 20:17:31.866 22551 22990 E LangProfileGrpcService: 	at java.util.concurrent.ThreadPoolExecutor.runWorker(ThreadPoolExecutor.java:1167)
05-24 20:17:31.866 22551 22990 E LangProfileGrpcService: 	at java.util.concurrent.ThreadPoolExecutor$Worker.run(ThreadPoolExecutor.java:641)
05-24 20:17:31.866 22551 22990 E LangProfileGrpcService: 	at ajpb.run(:com.google.android.gms@241319057@24.13.19 (170300-626168189):8)
05-24 20:17:31.866 22551 22990 E LangProfileGrpcService: 	at java.lang.Thread.run(Thread.java:923)
05-24 20:17:42.138  6334  6428 E chromium: [0524/201742.138330:ERROR:ssl_client_socket_impl.cc(970)] handshake failed; returned -1, SSL error code 1, net_error -101
05-24 20:17:45.989  6334  6428 E chromium: [0524/201745.989207:ERROR:ssl_client_socket_impl.cc(970)] handshake failed; returned -1, SSL error code 1, net_error -101
05-24 20:17:45.995  6334 19807 E Auth    : [TokenResponseCallback] TokenResponse failed with exception [CONTEXT service_id=343 ]
05-24 20:17:45.995  6334 19807 E Auth    : bedw: Failed to process request
05-24 20:17:45.995  6334 19807 E Auth    : 	at begx.b(:com.google.android.gms@241319057@24.13.19 (170300-626168189):19)
05-24 20:17:45.995  6334 19807 E Auth    : 	at behl.onFailed(:com.google.android.gms@241319057@24.13.19 (170300-626168189):13)
05-24 20:17:45.995  6334 19807 E Auth    : 	at m.nk.onFailed(:com.google.android.gms.dynamite_cronetdynamite@241319057@24.13.19 (170300-0):3)
05-24 20:17:45.995  6334 19807 E Auth    : 	at m.mj.run(:com.google.android.gms.dynamite_cronetdynamite@241319057@24.13.19 (170300-0):9)
05-24 20:17:45.995  6334 19807 E Auth    : 	at ajjo.c(:com.google.android.gms@241319057@24.13.19 (170300-626168189):50)
05-24 20:17:45.995  6334 19807 E Auth    : 	at ajjo.run(:com.google.android.gms@241319057@24.13.19 (170300-626168189):76)
05-24 20:17:45.995  6334 19807 E Auth    : 	at java.util.concurrent.ThreadPoolExecutor.runWorker(ThreadPoolExecutor.java:1167)
05-24 20:17:45.995  6334 19807 E Auth    : 	at java.util.concurrent.ThreadPoolExecutor$Worker.run(ThreadPoolExecutor.java:641)
05-24 20:17:45.995  6334 19807 E Auth    : 	at ajpb.run(:com.google.android.gms@241319057@24.13.19 (170300-626168189):8)
05-24 20:17:45.995  6334 19807 E Auth    : 	at java.lang.Thread.run(Thread.java:923)
05-24 20:17:45.995  6334 19807 E Auth    : Caused by: m.mt: Exception in CronetUrlRequest: net::ERR_CONNECTION_RESET, ErrorCode=8, InternalErrorCode=-101, Retryable=true
05-24 20:17:45.995  6334 19807 E Auth    : 	at org.chromium.net.impl.CronetUrlRequest.onError(:com.google.android.gms.dynamite_cronetdynamite@241319057@24.13.19 (170300-0):4)
05-24 20:17:50.317 23035 23035 E oid.setupwizar: Not starting debugger since process cannot load the jdwp agent.
05-24 20:17:55.341 19737 20009 E fb4a.TigonNetworkSessionListenerManager: handleDataTask failed for handleDataTaskType
05-24 20:17:55.342 19737 11737 E fb4a.msys: E[N data-request]_HandleDataResponse(1681)=>Data request error for task d2aded7c-dcf8-4e4a-9cd9-1f36cebc75e9 (response type 1): network disconnected
05-24 20:17:55.344 19737 11739 E fb4a.msys: E[S sync]_createResponseError(241)=>Network Response d2aded7c-dcf8-4e4a-9cd9-1f36cebc75e9 contains sync error Error Domain=NSURLErrorDomain Code=1 UserInfo=0xe5f20100 {MCFErrorDirectUnderlyingErrorKey=0xd41c57a0 "Error Domain=NSURLErrorDomain Code=1 UserInfo=0xe5f1ca00 {MCFErrorDirectLocalizedFailureReasonKey=TigonError(error=TransientError, errorDomain=TigonLigerErrorDomain, domainErrorCode=3, analyticsDetail="AsyncSocketException: connect timed out after 29995ms, type = Timed out")}", MCFErrorDirectLocalizedFailureReasonKey=network disconnected} - Underlying error Error Domain=NSURLErrorDomain Code=1 UserInfo=0xe5f1ca00 {MCFErrorDirectLocalizedFailureReasonKey=TigonError(error=TransientError, errorDomain=TigonLigerErrorDomain, domainErrorCode=3, analyticsDetail="AsyncSocketException: connect timed out after 29995ms, type = Timed out")}: Error Domain=NSURLErrorDomain Code=1 UserInfo=0xe5f20100 {MCFErrorDirectUnderlyingErrorKey=0xd41c57a0 "Error Domain=NSURLErrorDomain Code=1 UserInfo=0xe5f1ca00 {MCFErrorDirectLocalizedFailureReasonKey=TigonError(error=TransientError, errorDomain=TigonLigerErrorDomain, domainErrorCode=3, analyticsDetail="AsyncSocketException: connect timed out after 29995ms, type = Timed out")}", MCFErrorDirectLocalizedFailureReasonKey=network disconnected}
05-24 20:17:58.501   824   845 E Watchdog: WDT_Monitor: checkSFStatus sfBlocked=false
05-24 20:17:58.501   824   845 E Watchdog: WDT_Monitor: writeWDTMonitor duration=50,shutdowning=false
05-24 20:18:02.114  6334  8064 E AuthPII : [RequestTokenManager] getToken() -> NETWORK_ERROR. App: com.google.android.gms, Service: oauth2:https://www.googleapis.com/auth/ulp
05-24 20:18:02.114  6334  8064 E AuthPII : aihl: Error when calling server using GmsNetworkStack.
05-24 20:18:02.114  6334  8064 E AuthPII : 	at szh.b(:com.google.android.gms@241319057@24.13.19 (170300-626168189):1413)
05-24 20:18:02.114  6334  8064 E AuthPII : 	at szf.a(:com.google.android.gms@241319057@24.13.19 (170300-626168189):620)
05-24 20:18:02.114  6334  8064 E AuthPII : 	at sze.a(:com.google.android.gms@241319057@24.13.19 (170300-626168189):92)
05-24 20:18:02.114  6334  8064 E AuthPII : 	at njz.c(:com.google.android.gms@241319057@24.13.19 (170300-626168189):263)
05-24 20:18:02.114  6334  8064 E AuthPII : 	at njz.h(:com.google.android.gms@241319057@24.13.19 (170300-626168189):2)
05-24 20:18:02.114  6334  8064 E AuthPII : 	at njz.gY(:com.google.android.gms@241319057@24.13.19 (170300-626168189):200)
05-24 20:18:02.114  6334  8064 E AuthPII : 	at nft.onTransact(:com.google.android.gms@241319057@24.13.19 (170300-626168189):96)
05-24 20:18:02.114  6334  8064 E AuthPII : 	at android.os.Binder.transact(Binder.java:1043)
05-24 20:18:02.114  6334  8064 E AuthPII : 	at azlr.onTransact(:com.google.android.gms@241319057@24.13.19 (170300-626168189):26)
05-24 20:18:02.114  6334  8064 E AuthPII : 	at android.os.Binder.transact(Binder.java:1043)
05-24 20:18:02.114  6334  8064 E AuthPII : 	at autl.onTransact(:com.google.android.gms@241319057@24.13.19 (170300-626168189):147)
05-24 20:18:02.114  6334  8064 E AuthPII : 	at android.os.Binder.execTransactInternal(Binder.java:1154)
05-24 20:18:02.114  6334  8064 E AuthPII : 	at android.os.Binder.execTransact(Binder.java:1123)
05-24 20:18:02.114  6334  8064 E AuthPII : Caused by: aihl: Error requesting token.
05-24 20:18:02.114  6334  8064 E AuthPII : 	at szh.d(:com.google.android.gms@241319057@24.13.19 (170300-626168189):207)
05-24 20:18:02.114  6334  8064 E AuthPII : 	at szh.b(:com.google.android.gms@241319057@24.13.19 (170300-626168189):57)
05-24 20:18:02.114  6334  8064 E AuthPII : 	... 12 more
05-24 20:18:02.114  6334  8064 E AuthPII : Caused by: java.util.concurrent.TimeoutException: Waited 30 seconds (plus 548748 nanoseconds delay) for dgkh@1b48830[status=PENDING, info=[inputFuture=[dgkh@7ccca9[status=PENDING, info=[inputFuture=[gsx@f34d22e[status=PENDING, info=[tag=[GmsUrlRequestImpl.startWithFuture()]]]], function=[yeo@f1bb1cf]]]], function=[szg@411f75c]]]
05-24 20:18:02.114  6334  8064 E AuthPII : 	at dgkc.get(:com.google.android.gms@241319057@24.13.19 (170300-626168189):52)
05-24 20:18:02.114  6334  8064 E AuthPII : 	at szh.d(:com.google.android.gms@241319057@24.13.19 (170300-626168189):189)
05-24 20:18:02.114  6334  8064 E AuthPII : 	... 13 more
05-24 20:18:02.114  6334  8064 E AuthPII : Message is Error when calling server using GmsNetworkStack.
05-24 20:18:02.114  6334  8064 E AuthPII : aihl: Error when calling server using GmsNetworkStack.
05-24 20:18:02.114  6334  8064 E AuthPII : 	at szh.b(:com.google.android.gms@241319057@24.13.19 (170300-626168189):1413)
05-24 20:18:02.114  6334  8064 E AuthPII : 	at szf.a(:com.google.android.gms@241319057@24.13.19 (170300-626168189):620)
05-24 20:18:02.114  6334  8064 E AuthPII : 	at sze.a(:com.google.android.gms@241319057@24.13.19 (170300-626168189):92)
05-24 20:18:02.114  6334  8064 E AuthPII : 	at njz.c(:com.google.android.gms@241319057@24.13.19 (170300-626168189):263)
05-24 20:18:02.114  6334  8064 E AuthPII : 	at njz.h(:com.google.android.gms@241319057@24.13.19 (170300-626168189):2)
05-24 20:18:02.114  6334  8064 E AuthPII : 	at njz.gY(:com.google.android.gms@241319057@24.13.19 (170300-626168189):200)
05-24 20:18:02.114  6334  8064 E AuthPII : 	at nft.onTransact(:com.google.android.gms@241319057@24.13.19 (170300-626168189):96)
05-24 20:18:02.114  6334  8064 E AuthPII : 	at android.os.Binder.transact(Binder.java:1043)
05-24 20:18:02.114  6334  8064 E AuthPII : 	at azlr.onTransact(:com.google.android.gms@241319057@24.13.19 (170300-626168189):26)
05-24 20:18:02.114  6334  8064 E AuthPII : 	at android.os.Binder.transact(Binder.java:1043)
05-24 20:18:02.114  6334  8064 E AuthPII : 	at autl.onTransact(:com.google.android.gms@241319057@24.13.19 (170300-626168189):147)
05-24 20:18:02.114  6334  8064 E AuthPII : 	at android.os.Binder.execTransactInternal(Binder.java:1154)
05-24 20:18:02.114  6334  8064 E AuthPII : 	at android.os.Binder.execTransact(Binder.java:1123)
05-24 20:18:02.114  6334  8064 E AuthPII : Caused by: aihl: Error requesting token.
05-24 20:18:02.114  6334  8064 E AuthPII : 	at szh.d(:com.google.android.gms@241319057@24.13.19 (170300-626168189):207)
05-24 20:18:02.114  6334  8064 E AuthPII : 	at szh.b(:com.google.android.gms@241319057@24.13.19 (170300-626168189):57)
05-24 20:18:02.114  6334  8064 E AuthPII : 	... 12 more
05-24 20:18:02.114  6334  8064 E AuthPII : Caused by: java.util.concurrent.TimeoutException: Waited 30 seconds (plus 548748 nanoseconds delay) for dgkh@1b48830[status=PENDING, info=[inputFuture=[dgkh@7ccca9[status=PENDING, info=[inputFuture=[gsx@f34d22e[status=PENDING, info=[tag=[GmsUrlRequestImpl.startWithFuture()]]]], function=[yeo@f1bb1cf]]]], function=[szg@411f75c]]]
05-24 20:18:02.114  6334  8064 E AuthPII : 	at dgkc.get(:com.google.android.gms@241319057@24.13.19 (170300-626168189):52)
05-24 20:18:02.114  6334  8064 E AuthPII : 	at szh.d(:com.google.android.gms@241319057@24.13.19 (170300-626168189):189)
05-24 20:18:02.114  6334  8064 E AuthPII : 	... 13 more
05-24 20:18:02.117 22551 22994 E LangProfileGrpcService: Authentication failure. [CONTEXT service_id=167 ]
05-24 20:18:02.117 22551 22994 E LangProfileGrpcService: java.io.IOException: NetworkError
05-24 20:18:02.117 22551 22994 E LangProfileGrpcService: 	at sfs.n(:com.google.android.gms@241319057@24.13.19 (170300-626168189):120)
05-24 20:18:02.117 22551 22994 E LangProfileGrpcService: 	at sfs.s(:com.google.android.gms@241319057@24.13.19 (170300-626168189):32)
05-24 20:18:02.117 22551 22994 E LangProfileGrpcService: 	at sfm.a(:com.google.android.gms@241319057@24.13.19 (170300-626168189):41)
05-24 20:18:02.117 22551 22994 E LangProfileGrpcService: 	at sfs.r(:com.google.android.gms@241319057@24.13.19 (170300-626168189):30)
05-24 20:18:02.117 22551 22994 E LangProfileGrpcService: 	at sfs.u(:com.google.android.gms@241319057@24.13.19 (170300-626168189):125)
05-24 20:18:02.117 22551 22994 E LangProfileGrpcService: 	at sfs.h(:com.google.android.gms@241319057@24.13.19 (170300-626168189):4)
05-24 20:18:02.117 22551 22994 E LangProfileGrpcService: 	at sfs.f(:com.google.android.gms@241319057@24.13.19 (170300-626168189):6)
05-24 20:18:02.117 22551 22994 E LangProfileGrpcService: 	at azjj.a(:com.google.android.gms@241319057@24.13.19 (170300-626168189):17)
05-24 20:18:02.117 22551 22994 E LangProfileGrpcService: 	at azjj.d(:com.google.android.gms@241319057@24.13.19 (170300-626168189):35)
05-24 20:18:02.117 22551 22994 E LangProfileGrpcService: 	at azkl.c(:com.google.android.gms@241319057@24.13.19 (170300-626168189):110)
05-24 20:18:02.117 22551 22994 E LangProfileGrpcService: 	at azkj.d(:com.google.android.gms@241319057@24.13.19 (170300-626168189):60)
05-24 20:18:02.117 22551 22994 E LangProfileGrpcService: 	at berm.a(:com.google.android.gms@241319057@24.13.19 (170300-626168189):5)
05-24 20:18:02.117 22551 22994 E LangProfileGrpcService: 	at cmcz.a(:com.google.android.gms@241319057@24.13.19 (170300-626168189):158)
05-24 20:18:02.117 22551 22994 E LangProfileGrpcService: 	at czye.a(:com.google.android.gms@241319057@24.13.19 (170300-626168189):13)
05-24 20:18:02.117 22551 22994 E LangProfileGrpcService: 	at dgkg.d(:com.google.android.gms@241319057@24.13.19 (170300-626168189):3)
05-24 20:18:02.117 22551 22994 E LangProfileGrpcService: 	at dgki.run(:com.google.android.gms@241319057@24.13.19 (170300-626168189):42)
05-24 20:18:02.117 22551 22994 E LangProfileGrpcService: 	at ajjo.c(:com.google.android.gms@241319057@24.13.19 (170300-626168189):50)
05-24 20:18:02.117 22551 22994 E LangProfileGrpcService: 	at ajjo.run(:com.google.android.gms@241319057@24.13.19 (170300-626168189):76)
05-24 20:18:02.117 22551 22994 E LangProfileGrpcService: 	at java.util.concurrent.ThreadPoolExecutor.runWorker(ThreadPoolExecutor.java:1167)
05-24 20:18:02.117 22551 22994 E LangProfileGrpcService: 	at java.util.concurrent.ThreadPoolExecutor$Worker.run(ThreadPoolExecutor.java:641)
05-24 20:18:02.117 22551 22994 E LangProfileGrpcService: 	at ajpb.run(:com.google.android.gms@241319057@24.13.19 (170300-626168189):8)
05-24 20:18:02.117 22551 22994 E LangProfileGrpcService: 	at java.lang.Thread.run(Thread.java:923)
05-24 20:18:08.428   321   321 E SELinux : avc:  denied  { find } for pid=1943 uid=10122 name=tethering scontext=u:r:sprd_radio_app:s0:c512,c768 tcontext=u:object_r:tethering_service:s0 tclass=service_manager permissive=0
05-24 20:18:08.832   321   321 E SELinux : avc:  denied  { find } for pid=1943 uid=10122 name=tethering scontext=u:r:sprd_radio_app:s0:c512,c768 tcontext=u:object_r:tethering_service:s0 tclass=service_manager permissive=0
05-24 20:18:09.034   321   321 E SELinux : avc:  denied  { find } for pid=1943 uid=10122 name=tethering scontext=u:r:sprd_radio_app:s0:c512,c768 tcontext=u:object_r:tethering_service:s0 tclass=service_manager permissive=0
05-24 20:18:09.236   321   321 E SELinux : avc:  denied  { find } for pid=1943 uid=10122 name=tethering scontext=u:r:sprd_radio_app:s0:c512,c768 tcontext=u:object_r:tethering_service:s0 tclass=service_manager permissive=0
05-24 20:18:09.438   321   321 E SELinux : avc:  denied  { find } for pid=1943 uid=10122 name=tethering scontext=u:r:sprd_radio_app:s0:c512,c768 tcontext=u:object_r:tethering_service:s0 tclass=service_manager permissive=0
05-24 20:18:09.640   321   321 E SELinux : avc:  denied  { find } for pid=1943 uid=10122 name=tethering scontext=u:r:sprd_radio_app:s0:c512,c768 tcontext=u:object_r:tethering_service:s0 tclass=service_manager permissive=0
05-24 20:18:10.447   321   321 E SELinux : avc:  denied  { find } for pid=1943 uid=10122 name=tethering scontext=u:r:sprd_radio_app:s0:c512,c768 tcontext=u:object_r:tethering_service:s0 tclass=service_manager permissive=0
05-24 20:18:10.649   321   321 E SELinux : avc:  denied  { find } for pid=1943 uid=10122 name=tethering scontext=u:r:sprd_radio_app:s0:c512,c768 tcontext=u:object_r:tethering_service:s0 tclass=service_manager permissive=0
05-24 20:18:10.851   321   321 E SELinux : avc:  denied  { find } for pid=1943 uid=10122 name=tethering scontext=u:r:sprd_radio_app:s0:c512,c768 tcontext=u:object_r:tethering_service:s0 tclass=service_manager permissive=0
05-24 20:18:11.053   321   321 E SELinux : avc:  denied  { find } for pid=1943 uid=10122 name=tethering scontext=u:r:sprd_radio_app:s0:c512,c768 tcontext=u:object_r:tethering_service:s0 tclass=service_manager permissive=0
05-24 20:18:11.255   321   321 E SELinux : avc:  denied  { find } for pid=1943 uid=10122 name=tethering scontext=u:r:sprd_radio_app:s0:c512,c768 tcontext=u:object_r:tethering_service:s0 tclass=service_manager permissive=0
05-24 20:18:11.340  6334  6428 E chromium: [0524/201811.340206:ERROR:ssl_client_socket_impl.cc(970)] handshake failed; returned -1, SSL error code 1, net_error -101
05-24 20:18:11.457   321   321 E SELinux : avc:  denied  { find } for pid=1943 uid=10122 name=tethering scontext=u:r:sprd_radio_app:s0:c512,c768 tcontext=u:object_r:tethering_service:s0 tclass=service_manager permissive=0
05-24 20:18:11.658   321   321 E SELinux : avc:  denied  { find } for pid=1943 uid=10122 name=tethering scontext=u:r:sprd_radio_app:s0:c512,c768 tcontext=u:object_r:tethering_service:s0 tclass=service_manager permissive=0
05-24 20:18:11.861   321   321 E SELinux : avc:  denied  { find } for pid=1943 uid=10122 name=tethering scontext=u:r:sprd_radio_app:s0:c512,c768 tcontext=u:object_r:tethering_service:s0 tclass=service_manager permissive=0
05-24 20:18:12.062   321   321 E SELinux : avc:  denied  { find } for pid=1943 uid=10122 name=tethering scontext=u:r:sprd_radio_app:s0:c512,c768 tcontext=u:object_r:tethering_service:s0 tclass=service_manager permissive=0
05-24 20:18:12.264   321   321 E SELinux : avc:  denied  { find } for pid=1943 uid=10122 name=tethering scontext=u:r:sprd_radio_app:s0:c512,c768 tcontext=u:object_r:tethering_service:s0 tclass=service_manager permissive=0
05-24 20:18:12.466   321   321 E SELinux : avc:  denied  { find } for pid=1943 uid=10122 name=tethering scontext=u:r:sprd_radio_app:s0:c512,c768 tcontext=u:object_r:tethering_service:s0 tclass=service_manager permissive=0
05-24 20:18:12.667   321   321 E SELinux : avc:  denied  { find } for pid=1943 uid=10122 name=tethering scontext=u:r:sprd_radio_app:s0:c512,c768 tcontext=u:object_r:tethering_service:s0 tclass=service_manager permissive=0
05-24 20:18:12.869   321   321 E SELinux : avc:  denied  { find } for pid=1943 uid=10122 name=tethering scontext=u:r:sprd_radio_app:s0:c512,c768 tcontext=u:object_r:tethering_service:s0 tclass=service_manager permissive=0
05-24 20:18:13.070   321   321 E SELinux : avc:  denied  { find } for pid=1943 uid=10122 name=tethering scontext=u:r:sprd_radio_app:s0:c512,c768 tcontext=u:object_r:tethering_service:s0 tclass=service_manager permissive=0
05-24 20:18:13.474   321   321 E SELinux : avc:  denied  { find } for pid=1943 uid=10122 name=tethering scontext=u:r:sprd_radio_app:s0:c512,c768 tcontext=u:object_r:tethering_service:s0 tclass=service_manager permissive=0
05-24 20:18:13.676   321   321 E SELinux : avc:  denied  { find } for pid=1943 uid=10122 name=tethering scontext=u:r:sprd_radio_app:s0:c512,c768 tcontext=u:object_r:tethering_service:s0 tclass=service_manager permissive=0
05-24 20:18:13.877   321   321 E SELinux : avc:  denied  { find } for pid=1943 uid=10122 name=tethering scontext=u:r:sprd_radio_app:s0:c512,c768 tcontext=u:object_r:tethering_service:s0 tclass=service_manager permissive=0
05-24 20:18:14.078   321   321 E SELinux : avc:  denied  { find } for pid=1943 uid=10122 name=tethering scontext=u:r:sprd_radio_app:s0:c512,c768 tcontext=u:object_r:tethering_service:s0 tclass=service_manager permissive=0
05-24 20:18:14.279   321   321 E SELinux : avc:  denied  { find } for pid=1943 uid=10122 name=tethering scontext=u:r:sprd_radio_app:s0:c512,c768 tcontext=u:object_r:tethering_service:s0 tclass=service_manager permissive=0
05-24 20:18:14.481   321   321 E SELinux : avc:  denied  { find } for pid=1943 uid=10122 name=tethering scontext=u:r:sprd_radio_app:s0:c512,c768 tcontext=u:object_r:tethering_service:s0 tclass=service_manager permissive=0
05-24 20:18:14.683   321   321 E SELinux : avc:  denied  { find } for pid=1943 uid=10122 name=tethering scontext=u:r:sprd_radio_app:s0:c512,c768 tcontext=u:object_r:tethering_service:s0 tclass=service_manager permissive=0
05-24 20:18:14.884   321   321 E SELinux : avc:  denied  { find } for pid=1943 uid=10122 name=tethering scontext=u:r:sprd_radio_app:s0:c512,c768 tcontext=u:object_r:tethering_service:s0 tclass=service_manager permissive=0
05-24 20:18:15.086   321   321 E SELinux : avc:  denied  { find } for pid=1943 uid=10122 name=tethering scontext=u:r:sprd_radio_app:s0:c512,c768 tcontext=u:object_r:tethering_service:s0 tclass=service_manager permissive=0
05-24 20:18:15.288   321   321 E SELinux : avc:  denied  { find } for pid=1943 uid=10122 name=tethering scontext=u:r:sprd_radio_app:s0:c512,c768 tcontext=u:object_r:tethering_service:s0 tclass=service_manager permissive=0
05-24 20:18:15.490   321   321 E SELinux : avc:  denied  { find } for pid=1943 uid=10122 name=tethering scontext=u:r:sprd_radio_app:s0:c512,c768 tcontext=u:object_r:tethering_service:s0 tclass=service_manager permissive=0
05-24 20:18:15.691   321   321 E SELinux : avc:  denied  { find } for pid=1943 uid=10122 name=tethering scontext=u:r:sprd_radio_app:s0:c512,c768 tcontext=u:object_r:tethering_service:s0 tclass=service_manager permissive=0
05-24 20:18:15.893   321   321 E SELinux : avc:  denied  { find } for pid=1943 uid=10122 name=tethering scontext=u:r:sprd_radio_app:s0:c512,c768 tcontext=u:object_r:tethering_service:s0 tclass=service_manager permissive=0
05-24 20:18:16.095   321   321 E SELinux : avc:  denied  { find } for pid=1943 uid=10122 name=tethering scontext=u:r:sprd_radio_app:s0:c512,c768 tcontext=u:object_r:tethering_service:s0 tclass=service_manager permissive=0
05-24 20:18:16.297   321   321 E SELinux : avc:  denied  { find } for pid=1943 uid=10122 name=tethering scontext=u:r:sprd_radio_app:s0:c512,c768 tcontext=u:object_r:tethering_service:s0 tclass=service_manager permissive=0
05-24 20:18:16.499   321   321 E SELinux : avc:  denied  { find } for pid=1943 uid=10122 name=tethering scontext=u:r:sprd_radio_app:s0:c512,c768 tcontext=u:object_r:tethering_service:s0 tclass=service_manager permissive=0
05-24 20:18:16.701   321   321 E SELinux : avc:  denied  { find } for pid=1943 uid=10122 name=tethering scontext=u:r:sprd_radio_app:s0:c512,c768 tcontext=u:object_r:tethering_service:s0 tclass=service_manager permissive=0
05-24 20:18:16.903   321   321 E SELinux : avc:  denied  { find } for pid=1943 uid=10122 name=tethering scontext=u:r:sprd_radio_app:s0:c512,c768 tcontext=u:object_r:tethering_service:s0 tclass=service_manager permissive=0
05-24 20:18:17.105   321   321 E SELinux : avc:  denied  { find } for pid=1943 uid=10122 name=tethering scontext=u:r:sprd_radio_app:s0:c512,c768 tcontext=u:object_r:tethering_service:s0 tclass=service_manager permissive=0
05-24 20:18:17.307   321   321 E SELinux : avc:  denied  { find } for pid=1943 uid=10122 name=tethering scontext=u:r:sprd_radio_app:s0:c512,c768 tcontext=u:object_r:tethering_service:s0 tclass=service_manager permissive=0
05-24 20:18:17.315   462   490 E IMGMemtrackHAL: DbgFsParseFile: fopen of /proc/pvr/driver_stats failed (Permission denied)
05-24 20:18:17.315   462   490 E IMGMemtrackHAL: GetGraphicsMemtrackRecords: DbgFsParseDir for /d/ion failed (No such file or directory)
05-24 20:18:17.509   321   321 E SELinux : avc:  denied  { find } for pid=1943 uid=10122 name=tethering scontext=u:r:sprd_radio_app:s0:c512,c768 tcontext=u:object_r:tethering_service:s0 tclass=service_manager permissive=0
05-24 20:18:17.711   321   321 E SELinux : avc:  denied  { find } for pid=1943 uid=10122 name=tethering scontext=u:r:sprd_radio_app:s0:c512,c768 tcontext=u:object_r:tethering_service:s0 tclass=service_manager permissive=0
05-24 20:18:17.912   321   321 E SELinux : avc:  denied  { find } for pid=1943 uid=10122 name=tethering scontext=u:r:sprd_radio_app:s0:c512,c768 tcontext=u:object_r:tethering_service:s0 tclass=service_manager permissive=0
05-24 20:18:18.518   321   321 E SELinux : avc:  denied  { find } for pid=1943 uid=10122 name=tethering scontext=u:r:sprd_radio_app:s0:c512,c768 tcontext=u:object_r:tethering_service:s0 tclass=service_manager permissive=0
05-24 20:18:18.720   321   321 E SELinux : avc:  denied  { find } for pid=1943 uid=10122 name=tethering scontext=u:r:sprd_radio_app:s0:c512,c768 tcontext=u:object_r:tethering_service:s0 tclass=service_manager permissive=0
05-24 20:18:18.922   321   321 E SELinux : avc:  denied  { find } for pid=1943 uid=10122 name=tethering scontext=u:r:sprd_radio_app:s0:c512,c768 tcontext=u:object_r:tethering_service:s0 tclass=service_manager permissive=0
05-24 20:18:19.124   321   321 E SELinux : avc:  denied  { find } for pid=1943 uid=10122 name=tethering scontext=u:r:sprd_radio_app:s0:c512,c768 tcontext=u:object_r:tethering_service:s0 tclass=service_manager permissive=0
05-24 20:18:19.326   321   321 E SELinux : avc:  denied  { find } for pid=1943 uid=10122 name=tethering scontext=u:r:sprd_radio_app:s0:c512,c768 tcontext=u:object_r:tethering_service:s0 tclass=service_manager permissive=0
05-24 20:18:19.528   321   321 E SELinux : avc:  denied  { find } for pid=1943 uid=10122 name=tethering scontext=u:r:sprd_radio_app:s0:c512,c768 tcontext=u:object_r:tethering_service:s0 tclass=service_manager permissive=0
05-24 20:18:19.730   321   321 E SELinux : avc:  denied  { find } for pid=1943 uid=10122 name=tethering scontext=u:r:sprd_radio_app:s0:c512,c768 tcontext=u:object_r:tethering_service:s0 tclass=service_manager permissive=0
05-24 20:18:19.931   321   321 E SELinux : avc:  denied  { find } for pid=1943 uid=10122 name=tethering scontext=u:r:sprd_radio_app:s0:c512,c768 tcontext=u:object_r:tethering_service:s0 tclass=service_manager permissive=0
05-24 20:18:20.133   321   321 E SELinux : avc:  denied  { find } for pid=1943 uid=10122 name=tethering scontext=u:r:sprd_radio_app:s0:c512,c768 tcontext=u:object_r:tethering_service:s0 tclass=service_manager permissive=0
05-24 20:18:20.335   321   321 E SELinux : avc:  denied  { find } for pid=1943 uid=10122 name=tethering scontext=u:r:sprd_radio_app:s0:c512,c768 tcontext=u:object_r:tethering_service:s0 tclass=service_manager permissive=0
05-24 20:18:20.739   321   321 E SELinux : avc:  denied  { find } for pid=1943 uid=10122 name=tethering scontext=u:r:sprd_radio_app:s0:c512,c768 tcontext=u:object_r:tethering_service:s0 tclass=service_manager permissive=0
05-24 20:18:20.941   321   321 E SELinux : avc:  denied  { find } for pid=1943 uid=10122 name=tethering scontext=u:r:sprd_radio_app:s0:c512,c768 tcontext=u:object_r:tethering_service:s0 tclass=service_manager permissive=0
05-24 20:18:21.143   321   321 E SELinux : avc:  denied  { find } for pid=1943 uid=10122 name=tethering scontext=u:r:sprd_radio_app:s0:c512,c768 tcontext=u:object_r:tethering_service:s0 tclass=service_manager permissive=0
05-24 20:18:21.345   321   321 E SELinux : avc:  denied  { find } for pid=1943 uid=10122 name=tethering scontext=u:r:sprd_radio_app:s0:c512,c768 tcontext=u:object_r:tethering_service:s0 tclass=service_manager permissive=0
05-24 20:18:21.547   321   321 E SELinux : avc:  denied  { find } for pid=1943 uid=10122 name=tethering scontext=u:r:sprd_radio_app:s0:c512,c768 tcontext=u:object_r:tethering_service:s0 tclass=service_manager permissive=0
05-24 20:18:21.749   321   321 E SELinux : avc:  denied  { find } for pid=1943 uid=10122 name=tethering scontext=u:r:sprd_radio_app:s0:c512,c768 tcontext=u:object_r:tethering_service:s0 tclass=service_manager permissive=0
05-24 20:18:21.951   321   321 E SELinux : avc:  denied  { find } for pid=1943 uid=10122 name=tethering scontext=u:r:sprd_radio_app:s0:c512,c768 tcontext=u:object_r:tethering_service:s0 tclass=service_manager permissive=0
05-24 20:18:22.153   321   321 E SELinux : avc:  denied  { find } for pid=1943 uid=10122 name=tethering scontext=u:r:sprd_radio_app:s0:c512,c768 tcontext=u:object_r:tethering_service:s0 tclass=service_manager permissive=0
05-24 20:18:22.355   321   321 E SELinux : avc:  denied  { find } for pid=1943 uid=10122 name=tethering scontext=u:r:sprd_radio_app:s0:c512,c768 tcontext=u:object_r:tethering_service:s0 tclass=service_manager permissive=0
05-24 20:18:22.557   321   321 E SELinux : avc:  denied  { find } for pid=1943 uid=10122 name=tethering scontext=u:r:sprd_radio_app:s0:c512,c768 tcontext=u:object_r:tethering_service:s0 tclass=service_manager permissive=0
05-24 20:18:22.759   321   321 E SELinux : avc:  denied  { find } for pid=1943 uid=10122 name=tethering scontext=u:r:sprd_radio_app:s0:c512,c768 tcontext=u:object_r:tethering_service:s0 tclass=service_manager permissive=0
05-24 20:18:22.961   321   321 E SELinux : avc:  denied  { find } for pid=1943 uid=10122 name=tethering scontext=u:r:sprd_radio_app:s0:c512,c768 tcontext=u:object_r:tethering_service:s0 tclass=service_manager permissive=0
05-24 20:18:23.163   321   321 E SELinux : avc:  denied  { find } for pid=1943 uid=10122 name=tethering scontext=u:r:sprd_radio_app:s0:c512,c768 tcontext=u:object_r:tethering_service:s0 tclass=service_manager permissive=0
05-24 20:18:23.365   321   321 E SELinux : avc:  denied  { find } for pid=1943 uid=10122 name=tethering scontext=u:r:sprd_radio_app:s0:c512,c768 tcontext=u:object_r:tethering_service:s0 tclass=service_manager permissive=0
05-24 20:18:23.566   321   321 E SELinux : avc:  denied  { find } for pid=1943 uid=10122 name=tethering scontext=u:r:sprd_radio_app:s0:c512,c768 tcontext=u:object_r:tethering_service:s0 tclass=service_manager permissive=0
05-24 20:18:23.764  6334  6428 E chromium: [0524/201823.764174:ERROR:ssl_client_socket_impl.cc(970)] handshake failed; returned -1, SSL error code 1, net_error -101
