05-24 17:35:09.469 19737 11739 E fb4a.msys: E[S sync]_createResponseError(241)=>Network Response 1d796e00-1490-4747-a780-203b22d18cd8 contains sync error Error Domain=NSURLErrorDomain Code=1 UserInfo=0xd63bc200 {MCFErrorDirectUnderlyingErrorKey=0xd62df300 "Error Domain=NSURLErrorDomain Code=1 UserInfo=0xe5f1ca00 {MCFErrorDirectLocalizedFailureReasonKey=TigonError(error=TransientError, errorDomain=TigonLigerErrorDomain, domainErrorCode=3, analyticsDetail="AsyncSocketException: connect timed out after 29995ms, type = Timed out")}", MCFErrorDirectLocalizedFailureReasonKey=network disconnected} - Underlying error Error Domain=NSURLErrorDomain Code=1 UserInfo=0xe5f1ca00 {MCFErrorDirectLocalizedFailureReasonKey=TigonError(error=TransientError, errorDomain=TigonLigerErrorDomain, domainErrorCode=3, analyticsDetail="AsyncSocketException: connect timed out after 29995ms, type = Timed out")}: Error Domain=NSURLErrorDomain Code=1 UserInfo=0xd63bc200 {MCFErrorDirectUnderlyingErrorKey=0xd62df300 "Error Domain=NSURLErrorDomain Code=1 UserInfo=0xe5f1ca00 {MCFErrorDirectLocalizedFailureReasonKey=TigonError(error=TransientError, errorDomain=TigonLigerErrorDomain, domainErrorCode=3, analyticsDetail="AsyncSocketException: connect timed out after 29995ms, type = Timed out")}", MCFErrorDirectLocalizedFailureReasonKey=network disconnected}
05-24 17:35:09.561   321   321 E SELinux : avc:  denied  { find } for pid=1943 uid=10122 name=tethering scontext=u:r:sprd_radio_app:s0:c512,c768 tcontext=u:object_r:tethering_service:s0 tclass=service_manager permissive=0
05-24 17:35:09.965   321   321 E SELinux : avc:  denied  { find } for pid=1943 uid=10122 name=tethering scontext=u:r:sprd_radio_app:s0:c512,c768 tcontext=u:object_r:tethering_service:s0 tclass=service_manager permissive=0
05-24 17:35:10.167   321   321 E SELinux : avc:  denied  { find } for pid=1943 uid=10122 name=tethering scontext=u:r:sprd_radio_app:s0:c512,c768 tcontext=u:object_r:tethering_service:s0 tclass=service_manager permissive=0
05-24 17:35:14.011   321   321 E SELinux : avc:  denied  { find } for pid=1943 uid=10122 name=tethering scontext=u:r:sprd_radio_app:s0:c512,c768 tcontext=u:object_r:tethering_service:s0 tclass=service_manager permissive=0
05-24 17:35:14.180  6334 18354 E AuthPII : [RequestTokenManager] getToken() -> NETWORK_ERROR. App: com.google.android.gms, Service: oauth2:https://www.googleapis.com/auth/cclog
05-24 17:35:14.180  6334 18354 E AuthPII : aihl: Error when calling server using GmsNetworkStack.
05-24 17:35:14.180  6334 18354 E AuthPII : 	at szh.b(:com.google.android.gms@241319057@24.13.19 (170300-626168189):1413)
05-24 17:35:14.180  6334 18354 E AuthPII : 	at szf.a(:com.google.android.gms@241319057@24.13.19 (170300-626168189):620)
05-24 17:35:14.180  6334 18354 E AuthPII : 	at sze.a(:com.google.android.gms@241319057@24.13.19 (170300-626168189):92)
05-24 17:35:14.180  6334 18354 E AuthPII : 	at njz.c(:com.google.android.gms@241319057@24.13.19 (170300-626168189):263)
05-24 17:35:14.180  6334 18354 E AuthPII : 	at njz.h(:com.google.android.gms@241319057@24.13.19 (170300-626168189):2)
05-24 17:35:14.180  6334 18354 E AuthPII : 	at sfm.a(:com.google.android.gms@241319057@24.13.19 (170300-626168189):33)
05-24 17:35:14.180  6334 18354 E AuthPII : 	at sfs.r(:com.google.android.gms@241319057@24.13.19 (170300-626168189):30)
05-24 17:35:14.180  6334 18354 E AuthPII : 	at sfs.u(:com.google.android.gms@241319057@24.13.19 (170300-626168189):125)
05-24 17:35:14.180  6334 18354 E AuthPII : 	at sfi.b(:com.google.android.gms@241319057@24.13.19 (170300-626168189):16)
05-24 17:35:14.180  6334 18354 E AuthPII : 	at ahku.b(:com.google.android.gms@241319057@24.13.19 (170300-626168189):56)
05-24 17:35:14.180  6334 18354 E AuthPII : 	at com.google.android.gms.clearcut.uploader.QosUploaderChimeraService.g(:com.google.android.gms@241319057@24.13.19 (170300-626168189):1368)
05-24 17:35:14.180  6334 18354 E AuthPII : 	at com.google.android.gms.clearcut.uploader.QosUploaderChimeraService.iK(:com.google.android.gms@241319057@24.13.19 (170300-626168189):24)
05-24 17:35:14.180  6334 18354 E AuthPII : 	at beju.call(:com.google.android.gms@241319057@24.13.19 (170300-626168189):32)
05-24 17:35:14.180  6334 18354 E AuthPII : 	at java.util.concurrent.FutureTask.run(FutureTask.java:266)
05-24 17:35:14.180  6334 18354 E AuthPII : 	at ajjo.c(:com.google.android.gms@241319057@24.13.19 (170300-626168189):50)
05-24 17:35:14.180  6334 18354 E AuthPII : 	at ajjo.run(:com.google.android.gms@241319057@24.13.19 (170300-626168189):76)
05-24 17:35:14.180  6334 18354 E AuthPII : 	at java.util.concurrent.ThreadPoolExecutor.runWorker(ThreadPoolExecutor.java:1167)
05-24 17:35:14.180  6334 18354 E AuthPII : 	at java.util.concurrent.ThreadPoolExecutor$Worker.run(ThreadPoolExecutor.java:641)
05-24 17:35:14.180  6334 18354 E AuthPII : 	at ajpb.run(:com.google.android.gms@241319057@24.13.19 (170300-626168189):8)
05-24 17:35:14.180  6334 18354 E AuthPII : 	at java.lang.Thread.run(Thread.java:923)
05-24 17:35:14.180  6334 18354 E AuthPII : Caused by: aihl: Error requesting token.
05-24 17:35:14.180  6334 18354 E AuthPII : 	at szh.d(:com.google.android.gms@241319057@24.13.19 (170300-626168189):207)
05-24 17:35:14.180  6334 18354 E AuthPII : 	at szh.b(:com.google.android.gms@241319057@24.13.19 (170300-626168189):57)
05-24 17:35:14.180  6334 18354 E AuthPII : 	... 19 more
05-24 17:35:14.180  6334 18354 E AuthPII : Caused by: java.util.concurrent.TimeoutException: Waited 30 seconds (plus 40544594 nanoseconds delay) for dgkh@a2eba71[status=PENDING, info=[inputFuture=[dgkh@71a0056[status=PENDING, info=[inputFuture=[gsx@ab088d7[status=PENDING, info=[tag=[GmsUrlRequestImpl.startWithFuture()]]]], function=[yeo@425f5c4]]]], function=[szg@ea38cad]]]
05-24 17:35:14.180  6334 18354 E AuthPII : 	at dgkc.get(:com.google.android.gms@241319057@24.13.19 (170300-626168189):52)
05-24 17:35:14.180  6334 18354 E AuthPII : 	at szh.d(:com.google.android.gms@241319057@24.13.19 (170300-626168189):189)
05-24 17:35:14.180  6334 18354 E AuthPII : 	... 20 more
05-24 17:35:14.181  6334 18354 E AuthPII : Message is Error when calling server using GmsNetworkStack.
05-24 17:35:14.181  6334 18354 E AuthPII : aihl: Error when calling server using GmsNetworkStack.
05-24 17:35:14.181  6334 18354 E AuthPII : 	at szh.b(:com.google.android.gms@241319057@24.13.19 (170300-626168189):1413)
05-24 17:35:14.181  6334 18354 E AuthPII : 	at szf.a(:com.google.android.gms@241319057@24.13.19 (170300-626168189):620)
05-24 17:35:14.181  6334 18354 E AuthPII : 	at sze.a(:com.google.android.gms@241319057@24.13.19 (170300-626168189):92)
05-24 17:35:14.181  6334 18354 E AuthPII : 	at njz.c(:com.google.android.gms@241319057@24.13.19 (170300-626168189):263)
05-24 17:35:14.181  6334 18354 E AuthPII : 	at njz.h(:com.google.android.gms@241319057@24.13.19 (170300-626168189):2)
05-24 17:35:14.181  6334 18354 E AuthPII : 	at sfm.a(:com.google.android.gms@241319057@24.13.19 (170300-626168189):33)
05-24 17:35:14.181  6334 18354 E AuthPII : 	at sfs.r(:com.google.android.gms@241319057@24.13.19 (170300-626168189):30)
05-24 17:35:14.181  6334 18354 E AuthPII : 	at sfs.u(:com.google.android.gms@241319057@24.13.19 (170300-626168189):125)
05-24 17:35:14.181  6334 18354 E AuthPII : 	at sfi.b(:com.google.android.gms@241319057@24.13.19 (170300-626168189):16)
05-24 17:35:14.181  6334 18354 E AuthPII : 	at ahku.b(:com.google.android.gms@241319057@24.13.19 (170300-626168189):56)
05-24 17:35:14.181  6334 18354 E AuthPII : 	at com.google.android.gms.clearcut.uploader.QosUploaderChimeraService.g(:com.google.android.gms@241319057@24.13.19 (170300-626168189):1368)
05-24 17:35:14.181  6334 18354 E AuthPII : 	at com.google.android.gms.clearcut.uploader.QosUploaderChimeraService.iK(:com.google.android.gms@241319057@24.13.19 (170300-626168189):24)
05-24 17:35:14.181  6334 18354 E AuthPII : 	at beju.call(:com.google.android.gms@241319057@24.13.19 (170300-626168189):32)
05-24 17:35:14.181  6334 18354 E AuthPII : 	at java.util.concurrent.FutureTask.run(FutureTask.java:266)
05-24 17:35:14.181  6334 18354 E AuthPII : 	at ajjo.c(:com.google.android.gms@241319057@24.13.19 (170300-626168189):50)
05-24 17:35:14.181  6334 18354 E AuthPII : 	at ajjo.run(:com.google.android.gms@241319057@24.13.19 (170300-626168189):76)
05-24 17:35:14.181  6334 18354 E AuthPII : 	at java.util.concurrent.ThreadPoolExecutor.runWorker(ThreadPoolExecutor.java:1167)
05-24 17:35:14.181  6334 18354 E AuthPII : 	at java.util.concurrent.ThreadPoolExecutor$Worker.run(ThreadPoolExecutor.java:641)
05-24 17:35:14.181  6334 18354 E AuthPII : 	at ajpb.run(:com.google.android.gms@241319057@24.13.19 (170300-626168189):8)
05-24 17:35:14.181  6334 18354 E AuthPII : 	at java.lang.Thread.run(Thread.java:923)
05-24 17:35:14.181  6334 18354 E AuthPII : Caused by: aihl: Error requesting token.
05-24 17:35:14.181  6334 18354 E AuthPII : 	at szh.d(:com.google.android.gms@241319057@24.13.19 (170300-626168189):207)
05-24 17:35:14.181  6334 18354 E AuthPII : 	at szh.b(:com.google.android.gms@241319057@24.13.19 (170300-626168189):57)
05-24 17:35:14.181  6334 18354 E AuthPII : 	... 19 more
05-24 17:35:14.181  6334 18354 E AuthPII : Caused by: java.util.concurrent.TimeoutException: Waited 30 seconds (plus 40544594 nanoseconds delay) for dgkh@a2eba71[status=PENDING, info=[inputFuture=[dgkh@71a0056[status=PENDING, info=[inputFuture=[gsx@ab088d7[status=PENDING, info=[tag=[GmsUrlRequestImpl.startWithFuture()]]]], function=[yeo@425f5c4]]]], function=[szg@ea38cad]]]
05-24 17:35:14.181  6334 18354 E AuthPII : 	at dgkc.get(:com.google.android.gms@241319057@24.13.19 (170300-626168189):52)
05-24 17:35:14.181  6334 18354 E AuthPII : 	at szh.d(:com.google.android.gms@241319057@24.13.19 (170300-626168189):189)
05-24 17:35:14.181  6334 18354 E AuthPII : 	... 20 more
05-24 17:35:14.213   321   321 E SELinux : avc:  denied  { find } for pid=1943 uid=10122 name=tethering scontext=u:r:sprd_radio_app:s0:c512,c768 tcontext=u:object_r:tethering_service:s0 tclass=service_manager permissive=0
05-24 17:35:14.217  6334 18354 E AuthPII : [RequestTokenManager] getToken() -> BAD_AUTHENTICATION. App: com.google.android.gms, Service: oauth2:https://www.googleapis.com/auth/cclog
05-24 17:35:14.217  6334 18354 E AuthPII : aihl: Long live credential not available.
05-24 17:35:14.217  6334 18354 E AuthPII : 	at szb.a(:com.google.android.gms@241319057@24.13.19 (170300-626168189):978)
05-24 17:35:14.217  6334 18354 E AuthPII : 	at szh.b(:com.google.android.gms@241319057@24.13.19 (170300-626168189):28)
05-24 17:35:14.217  6334 18354 E AuthPII : 	at szf.a(:com.google.android.gms@241319057@24.13.19 (170300-626168189):620)
05-24 17:35:14.217  6334 18354 E AuthPII : 	at sze.a(:com.google.android.gms@241319057@24.13.19 (170300-626168189):92)
05-24 17:35:14.217  6334 18354 E AuthPII : 	at njz.c(:com.google.android.gms@241319057@24.13.19 (170300-626168189):263)
05-24 17:35:14.217  6334 18354 E AuthPII : 	at njz.h(:com.google.android.gms@241319057@24.13.19 (170300-626168189):2)
05-24 17:35:14.217  6334 18354 E AuthPII : 	at sfm.a(:com.google.android.gms@241319057@24.13.19 (170300-626168189):33)
05-24 17:35:14.217  6334 18354 E AuthPII : 	at sfs.r(:com.google.android.gms@241319057@24.13.19 (170300-626168189):30)
05-24 17:35:14.217  6334 18354 E AuthPII : 	at sfs.u(:com.google.android.gms@241319057@24.13.19 (170300-626168189):125)
05-24 17:35:14.217  6334 18354 E AuthPII : 	at sfi.b(:com.google.android.gms@241319057@24.13.19 (170300-626168189):16)
05-24 17:35:14.217  6334 18354 E AuthPII : 	at ahku.b(:com.google.android.gms@241319057@24.13.19 (170300-626168189):56)
05-24 17:35:14.217  6334 18354 E AuthPII : 	at com.google.android.gms.clearcut.uploader.QosUploaderChimeraService.g(:com.google.android.gms@241319057@24.13.19 (170300-626168189):1368)
05-24 17:35:14.217  6334 18354 E AuthPII : 	at com.google.android.gms.clearcut.uploader.QosUploaderChimeraService.iK(:com.google.android.gms@241319057@24.13.19 (170300-626168189):24)
05-24 17:35:14.217  6334 18354 E AuthPII : 	at beju.call(:com.google.android.gms@241319057@24.13.19 (170300-626168189):32)
05-24 17:35:14.217  6334 18354 E AuthPII : 	at java.util.concurrent.FutureTask.run(FutureTask.java:266)
05-24 17:35:14.217  6334 18354 E AuthPII : 	at ajjo.c(:com.google.android.gms@241319057@24.13.19 (170300-626168189):50)
05-24 17:35:14.217  6334 18354 E AuthPII : 	at ajjo.run(:com.google.android.gms@241319057@24.13.19 (170300-626168189):76)
05-24 17:35:14.217  6334 18354 E AuthPII : 	at java.util.concurrent.ThreadPoolExecutor.runWorker(ThreadPoolExecutor.java:1167)
05-24 17:35:14.217  6334 18354 E AuthPII : 	at java.util.concurrent.ThreadPoolExecutor$Worker.run(ThreadPoolExecutor.java:641)
05-24 17:35:14.217  6334 18354 E AuthPII : 	at ajpb.run(:com.google.android.gms@241319057@24.13.19 (170300-626168189):8)
05-24 17:35:14.217  6334 18354 E AuthPII : 	at java.lang.Thread.run(Thread.java:923)
05-24 17:35:14.217  6334 18354 E AuthPII : Message is Long live credential not available.
05-24 17:35:14.217  6334 18354 E AuthPII : aihl: Long live credential not available.
05-24 17:35:14.217  6334 18354 E AuthPII : 	at szb.a(:com.google.android.gms@241319057@24.13.19 (170300-626168189):978)
05-24 17:35:14.217  6334 18354 E AuthPII : 	at szh.b(:com.google.android.gms@241319057@24.13.19 (170300-626168189):28)
05-24 17:35:14.217  6334 18354 E AuthPII : 	at szf.a(:com.google.android.gms@241319057@24.13.19 (170300-626168189):620)
05-24 17:35:14.217  6334 18354 E AuthPII : 	at sze.a(:com.google.android.gms@241319057@24.13.19 (170300-626168189):92)
05-24 17:35:14.217  6334 18354 E AuthPII : 	at njz.c(:com.google.android.gms@241319057@24.13.19 (170300-626168189):263)
05-24 17:35:14.217  6334 18354 E AuthPII : 	at njz.h(:com.google.android.gms@241319057@24.13.19 (170300-626168189):2)
05-24 17:35:14.217  6334 18354 E AuthPII : 	at sfm.a(:com.google.android.gms@241319057@24.13.19 (170300-626168189):33)
05-24 17:35:14.217  6334 18354 E AuthPII : 	at sfs.r(:com.google.android.gms@241319057@24.13.19 (170300-626168189):30)
05-24 17:35:14.217  6334 18354 E AuthPII : 	at sfs.u(:com.google.android.gms@241319057@24.13.19 (170300-626168189):125)
05-24 17:35:14.217  6334 18354 E AuthPII : 	at sfi.b(:com.google.android.gms@241319057@24.13.19 (170300-626168189):16)
05-24 17:35:14.217  6334 18354 E AuthPII : 	at ahku.b(:com.google.android.gms@241319057@24.13.19 (170300-626168189):56)
05-24 17:35:14.217  6334 18354 E AuthPII : 	at com.google.android.gms.clearcut.uploader.QosUploaderChimeraService.g(:com.google.android.gms@241319057@24.13.19 (170300-626168189):1368)
05-24 17:35:14.217  6334 18354 E AuthPII : 	at com.google.android.gms.clearcut.uploader.QosUploaderChimeraService.iK(:com.google.android.gms@241319057@24.13.19 (170300-626168189):24)
05-24 17:35:14.217  6334 18354 E AuthPII : 	at beju.call(:com.google.android.gms@241319057@24.13.19 (170300-626168189):32)
05-24 17:35:14.217  6334 18354 E AuthPII : 	at java.util.concurrent.FutureTask.run(FutureTask.java:266)
05-24 17:35:14.217  6334 18354 E AuthPII : 	at ajjo.c(:com.google.android.gms@241319057@24.13.19 (170300-626168189):50)
05-24 17:35:14.217  6334 18354 E AuthPII : 	at ajjo.run(:com.google.android.gms@241319057@24.13.19 (170300-626168189):76)
05-24 17:35:14.217  6334 18354 E AuthPII : 	at java.util.concurrent.ThreadPoolExecutor.runWorker(ThreadPoolExecutor.java:1167)
05-24 17:35:14.217  6334 18354 E AuthPII : 	at java.util.concurrent.ThreadPoolExecutor$Worker.run(ThreadPoolExecutor.java:641)
05-24 17:35:14.217  6334 18354 E AuthPII : 	at ajpb.run(:com.google.android.gms@241319057@24.13.19 (170300-626168189):8)
05-24 17:35:14.217  6334 18354 E AuthPII : 	at java.lang.Thread.run(Thread.java:923)
05-24 17:35:14.238   462   498 E IMGMemtrackHAL: DbgFsParseFile: fopen of /proc/pvr/driver_stats failed (Permission denied)
05-24 17:35:14.238   462   498 E IMGMemtrackHAL: GetGraphicsMemtrackRecords: DbgFsParseDir for /d/ion failed (No such file or directory)
05-24 17:35:14.280  6334 18354 E AuthPII : [RequestTokenManager] getToken() -> BAD_AUTHENTICATION. App: com.google.android.gms, Service: oauth2:https://www.googleapis.com/auth/cclog
05-24 17:35:14.280  6334 18354 E AuthPII : aihl: Long live credential not available.
05-24 17:35:14.280  6334 18354 E AuthPII : 	at szb.a(:com.google.android.gms@241319057@24.13.19 (170300-626168189):978)
05-24 17:35:14.280  6334 18354 E AuthPII : 	at szh.b(:com.google.android.gms@241319057@24.13.19 (170300-626168189):28)
05-24 17:35:14.280  6334 18354 E AuthPII : 	at szf.a(:com.google.android.gms@241319057@24.13.19 (170300-626168189):620)
05-24 17:35:14.280  6334 18354 E AuthPII : 	at sze.a(:com.google.android.gms@241319057@24.13.19 (170300-626168189):92)
05-24 17:35:14.280  6334 18354 E AuthPII : 	at njz.c(:com.google.android.gms@241319057@24.13.19 (170300-626168189):263)
05-24 17:35:14.280  6334 18354 E AuthPII : 	at njz.h(:com.google.android.gms@241319057@24.13.19 (170300-626168189):2)
05-24 17:35:14.280  6334 18354 E AuthPII : 	at sfm.a(:com.google.android.gms@241319057@24.13.19 (170300-626168189):33)
05-24 17:35:14.280  6334 18354 E AuthPII : 	at sfs.r(:com.google.android.gms@241319057@24.13.19 (170300-626168189):30)
05-24 17:35:14.280  6334 18354 E AuthPII : 	at sfs.u(:com.google.android.gms@241319057@24.13.19 (170300-626168189):125)
05-24 17:35:14.280  6334 18354 E AuthPII : 	at sfi.b(:com.google.android.gms@241319057@24.13.19 (170300-626168189):16)
05-24 17:35:14.280  6334 18354 E AuthPII : 	at ahku.b(:com.google.android.gms@241319057@24.13.19 (170300-626168189):56)
05-24 17:35:14.280  6334 18354 E AuthPII : 	at com.google.android.gms.clearcut.uploader.QosUploaderChimeraService.g(:com.google.android.gms@241319057@24.13.19 (170300-626168189):1368)
05-24 17:35:14.280  6334 18354 E AuthPII : 	at com.google.android.gms.clearcut.uploader.QosUploaderChimeraService.iK(:com.google.android.gms@241319057@24.13.19 (170300-626168189):24)
05-24 17:35:14.280  6334 18354 E AuthPII : 	at beju.call(:com.google.android.gms@241319057@24.13.19 (170300-626168189):32)
05-24 17:35:14.280  6334 18354 E AuthPII : 	at java.util.concurrent.FutureTask.run(FutureTask.java:266)
05-24 17:35:14.280  6334 18354 E AuthPII : 	at ajjo.c(:com.google.android.gms@241319057@24.13.19 (170300-626168189):50)
05-24 17:35:14.280  6334 18354 E AuthPII : 	at ajjo.run(:com.google.android.gms@241319057@24.13.19 (170300-626168189):76)
05-24 17:35:14.280  6334 18354 E AuthPII : 	at java.util.concurrent.ThreadPoolExecutor.runWorker(ThreadPoolExecutor.java:1167)
05-24 17:35:14.280  6334 18354 E AuthPII : 	at java.util.concurrent.ThreadPoolExecutor$Worker.run(ThreadPoolExecutor.java:641)
05-24 17:35:14.280  6334 18354 E AuthPII : 	at ajpb.run(:com.google.android.gms@241319057@24.13.19 (170300-626168189):8)
05-24 17:35:14.280  6334 18354 E AuthPII : 	at java.lang.Thread.run(Thread.java:923)
05-24 17:35:14.280  6334 18354 E AuthPII : Message is Long live credential not available.
05-24 17:35:14.280  6334 18354 E AuthPII : aihl: Long live credential not available.
05-24 17:35:14.280  6334 18354 E AuthPII : 	at szb.a(:com.google.android.gms@241319057@24.13.19 (170300-626168189):978)
05-24 17:35:14.280  6334 18354 E AuthPII : 	at szh.b(:com.google.android.gms@241319057@24.13.19 (170300-626168189):28)
05-24 17:35:14.280  6334 18354 E AuthPII : 	at szf.a(:com.google.android.gms@241319057@24.13.19 (170300-626168189):620)
05-24 17:35:14.280  6334 18354 E AuthPII : 	at sze.a(:com.google.android.gms@241319057@24.13.19 (170300-626168189):92)
05-24 17:35:14.280  6334 18354 E AuthPII : 	at njz.c(:com.google.android.gms@241319057@24.13.19 (170300-626168189):263)
05-24 17:35:14.280  6334 18354 E AuthPII : 	at njz.h(:com.google.android.gms@241319057@24.13.19 (170300-626168189):2)
05-24 17:35:14.280  6334 18354 E AuthPII : 	at sfm.a(:com.google.android.gms@241319057@24.13.19 (170300-626168189):33)
05-24 17:35:14.280  6334 18354 E AuthPII : 	at sfs.r(:com.google.android.gms@241319057@24.13.19 (170300-626168189):30)
05-24 17:35:14.280  6334 18354 E AuthPII : 	at sfs.u(:com.google.android.gms@241319057@24.13.19 (170300-626168189):125)
05-24 17:35:14.280  6334 18354 E AuthPII : 	at sfi.b(:com.google.android.gms@241319057@24.13.19 (170300-626168189):16)
05-24 17:35:14.280  6334 18354 E AuthPII : 	at ahku.b(:com.google.android.gms@241319057@24.13.19 (170300-626168189):56)
05-24 17:35:14.280  6334 18354 E AuthPII : 	at com.google.android.gms.clearcut.uploader.QosUploaderChimeraService.g(:com.google.android.gms@241319057@24.13.19 (170300-626168189):1368)
05-24 17:35:14.280  6334 18354 E AuthPII : 	at com.google.android.gms.clearcut.uploader.QosUploaderChimeraService.iK(:com.google.android.gms@241319057@24.13.19 (170300-626168189):24)
05-24 17:35:14.280  6334 18354 E AuthPII : 	at beju.call(:com.google.android.gms@241319057@24.13.19 (170300-626168189):32)
05-24 17:35:14.280  6334 18354 E AuthPII : 	at java.util.concurrent.FutureTask.run(FutureTask.java:266)
05-24 17:35:14.280  6334 18354 E AuthPII : 	at ajjo.c(:com.google.android.gms@241319057@24.13.19 (170300-626168189):50)
05-24 17:35:14.280  6334 18354 E AuthPII : 	at ajjo.run(:com.google.android.gms@241319057@24.13.19 (170300-626168189):76)
05-24 17:35:14.280  6334 18354 E AuthPII : 	at java.util.concurrent.ThreadPoolExecutor.runWorker(ThreadPoolExecutor.java:1167)
05-24 17:35:14.280  6334 18354 E AuthPII : 	at java.util.concurrent.ThreadPoolExecutor$Worker.run(ThreadPoolExecutor.java:641)
05-24 17:35:14.280  6334 18354 E AuthPII : 	at ajpb.run(:com.google.android.gms@241319057@24.13.19 (170300-626168189):8)
05-24 17:35:14.280  6334 18354 E AuthPII : 	at java.lang.Thread.run(Thread.java:923)
05-24 17:35:14.414   321   321 E SELinux : avc:  denied  { find } for pid=1943 uid=10122 name=tethering scontext=u:r:sprd_radio_app:s0:c512,c768 tcontext=u:object_r:tethering_service:s0 tclass=service_manager permissive=0
05-24 17:35:14.496  6334  8730 E Auth    : [TokenResponseCallback] TokenResponse failed with exception [CONTEXT service_id=343 ]
05-24 17:35:14.496  6334  8730 E Auth    : bedw: Failed to process request
05-24 17:35:14.496  6334  8730 E Auth    : 	at begx.b(:com.google.android.gms@241319057@24.13.19 (170300-626168189):19)
05-24 17:35:14.496  6334  8730 E Auth    : 	at behl.onFailed(:com.google.android.gms@241319057@24.13.19 (170300-626168189):13)
05-24 17:35:14.496  6334  8730 E Auth    : 	at m.nk.onFailed(:com.google.android.gms.dynamite_cronetdynamite@241319057@24.13.19 (170300-0):3)
05-24 17:35:14.496  6334  8730 E Auth    : 	at m.mj.run(:com.google.android.gms.dynamite_cronetdynamite@241319057@24.13.19 (170300-0):9)
05-24 17:35:14.496  6334  8730 E Auth    : 	at ajjo.c(:com.google.android.gms@241319057@24.13.19 (170300-626168189):50)
05-24 17:35:14.496  6334  8730 E Auth    : 	at ajjo.run(:com.google.android.gms@241319057@24.13.19 (170300-626168189):76)
05-24 17:35:14.496  6334  8730 E Auth    : 	at java.util.concurrent.ThreadPoolExecutor.runWorker(ThreadPoolExecutor.java:1167)
05-24 17:35:14.496  6334  8730 E Auth    : 	at java.util.concurrent.ThreadPoolExecutor$Worker.run(ThreadPoolExecutor.java:641)
05-24 17:35:14.496  6334  8730 E Auth    : 	at ajpb.run(:com.google.android.gms@241319057@24.13.19 (170300-626168189):8)
05-24 17:35:14.496  6334  8730 E Auth    : 	at java.lang.Thread.run(Thread.java:923)
05-24 17:35:14.496  6334  8730 E Auth    : Caused by: m.mt: Exception in CronetUrlRequest: net::ERR_TIMED_OUT, ErrorCode=4, InternalErrorCode=-7, Retryable=true
05-24 17:35:14.496  6334  8730 E Auth    : 	at org.chromium.net.impl.CronetUrlRequest.onError(:com.google.android.gms.dynamite_cronetdynamite@241319057@24.13.19 (170300-0):4)
05-24 17:35:14.615   321   321 E SELinux : avc:  denied  { find } for pid=1943 uid=10122 name=tethering scontext=u:r:sprd_radio_app:s0:c512,c768 tcontext=u:object_r:tethering_service:s0 tclass=service_manager permissive=0
05-24 17:35:14.818   321   321 E SELinux : avc:  denied  { find } for pid=1943 uid=10122 name=tethering scontext=u:r:sprd_radio_app:s0:c512,c768 tcontext=u:object_r:tethering_service:s0 tclass=service_manager permissive=0
05-24 17:35:15.020   321   321 E SELinux : avc:  denied  { find } for pid=1943 uid=10122 name=tethering scontext=u:r:sprd_radio_app:s0:c512,c768 tcontext=u:object_r:tethering_service:s0 tclass=service_manager permissive=0
05-24 17:35:15.223   321   321 E SELinux : avc:  denied  { find } for pid=1943 uid=10122 name=tethering scontext=u:r:sprd_radio_app:s0:c512,c768 tcontext=u:object_r:tethering_service:s0 tclass=service_manager permissive=0
05-24 17:35:20.279   321   321 E SELinux : avc:  denied  { find } for pid=1943 uid=10122 name=tethering scontext=u:r:sprd_radio_app:s0:c512,c768 tcontext=u:object_r:tethering_service:s0 tclass=service_manager permissive=0
05-24 17:35:20.481   321   321 E SELinux : avc:  denied  { find } for pid=1943 uid=10122 name=tethering scontext=u:r:sprd_radio_app:s0:c512,c768 tcontext=u:object_r:tethering_service:s0 tclass=service_manager permissive=0
05-24 17:35:25.337   321   321 E SELinux : avc:  denied  { find } for pid=1943 uid=10122 name=tethering scontext=u:r:sprd_radio_app:s0:c512,c768 tcontext=u:object_r:tethering_service:s0 tclass=service_manager permissive=0
05-24 17:35:25.539   321   321 E SELinux : avc:  denied  { find } for pid=1943 uid=10122 name=tethering scontext=u:r:sprd_radio_app:s0:c512,c768 tcontext=u:object_r:tethering_service:s0 tclass=service_manager permissive=0
05-24 17:35:26.414   824   845 E Watchdog: WDT_Monitor: checkSFStatus sfBlocked=false
05-24 17:35:26.414   824   845 E Watchdog: WDT_Monitor: writeWDTMonitor duration=50,shutdowning=false
05-24 17:35:26.550   321   321 E SELinux : avc:  denied  { find } for pid=1943 uid=10122 name=tethering scontext=u:r:sprd_radio_app:s0:c512,c768 tcontext=u:object_r:tethering_service:s0 tclass=service_manager permissive=0
05-24 17:35:26.634   322   322 E SELinux : avc:  denied  { find } for interface=android.hardware.memtrack::IMemtrack sid=u:r:gmscore_app:s0:c512,c768 pid=18517 scontext=u:r:gmscore_app:s0:c512,c768 tcontext=u:object_r:hal_memtrack_hwservice:s0 tclass=hwservice_manager permissive=0
05-24 17:35:26.635 18517 18584 E memtrack: Couldn't load memtrack module
05-24 17:35:26.752   321   321 E SELinux : avc:  denied  { find } for pid=1943 uid=10122 name=tethering scontext=u:r:sprd_radio_app:s0:c512,c768 tcontext=u:object_r:tethering_service:s0 tclass=service_manager permissive=0
05-24 17:35:27.157   321   321 E SELinux : avc:  denied  { find } for pid=1943 uid=10122 name=tethering scontext=u:r:sprd_radio_app:s0:c512,c768 tcontext=u:object_r:tethering_service:s0 tclass=service_manager permissive=0
05-24 17:35:27.213  4297  4512 E libc    : Access denied finding property "net.dns1"
05-24 17:35:27.360   321   321 E SELinux : avc:  denied  { find } for pid=1943 uid=10122 name=tethering scontext=u:r:sprd_radio_app:s0:c512,c768 tcontext=u:object_r:tethering_service:s0 tclass=service_manager permissive=0
05-24 17:35:29.181   321   321 E SELinux : avc:  denied  { find } for pid=1943 uid=10122 name=tethering scontext=u:r:sprd_radio_app:s0:c512,c768 tcontext=u:object_r:tethering_service:s0 tclass=service_manager permissive=0
05-24 17:35:29.383   321   321 E SELinux : avc:  denied  { find } for pid=1943 uid=10122 name=tethering scontext=u:r:sprd_radio_app:s0:c512,c768 tcontext=u:object_r:tethering_service:s0 tclass=service_manager permissive=0
05-24 17:35:30.394   321   321 E SELinux : avc:  denied  { find } for pid=1943 uid=10122 name=tethering scontext=u:r:sprd_radio_app:s0:c512,c768 tcontext=u:object_r:tethering_service:s0 tclass=service_manager permissive=0
05-24 17:35:30.596   321   321 E SELinux : avc:  denied  { find } for pid=1943 uid=10122 name=tethering scontext=u:r:sprd_radio_app:s0:c512,c768 tcontext=u:object_r:tethering_service:s0 tclass=service_manager permissive=0
05-24 17:35:35.657   321   321 E SELinux : avc:  denied  { find } for pid=1943 uid=10122 name=tethering scontext=u:r:sprd_radio_app:s0:c512,c768 tcontext=u:object_r:tethering_service:s0 tclass=service_manager permissive=0
05-24 17:35:35.860   321   321 E SELinux : avc:  denied  { find } for pid=1943 uid=10122 name=tethering scontext=u:r:sprd_radio_app:s0:c512,c768 tcontext=u:object_r:tethering_service:s0 tclass=service_manager permissive=0
05-24 17:35:39.501   321   321 E SELinux : avc:  denied  { find } for pid=1943 uid=10122 name=tethering scontext=u:r:sprd_radio_app:s0:c512,c768 tcontext=u:object_r:tethering_service:s0 tclass=service_manager permissive=0
05-24 17:35:39.526 19737 20009 E fb4a.TigonNetworkSessionListenerManager: handleDataTask failed for handleDataTaskType
05-24 17:35:39.527 19737 11737 E fb4a.msys: E[N data-request]_HandleDataResponse(1681)=>Data request error for task 1dcc969e-0fe3-4863-a6a1-1239e2890292 (response type 1): network disconnected
05-24 17:35:39.529 19737 11739 E fb4a.msys: E[S sync]_createResponseError(241)=>Network Response 1dcc969e-0fe3-4863-a6a1-1239e2890292 contains sync error Error Domain=NSURLErrorDomain Code=1 UserInfo=0xbda73500 {MCFErrorDirectUnderlyingErrorKey=0xb89ecbc0 "Error Domain=NSURLErrorDomain Code=1 UserInfo=0xe5f1ca00 {MCFErrorDirectLocalizedFailureReasonKey=TigonError(error=TransientError, errorDomain=TigonLigerErrorDomain, domainErrorCode=3, analyticsDetail="AsyncSocketException: connect timed out after 29995ms, type = Timed out")}", MCFErrorDirectLocalizedFailureReasonKey=network disconnected} - Underlying error Error Domain=NSURLErrorDomain Code=1 UserInfo=0xe5f1ca00 {MCFErrorDirectLocalizedFailureReasonKey=TigonError(error=TransientError, errorDomain=TigonLigerErrorDomain, domainErrorCode=3, analyticsDetail="AsyncSocketException: connect timed out after 29995ms, type = Timed out")}: Error Domain=NSURLErrorDomain Code=1 UserInfo=0xbda73500 {MCFErrorDirectUnderlyingErrorKey=0xb89ecbc0 "Error Domain=NSURLErrorDomain Code=1 UserInfo=0xe5f1ca00 {MCFErrorDirectLocalizedFailureReasonKey=TigonError(error=TransientError, errorDomain=TigonLigerErrorDomain, domainErrorCode=3, analyticsDetail="AsyncSocketException: connect timed out after 29995ms, type = Timed out")}", MCFErrorDirectLocalizedFailureReasonKey=network disconnected}
05-24 17:35:39.703   321   321 E SELinux : avc:  denied  { find } for pid=1943 uid=10122 name=tethering scontext=u:r:sprd_radio_app:s0:c512,c768 tcontext=u:object_r:tethering_service:s0 tclass=service_manager permissive=0
05-24 17:35:40.713   321   321 E SELinux : avc:  denied  { find } for pid=1943 uid=10122 name=tethering scontext=u:r:sprd_radio_app:s0:c512,c768 tcontext=u:object_r:tethering_service:s0 tclass=service_manager permissive=0
05-24 17:35:40.916   321   321 E SELinux : avc:  denied  { find } for pid=1943 uid=10122 name=tethering scontext=u:r:sprd_radio_app:s0:c512,c768 tcontext=u:object_r:tethering_service:s0 tclass=service_manager permissive=0
05-24 17:35:42.937   321   321 E SELinux : avc:  denied  { find } for pid=1943 uid=10122 name=tethering scontext=u:r:sprd_radio_app:s0:c512,c768 tcontext=u:object_r:tethering_service:s0 tclass=service_manager permissive=0
05-24 17:35:43.139   321   321 E SELinux : avc:  denied  { find } for pid=1943 uid=10122 name=tethering scontext=u:r:sprd_radio_app:s0:c512,c768 tcontext=u:object_r:tethering_service:s0 tclass=service_manager permissive=0
05-24 17:35:44.556   321   321 E SELinux : avc:  denied  { find } for pid=1943 uid=10122 name=tethering scontext=u:r:sprd_radio_app:s0:c512,c768 tcontext=u:object_r:tethering_service:s0 tclass=service_manager permissive=0
05-24 17:35:44.663  6334 18354 E AuthPII : [RequestTokenManager] getToken() -> NETWORK_ERROR. App: com.google.android.gms, Service: oauth2:https://www.googleapis.com/auth/cclog
05-24 17:35:44.663  6334 18354 E AuthPII : aihl: Error when calling server using GmsNetworkStack.
05-24 17:35:44.663  6334 18354 E AuthPII : 	at szh.b(:com.google.android.gms@241319057@24.13.19 (170300-626168189):1413)
05-24 17:35:44.663  6334 18354 E AuthPII : 	at szf.a(:com.google.android.gms@241319057@24.13.19 (170300-626168189):620)
05-24 17:35:44.663  6334 18354 E AuthPII : 	at sze.a(:com.google.android.gms@241319057@24.13.19 (170300-626168189):92)
05-24 17:35:44.663  6334 18354 E AuthPII : 	at njz.c(:com.google.android.gms@241319057@24.13.19 (170300-626168189):263)
05-24 17:35:44.663  6334 18354 E AuthPII : 	at njz.h(:com.google.android.gms@241319057@24.13.19 (170300-626168189):2)
05-24 17:35:44.663  6334 18354 E AuthPII : 	at sfm.a(:com.google.android.gms@241319057@24.13.19 (170300-626168189):33)
05-24 17:35:44.663  6334 18354 E AuthPII : 	at sfs.r(:com.google.android.gms@241319057@24.13.19 (170300-626168189):30)
05-24 17:35:44.663  6334 18354 E AuthPII : 	at sfs.u(:com.google.android.gms@241319057@24.13.19 (170300-626168189):125)
05-24 17:35:44.663  6334 18354 E AuthPII : 	at sfi.b(:com.google.android.gms@241319057@24.13.19 (170300-626168189):16)
05-24 17:35:44.663  6334 18354 E AuthPII : 	at ahku.b(:com.google.android.gms@241319057@24.13.19 (170300-626168189):56)
05-24 17:35:44.663  6334 18354 E AuthPII : 	at com.google.android.gms.clearcut.uploader.QosUploaderChimeraService.g(:com.google.android.gms@241319057@24.13.19 (170300-626168189):1368)
05-24 17:35:44.663  6334 18354 E AuthPII : 	at com.google.android.gms.clearcut.uploader.QosUploaderChimeraService.iK(:com.google.android.gms@241319057@24.13.19 (170300-626168189):24)
05-24 17:35:44.663  6334 18354 E AuthPII : 	at beju.call(:com.google.android.gms@241319057@24.13.19 (170300-626168189):32)
05-24 17:35:44.663  6334 18354 E AuthPII : 	at java.util.concurrent.FutureTask.run(FutureTask.java:266)
05-24 17:35:44.663  6334 18354 E AuthPII : 	at ajjo.c(:com.google.android.gms@241319057@24.13.19 (170300-626168189):50)
05-24 17:35:44.663  6334 18354 E AuthPII : 	at ajjo.run(:com.google.android.gms@241319057@24.13.19 (170300-626168189):76)
05-24 17:35:44.663  6334 18354 E AuthPII : 	at java.util.concurrent.ThreadPoolExecutor.runWorker(ThreadPoolExecutor.java:1167)
05-24 17:35:44.663  6334 18354 E AuthPII : 	at java.util.concurrent.ThreadPoolExecutor$Worker.run(ThreadPoolExecutor.java:641)
05-24 17:35:44.663  6334 18354 E AuthPII : 	at ajpb.run(:com.google.android.gms@241319057@24.13.19 (170300-626168189):8)
05-24 17:35:44.663  6334 18354 E AuthPII : 	at java.lang.Thread.run(Thread.java:923)
05-24 17:35:44.663  6334 18354 E AuthPII : Caused by: aihl: Error requesting token.
05-24 17:35:44.663  6334 18354 E AuthPII : 	at szh.d(:com.google.android.gms@241319057@24.13.19 (170300-626168189):207)
05-24 17:35:44.663  6334 18354 E AuthPII : 	at szh.b(:com.google.android.gms@241319057@24.13.19 (170300-626168189):57)
05-24 17:35:44.663  6334 18354 E AuthPII : 	... 19 more
05-24 17:35:44.663  6334 18354 E AuthPII : Caused by: java.util.concurrent.TimeoutException: Waited 30 seconds (plus 40537402 nanoseconds delay) for dgkh@7094fe8[status=PENDING, info=[inputFuture=[dgkh@abfe601[status=PENDING, info=[inputFuture=[gsx@18f6ca6[status=PENDING, info=[tag=[GmsUrlRequestImpl.startWithFuture()]]]], function=[yeo@b9006e7]]]], function=[szg@c178294]]]
05-24 17:35:44.663  6334 18354 E AuthPII : 	at dgkc.get(:com.google.android.gms@241319057@24.13.19 (170300-626168189):52)
05-24 17:35:44.663  6334 18354 E AuthPII : 	at szh.d(:com.google.android.gms@241319057@24.13.19 (170300-626168189):189)
05-24 17:35:44.663  6334 18354 E AuthPII : 	... 20 more
05-24 17:35:44.663  6334 18354 E AuthPII : Message is Error when calling server using GmsNetworkStack.
05-24 17:35:44.663  6334 18354 E AuthPII : aihl: Error when calling server using GmsNetworkStack.
05-24 17:35:44.663  6334 18354 E AuthPII : 	at szh.b(:com.google.android.gms@241319057@24.13.19 (170300-626168189):1413)
05-24 17:35:44.663  6334 18354 E AuthPII : 	at szf.a(:com.google.android.gms@241319057@24.13.19 (170300-626168189):620)
05-24 17:35:44.663  6334 18354 E AuthPII : 	at sze.a(:com.google.android.gms@241319057@24.13.19 (170300-626168189):92)
05-24 17:35:44.663  6334 18354 E AuthPII : 	at njz.c(:com.google.android.gms@241319057@24.13.19 (170300-626168189):263)
05-24 17:35:44.663  6334 18354 E AuthPII : 	at njz.h(:com.google.android.gms@241319057@24.13.19 (170300-626168189):2)
05-24 17:35:44.663  6334 18354 E AuthPII : 	at sfm.a(:com.google.android.gms@241319057@24.13.19 (170300-626168189):33)
05-24 17:35:44.663  6334 18354 E AuthPII : 	at sfs.r(:com.google.android.gms@241319057@24.13.19 (170300-626168189):30)
05-24 17:35:44.663  6334 18354 E AuthPII : 	at sfs.u(:com.google.android.gms@241319057@24.13.19 (170300-626168189):125)
05-24 17:35:44.663  6334 18354 E AuthPII : 	at sfi.b(:com.google.android.gms@241319057@24.13.19 (170300-626168189):16)
05-24 17:35:44.663  6334 18354 E AuthPII : 	at ahku.b(:com.google.android.gms@241319057@24.13.19 (170300-626168189):56)
05-24 17:35:44.663  6334 18354 E AuthPII : 	at com.google.android.gms.clearcut.uploader.QosUploaderChimeraService.g(:com.google.android.gms@241319057@24.13.19 (170300-626168189):1368)
05-24 17:35:44.663  6334 18354 E AuthPII : 	at com.google.android.gms.clearcut.uploader.QosUploaderChimeraService.iK(:com.google.android.gms@241319057@24.13.19 (170300-626168189):24)
05-24 17:35:44.663  6334 18354 E AuthPII : 	at beju.call(:com.google.android.gms@241319057@24.13.19 (170300-626168189):32)
05-24 17:35:44.663  6334 18354 E AuthPII : 	at java.util.concurrent.FutureTask.run(FutureTask.java:266)
05-24 17:35:44.663  6334 18354 E AuthPII : 	at ajjo.c(:com.google.android.gms@241319057@24.13.19 (170300-626168189):50)
05-24 17:35:44.663  6334 18354 E AuthPII : 	at ajjo.run(:com.google.android.gms@241319057@24.13.19 (170300-626168189):76)
05-24 17:35:44.663  6334 18354 E AuthPII : 	at java.util.concurrent.ThreadPoolExecutor.runWorker(ThreadPoolExecutor.java:1167)
05-24 17:35:44.663  6334 18354 E AuthPII : 	at java.util.concurrent.ThreadPoolExecutor$Worker.run(ThreadPoolExecutor.java:641)
05-24 17:35:44.663  6334 18354 E AuthPII : 	at ajpb.run(:com.google.android.gms@241319057@24.13.19 (170300-626168189):8)
05-24 17:35:44.663  6334 18354 E AuthPII : 	at java.lang.Thread.run(Thread.java:923)
05-24 17:35:44.663  6334 18354 E AuthPII : Caused by: aihl: Error requesting token.
05-24 17:35:44.663  6334 18354 E AuthPII : 	at szh.d(:com.google.android.gms@241319057@24.13.19 (170300-626168189):207)
05-24 17:35:44.663  6334 18354 E AuthPII : 	at szh.b(:com.google.android.gms@241319057@24.13.19 (170300-626168189):57)
05-24 17:35:44.663  6334 18354 E AuthPII : 	... 19 more
05-24 17:35:44.663  6334 18354 E AuthPII : Caused by: java.util.concurrent.TimeoutException: Waited 30 seconds (plus 40537402 nanoseconds delay) for dgkh@7094fe8[status=PENDING, info=[inputFuture=[dgkh@abfe601[status=PENDING, info=[inputFuture=[gsx@18f6ca6[status=PENDING, info=[tag=[GmsUrlRequestImpl.startWithFuture()]]]], function=[yeo@b9006e7]]]], function=[szg@c178294]]]
05-24 17:35:44.663  6334 18354 E AuthPII : 	at dgkc.get(:com.google.android.gms@241319057@24.13.19 (170300-626168189):52)
05-24 17:35:44.663  6334 18354 E AuthPII : 	at szh.d(:com.google.android.gms@241319057@24.13.19 (170300-626168189):189)
05-24 17:35:44.663  6334 18354 E AuthPII : 	... 20 more
05-24 17:35:44.758   321   321 E SELinux : avc:  denied  { find } for pid=1943 uid=10122 name=tethering scontext=u:r:sprd_radio_app:s0:c512,c768 tcontext=u:object_r:tethering_service:s0 tclass=service_manager permissive=0
05-24 17:35:44.960   321   321 E SELinux : avc:  denied  { find } for pid=1943 uid=10122 name=tethering scontext=u:r:sprd_radio_app:s0:c512,c768 tcontext=u:object_r:tethering_service:s0 tclass=service_manager permissive=0
05-24 17:35:45.025  6334 14449 E Auth    : [TokenResponseCallback] TokenResponse failed with exception [CONTEXT service_id=343 ]
05-24 17:35:45.025  6334 14449 E Auth    : bedw: Failed to process request
05-24 17:35:45.025  6334 14449 E Auth    : 	at begx.b(:com.google.android.gms@241319057@24.13.19 (170300-626168189):19)
05-24 17:35:45.025  6334 14449 E Auth    : 	at behl.onFailed(:com.google.android.gms@241319057@24.13.19 (170300-626168189):13)
05-24 17:35:45.025  6334 14449 E Auth    : 	at m.nk.onFailed(:com.google.android.gms.dynamite_cronetdynamite@241319057@24.13.19 (170300-0):3)
05-24 17:35:45.025  6334 14449 E Auth    : 	at m.mj.run(:com.google.android.gms.dynamite_cronetdynamite@241319057@24.13.19 (170300-0):9)
05-24 17:35:45.025  6334 14449 E Auth    : 	at ajjo.c(:com.google.android.gms@241319057@24.13.19 (170300-626168189):50)
05-24 17:35:45.025  6334 14449 E Auth    : 	at ajjo.run(:com.google.android.gms@241319057@24.13.19 (170300-626168189):76)
05-24 17:35:45.025  6334 14449 E Auth    : 	at java.util.concurrent.ThreadPoolExecutor.runWorker(ThreadPoolExecutor.java:1167)
05-24 17:35:45.025  6334 14449 E Auth    : 	at java.util.concurrent.ThreadPoolExecutor$Worker.run(ThreadPoolExecutor.java:641)
05-24 17:35:45.025  6334 14449 E Auth    : 	at ajpb.run(:com.google.android.gms@241319057@24.13.19 (170300-626168189):8)
05-24 17:35:45.025  6334 14449 E Auth    : 	at java.lang.Thread.run(Thread.java:923)
05-24 17:35:45.025  6334 14449 E Auth    : Caused by: m.mt: Exception in CronetUrlRequest: net::ERR_TIMED_OUT, ErrorCode=4, InternalErrorCode=-7, Retryable=true
05-24 17:35:45.025  6334 14449 E Auth    : 	at org.chromium.net.impl.CronetUrlRequest.onError(:com.google.android.gms.dynamite_cronetdynamite@241319057@24.13.19 (170300-0):4)
05-24 17:35:45.163   321   321 E SELinux : avc:  denied  { find } for pid=1943 uid=10122 name=tethering scontext=u:r:sprd_radio_app:s0:c512,c768 tcontext=u:object_r:tethering_service:s0 tclass=service_manager permissive=0
05-24 17:35:45.770   321   321 E SELinux : avc:  denied  { find } for pid=1943 uid=10122 name=tethering scontext=u:r:sprd_radio_app:s0:c512,c768 tcontext=u:object_r:tethering_service:s0 tclass=service_manager permissive=0
05-24 17:35:45.972   321   321 E SELinux : avc:  denied  { find } for pid=1943 uid=10122 name=tethering scontext=u:r:sprd_radio_app:s0:c512,c768 tcontext=u:object_r:tethering_service:s0 tclass=service_manager permissive=0
05-24 17:35:48.601   321   321 E SELinux : avc:  denied  { find } for pid=1943 uid=10122 name=tethering scontext=u:r:sprd_radio_app:s0:c512,c768 tcontext=u:object_r:tethering_service:s0 tclass=service_manager permissive=0
05-24 17:35:48.677  6334 14449 E Auth    : [TokenResponseCallback] TokenResponse failed with exception [CONTEXT service_id=343 ]
05-24 17:35:48.677  6334 14449 E Auth    : bedw: Failed to process request
05-24 17:35:48.677  6334 14449 E Auth    : 	at begx.b(:com.google.android.gms@241319057@24.13.19 (170300-626168189):19)
05-24 17:35:48.677  6334 14449 E Auth    : 	at behl.onFailed(:com.google.android.gms@241319057@24.13.19 (170300-626168189):13)
05-24 17:35:48.677  6334 14449 E Auth    : 	at m.nk.onFailed(:com.google.android.gms.dynamite_cronetdynamite@241319057@24.13.19 (170300-0):3)
05-24 17:35:48.677  6334 14449 E Auth    : 	at m.mj.run(:com.google.android.gms.dynamite_cronetdynamite@241319057@24.13.19 (170300-0):9)
05-24 17:35:48.677  6334 14449 E Auth    : 	at ajjo.c(:com.google.android.gms@241319057@24.13.19 (170300-626168189):50)
05-24 17:35:48.677  6334 14449 E Auth    : 	at ajjo.run(:com.google.android.gms@241319057@24.13.19 (170300-626168189):76)
05-24 17:35:48.677  6334 14449 E Auth    : 	at java.util.concurrent.ThreadPoolExecutor.runWorker(ThreadPoolExecutor.java:1167)
05-24 17:35:48.677  6334 14449 E Auth    : 	at java.util.concurrent.ThreadPoolExecutor$Worker.run(ThreadPoolExecutor.java:641)
05-24 17:35:48.677  6334 14449 E Auth    : 	at ajpb.run(:com.google.android.gms@241319057@24.13.19 (170300-626168189):8)
05-24 17:35:48.677  6334 14449 E Auth    : 	at java.lang.Thread.run(Thread.java:923)
05-24 17:35:48.677  6334 14449 E Auth    : Caused by: m.mt: Exception in CronetUrlRequest: net::ERR_TIMED_OUT, ErrorCode=4, InternalErrorCode=-7, Retryable=true
05-24 17:35:48.677  6334 14449 E Auth    : 	at org.chromium.net.impl.CronetUrlRequest.onError(:com.google.android.gms.dynamite_cronetdynamite@241319057@24.13.19 (170300-0):4)
05-24 17:35:48.803   321   321 E SELinux : avc:  denied  { find } for pid=1943 uid=10122 name=tethering scontext=u:r:sprd_radio_app:s0:c512,c768 tcontext=u:object_r:tethering_service:s0 tclass=service_manager permissive=0
05-24 17:35:50.825   321   321 E SELinux : avc:  denied  { find } for pid=1943 uid=10122 name=tethering scontext=u:r:sprd_radio_app:s0:c512,c768 tcontext=u:object_r:tethering_service:s0 tclass=service_manager permissive=0
05-24 17:35:51.027   321   321 E SELinux : avc:  denied  { find } for pid=1943 uid=10122 name=tethering scontext=u:r:sprd_radio_app:s0:c512,c768 tcontext=u:object_r:tethering_service:s0 tclass=service_manager permissive=0
05-24 17:35:56.086   321   321 E SELinux : avc:  denied  { find } for pid=1943 uid=10122 name=tethering scontext=u:r:sprd_radio_app:s0:c512,c768 tcontext=u:object_r:tethering_service:s0 tclass=service_manager permissive=0
05-24 17:35:56.288   321   321 E SELinux : avc:  denied  { find } for pid=1943 uid=10122 name=tethering scontext=u:r:sprd_radio_app:s0:c512,c768 tcontext=u:object_r:tethering_service:s0 tclass=service_manager permissive=0
05-24 17:35:56.420   824   845 E Watchdog: WDT_Monitor: checkSFStatus sfBlocked=false
05-24 17:35:56.420   824   845 E Watchdog: WDT_Monitor: writeWDTMonitor duration=50,shutdowning=false
05-24 17:35:58.109   321   321 E SELinux : avc:  denied  { find } for pid=1943 uid=10122 name=tethering scontext=u:r:sprd_radio_app:s0:c512,c768 tcontext=u:object_r:tethering_service:s0 tclass=service_manager permissive=0
05-24 17:35:58.223   462   498 E IMGMemtrackHAL: DbgFsParseFile: fopen of /proc/pvr/driver_stats failed (Permission denied)
05-24 17:35:58.223   462   498 E IMGMemtrackHAL: GetGraphicsMemtrackRecords: DbgFsParseDir for /d/ion failed (No such file or directory)
05-24 17:35:58.312   321   321 E SELinux : avc:  denied  { find } for pid=1943 uid=10122 name=tethering scontext=u:r:sprd_radio_app:s0:c512,c768 tcontext=u:object_r:tethering_service:s0 tclass=service_manager permissive=0
05-24 17:35:59.930   321   321 E SELinux : avc:  denied  { find } for pid=1943 uid=10122 name=tethering scontext=u:r:sprd_radio_app:s0:c512,c768 tcontext=u:object_r:tethering_service:s0 tclass=service_manager permissive=0
05-24 17:36:00.133   321   321 E SELinux : avc:  denied  { find } for pid=1943 uid=10122 name=tethering scontext=u:r:sprd_radio_app:s0:c512,c768 tcontext=u:object_r:tethering_service:s0 tclass=service_manager permissive=0
05-24 17:36:01.144   321   321 E SELinux : avc:  denied  { find } for pid=1943 uid=10122 name=tethering scontext=u:r:sprd_radio_app:s0:c512,c768 tcontext=u:object_r:tethering_service:s0 tclass=service_manager permissive=0
05-24 17:36:01.347   321   321 E SELinux : avc:  denied  { find } for pid=1943 uid=10122 name=tethering scontext=u:r:sprd_radio_app:s0:c512,c768 tcontext=u:object_r:tethering_service:s0 tclass=service_manager permissive=0
05-24 17:36:02.559   321   321 E SELinux : avc:  denied  { find } for pid=1943 uid=10122 name=tethering scontext=u:r:sprd_radio_app:s0:c512,c768 tcontext=u:object_r:tethering_service:s0 tclass=service_manager permissive=0
05-24 17:36:02.619   374   379 E android.system.suspend@1.0-service: Error opening event_count for wakeup4: Permission denied
05-24 17:36:02.619   374   379 E android.system.suspend@1.0-service: Error reading event_count for wakeup4: Bad file descriptor
05-24 17:36:02.619   374   379 E android.system.suspend@1.0-service: Error opening max_time_ms for wakeup4: Permission denied
05-24 17:36:02.619   374   379 E android.system.suspend@1.0-service: Error reading max_time_ms for wakeup4: Bad file descriptor
05-24 17:36:02.619   374   379 E android.system.suspend@1.0-service: Error opening wakeup_count for wakeup4: Permission denied
05-24 17:36:02.619   374   379 E android.system.suspend@1.0-service: Error reading wakeup_count for wakeup4: Bad file descriptor
05-24 17:36:02.619   374   379 E android.system.suspend@1.0-service: Error opening total_time_ms for wakeup4: Permission denied
05-24 17:36:02.620   374   379 E android.system.suspend@1.0-service: Error reading total_time_ms for wakeup4: Bad file descriptor
05-24 17:36:02.620   374   379 E android.system.suspend@1.0-service: Error opening expire_count for wakeup4: Permission denied
05-24 17:36:02.620   374   379 E android.system.suspend@1.0-service: Error reading expire_count for wakeup4: Bad file descriptor
05-24 17:36:02.620   374   379 E android.system.suspend@1.0-service: Error opening active_count for wakeup4: Permission denied
05-24 17:36:02.620   374   379 E android.system.suspend@1.0-service: Error reading active_count for wakeup4: Bad file descriptor
05-24 17:36:02.620   374   379 E android.system.suspend@1.0-service: Error opening last_change_ms for wakeup4: Permission denied
05-24 17:36:02.620   374   379 E android.system.suspend@1.0-service: Error reading last_change_ms for wakeup4: Bad file descriptor
05-24 17:36:02.620   374   379 E android.system.suspend@1.0-service: Error opening prevent_suspend_time_ms for wakeup4: Permission denied
05-24 17:36:02.620   374   379 E android.system.suspend@1.0-service: Error reading prevent_suspend_time_ms for wakeup4: Bad file descriptor
05-24 17:36:02.621   374   379 E android.system.suspend@1.0-service: Error opening name for wakeup4: Permission denied
05-24 17:36:02.621   374   379 E android.system.suspend@1.0-service: Error reading name for wakeup4: Bad file descriptor
05-24 17:36:02.621   374   379 E android.system.suspend@1.0-service: Error opening active_time_ms for wakeup4: Permission denied
05-24 17:36:02.621   374   379 E android.system.suspend@1.0-service: Error reading active_time_ms for wakeup4: Bad file descriptor
05-24 17:36:02.622   374   379 E android.system.suspend@1.0-service: Error opening event_count for wakeup2: Permission denied
05-24 17:36:02.622   374   379 E android.system.suspend@1.0-service: Error reading event_count for wakeup2: Bad file descriptor
05-24 17:36:02.622   374   379 E android.system.suspend@1.0-service: Error opening max_time_ms for wakeup2: Permission denied
