05-24 17:01:59.083  6334  7846 E AuthPII : 	at szh.b(:com.google.android.gms@241319057@24.13.19 (170300-626168189):1413)
05-24 17:01:59.083  6334  7846 E AuthPII : 	at szf.a(:com.google.android.gms@241319057@24.13.19 (170300-626168189):620)
05-24 17:01:59.083  6334  7846 E AuthPII : 	at sze.a(:com.google.android.gms@241319057@24.13.19 (170300-626168189):92)
05-24 17:01:59.083  6334  7846 E AuthPII : 	at njz.c(:com.google.android.gms@241319057@24.13.19 (170300-626168189):263)
05-24 17:01:59.083  6334  7846 E AuthPII : 	at njz.h(:com.google.android.gms@241319057@24.13.19 (170300-626168189):2)
05-24 17:01:59.083  6334  7846 E AuthPII : 	at njz.gY(:com.google.android.gms@241319057@24.13.19 (170300-626168189):200)
05-24 17:01:59.083  6334  7846 E AuthPII : 	at nft.onTransact(:com.google.android.gms@241319057@24.13.19 (170300-626168189):96)
05-24 17:01:59.083  6334  7846 E AuthPII : 	at android.os.Binder.transact(Binder.java:1043)
05-24 17:01:59.083  6334  7846 E AuthPII : 	at azlr.onTransact(:com.google.android.gms@241319057@24.13.19 (170300-626168189):26)
05-24 17:01:59.083  6334  7846 E AuthPII : 	at android.os.Binder.transact(Binder.java:1043)
05-24 17:01:59.083  6334  7846 E AuthPII : 	at autl.onTransact(:com.google.android.gms@241319057@24.13.19 (170300-626168189):147)
05-24 17:01:59.083  6334  7846 E AuthPII : 	at android.os.Binder.execTransactInternal(Binder.java:1154)
05-24 17:01:59.083  6334  7846 E AuthPII : 	at android.os.Binder.execTransact(Binder.java:1123)
05-24 17:01:59.083  6334  7846 E AuthPII : Caused by: aihl: Error requesting token.
05-24 17:01:59.083  6334  7846 E AuthPII : 	at szh.d(:com.google.android.gms@241319057@24.13.19 (170300-626168189):207)
05-24 17:01:59.083  6334  7846 E AuthPII : 	at szh.b(:com.google.android.gms@241319057@24.13.19 (170300-626168189):57)
05-24 17:01:59.083  6334  7846 E AuthPII : 	... 12 more
05-24 17:01:59.083  6334  7846 E AuthPII : Caused by: java.util.concurrent.TimeoutException: Waited 30 seconds (plus 572325 nanoseconds delay) for dgkh@c6289c9[status=PENDING, info=[inputFuture=[dgkh@66618ce[status=PENDING, info=[inputFuture=[gsx@25b83ef[status=PENDING, info=[tag=[GmsUrlRequestImpl.startWithFuture()]]]], function=[yeo@d042efc]]]], function=[szg@400f985]]]
05-24 17:01:59.083  6334  7846 E AuthPII : 	at dgkc.get(:com.google.android.gms@241319057@24.13.19 (170300-626168189):52)
05-24 17:01:59.083  6334  7846 E AuthPII : 	at szh.d(:com.google.android.gms@241319057@24.13.19 (170300-626168189):189)
05-24 17:01:59.083  6334  7846 E AuthPII : 	... 13 more
05-24 17:01:59.183   321   321 E SELinux : avc:  denied  { find } for pid=1943 uid=10122 name=tethering scontext=u:r:sprd_radio_app:s0:c512,c768 tcontext=u:object_r:tethering_service:s0 tclass=service_manager permissive=0
05-24 17:01:59.992   321   321 E SELinux : avc:  denied  { find } for pid=1943 uid=10122 name=tethering scontext=u:r:sprd_radio_app:s0:c512,c768 tcontext=u:object_r:tethering_service:s0 tclass=service_manager permissive=0
05-24 17:02:00.194   321   321 E SELinux : avc:  denied  { find } for pid=1943 uid=10122 name=tethering scontext=u:r:sprd_radio_app:s0:c512,c768 tcontext=u:object_r:tethering_service:s0 tclass=service_manager permissive=0
05-24 17:02:03.427   321   321 E SELinux : avc:  denied  { find } for pid=1943 uid=10122 name=tethering scontext=u:r:sprd_radio_app:s0:c512,c768 tcontext=u:object_r:tethering_service:s0 tclass=service_manager permissive=0
05-24 17:02:03.629   321   321 E SELinux : avc:  denied  { find } for pid=1943 uid=10122 name=tethering scontext=u:r:sprd_radio_app:s0:c512,c768 tcontext=u:object_r:tethering_service:s0 tclass=service_manager permissive=0
05-24 17:02:03.832   321   321 E SELinux : avc:  denied  { find } for pid=1943 uid=10122 name=tethering scontext=u:r:sprd_radio_app:s0:c512,c768 tcontext=u:object_r:tethering_service:s0 tclass=service_manager permissive=0
05-24 17:02:06.057   321   321 E SELinux : avc:  denied  { find } for pid=1943 uid=10122 name=tethering scontext=u:r:sprd_radio_app:s0:c512,c768 tcontext=u:object_r:tethering_service:s0 tclass=service_manager permissive=0
05-24 17:02:06.208 19737 20009 E fb4a.TigonNetworkSessionListenerManager: handleDataTask failed for handleDataTaskType
05-24 17:02:06.210 19737 11737 E fb4a.msys: E[N data-request]_HandleDataResponse(1681)=>Data request error for task 0bc970c3-eab7-41e9-892c-ae5ad4d3d056 (response type 1): network disconnected
05-24 17:02:06.212 19737 11739 E fb4a.msys: E[S sync]_createResponseError(241)=>Network Response 0bc970c3-eab7-41e9-892c-ae5ad4d3d056 contains sync error Error Domain=NSURLErrorDomain Code=1 UserInfo=0xe5f20100 {MCFErrorDirectUnderlyingErrorKey=0xebade000 "Error Domain=NSURLErrorDomain Code=1 UserInfo=0xe5f1ca00 {MCFErrorDirectLocalizedFailureReasonKey=TigonError(error=TransientError, errorDomain=TigonLigerErrorDomain, domainErrorCode=3, analyticsDetail="AsyncSocketException: connect timed out after 29995ms, type = Timed out")}", MCFErrorDirectLocalizedFailureReasonKey=network disconnected} - Underlying error Error Domain=NSURLErrorDomain Code=1 UserInfo=0xe5f1ca00 {MCFErrorDirectLocalizedFailureReasonKey=TigonError(error=TransientError, errorDomain=TigonLigerErrorDomain, domainErrorCode=3, analyticsDetail="AsyncSocketException: connect timed out after 29995ms, type = Timed out")}: Error Domain=NSURLErrorDomain Code=1 UserInfo=0xe5f20100 {MCFErrorDirectUnderlyingErrorKey=0xebade000 "Error Domain=NSURLErrorDomain Code=1 UserInfo=0xe5f1ca00 {MCFErrorDirectLocalizedFailureReasonKey=TigonError(error=TransientError, errorDomain=TigonLigerErrorDomain, domainErrorCode=3, analyticsDetail="AsyncSocketException: connect timed out after 29995ms, type = Timed out")}", MCFErrorDirectLocalizedFailureReasonKey=network disconnected}
05-24 17:02:06.259   321   321 E SELinux : avc:  denied  { find } for pid=1943 uid=10122 name=tethering scontext=u:r:sprd_radio_app:s0:c512,c768 tcontext=u:object_r:tethering_service:s0 tclass=service_manager permissive=0
05-24 17:02:06.664   321   321 E SELinux : avc:  denied  { find } for pid=1943 uid=10122 name=tethering scontext=u:r:sprd_radio_app:s0:c512,c768 tcontext=u:object_r:tethering_service:s0 tclass=service_manager permissive=0
05-24 17:02:06.866   321   321 E SELinux : avc:  denied  { find } for pid=1943 uid=10122 name=tethering scontext=u:r:sprd_radio_app:s0:c512,c768 tcontext=u:object_r:tethering_service:s0 tclass=service_manager permissive=0
05-24 17:02:08.483   321   321 E SELinux : avc:  denied  { find } for pid=1943 uid=10122 name=tethering scontext=u:r:sprd_radio_app:s0:c512,c768 tcontext=u:object_r:tethering_service:s0 tclass=service_manager permissive=0
05-24 17:02:08.685   321   321 E SELinux : avc:  denied  { find } for pid=1943 uid=10122 name=tethering scontext=u:r:sprd_radio_app:s0:c512,c768 tcontext=u:object_r:tethering_service:s0 tclass=service_manager permissive=0
05-24 17:02:09.697   321   321 E SELinux : avc:  denied  { find } for pid=1943 uid=10122 name=tethering scontext=u:r:sprd_radio_app:s0:c512,c768 tcontext=u:object_r:tethering_service:s0 tclass=service_manager permissive=0
05-24 17:02:09.899   321   321 E SELinux : avc:  denied  { find } for pid=1943 uid=10122 name=tethering scontext=u:r:sprd_radio_app:s0:c512,c768 tcontext=u:object_r:tethering_service:s0 tclass=service_manager permissive=0
05-24 17:02:10.101   321   321 E SELinux : avc:  denied  { find } for pid=1943 uid=10122 name=tethering scontext=u:r:sprd_radio_app:s0:c512,c768 tcontext=u:object_r:tethering_service:s0 tclass=service_manager permissive=0
05-24 17:02:10.303   321   321 E SELinux : avc:  denied  { find } for pid=1943 uid=10122 name=tethering scontext=u:r:sprd_radio_app:s0:c512,c768 tcontext=u:object_r:tethering_service:s0 tclass=service_manager permissive=0
05-24 17:02:10.708   321   321 E SELinux : avc:  denied  { find } for pid=1943 uid=10122 name=tethering scontext=u:r:sprd_radio_app:s0:c512,c768 tcontext=u:object_r:tethering_service:s0 tclass=service_manager permissive=0
05-24 17:02:10.910   321   321 E SELinux : avc:  denied  { find } for pid=1943 uid=10122 name=tethering scontext=u:r:sprd_radio_app:s0:c512,c768 tcontext=u:object_r:tethering_service:s0 tclass=service_manager permissive=0
05-24 17:02:11.112   321   321 E SELinux : avc:  denied  { find } for pid=1943 uid=10122 name=tethering scontext=u:r:sprd_radio_app:s0:c512,c768 tcontext=u:object_r:tethering_service:s0 tclass=service_manager permissive=0
05-24 17:02:11.314   321   321 E SELinux : avc:  denied  { find } for pid=1943 uid=10122 name=tethering scontext=u:r:sprd_radio_app:s0:c512,c768 tcontext=u:object_r:tethering_service:s0 tclass=service_manager permissive=0
05-24 17:02:11.517   321   321 E SELinux : avc:  denied  { find } for pid=1943 uid=10122 name=tethering scontext=u:r:sprd_radio_app:s0:c512,c768 tcontext=u:object_r:tethering_service:s0 tclass=service_manager permissive=0
05-24 17:02:13.135   321   321 E SELinux : avc:  denied  { find } for pid=1943 uid=10122 name=tethering scontext=u:r:sprd_radio_app:s0:c512,c768 tcontext=u:object_r:tethering_service:s0 tclass=service_manager permissive=0
05-24 17:02:13.337   321   321 E SELinux : avc:  denied  { find } for pid=1943 uid=10122 name=tethering scontext=u:r:sprd_radio_app:s0:c512,c768 tcontext=u:object_r:tethering_service:s0 tclass=service_manager permissive=0
05-24 17:02:13.539   321   321 E SELinux : avc:  denied  { find } for pid=1943 uid=10122 name=tethering scontext=u:r:sprd_radio_app:s0:c512,c768 tcontext=u:object_r:tethering_service:s0 tclass=service_manager permissive=0
05-24 17:02:13.741   321   321 E SELinux : avc:  denied  { find } for pid=1943 uid=10122 name=tethering scontext=u:r:sprd_radio_app:s0:c512,c768 tcontext=u:object_r:tethering_service:s0 tclass=service_manager permissive=0
05-24 17:02:13.943   321   321 E SELinux : avc:  denied  { find } for pid=1943 uid=10122 name=tethering scontext=u:r:sprd_radio_app:s0:c512,c768 tcontext=u:object_r:tethering_service:s0 tclass=service_manager permissive=0
05-24 17:02:14.145   321   321 E SELinux : avc:  denied  { find } for pid=1943 uid=10122 name=tethering scontext=u:r:sprd_radio_app:s0:c512,c768 tcontext=u:object_r:tethering_service:s0 tclass=service_manager permissive=0
05-24 17:02:18.799   321   321 E SELinux : avc:  denied  { find } for pid=1943 uid=10122 name=tethering scontext=u:r:sprd_radio_app:s0:c512,c768 tcontext=u:object_r:tethering_service:s0 tclass=service_manager permissive=0
05-24 17:02:19.001   321   321 E SELinux : avc:  denied  { find } for pid=1943 uid=10122 name=tethering scontext=u:r:sprd_radio_app:s0:c512,c768 tcontext=u:object_r:tethering_service:s0 tclass=service_manager permissive=0
05-24 17:02:21.024   321   321 E SELinux : avc:  denied  { find } for pid=1943 uid=10122 name=tethering scontext=u:r:sprd_radio_app:s0:c512,c768 tcontext=u:object_r:tethering_service:s0 tclass=service_manager permissive=0
05-24 17:02:21.226   321   321 E SELinux : avc:  denied  { find } for pid=1943 uid=10122 name=tethering scontext=u:r:sprd_radio_app:s0:c512,c768 tcontext=u:object_r:tethering_service:s0 tclass=service_manager permissive=0
05-24 17:02:22.845   321   321 E SELinux : avc:  denied  { find } for pid=1943 uid=10122 name=tethering scontext=u:r:sprd_radio_app:s0:c512,c768 tcontext=u:object_r:tethering_service:s0 tclass=service_manager permissive=0
05-24 17:02:22.990  6334  6428 E chromium: [0524/170222.990441:ERROR:ssl_client_socket_impl.cc(970)] handshake failed; returned -1, SSL error code 1, net_error -101
05-24 17:02:23.005  6334  8730 E Auth    : [TokenResponseCallback] TokenResponse failed with exception [CONTEXT service_id=343 ]
05-24 17:02:23.005  6334  8730 E Auth    : bedw: Failed to process request
05-24 17:02:23.005  6334  8730 E Auth    : 	at begx.b(:com.google.android.gms@241319057@24.13.19 (170300-626168189):19)
05-24 17:02:23.005  6334  8730 E Auth    : 	at behl.onFailed(:com.google.android.gms@241319057@24.13.19 (170300-626168189):13)
05-24 17:02:23.005  6334  8730 E Auth    : 	at m.nk.onFailed(:com.google.android.gms.dynamite_cronetdynamite@241319057@24.13.19 (170300-0):3)
05-24 17:02:23.005  6334  8730 E Auth    : 	at m.mj.run(:com.google.android.gms.dynamite_cronetdynamite@241319057@24.13.19 (170300-0):9)
05-24 17:02:23.005  6334  8730 E Auth    : 	at ajjo.c(:com.google.android.gms@241319057@24.13.19 (170300-626168189):50)
05-24 17:02:23.005  6334  8730 E Auth    : 	at ajjo.run(:com.google.android.gms@241319057@24.13.19 (170300-626168189):76)
05-24 17:02:23.005  6334  8730 E Auth    : 	at java.util.concurrent.ThreadPoolExecutor.runWorker(ThreadPoolExecutor.java:1167)
05-24 17:02:23.005  6334  8730 E Auth    : 	at java.util.concurrent.ThreadPoolExecutor$Worker.run(ThreadPoolExecutor.java:641)
05-24 17:02:23.005  6334  8730 E Auth    : 	at ajpb.run(:com.google.android.gms@241319057@24.13.19 (170300-626168189):8)
05-24 17:02:23.005  6334  8730 E Auth    : 	at java.lang.Thread.run(Thread.java:923)
05-24 17:02:23.005  6334  8730 E Auth    : Caused by: m.mt: Exception in CronetUrlRequest: net::ERR_CONNECTION_RESET, ErrorCode=8, InternalErrorCode=-101, Retryable=true
05-24 17:02:23.005  6334  8730 E Auth    : 	at org.chromium.net.impl.CronetUrlRequest.onError(:com.google.android.gms.dynamite_cronetdynamite@241319057@24.13.19 (170300-0):4)
05-24 17:02:23.047   321   321 E SELinux : avc:  denied  { find } for pid=1943 uid=10122 name=tethering scontext=u:r:sprd_radio_app:s0:c512,c768 tcontext=u:object_r:tethering_service:s0 tclass=service_manager permissive=0
05-24 17:02:23.654   321   321 E SELinux : avc:  denied  { find } for pid=1943 uid=10122 name=tethering scontext=u:r:sprd_radio_app:s0:c512,c768 tcontext=u:object_r:tethering_service:s0 tclass=service_manager permissive=0
05-24 17:02:23.856   321   321 E SELinux : avc:  denied  { find } for pid=1943 uid=10122 name=tethering scontext=u:r:sprd_radio_app:s0:c512,c768 tcontext=u:object_r:tethering_service:s0 tclass=service_manager permissive=0
05-24 17:02:24.058   321   321 E SELinux : avc:  denied  { find } for pid=1943 uid=10122 name=tethering scontext=u:r:sprd_radio_app:s0:c512,c768 tcontext=u:object_r:tethering_service:s0 tclass=service_manager permissive=0
05-24 17:02:25.976   824   845 E Watchdog: WDT_Monitor: checkSFStatus sfBlocked=false
05-24 17:02:25.976   824   845 E Watchdog: WDT_Monitor: writeWDTMonitor duration=50,shutdowning=false
05-24 17:02:26.284   321   321 E SELinux : avc:  denied  { find } for pid=1943 uid=10122 name=tethering scontext=u:r:sprd_radio_app:s0:c512,c768 tcontext=u:object_r:tethering_service:s0 tclass=service_manager permissive=0
05-24 17:02:26.387  6334  8730 E Auth    : [TokenResponseCallback] TokenResponse failed with exception [CONTEXT service_id=343 ]
05-24 17:02:26.387  6334  8730 E Auth    : bedw: Failed to process request
05-24 17:02:26.387  6334  8730 E Auth    : 	at begx.b(:com.google.android.gms@241319057@24.13.19 (170300-626168189):19)
05-24 17:02:26.387  6334  8730 E Auth    : 	at behl.onFailed(:com.google.android.gms@241319057@24.13.19 (170300-626168189):13)
05-24 17:02:26.387  6334  8730 E Auth    : 	at m.nk.onFailed(:com.google.android.gms.dynamite_cronetdynamite@241319057@24.13.19 (170300-0):3)
05-24 17:02:26.387  6334  8730 E Auth    : 	at m.mj.run(:com.google.android.gms.dynamite_cronetdynamite@241319057@24.13.19 (170300-0):9)
05-24 17:02:26.387  6334  8730 E Auth    : 	at ajjo.c(:com.google.android.gms@241319057@24.13.19 (170300-626168189):50)
05-24 17:02:26.387  6334  8730 E Auth    : 	at ajjo.run(:com.google.android.gms@241319057@24.13.19 (170300-626168189):76)
05-24 17:02:26.387  6334  8730 E Auth    : 	at java.util.concurrent.ThreadPoolExecutor.runWorker(ThreadPoolExecutor.java:1167)
05-24 17:02:26.387  6334  8730 E Auth    : 	at java.util.concurrent.ThreadPoolExecutor$Worker.run(ThreadPoolExecutor.java:641)
05-24 17:02:26.387  6334  8730 E Auth    : 	at ajpb.run(:com.google.android.gms@241319057@24.13.19 (170300-626168189):8)
05-24 17:02:26.387  6334  8730 E Auth    : 	at java.lang.Thread.run(Thread.java:923)
05-24 17:02:26.387  6334  8730 E Auth    : Caused by: m.mt: Exception in CronetUrlRequest: net::ERR_TIMED_OUT, ErrorCode=4, InternalErrorCode=-7, Retryable=true
05-24 17:02:26.387  6334  8730 E Auth    : 	at org.chromium.net.impl.CronetUrlRequest.onError(:com.google.android.gms.dynamite_cronetdynamite@241319057@24.13.19 (170300-0):4)
05-24 17:02:26.486   321   321 E SELinux : avc:  denied  { find } for pid=1943 uid=10122 name=tethering scontext=u:r:sprd_radio_app:s0:c512,c768 tcontext=u:object_r:tethering_service:s0 tclass=service_manager permissive=0
05-24 17:02:26.575  6334 12839 E Auth    : [TokenResponseCallback] TokenResponse failed with exception [CONTEXT service_id=343 ]
05-24 17:02:26.575  6334 12839 E Auth    : bedw: Failed to process request
05-24 17:02:26.575  6334 12839 E Auth    : 	at begx.b(:com.google.android.gms@241319057@24.13.19 (170300-626168189):19)
05-24 17:02:26.575  6334 12839 E Auth    : 	at behl.onFailed(:com.google.android.gms@241319057@24.13.19 (170300-626168189):13)
05-24 17:02:26.575  6334 12839 E Auth    : 	at m.nk.onFailed(:com.google.android.gms.dynamite_cronetdynamite@241319057@24.13.19 (170300-0):3)
05-24 17:02:26.575  6334 12839 E Auth    : 	at m.mj.run(:com.google.android.gms.dynamite_cronetdynamite@241319057@24.13.19 (170300-0):9)
05-24 17:02:26.575  6334 12839 E Auth    : 	at ajjo.c(:com.google.android.gms@241319057@24.13.19 (170300-626168189):50)
05-24 17:02:26.575  6334 12839 E Auth    : 	at ajjo.run(:com.google.android.gms@241319057@24.13.19 (170300-626168189):76)
05-24 17:02:26.575  6334 12839 E Auth    : 	at java.util.concurrent.ThreadPoolExecutor.runWorker(ThreadPoolExecutor.java:1167)
05-24 17:02:26.575  6334 12839 E Auth    : 	at java.util.concurrent.ThreadPoolExecutor$Worker.run(ThreadPoolExecutor.java:641)
05-24 17:02:26.575  6334 12839 E Auth    : 	at ajpb.run(:com.google.android.gms@241319057@24.13.19 (170300-626168189):8)
05-24 17:02:26.575  6334 12839 E Auth    : 	at java.lang.Thread.run(Thread.java:923)
05-24 17:02:26.575  6334 12839 E Auth    : Caused by: m.mt: Exception in CronetUrlRequest: net::ERR_TIMED_OUT, ErrorCode=4, InternalErrorCode=-7, Retryable=true
05-24 17:02:26.575  6334 12839 E Auth    : 	at org.chromium.net.impl.CronetUrlRequest.onError(:com.google.android.gms.dynamite_cronetdynamite@241319057@24.13.19 (170300-0):4)
05-24 17:02:26.688   321   321 E SELinux : avc:  denied  { find } for pid=1943 uid=10122 name=tethering scontext=u:r:sprd_radio_app:s0:c512,c768 tcontext=u:object_r:tethering_service:s0 tclass=service_manager permissive=0
05-24 17:02:28.914   321   321 E SELinux : avc:  denied  { find } for pid=1943 uid=10122 name=tethering scontext=u:r:sprd_radio_app:s0:c512,c768 tcontext=u:object_r:tethering_service:s0 tclass=service_manager permissive=0
05-24 17:02:29.116   321   321 E SELinux : avc:  denied  { find } for pid=1943 uid=10122 name=tethering scontext=u:r:sprd_radio_app:s0:c512,c768 tcontext=u:object_r:tethering_service:s0 tclass=service_manager permissive=0
05-24 17:02:29.305  6334  7846 E AuthPII : [RequestTokenManager] getToken() -> NETWORK_ERROR. App: com.google.android.gms, Service: oauth2:https://www.googleapis.com/auth/identity.passwords.leak.check
05-24 17:02:29.305  6334  7846 E AuthPII : aihl: Error when calling server using GmsNetworkStack.
05-24 17:02:29.305  6334  7846 E AuthPII : 	at szh.b(:com.google.android.gms@241319057@24.13.19 (170300-626168189):1413)
05-24 17:02:29.305  6334  7846 E AuthPII : 	at szf.a(:com.google.android.gms@241319057@24.13.19 (170300-626168189):620)
05-24 17:02:29.305  6334  7846 E AuthPII : 	at sze.a(:com.google.android.gms@241319057@24.13.19 (170300-626168189):92)
05-24 17:02:29.305  6334  7846 E AuthPII : 	at njz.c(:com.google.android.gms@241319057@24.13.19 (170300-626168189):263)
05-24 17:02:29.305  6334  7846 E AuthPII : 	at njz.h(:com.google.android.gms@241319057@24.13.19 (170300-626168189):2)
05-24 17:02:29.305  6334  7846 E AuthPII : 	at njz.gY(:com.google.android.gms@241319057@24.13.19 (170300-626168189):200)
05-24 17:02:29.305  6334  7846 E AuthPII : 	at nft.onTransact(:com.google.android.gms@241319057@24.13.19 (170300-626168189):96)
05-24 17:02:29.305  6334  7846 E AuthPII : 	at android.os.Binder.transact(Binder.java:1043)
05-24 17:02:29.305  6334  7846 E AuthPII : 	at azlr.onTransact(:com.google.android.gms@241319057@24.13.19 (170300-626168189):26)
05-24 17:02:29.305  6334  7846 E AuthPII : 	at android.os.Binder.transact(Binder.java:1043)
05-24 17:02:29.305  6334  7846 E AuthPII : 	at autl.onTransact(:com.google.android.gms@241319057@24.13.19 (170300-626168189):147)
05-24 17:02:29.305  6334  7846 E AuthPII : 	at android.os.Binder.execTransactInternal(Binder.java:1154)
05-24 17:02:29.305  6334  7846 E AuthPII : 	at android.os.Binder.execTransact(Binder.java:1123)
05-24 17:02:29.305  6334  7846 E AuthPII : Caused by: aihl: Error requesting token.
05-24 17:02:29.305  6334  7846 E AuthPII : 	at szh.d(:com.google.android.gms@241319057@24.13.19 (170300-626168189):207)
05-24 17:02:29.305  6334  7846 E AuthPII : 	at szh.b(:com.google.android.gms@241319057@24.13.19 (170300-626168189):57)
05-24 17:02:29.305  6334  7846 E AuthPII : 	... 12 more
05-24 17:02:29.305  6334  7846 E AuthPII : Caused by: java.util.concurrent.TimeoutException: Waited 30 seconds (plus 558133 nanoseconds delay) for dgkh@adb1256[status=PENDING, info=[inputFuture=[dgkh@36132d7[status=PENDING, info=[inputFuture=[gsx@72a57c4[status=PENDING, info=[tag=[GmsUrlRequestImpl.startWithFuture()]]]], function=[yeo@95d46ad]]]], function=[szg@f0dfde2]]]
05-24 17:02:29.305  6334  7846 E AuthPII : 	at dgkc.get(:com.google.android.gms@241319057@24.13.19 (170300-626168189):52)
05-24 17:02:29.305  6334  7846 E AuthPII : 	at szh.d(:com.google.android.gms@241319057@24.13.19 (170300-626168189):189)
05-24 17:02:29.305  6334  7846 E AuthPII : 	... 13 more
05-24 17:02:29.305  6334  7846 E AuthPII : Message is Error when calling server using GmsNetworkStack.
05-24 17:02:29.305  6334  7846 E AuthPII : aihl: Error when calling server using GmsNetworkStack.
05-24 17:02:29.305  6334  7846 E AuthPII : 	at szh.b(:com.google.android.gms@241319057@24.13.19 (170300-626168189):1413)
05-24 17:02:29.305  6334  7846 E AuthPII : 	at szf.a(:com.google.android.gms@241319057@24.13.19 (170300-626168189):620)
05-24 17:02:29.305  6334  7846 E AuthPII : 	at sze.a(:com.google.android.gms@241319057@24.13.19 (170300-626168189):92)
05-24 17:02:29.305  6334  7846 E AuthPII : 	at njz.c(:com.google.android.gms@241319057@24.13.19 (170300-626168189):263)
05-24 17:02:29.305  6334  7846 E AuthPII : 	at njz.h(:com.google.android.gms@241319057@24.13.19 (170300-626168189):2)
05-24 17:02:29.305  6334  7846 E AuthPII : 	at njz.gY(:com.google.android.gms@241319057@24.13.19 (170300-626168189):200)
05-24 17:02:29.305  6334  7846 E AuthPII : 	at nft.onTransact(:com.google.android.gms@241319057@24.13.19 (170300-626168189):96)
05-24 17:02:29.305  6334  7846 E AuthPII : 	at android.os.Binder.transact(Binder.java:1043)
05-24 17:02:29.305  6334  7846 E AuthPII : 	at azlr.onTransact(:com.google.android.gms@241319057@24.13.19 (170300-626168189):26)
05-24 17:02:29.305  6334  7846 E AuthPII : 	at android.os.Binder.transact(Binder.java:1043)
05-24 17:02:29.305  6334  7846 E AuthPII : 	at autl.onTransact(:com.google.android.gms@241319057@24.13.19 (170300-626168189):147)
05-24 17:02:29.305  6334  7846 E AuthPII : 	at android.os.Binder.execTransactInternal(Binder.java:1154)
05-24 17:02:29.305  6334  7846 E AuthPII : 	at android.os.Binder.execTransact(Binder.java:1123)
05-24 17:02:29.305  6334  7846 E AuthPII : Caused by: aihl: Error requesting token.
05-24 17:02:29.305  6334  7846 E AuthPII : 	at szh.d(:com.google.android.gms@241319057@24.13.19 (170300-626168189):207)
05-24 17:02:29.305  6334  7846 E AuthPII : 	at szh.b(:com.google.android.gms@241319057@24.13.19 (170300-626168189):57)
05-24 17:02:29.305  6334  7846 E AuthPII : 	... 12 more
05-24 17:02:29.305  6334  7846 E AuthPII : Caused by: java.util.concurrent.TimeoutException: Waited 30 seconds (plus 558133 nanoseconds delay) for dgkh@adb1256[status=PENDING, info=[inputFuture=[dgkh@36132d7[status=PENDING, info=[inputFuture=[gsx@72a57c4[status=PENDING, info=[tag=[GmsUrlRequestImpl.startWithFuture()]]]], function=[yeo@95d46ad]]]], function=[szg@f0dfde2]]]
05-24 17:02:29.305  6334  7846 E AuthPII : 	at dgkc.get(:com.google.android.gms@241319057@24.13.19 (170300-626168189):52)
05-24 17:02:29.305  6334  7846 E AuthPII : 	at szh.d(:com.google.android.gms@241319057@24.13.19 (170300-626168189):189)
05-24 17:02:29.305  6334  7846 E AuthPII : 	... 13 more
05-24 17:02:29.317   321   321 E SELinux : avc:  denied  { find } for pid=1943 uid=10122 name=tethering scontext=u:r:sprd_radio_app:s0:c512,c768 tcontext=u:object_r:tethering_service:s0 tclass=service_manager permissive=0
05-24 17:02:29.519   321   321 E SELinux : avc:  denied  { find } for pid=1943 uid=10122 name=tethering scontext=u:r:sprd_radio_app:s0:c512,c768 tcontext=u:object_r:tethering_service:s0 tclass=service_manager permissive=0
05-24 17:02:29.925   321   321 E SELinux : avc:  denied  { find } for pid=1943 uid=10122 name=tethering scontext=u:r:sprd_radio_app:s0:c512,c768 tcontext=u:object_r:tethering_service:s0 tclass=service_manager permissive=0
05-24 17:02:30.127   321   321 E SELinux : avc:  denied  { find } for pid=1943 uid=10122 name=tethering scontext=u:r:sprd_radio_app:s0:c512,c768 tcontext=u:object_r:tethering_service:s0 tclass=service_manager permissive=0
05-24 17:02:31.745   321   321 E SELinux : avc:  denied  { find } for pid=1943 uid=10122 name=tethering scontext=u:r:sprd_radio_app:s0:c512,c768 tcontext=u:object_r:tethering_service:s0 tclass=service_manager permissive=0
05-24 17:02:31.948   321   321 E SELinux : avc:  denied  { find } for pid=1943 uid=10122 name=tethering scontext=u:r:sprd_radio_app:s0:c512,c768 tcontext=u:object_r:tethering_service:s0 tclass=service_manager permissive=0
05-24 17:02:34.172   321   321 E SELinux : avc:  denied  { find } for pid=1943 uid=10122 name=tethering scontext=u:r:sprd_radio_app:s0:c512,c768 tcontext=u:object_r:tethering_service:s0 tclass=service_manager permissive=0
05-24 17:02:34.374   321   321 E SELinux : avc:  denied  { find } for pid=1943 uid=10122 name=tethering scontext=u:r:sprd_radio_app:s0:c512,c768 tcontext=u:object_r:tethering_service:s0 tclass=service_manager permissive=0
05-24 17:02:34.981   321   321 E SELinux : avc:  denied  { find } for pid=1943 uid=10122 name=tethering scontext=u:r:sprd_radio_app:s0:c512,c768 tcontext=u:object_r:tethering_service:s0 tclass=service_manager permissive=0
05-24 17:02:35.183   321   321 E SELinux : avc:  denied  { find } for pid=1943 uid=10122 name=tethering scontext=u:r:sprd_radio_app:s0:c512,c768 tcontext=u:object_r:tethering_service:s0 tclass=service_manager permissive=0
05-24 17:02:36.195   321   321 E SELinux : avc:  denied  { find } for pid=1943 uid=10122 name=tethering scontext=u:r:sprd_radio_app:s0:c512,c768 tcontext=u:object_r:tethering_service:s0 tclass=service_manager permissive=0
05-24 17:02:36.250 19737 20009 E fb4a.TigonNetworkSessionListenerManager: handleDataTask failed for handleDataTaskType
05-24 17:02:36.251 19737 11737 E fb4a.msys: E[N data-request]_HandleDataResponse(1681)=>Data request error for task fe0dd0a8-dd8a-434f-8ba6-6036937f8c01 (response type 1): network disconnected
05-24 17:02:36.254 19737 11739 E fb4a.msys: E[S sync]_createResponseError(241)=>Network Response fe0dd0a8-dd8a-434f-8ba6-6036937f8c01 contains sync error Error Domain=NSURLErrorDomain Code=1 UserInfo=0xd3eef800 {MCFErrorDirectUnderlyingErrorKey=0xebade3e0 "Error Domain=NSURLErrorDomain Code=1 UserInfo=0xe5f1ca00 {MCFErrorDirectLocalizedFailureReasonKey=TigonError(error=TransientError, errorDomain=TigonLigerErrorDomain, domainErrorCode=3, analyticsDetail="AsyncSocketException: connect timed out after 29995ms, type = Timed out")}", MCFErrorDirectLocalizedFailureReasonKey=network disconnected} - Underlying error Error Domain=NSURLErrorDomain Code=1 UserInfo=0xe5f1ca00 {MCFErrorDirectLocalizedFailureReasonKey=TigonError(error=TransientError, errorDomain=TigonLigerErrorDomain, domainErrorCode=3, analyticsDetail="AsyncSocketException: connect timed out after 29995ms, type = Timed out")}: Error Domain=NSURLErrorDomain Code=1 UserInfo=0xd3eef800 {MCFErrorDirectUnderlyingErrorKey=0xebade3e0 "Error Domain=NSURLErrorDomain Code=1 UserInfo=0xe5f1ca00 {MCFErrorDirectLocalizedFailureReasonKey=TigonError(error=TransientError, errorDomain=TigonLigerErrorDomain, domainErrorCode=3, analyticsDetail="AsyncSocketException: connect timed out after 29995ms, type = Timed out")}", MCFErrorDirectLocalizedFailureReasonKey=network disconnected}
05-24 17:02:36.397   321   321 E SELinux : avc:  denied  { find } for pid=1943 uid=10122 name=tethering scontext=u:r:sprd_radio_app:s0:c512,c768 tcontext=u:object_r:tethering_service:s0 tclass=service_manager permissive=0
05-24 17:02:39.230   321   321 E SELinux : avc:  denied  { find } for pid=1943 uid=10122 name=tethering scontext=u:r:sprd_radio_app:s0:c512,c768 tcontext=u:object_r:tethering_service:s0 tclass=service_manager permissive=0
05-24 17:02:39.432   321   321 E SELinux : avc:  denied  { find } for pid=1943 uid=10122 name=tethering scontext=u:r:sprd_radio_app:s0:c512,c768 tcontext=u:object_r:tethering_service:s0 tclass=service_manager permissive=0
05-24 17:02:41.658   321   321 E SELinux : avc:  denied  { find } for pid=1943 uid=10122 name=tethering scontext=u:r:sprd_radio_app:s0:c512,c768 tcontext=u:object_r:tethering_service:s0 tclass=service_manager permissive=0
05-24 17:02:41.860   321   321 E SELinux : avc:  denied  { find } for pid=1943 uid=10122 name=tethering scontext=u:r:sprd_radio_app:s0:c512,c768 tcontext=u:object_r:tethering_service:s0 tclass=service_manager permissive=0
05-24 17:02:44.289   321   321 E SELinux : avc:  denied  { find } for pid=1943 uid=10122 name=tethering scontext=u:r:sprd_radio_app:s0:c512,c768 tcontext=u:object_r:tethering_service:s0 tclass=service_manager permissive=0
05-24 17:02:44.491   321   321 E SELinux : avc:  denied  { find } for pid=1943 uid=10122 name=tethering scontext=u:r:sprd_radio_app:s0:c512,c768 tcontext=u:object_r:tethering_service:s0 tclass=service_manager permissive=0
05-24 17:02:44.694   321   321 E SELinux : avc:  denied  { find } for pid=1943 uid=10122 name=tethering scontext=u:r:sprd_radio_app:s0:c512,c768 tcontext=u:object_r:tethering_service:s0 tclass=service_manager permissive=0
05-24 17:02:44.896   321   321 E SELinux : avc:  denied  { find } for pid=1943 uid=10122 name=tethering scontext=u:r:sprd_radio_app:s0:c512,c768 tcontext=u:object_r:tethering_service:s0 tclass=service_manager permissive=0
05-24 17:02:49.546   321   321 E SELinux : avc:  denied  { find } for pid=1943 uid=10122 name=tethering scontext=u:r:sprd_radio_app:s0:c512,c768 tcontext=u:object_r:tethering_service:s0 tclass=service_manager permissive=0
05-24 17:02:49.748   321   321 E SELinux : avc:  denied  { find } for pid=1943 uid=10122 name=tethering scontext=u:r:sprd_radio_app:s0:c512,c768 tcontext=u:object_r:tethering_service:s0 tclass=service_manager permissive=0
05-24 17:02:54.605   321   321 E SELinux : avc:  denied  { find } for pid=1943 uid=10122 name=tethering scontext=u:r:sprd_radio_app:s0:c512,c768 tcontext=u:object_r:tethering_service:s0 tclass=service_manager permissive=0
05-24 17:02:54.807   321   321 E SELinux : avc:  denied  { find } for pid=1943 uid=10122 name=tethering scontext=u:r:sprd_radio_app:s0:c512,c768 tcontext=u:object_r:tethering_service:s0 tclass=service_manager permissive=0
05-24 17:02:55.983   824   845 E Watchdog: WDT_Monitor: checkSFStatus sfBlocked=false
05-24 17:02:55.983   824   845 E Watchdog: WDT_Monitor: writeWDTMonitor duration=50,shutdowning=false
05-24 17:02:56.628   321   321 E SELinux : avc:  denied  { find } for pid=1943 uid=10122 name=tethering scontext=u:r:sprd_radio_app:s0:c512,c768 tcontext=u:object_r:tethering_service:s0 tclass=service_manager permissive=0
05-24 17:02:56.766  6334 12839 E Auth    : [TokenResponseCallback] TokenResponse failed with exception [CONTEXT service_id=343 ]
05-24 17:02:56.766  6334 12839 E Auth    : bedw: Failed to process request
05-24 17:02:56.766  6334 12839 E Auth    : 	at begx.b(:com.google.android.gms@241319057@24.13.19 (170300-626168189):19)
05-24 17:02:56.766  6334 12839 E Auth    : 	at behl.onFailed(:com.google.android.gms@241319057@24.13.19 (170300-626168189):13)
05-24 17:02:56.766  6334 12839 E Auth    : 	at m.nk.onFailed(:com.google.android.gms.dynamite_cronetdynamite@241319057@24.13.19 (170300-0):3)
05-24 17:02:56.766  6334 12839 E Auth    : 	at m.mj.run(:com.google.android.gms.dynamite_cronetdynamite@241319057@24.13.19 (170300-0):9)
05-24 17:02:56.766  6334 12839 E Auth    : 	at ajjo.c(:com.google.android.gms@241319057@24.13.19 (170300-626168189):50)
05-24 17:02:56.766  6334 12839 E Auth    : 	at ajjo.run(:com.google.android.gms@241319057@24.13.19 (170300-626168189):76)
05-24 17:02:56.766  6334 12839 E Auth    : 	at java.util.concurrent.ThreadPoolExecutor.runWorker(ThreadPoolExecutor.java:1167)
05-24 17:02:56.766  6334 12839 E Auth    : 	at java.util.concurrent.ThreadPoolExecutor$Worker.run(ThreadPoolExecutor.java:641)
05-24 17:02:56.766  6334 12839 E Auth    : 	at ajpb.run(:com.google.android.gms@241319057@24.13.19 (170300-626168189):8)
05-24 17:02:56.766  6334 12839 E Auth    : 	at java.lang.Thread.run(Thread.java:923)
05-24 17:02:56.766  6334 12839 E Auth    : Caused by: m.mt: Exception in CronetUrlRequest: net::ERR_TIMED_OUT, ErrorCode=4, InternalErrorCode=-7, Retryable=true
05-24 17:02:56.766  6334 12839 E Auth    : 	at org.chromium.net.impl.CronetUrlRequest.onError(:com.google.android.gms.dynamite_cronetdynamite@241319057@24.13.19 (170300-0):4)
05-24 17:02:56.830   321   321 E SELinux : avc:  denied  { find } for pid=1943 uid=10122 name=tethering scontext=u:r:sprd_radio_app:s0:c512,c768 tcontext=u:object_r:tethering_service:s0 tclass=service_manager permissive=0
05-24 17:02:59.462   321   321 E SELinux : avc:  denied  { find } for pid=1943 uid=10122 name=tethering scontext=u:r:sprd_radio_app:s0:c512,c768 tcontext=u:object_r:tethering_service:s0 tclass=service_manager permissive=0
05-24 17:02:59.529  6334  7846 E AuthPII : [RequestTokenManager] getToken() -> NETWORK_ERROR. App: com.google.android.gms, Service: oauth2:https://www.googleapis.com/auth/identity.passwords.leak.check
05-24 17:02:59.529  6334  7846 E AuthPII : aihl: Error when calling server using GmsNetworkStack.
05-24 17:02:59.529  6334  7846 E AuthPII : 	at szh.b(:com.google.android.gms@241319057@24.13.19 (170300-626168189):1413)
05-24 17:02:59.529  6334  7846 E AuthPII : 	at szf.a(:com.google.android.gms@241319057@24.13.19 (170300-626168189):620)
05-24 17:02:59.529  6334  7846 E AuthPII : 	at sze.a(:com.google.android.gms@241319057@24.13.19 (170300-626168189):92)
05-24 17:02:59.529  6334  7846 E AuthPII : 	at njz.c(:com.google.android.gms@241319057@24.13.19 (170300-626168189):263)
05-24 17:02:59.529  6334  7846 E AuthPII : 	at njz.h(:com.google.android.gms@241319057@24.13.19 (170300-626168189):2)
05-24 17:02:59.529  6334  7846 E AuthPII : 	at njz.gY(:com.google.android.gms@241319057@24.13.19 (170300-626168189):200)
05-24 17:02:59.529  6334  7846 E AuthPII : 	at nft.onTransact(:com.google.android.gms@241319057@24.13.19 (170300-626168189):96)
05-24 17:02:59.529  6334  7846 E AuthPII : 	at android.os.Binder.transact(Binder.java:1043)
05-24 17:02:59.529  6334  7846 E AuthPII : 	at azlr.onTransact(:com.google.android.gms@241319057@24.13.19 (170300-626168189):26)
05-24 17:02:59.529  6334  7846 E AuthPII : 	at android.os.Binder.transact(Binder.java:1043)
05-24 17:02:59.529  6334  7846 E AuthPII : 	at autl.onTransact(:com.google.android.gms@241319057@24.13.19 (170300-626168189):147)
05-24 17:02:59.529  6334  7846 E AuthPII : 	at android.os.Binder.execTransactInternal(Binder.java:1154)
05-24 17:02:59.529  6334  7846 E AuthPII : 	at android.os.Binder.execTransact(Binder.java:1123)
05-24 17:02:59.529  6334  7846 E AuthPII : Caused by: aihl: Error requesting token.
05-24 17:02:59.529  6334  7846 E AuthPII : 	at szh.d(:com.google.android.gms@241319057@24.13.19 (170300-626168189):207)
05-24 17:02:59.529  6334  7846 E AuthPII : 	at szh.b(:com.google.android.gms@241319057@24.13.19 (170300-626168189):57)
05-24 17:02:59.529  6334  7846 E AuthPII : 	... 12 more
05-24 17:02:59.529  6334  7846 E AuthPII : Caused by: java.util.concurrent.TimeoutException: Waited 30 seconds (plus 604325 nanoseconds delay) for dgkh@7595163[status=PENDING, info=[inputFuture=[dgkh@d660160[status=PENDING, info=[inputFuture=[gsx@91a0619[status=PENDING, info=[tag=[GmsUrlRequestImpl.startWithFuture()]]]], function=[yeo@e4666de]]]], function=[szg@505a0bf]]]
05-24 17:02:59.529  6334  7846 E AuthPII : 	at dgkc.get(:com.google.android.gms@241319057@24.13.19 (170300-626168189):52)
05-24 17:02:59.529  6334  7846 E AuthPII : 	at szh.d(:com.google.android.gms@241319057@24.13.19 (170300-626168189):189)
05-24 17:02:59.529  6334  7846 E AuthPII : 	... 13 more
05-24 17:02:59.530  6334  7846 E AuthPII : Message is Error when calling server using GmsNetworkStack.
05-24 17:02:59.530  6334  7846 E AuthPII : aihl: Error when calling server using GmsNetworkStack.
05-24 17:02:59.530  6334  7846 E AuthPII : 	at szh.b(:com.google.android.gms@241319057@24.13.19 (170300-626168189):1413)
05-24 17:02:59.530  6334  7846 E AuthPII : 	at szf.a(:com.google.android.gms@241319057@24.13.19 (170300-626168189):620)
05-24 17:02:59.530  6334  7846 E AuthPII : 	at sze.a(:com.google.android.gms@241319057@24.13.19 (170300-626168189):92)
05-24 17:02:59.530  6334  7846 E AuthPII : 	at njz.c(:com.google.android.gms@241319057@24.13.19 (170300-626168189):263)
05-24 17:02:59.530  6334  7846 E AuthPII : 	at njz.h(:com.google.android.gms@241319057@24.13.19 (170300-626168189):2)
05-24 17:02:59.530  6334  7846 E AuthPII : 	at njz.gY(:com.google.android.gms@241319057@24.13.19 (170300-626168189):200)
05-24 17:02:59.530  6334  7846 E AuthPII : 	at nft.onTransact(:com.google.android.gms@241319057@24.13.19 (170300-626168189):96)
05-24 17:02:59.530  6334  7846 E AuthPII : 	at android.os.Binder.transact(Binder.java:1043)
05-24 17:02:59.530  6334  7846 E AuthPII : 	at azlr.onTransact(:com.google.android.gms@241319057@24.13.19 (170300-626168189):26)
05-24 17:02:59.530  6334  7846 E AuthPII : 	at android.os.Binder.transact(Binder.java:1043)
05-24 17:02:59.530  6334  7846 E AuthPII : 	at autl.onTransact(:com.google.android.gms@241319057@24.13.19 (170300-626168189):147)
05-24 17:02:59.530  6334  7846 E AuthPII : 	at android.os.Binder.execTransactInternal(Binder.java:1154)
05-24 17:02:59.530  6334  7846 E AuthPII : 	at android.os.Binder.execTransact(Binder.java:1123)
05-24 17:02:59.530  6334  7846 E AuthPII : Caused by: aihl: Error requesting token.
05-24 17:02:59.530  6334  7846 E AuthPII : 	at szh.d(:com.google.android.gms@241319057@24.13.19 (170300-626168189):207)
05-24 17:02:59.530  6334  7846 E AuthPII : 	at szh.b(:com.google.android.gms@241319057@24.13.19 (170300-626168189):57)
05-24 17:02:59.530  6334  7846 E AuthPII : 	... 12 more
05-24 17:02:59.530  6334  7846 E AuthPII : Caused by: java.util.concurrent.TimeoutException: Waited 30 seconds (plus 604325 nanoseconds delay) for dgkh@7595163[status=PENDING, info=[inputFuture=[dgkh@d660160[status=PENDING, info=[inputFuture=[gsx@91a0619[status=PENDING, info=[tag=[GmsUrlRequestImpl.startWithFuture()]]]], function=[yeo@e4666de]]]], function=[szg@505a0bf]]]
05-24 17:02:59.530  6334  7846 E AuthPII : 	at dgkc.get(:com.google.android.gms@241319057@24.13.19 (170300-626168189):52)
05-24 17:02:59.530  6334  7846 E AuthPII : 	at szh.d(:com.google.android.gms@241319057@24.13.19 (170300-626168189):189)
05-24 17:02:59.530  6334  7846 E AuthPII : 	... 13 more
05-24 17:02:59.665   321   321 E SELinux : avc:  denied  { find } for pid=1943 uid=10122 name=tethering scontext=u:r:sprd_radio_app:s0:c512,c768 tcontext=u:object_r:tethering_service:s0 tclass=service_manager permissive=0
05-24 17:02:59.669  6334  6428 E chromium: [0524/170259.669192:ERROR:ssl_client_socket_impl.cc(970)] handshake failed; returned -1, SSL error code 1, net_error -101
05-24 17:02:59.867   321   321 E SELinux : avc:  denied  { find } for pid=1943 uid=10122 name=tethering scontext=u:r:sprd_radio_app:s0:c512,c768 tcontext=u:object_r:tethering_service:s0 tclass=service_manager permissive=0
05-24 17:03:00.069   321   321 E SELinux : avc:  denied  { find } for pid=1943 uid=10122 name=tethering scontext=u:r:sprd_radio_app:s0:c512,c768 tcontext=u:object_r:tethering_service:s0 tclass=service_manager permissive=0
05-24 17:03:00.677   321   321 E SELinux : avc:  denied  { find } for pid=1943 uid=10122 name=tethering scontext=u:r:sprd_radio_app:s0:c512,c768 tcontext=u:object_r:tethering_service:s0 tclass=service_manager permissive=0
05-24 17:03:00.879   321   321 E SELinux : avc:  denied  { find } for pid=1943 uid=10122 name=tethering scontext=u:r:sprd_radio_app:s0:c512,c768 tcontext=u:object_r:tethering_service:s0 tclass=service_manager permissive=0
05-24 17:03:03.711   321   321 E SELinux : avc:  denied  { find } for pid=1943 uid=10122 name=tethering scontext=u:r:sprd_radio_app:s0:c512,c768 tcontext=u:object_r:tethering_service:s0 tclass=service_manager permissive=0
05-24 17:03:03.913   321   321 E SELinux : avc:  denied  { find } for pid=1943 uid=10122 name=tethering scontext=u:r:sprd_radio_app:s0:c512,c768 tcontext=u:object_r:tethering_service:s0 tclass=service_manager permissive=0
05-24 17:03:04.924   321   321 E SELinux : avc:  denied  { find } for pid=1943 uid=10122 name=tethering scontext=u:r:sprd_radio_app:s0:c512,c768 tcontext=u:object_r:tethering_service:s0 tclass=service_manager permissive=0
05-24 17:03:05.127   321   321 E SELinux : avc:  denied  { find } for pid=1943 uid=10122 name=tethering scontext=u:r:sprd_radio_app:s0:c512,c768 tcontext=u:object_r:tethering_service:s0 tclass=service_manager permissive=0
05-24 17:03:06.136   321   321 E SELinux : avc:  denied  { find } for pid=1943 uid=10122 name=tethering scontext=u:r:sprd_radio_app:s0:c512,c768 tcontext=u:object_r:tethering_service:s0 tclass=service_manager permissive=0
05-24 17:03:06.311 19737 20009 E fb4a.TigonNetworkSessionListenerManager: handleDataTask failed for handleDataTaskType
05-24 17:03:06.312 19737 11737 E fb4a.msys: E[N data-request]_HandleDataResponse(1681)=>Data request error for task e8d095d7-9b63-409a-8bae-a07a6ac2a416 (response type 1): network disconnected
05-24 17:03:06.314 19737 11739 E fb4a.msys: E[S sync]_createResponseError(241)=>Network Response e8d095d7-9b63-409a-8bae-a07a6ac2a416 contains sync error Error Domain=NSURLErrorDomain Code=1 UserInfo=0xd3eef800 {MCFErrorDirectUnderlyingErrorKey=0xd39d62c0 "Error Domain=NSURLErrorDomain Code=1 UserInfo=0xe5f1ca00 {MCFErrorDirectLocalizedFailureReasonKey=TigonError(error=TransientError, errorDomain=TigonLigerErrorDomain, domainErrorCode=3, analyticsDetail="AsyncSocketException: connect timed out after 29995ms, type = Timed out")}", MCFErrorDirectLocalizedFailureReasonKey=network disconnected} - Underlying error Error Domain=NSURLErrorDomain Code=1 UserInfo=0xe5f1ca00 {MCFErrorDirectLocalizedFailureReasonKey=TigonError(error=TransientError, errorDomain=TigonLigerErrorDomain, domainErrorCode=3, analyticsDetail="AsyncSocketException: connect timed out after 29995ms, type = Timed out")}: Error Domain=NSURLErrorDomain Code=1 UserInfo=0xd3eef800 {MCFErrorDirectUnderlyingErrorKey=0xd39d62c0 "Error Domain=NSURLErrorDomain Code=1 UserInfo=0xe5f1ca00 {MCFErrorDirectLocalizedFailureReasonKey=TigonError(error=TransientError, errorDomain=TigonLigerErrorDomain, domainErrorCode=3, analyticsDetail="AsyncSocketException: connect timed out after 29995ms, type = Timed out")}", MCFErrorDirectLocalizedFailureReasonKey=network disconnected}
05-24 17:03:06.337   321   321 E SELinux : avc:  denied  { find } for pid=1943 uid=10122 name=tethering scontext=u:r:sprd_radio_app:s0:c512,c768 tcontext=u:object_r:tethering_service:s0 tclass=service_manager permissive=0
05-24 17:03:09.978   321   321 E SELinux : avc:  denied  { find } for pid=1943 uid=10122 name=tethering scontext=u:r:sprd_radio_app:s0:c512,c768 tcontext=u:object_r:tethering_service:s0 tclass=service_manager permissive=0
05-24 17:03:10.180   321   321 E SELinux : avc:  denied  { find } for pid=1943 uid=10122 name=tethering scontext=u:r:sprd_radio_app:s0:c512,c768 tcontext=u:object_r:tethering_service:s0 tclass=service_manager permissive=0
05-24 17:03:10.787   321   321 E SELinux : avc:  denied  { find } for pid=1943 uid=10122 name=tethering scontext=u:r:sprd_radio_app:s0:c512,c768 tcontext=u:object_r:tethering_service:s0 tclass=service_manager permissive=0
05-24 17:03:10.989   321   321 E SELinux : avc:  denied  { find } for pid=1943 uid=10122 name=tethering scontext=u:r:sprd_radio_app:s0:c512,c768 tcontext=u:object_r:tethering_service:s0 tclass=service_manager permissive=0
05-24 17:03:13.620   321   321 E SELinux : avc:  denied  { find } for pid=1943 uid=10122 name=tethering scontext=u:r:sprd_radio_app:s0:c512,c768 tcontext=u:object_r:tethering_service:s0 tclass=service_manager permissive=0
05-24 17:03:13.822   321   321 E SELinux : avc:  denied  { find } for pid=1943 uid=10122 name=tethering scontext=u:r:sprd_radio_app:s0:c512,c768 tcontext=u:object_r:tethering_service:s0 tclass=service_manager permissive=0
05-24 17:03:14.429   321   321 E SELinux : avc:  denied  { find } for pid=1943 uid=10122 name=tethering scontext=u:r:sprd_radio_app:s0:c512,c768 tcontext=u:object_r:tethering_service:s0 tclass=service_manager permissive=0
05-24 17:03:14.631   321   321 E SELinux : avc:  denied  { find } for pid=1943 uid=10122 name=tethering scontext=u:r:sprd_radio_app:s0:c512,c768 tcontext=u:object_r:tethering_service:s0 tclass=service_manager permissive=0
05-24 17:03:15.036   321   321 E SELinux : avc:  denied  { find } for pid=1943 uid=10122 name=tethering scontext=u:r:sprd_radio_app:s0:c512,c768 tcontext=u:object_r:tethering_service:s0 tclass=service_manager permissive=0
05-24 17:03:15.239   321   321 E SELinux : avc:  denied  { find } for pid=1943 uid=10122 name=tethering scontext=u:r:sprd_radio_app:s0:c512,c768 tcontext=u:object_r:tethering_service:s0 tclass=service_manager permissive=0
05-24 17:03:19.891   321   321 E SELinux : avc:  denied  { find } for pid=1943 uid=10122 name=tethering scontext=u:r:sprd_radio_app:s0:c512,c768 tcontext=u:object_r:tethering_service:s0 tclass=service_manager permissive=0
05-24 17:03:19.999 17990 17990 E oid.setupwizar: Not starting debugger since process cannot load the jdwp agent.
05-24 17:03:20.094   321   321 E SELinux : avc:  denied  { find } for pid=1943 uid=10122 name=tethering scontext=u:r:sprd_radio_app:s0:c512,c768 tcontext=u:object_r:tethering_service:s0 tclass=service_manager permissive=0
05-24 17:03:20.296   321   321 E SELinux : avc:  denied  { find } for pid=1943 uid=10122 name=tethering scontext=u:r:sprd_radio_app:s0:c512,c768 tcontext=u:object_r:tethering_service:s0 tclass=service_manager permissive=0
05-24 17:03:20.497   321   321 E SELinux : avc:  denied  { find } for pid=1943 uid=10122 name=tethering scontext=u:r:sprd_radio_app:s0:c512,c768 tcontext=u:object_r:tethering_service:s0 tclass=service_manager permissive=0
05-24 17:03:25.345   321   321 E SELinux : avc:  denied  { find } for pid=1943 uid=10122 name=tethering scontext=u:r:sprd_radio_app:s0:c512,c768 tcontext=u:object_r:tethering_service:s0 tclass=service_manager permissive=0
05-24 17:03:25.548   321   321 E SELinux : avc:  denied  { find } for pid=1943 uid=10122 name=tethering scontext=u:r:sprd_radio_app:s0:c512,c768 tcontext=u:object_r:tethering_service:s0 tclass=service_manager permissive=0
05-24 17:03:25.990   824   845 E Watchdog: WDT_Monitor: checkSFStatus sfBlocked=false
05-24 17:03:25.990   824   845 E Watchdog: WDT_Monitor: writeWDTMonitor duration=50,shutdowning=false
05-24 17:03:29.588   321   321 E SELinux : avc:  denied  { find } for pid=1943 uid=10122 name=tethering scontext=u:r:sprd_radio_app:s0:c512,c768 tcontext=u:object_r:tethering_service:s0 tclass=service_manager permissive=0
05-24 17:03:29.749  6334  7846 E AuthPII : [RequestTokenManager] getToken() -> NETWORK_ERROR. App: com.google.android.gms, Service: oauth2:https://www.googleapis.com/auth/identity.passwords.leak.check
05-24 17:03:29.749  6334  7846 E AuthPII : aihl: Error when calling server using GmsNetworkStack.
05-24 17:03:29.749  6334  7846 E AuthPII : 	at szh.b(:com.google.android.gms@241319057@24.13.19 (170300-626168189):1413)
05-24 17:03:29.749  6334  7846 E AuthPII : 	at szf.a(:com.google.android.gms@241319057@24.13.19 (170300-626168189):620)
05-24 17:03:29.749  6334  7846 E AuthPII : 	at sze.a(:com.google.android.gms@241319057@24.13.19 (170300-626168189):92)
05-24 17:03:29.749  6334  7846 E AuthPII : 	at njz.c(:com.google.android.gms@241319057@24.13.19 (170300-626168189):263)
05-24 17:03:29.749  6334  7846 E AuthPII : 	at njz.h(:com.google.android.gms@241319057@24.13.19 (170300-626168189):2)
05-24 17:03:29.749  6334  7846 E AuthPII : 	at njz.gY(:com.google.android.gms@241319057@24.13.19 (170300-626168189):200)
05-24 17:03:29.749  6334  7846 E AuthPII : 	at nft.onTransact(:com.google.android.gms@241319057@24.13.19 (170300-626168189):96)
05-24 17:03:29.749  6334  7846 E AuthPII : 	at android.os.Binder.transact(Binder.java:1043)
05-24 17:03:29.749  6334  7846 E AuthPII : 	at azlr.onTransact(:com.google.android.gms@241319057@24.13.19 (170300-626168189):26)
05-24 17:03:29.749  6334  7846 E AuthPII : 	at android.os.Binder.transact(Binder.java:1043)
05-24 17:03:29.749  6334  7846 E AuthPII : 	at autl.onTransact(:com.google.android.gms@241319057@24.13.19 (170300-626168189):147)
05-24 17:03:29.749  6334  7846 E AuthPII : 	at android.os.Binder.execTransactInternal(Binder.java:1154)
05-24 17:03:29.749  6334  7846 E AuthPII : 	at android.os.Binder.execTransact(Binder.java:1123)
05-24 17:03:29.749  6334  7846 E AuthPII : Caused by: aihl: Error requesting token.
