05-24 17:36:02.622   374   379 E android.system.suspend@1.0-service: Error reading max_time_ms for wakeup2: Bad file descriptor
05-24 17:36:02.622   374   379 E android.system.suspend@1.0-service: Error opening wakeup_count for wakeup2: Permission denied
05-24 17:36:02.622   374   379 E android.system.suspend@1.0-service: Error reading wakeup_count for wakeup2: Bad file descriptor
05-24 17:36:02.622   374   379 E android.system.suspend@1.0-service: Error opening total_time_ms for wakeup2: Permission denied
05-24 17:36:02.622   374   379 E android.system.suspend@1.0-service: Error reading total_time_ms for wakeup2: Bad file descriptor
05-24 17:36:02.622   374   379 E android.system.suspend@1.0-service: Error opening expire_count for wakeup2: Permission denied
05-24 17:36:02.622   374   379 E android.system.suspend@1.0-service: Error reading expire_count for wakeup2: Bad file descriptor
05-24 17:36:02.622   374   379 E android.system.suspend@1.0-service: Error opening active_count for wakeup2: Permission denied
05-24 17:36:02.622   374   379 E android.system.suspend@1.0-service: Error reading active_count for wakeup2: Bad file descriptor
05-24 17:36:02.622   374   379 E android.system.suspend@1.0-service: Error opening last_change_ms for wakeup2: Permission denied
05-24 17:36:02.622   374   379 E android.system.suspend@1.0-service: Error reading last_change_ms for wakeup2: Bad file descriptor
05-24 17:36:02.622   374   379 E android.system.suspend@1.0-service: Error opening prevent_suspend_time_ms for wakeup2: Permission denied
05-24 17:36:02.622   374   379 E android.system.suspend@1.0-service: Error reading prevent_suspend_time_ms for wakeup2: Bad file descriptor
05-24 17:36:02.623   374   379 E android.system.suspend@1.0-service: Error opening name for wakeup2: Permission denied
05-24 17:36:02.623   374   379 E android.system.suspend@1.0-service: Error reading name for wakeup2: Bad file descriptor
05-24 17:36:02.623   374   379 E android.system.suspend@1.0-service: Error opening active_time_ms for wakeup2: Permission denied
05-24 17:36:02.623   374   379 E android.system.suspend@1.0-service: Error reading active_time_ms for wakeup2: Bad file descriptor
05-24 17:36:02.626   374   379 E android.system.suspend@1.0-service: Error opening event_count for wakeup7: Permission denied
05-24 17:36:02.626   374   379 E android.system.suspend@1.0-service: Error reading event_count for wakeup7: Bad file descriptor
05-24 17:36:02.626   374   379 E android.system.suspend@1.0-service: Error opening max_time_ms for wakeup7: Permission denied
05-24 17:36:02.626   374   379 E android.system.suspend@1.0-service: Error reading max_time_ms for wakeup7: Bad file descriptor
05-24 17:36:02.626   374   379 E android.system.suspend@1.0-service: Error opening wakeup_count for wakeup7: Permission denied
05-24 17:36:02.626   374   379 E android.system.suspend@1.0-service: Error reading wakeup_count for wakeup7: Bad file descriptor
05-24 17:36:02.626   374   379 E android.system.suspend@1.0-service: Error opening total_time_ms for wakeup7: Permission denied
05-24 17:36:02.626   374   379 E android.system.suspend@1.0-service: Error reading total_time_ms for wakeup7: Bad file descriptor
05-24 17:36:02.626   374   379 E android.system.suspend@1.0-service: Error opening expire_count for wakeup7: Permission denied
05-24 17:36:02.626   374   379 E android.system.suspend@1.0-service: Error reading expire_count for wakeup7: Bad file descriptor
05-24 17:36:02.626   374   379 E android.system.suspend@1.0-service: Error opening active_count for wakeup7: Permission denied
05-24 17:36:02.626   374   379 E android.system.suspend@1.0-service: Error reading active_count for wakeup7: Bad file descriptor
05-24 17:36:02.626   374   379 E android.system.suspend@1.0-service: Error opening last_change_ms for wakeup7: Permission denied
05-24 17:36:02.626   374   379 E android.system.suspend@1.0-service: Error reading last_change_ms for wakeup7: Bad file descriptor
05-24 17:36:02.627   374   379 E android.system.suspend@1.0-service: Error opening prevent_suspend_time_ms for wakeup7: Permission denied
05-24 17:36:02.627   374   379 E android.system.suspend@1.0-service: Error reading prevent_suspend_time_ms for wakeup7: Bad file descriptor
05-24 17:36:02.627   374   379 E android.system.suspend@1.0-service: Error opening name for wakeup7: Permission denied
05-24 17:36:02.627   374   379 E android.system.suspend@1.0-service: Error reading name for wakeup7: Bad file descriptor
05-24 17:36:02.627   374   379 E android.system.suspend@1.0-service: Error opening active_time_ms for wakeup7: Permission denied
05-24 17:36:02.627   374   379 E android.system.suspend@1.0-service: Error reading active_time_ms for wakeup7: Bad file descriptor
05-24 17:36:02.629   374   379 E android.system.suspend@1.0-service: Error opening event_count for wakeup3: Permission denied
05-24 17:36:02.630   374   379 E android.system.suspend@1.0-service: Error reading event_count for wakeup3: Bad file descriptor
05-24 17:36:02.630   374   379 E android.system.suspend@1.0-service: Error opening max_time_ms for wakeup3: Permission denied
05-24 17:36:02.630   374   379 E android.system.suspend@1.0-service: Error reading max_time_ms for wakeup3: Bad file descriptor
05-24 17:36:02.630   374   379 E android.system.suspend@1.0-service: Error opening wakeup_count for wakeup3: Permission denied
05-24 17:36:02.630   374   379 E android.system.suspend@1.0-service: Error reading wakeup_count for wakeup3: Bad file descriptor
05-24 17:36:02.630   374   379 E android.system.suspend@1.0-service: Error opening total_time_ms for wakeup3: Permission denied
05-24 17:36:02.630   374   379 E android.system.suspend@1.0-service: Error reading total_time_ms for wakeup3: Bad file descriptor
05-24 17:36:02.630   374   379 E android.system.suspend@1.0-service: Error opening expire_count for wakeup3: Permission denied
05-24 17:36:02.630   374   379 E android.system.suspend@1.0-service: Error reading expire_count for wakeup3: Bad file descriptor
05-24 17:36:02.630   374   379 E android.system.suspend@1.0-service: Error opening active_count for wakeup3: Permission denied
05-24 17:36:02.630   374   379 E android.system.suspend@1.0-service: Error reading active_count for wakeup3: Bad file descriptor
05-24 17:36:02.630   374   379 E android.system.suspend@1.0-service: Error opening last_change_ms for wakeup3: Permission denied
05-24 17:36:02.630   374   379 E android.system.suspend@1.0-service: Error reading last_change_ms for wakeup3: Bad file descriptor
05-24 17:36:02.630   374   379 E android.system.suspend@1.0-service: Error opening prevent_suspend_time_ms for wakeup3: Permission denied
05-24 17:36:02.630   374   379 E android.system.suspend@1.0-service: Error reading prevent_suspend_time_ms for wakeup3: Bad file descriptor
05-24 17:36:02.631   374   379 E android.system.suspend@1.0-service: Error opening name for wakeup3: Permission denied
05-24 17:36:02.631   374   379 E android.system.suspend@1.0-service: Error reading name for wakeup3: Bad file descriptor
05-24 17:36:02.631   374   379 E android.system.suspend@1.0-service: Error opening active_time_ms for wakeup3: Permission denied
05-24 17:36:02.631   374   379 E android.system.suspend@1.0-service: Error reading active_time_ms for wakeup3: Bad file descriptor
05-24 17:36:02.633   374   379 E android.system.suspend@1.0-service: Error opening event_count for wakeup8: Permission denied
05-24 17:36:02.633   374   379 E android.system.suspend@1.0-service: Error reading event_count for wakeup8: Bad file descriptor
05-24 17:36:02.633   374   379 E android.system.suspend@1.0-service: Error opening max_time_ms for wakeup8: Permission denied
05-24 17:36:02.633   374   379 E android.system.suspend@1.0-service: Error reading max_time_ms for wakeup8: Bad file descriptor
05-24 17:36:02.633   374   379 E android.system.suspend@1.0-service: Error opening wakeup_count for wakeup8: Permission denied
05-24 17:36:02.633   374   379 E android.system.suspend@1.0-service: Error reading wakeup_count for wakeup8: Bad file descriptor
05-24 17:36:02.633   374   379 E android.system.suspend@1.0-service: Error opening total_time_ms for wakeup8: Permission denied
05-24 17:36:02.633   374   379 E android.system.suspend@1.0-service: Error reading total_time_ms for wakeup8: Bad file descriptor
05-24 17:36:02.633   374   379 E android.system.suspend@1.0-service: Error opening expire_count for wakeup8: Permission denied
05-24 17:36:02.634   374   379 E android.system.suspend@1.0-service: Error reading expire_count for wakeup8: Bad file descriptor
05-24 17:36:02.634   374   379 E android.system.suspend@1.0-service: Error opening active_count for wakeup8: Permission denied
05-24 17:36:02.634   374   379 E android.system.suspend@1.0-service: Error reading active_count for wakeup8: Bad file descriptor
05-24 17:36:02.634   374   379 E android.system.suspend@1.0-service: Error opening last_change_ms for wakeup8: Permission denied
05-24 17:36:02.634   374   379 E android.system.suspend@1.0-service: Error reading last_change_ms for wakeup8: Bad file descriptor
05-24 17:36:02.634   374   379 E android.system.suspend@1.0-service: Error opening prevent_suspend_time_ms for wakeup8: Permission denied
05-24 17:36:02.634   374   379 E android.system.suspend@1.0-service: Error reading prevent_suspend_time_ms for wakeup8: Bad file descriptor
05-24 17:36:02.634   374   379 E android.system.suspend@1.0-service: Error opening name for wakeup8: Permission denied
05-24 17:36:02.634   374   379 E android.system.suspend@1.0-service: Error reading name for wakeup8: Bad file descriptor
05-24 17:36:02.634   374   379 E android.system.suspend@1.0-service: Error opening active_time_ms for wakeup8: Permission denied
05-24 17:36:02.634   374   379 E android.system.suspend@1.0-service: Error reading active_time_ms for wakeup8: Bad file descriptor
05-24 17:36:02.634   374   379 E android.system.suspend@1.0-service: Error opening event_count for wakeup13: Permission denied
05-24 17:36:02.634   374   379 E android.system.suspend@1.0-service: Error reading event_count for wakeup13: Bad file descriptor
05-24 17:36:02.635   374   379 E android.system.suspend@1.0-service: Error opening max_time_ms for wakeup13: Permission denied
05-24 17:36:02.635   374   379 E android.system.suspend@1.0-service: Error reading max_time_ms for wakeup13: Bad file descriptor
05-24 17:36:02.635   374   379 E android.system.suspend@1.0-service: Error opening wakeup_count for wakeup13: Permission denied
05-24 17:36:02.635   374   379 E android.system.suspend@1.0-service: Error reading wakeup_count for wakeup13: Bad file descriptor
05-24 17:36:02.635   374   379 E android.system.suspend@1.0-service: Error opening total_time_ms for wakeup13: Permission denied
05-24 17:36:02.635   374   379 E android.system.suspend@1.0-service: Error reading total_time_ms for wakeup13: Bad file descriptor
05-24 17:36:02.635   374   379 E android.system.suspend@1.0-service: Error opening expire_count for wakeup13: Permission denied
05-24 17:36:02.635   374   379 E android.system.suspend@1.0-service: Error reading expire_count for wakeup13: Bad file descriptor
05-24 17:36:02.635   374   379 E android.system.suspend@1.0-service: Error opening active_count for wakeup13: Permission denied
05-24 17:36:02.635   374   379 E android.system.suspend@1.0-service: Error reading active_count for wakeup13: Bad file descriptor
05-24 17:36:02.635   374   379 E android.system.suspend@1.0-service: Error opening last_change_ms for wakeup13: Permission denied
05-24 17:36:02.635   374   379 E android.system.suspend@1.0-service: Error reading last_change_ms for wakeup13: Bad file descriptor
05-24 17:36:02.635   374   379 E android.system.suspend@1.0-service: Error opening prevent_suspend_time_ms for wakeup13: Permission denied
05-24 17:36:02.635   374   379 E android.system.suspend@1.0-service: Error reading prevent_suspend_time_ms for wakeup13: Bad file descriptor
05-24 17:36:02.635   374   379 E android.system.suspend@1.0-service: Error opening name for wakeup13: Permission denied
05-24 17:36:02.635   374   379 E android.system.suspend@1.0-service: Error reading name for wakeup13: Bad file descriptor
05-24 17:36:02.635   374   379 E android.system.suspend@1.0-service: Error opening active_time_ms for wakeup13: Permission denied
05-24 17:36:02.635   374   379 E android.system.suspend@1.0-service: Error reading active_time_ms for wakeup13: Bad file descriptor
05-24 17:36:02.636   374   379 E android.system.suspend@1.0-service: Error opening event_count for wakeup6: Permission denied
05-24 17:36:02.637   374   379 E android.system.suspend@1.0-service: Error reading event_count for wakeup6: Bad file descriptor
05-24 17:36:02.637   374   379 E android.system.suspend@1.0-service: Error opening max_time_ms for wakeup6: Permission denied
05-24 17:36:02.637   374   379 E android.system.suspend@1.0-service: Error reading max_time_ms for wakeup6: Bad file descriptor
05-24 17:36:02.637   374   379 E android.system.suspend@1.0-service: Error opening wakeup_count for wakeup6: Permission denied
05-24 17:36:02.637   374   379 E android.system.suspend@1.0-service: Error reading wakeup_count for wakeup6: Bad file descriptor
05-24 17:36:02.637   374   379 E android.system.suspend@1.0-service: Error opening total_time_ms for wakeup6: Permission denied
05-24 17:36:02.637   374   379 E android.system.suspend@1.0-service: Error reading total_time_ms for wakeup6: Bad file descriptor
05-24 17:36:02.637   374   379 E android.system.suspend@1.0-service: Error opening expire_count for wakeup6: Permission denied
05-24 17:36:02.637   374   379 E android.system.suspend@1.0-service: Error reading expire_count for wakeup6: Bad file descriptor
05-24 17:36:02.637   374   379 E android.system.suspend@1.0-service: Error opening active_count for wakeup6: Permission denied
05-24 17:36:02.637   374   379 E android.system.suspend@1.0-service: Error reading active_count for wakeup6: Bad file descriptor
05-24 17:36:02.637   374   379 E android.system.suspend@1.0-service: Error opening last_change_ms for wakeup6: Permission denied
05-24 17:36:02.637   374   379 E android.system.suspend@1.0-service: Error reading last_change_ms for wakeup6: Bad file descriptor
05-24 17:36:02.637   374   379 E android.system.suspend@1.0-service: Error opening prevent_suspend_time_ms for wakeup6: Permission denied
05-24 17:36:02.637   374   379 E android.system.suspend@1.0-service: Error reading prevent_suspend_time_ms for wakeup6: Bad file descriptor
05-24 17:36:02.638   374   379 E android.system.suspend@1.0-service: Error opening name for wakeup6: Permission denied
05-24 17:36:02.638   374   379 E android.system.suspend@1.0-service: Error reading name for wakeup6: Bad file descriptor
05-24 17:36:02.638   374   379 E android.system.suspend@1.0-service: Error opening active_time_ms for wakeup6: Permission denied
05-24 17:36:02.638   374   379 E android.system.suspend@1.0-service: Error reading active_time_ms for wakeup6: Bad file descriptor
05-24 17:36:02.761   321   321 E SELinux : avc:  denied  { find } for pid=1943 uid=10122 name=tethering scontext=u:r:sprd_radio_app:s0:c512,c768 tcontext=u:object_r:tethering_service:s0 tclass=service_manager permissive=0
05-24 17:36:06.200   321   321 E SELinux : avc:  denied  { find } for pid=1943 uid=10122 name=tethering scontext=u:r:sprd_radio_app:s0:c512,c768 tcontext=u:object_r:tethering_service:s0 tclass=service_manager permissive=0
05-24 17:36:06.401   321   321 E SELinux : avc:  denied  { find } for pid=1943 uid=10122 name=tethering scontext=u:r:sprd_radio_app:s0:c512,c768 tcontext=u:object_r:tethering_service:s0 tclass=service_manager permissive=0
05-24 17:36:09.436   321   321 E SELinux : avc:  denied  { find } for pid=1943 uid=10122 name=tethering scontext=u:r:sprd_radio_app:s0:c512,c768 tcontext=u:object_r:tethering_service:s0 tclass=service_manager permissive=0
05-24 17:36:09.587 19737 20009 E fb4a.TigonNetworkSessionListenerManager: handleDataTask failed for handleDataTaskType
05-24 17:36:09.588 19737 11737 E fb4a.msys: E[N data-request]_HandleDataResponse(1681)=>Data request error for task db0b773e-3192-47f1-8246-fad7ae1ad006 (response type 1): network disconnected
05-24 17:36:09.590 19737 11739 E fb4a.msys: E[S sync]_createResponseError(241)=>Network Response db0b773e-3192-47f1-8246-fad7ae1ad006 contains sync error Error Domain=NSURLErrorDomain Code=1 UserInfo=0xd63bc200 {MCFErrorDirectUnderlyingErrorKey=0xbe7608e0 "Error Domain=NSURLErrorDomain Code=1 UserInfo=0xe5f1ca00 {MCFErrorDirectLocalizedFailureReasonKey=TigonError(error=TransientError, errorDomain=TigonLigerErrorDomain, domainErrorCode=3, analyticsDetail="AsyncSocketException: connect timed out after 29995ms, type = Timed out")}", MCFErrorDirectLocalizedFailureReasonKey=network disconnected} - Underlying error Error Domain=NSURLErrorDomain Code=1 UserInfo=0xe5f1ca00 {MCFErrorDirectLocalizedFailureReasonKey=TigonError(error=TransientError, errorDomain=TigonLigerErrorDomain, domainErrorCode=3, analyticsDetail="AsyncSocketException: connect timed out after 29995ms, type = Timed out")}: Error Domain=NSURLErrorDomain Code=1 UserInfo=0xd63bc200 {MCFErrorDirectUnderlyingErrorKey=0xbe7608e0 "Error Domain=NSURLErrorDomain Code=1 UserInfo=0xe5f1ca00 {MCFErrorDirectLocalizedFailureReasonKey=TigonError(error=TransientError, errorDomain=TigonLigerErrorDomain, domainErrorCode=3, analyticsDetail="AsyncSocketException: connect timed out after 29995ms, type = Timed out")}", MCFErrorDirectLocalizedFailureReasonKey=network disconnected}
05-24 17:36:09.638   321   321 E SELinux : avc:  denied  { find } for pid=1943 uid=10122 name=tethering scontext=u:r:sprd_radio_app:s0:c512,c768 tcontext=u:object_r:tethering_service:s0 tclass=service_manager permissive=0
05-24 17:36:11.459   321   321 E SELinux : avc:  denied  { find } for pid=1943 uid=10122 name=tethering scontext=u:r:sprd_radio_app:s0:c512,c768 tcontext=u:object_r:tethering_service:s0 tclass=service_manager permissive=0
05-24 17:36:11.661   321   321 E SELinux : avc:  denied  { find } for pid=1943 uid=10122 name=tethering scontext=u:r:sprd_radio_app:s0:c512,c768 tcontext=u:object_r:tethering_service:s0 tclass=service_manager permissive=0
05-24 17:36:13.277   321   321 E SELinux : avc:  denied  { find } for pid=1943 uid=10122 name=tethering scontext=u:r:sprd_radio_app:s0:c512,c768 tcontext=u:object_r:tethering_service:s0 tclass=service_manager permissive=0
05-24 17:36:13.479   321   321 E SELinux : avc:  denied  { find } for pid=1943 uid=10122 name=tethering scontext=u:r:sprd_radio_app:s0:c512,c768 tcontext=u:object_r:tethering_service:s0 tclass=service_manager permissive=0
05-24 17:36:16.515   321   321 E SELinux : avc:  denied  { find } for pid=1943 uid=10122 name=tethering scontext=u:r:sprd_radio_app:s0:c512,c768 tcontext=u:object_r:tethering_service:s0 tclass=service_manager permissive=0
05-24 17:36:16.717   321   321 E SELinux : avc:  denied  { find } for pid=1943 uid=10122 name=tethering scontext=u:r:sprd_radio_app:s0:c512,c768 tcontext=u:object_r:tethering_service:s0 tclass=service_manager permissive=0
05-24 17:36:21.573   321   321 E SELinux : avc:  denied  { find } for pid=1943 uid=10122 name=tethering scontext=u:r:sprd_radio_app:s0:c512,c768 tcontext=u:object_r:tethering_service:s0 tclass=service_manager permissive=0
05-24 17:36:21.775   321   321 E SELinux : avc:  denied  { find } for pid=1943 uid=10122 name=tethering scontext=u:r:sprd_radio_app:s0:c512,c768 tcontext=u:object_r:tethering_service:s0 tclass=service_manager permissive=0
05-24 17:36:26.427   824   845 E Watchdog: WDT_Monitor: checkSFStatus sfBlocked=false
05-24 17:36:26.427   824   845 E Watchdog: WDT_Monitor: writeWDTMonitor duration=50,shutdowning=false
05-24 17:36:26.833   321   321 E SELinux : avc:  denied  { find } for pid=1943 uid=10122 name=tethering scontext=u:r:sprd_radio_app:s0:c512,c768 tcontext=u:object_r:tethering_service:s0 tclass=service_manager permissive=0
05-24 17:36:27.035   321   321 E SELinux : avc:  denied  { find } for pid=1943 uid=10122 name=tethering scontext=u:r:sprd_radio_app:s0:c512,c768 tcontext=u:object_r:tethering_service:s0 tclass=service_manager permissive=0
05-24 17:36:29.461   321   321 E SELinux : avc:  denied  { find } for pid=1943 uid=10122 name=tethering scontext=u:r:sprd_radio_app:s0:c512,c768 tcontext=u:object_r:tethering_service:s0 tclass=service_manager permissive=0
05-24 17:36:29.544   462   498 E IMGMemtrackHAL: DbgFsParseFile: fopen of /proc/pvr/driver_stats failed (Permission denied)
05-24 17:36:29.545   462   498 E IMGMemtrackHAL: GetGraphicsMemtrackRecords: DbgFsParseDir for /d/ion failed (No such file or directory)
05-24 17:36:29.569  6334 18514 E WakeLock: GCM_HB_ALARM release without a matched acquire!
05-24 17:36:29.663   321   321 E SELinux : avc:  denied  { find } for pid=1943 uid=10122 name=tethering scontext=u:r:sprd_radio_app:s0:c512,c768 tcontext=u:object_r:tethering_service:s0 tclass=service_manager permissive=0
05-24 17:36:31.888   321   321 E SELinux : avc:  denied  { find } for pid=1943 uid=10122 name=tethering scontext=u:r:sprd_radio_app:s0:c512,c768 tcontext=u:object_r:tethering_service:s0 tclass=service_manager permissive=0
05-24 17:36:32.090   321   321 E SELinux : avc:  denied  { find } for pid=1943 uid=10122 name=tethering scontext=u:r:sprd_radio_app:s0:c512,c768 tcontext=u:object_r:tethering_service:s0 tclass=service_manager permissive=0
05-24 17:36:35.732   321   321 E SELinux : avc:  denied  { find } for pid=1943 uid=10122 name=tethering scontext=u:r:sprd_radio_app:s0:c512,c768 tcontext=u:object_r:tethering_service:s0 tclass=service_manager permissive=0
05-24 17:36:35.934   321   321 E SELinux : avc:  denied  { find } for pid=1943 uid=10122 name=tethering scontext=u:r:sprd_radio_app:s0:c512,c768 tcontext=u:object_r:tethering_service:s0 tclass=service_manager permissive=0
05-24 17:36:36.945   321   321 E SELinux : avc:  denied  { find } for pid=1943 uid=10122 name=tethering scontext=u:r:sprd_radio_app:s0:c512,c768 tcontext=u:object_r:tethering_service:s0 tclass=service_manager permissive=0
05-24 17:36:37.147   321   321 E SELinux : avc:  denied  { find } for pid=1943 uid=10122 name=tethering scontext=u:r:sprd_radio_app:s0:c512,c768 tcontext=u:object_r:tethering_service:s0 tclass=service_manager permissive=0
05-24 17:36:37.349   321   321 E SELinux : avc:  denied  { find } for pid=1943 uid=10122 name=tethering scontext=u:r:sprd_radio_app:s0:c512,c768 tcontext=u:object_r:tethering_service:s0 tclass=service_manager permissive=0
05-24 17:36:37.551   321   321 E SELinux : avc:  denied  { find } for pid=1943 uid=10122 name=tethering scontext=u:r:sprd_radio_app:s0:c512,c768 tcontext=u:object_r:tethering_service:s0 tclass=service_manager permissive=0
05-24 17:36:39.170   321   321 E SELinux : avc:  denied  { find } for pid=1943 uid=10122 name=tethering scontext=u:r:sprd_radio_app:s0:c512,c768 tcontext=u:object_r:tethering_service:s0 tclass=service_manager permissive=0
05-24 17:36:39.372   321   321 E SELinux : avc:  denied  { find } for pid=1943 uid=10122 name=tethering scontext=u:r:sprd_radio_app:s0:c512,c768 tcontext=u:object_r:tethering_service:s0 tclass=service_manager permissive=0
05-24 17:36:39.575   321   321 E SELinux : avc:  denied  { find } for pid=1943 uid=10122 name=tethering scontext=u:r:sprd_radio_app:s0:c512,c768 tcontext=u:object_r:tethering_service:s0 tclass=service_manager permissive=0
05-24 17:36:39.645 19737 20009 E fb4a.TigonNetworkSessionListenerManager: handleDataTask failed for handleDataTaskType
05-24 17:36:39.646 19737 11737 E fb4a.msys: E[N data-request]_HandleDataResponse(1681)=>Data request error for task e4760d5e-44ac-4541-b9f0-f895ad42b92e (response type 1): network disconnected
05-24 17:36:39.648 19737 11739 E fb4a.msys: E[S sync]_createResponseError(241)=>Network Response e4760d5e-44ac-4541-b9f0-f895ad42b92e contains sync error Error Domain=NSURLErrorDomain Code=1 UserInfo=0xd4184800 {MCFErrorDirectUnderlyingErrorKey=0xebade160 "Error Domain=NSURLErrorDomain Code=1 UserInfo=0xe5f1ca00 {MCFErrorDirectLocalizedFailureReasonKey=TigonError(error=TransientError, errorDomain=TigonLigerErrorDomain, domainErrorCode=3, analyticsDetail="AsyncSocketException: connect timed out after 29995ms, type = Timed out")}", MCFErrorDirectLocalizedFailureReasonKey=network disconnected} - Underlying error Error Domain=NSURLErrorDomain Code=1 UserInfo=0xe5f1ca00 {MCFErrorDirectLocalizedFailureReasonKey=TigonError(error=TransientError, errorDomain=TigonLigerErrorDomain, domainErrorCode=3, analyticsDetail="AsyncSocketException: connect timed out after 29995ms, type = Timed out")}: Error Domain=NSURLErrorDomain Code=1 UserInfo=0xd4184800 {MCFErrorDirectUnderlyingErrorKey=0xebade160 "Error Domain=NSURLErrorDomain Code=1 UserInfo=0xe5f1ca00 {MCFErrorDirectLocalizedFailureReasonKey=TigonError(error=TransientError, errorDomain=TigonLigerErrorDomain, domainErrorCode=3, analyticsDetail="AsyncSocketException: connect timed out after 29995ms, type = Timed out")}", MCFErrorDirectLocalizedFailureReasonKey=network disconnected}
05-24 17:36:39.777   321   321 E SELinux : avc:  denied  { find } for pid=1943 uid=10122 name=tethering scontext=u:r:sprd_radio_app:s0:c512,c768 tcontext=u:object_r:tethering_service:s0 tclass=service_manager permissive=0
05-24 17:36:42.201   321   321 E SELinux : avc:  denied  { find } for pid=1943 uid=10122 name=tethering scontext=u:r:sprd_radio_app:s0:c512,c768 tcontext=u:object_r:tethering_service:s0 tclass=service_manager permissive=0
05-24 17:36:42.403   321   321 E SELinux : avc:  denied  { find } for pid=1943 uid=10122 name=tethering scontext=u:r:sprd_radio_app:s0:c512,c768 tcontext=u:object_r:tethering_service:s0 tclass=service_manager permissive=0
05-24 17:36:44.629   321   321 E SELinux : avc:  denied  { find } for pid=1943 uid=10122 name=tethering scontext=u:r:sprd_radio_app:s0:c512,c768 tcontext=u:object_r:tethering_service:s0 tclass=service_manager permissive=0
05-24 17:36:44.831   321   321 E SELinux : avc:  denied  { find } for pid=1943 uid=10122 name=tethering scontext=u:r:sprd_radio_app:s0:c512,c768 tcontext=u:object_r:tethering_service:s0 tclass=service_manager permissive=0
05-24 17:36:45.033   321   321 E SELinux : avc:  denied  { find } for pid=1943 uid=10122 name=tethering scontext=u:r:sprd_radio_app:s0:c512,c768 tcontext=u:object_r:tethering_service:s0 tclass=service_manager permissive=0
05-24 17:36:45.437   321   321 E SELinux : avc:  denied  { find } for pid=1943 uid=10122 name=tethering scontext=u:r:sprd_radio_app:s0:c512,c768 tcontext=u:object_r:tethering_service:s0 tclass=service_manager permissive=0
05-24 17:36:45.639   321   321 E SELinux : avc:  denied  { find } for pid=1943 uid=10122 name=tethering scontext=u:r:sprd_radio_app:s0:c512,c768 tcontext=u:object_r:tethering_service:s0 tclass=service_manager permissive=0
05-24 17:36:45.842   321   321 E SELinux : avc:  denied  { find } for pid=1943 uid=10122 name=tethering scontext=u:r:sprd_radio_app:s0:c512,c768 tcontext=u:object_r:tethering_service:s0 tclass=service_manager permissive=0
05-24 17:36:47.257   321   321 E SELinux : avc:  denied  { find } for pid=1943 uid=10122 name=tethering scontext=u:r:sprd_radio_app:s0:c512,c768 tcontext=u:object_r:tethering_service:s0 tclass=service_manager permissive=0
05-24 17:36:47.460   321   321 E SELinux : avc:  denied  { find } for pid=1943 uid=10122 name=tethering scontext=u:r:sprd_radio_app:s0:c512,c768 tcontext=u:object_r:tethering_service:s0 tclass=service_manager permissive=0
05-24 17:36:48.672   321   321 E SELinux : avc:  denied  { find } for pid=1943 uid=10122 name=tethering scontext=u:r:sprd_radio_app:s0:c512,c768 tcontext=u:object_r:tethering_service:s0 tclass=service_manager permissive=0
05-24 17:36:48.874   321   321 E SELinux : avc:  denied  { find } for pid=1943 uid=10122 name=tethering scontext=u:r:sprd_radio_app:s0:c512,c768 tcontext=u:object_r:tethering_service:s0 tclass=service_manager permissive=0
05-24 17:36:49.681   321   321 E SELinux : avc:  denied  { find } for pid=1943 uid=10122 name=tethering scontext=u:r:sprd_radio_app:s0:c512,c768 tcontext=u:object_r:tethering_service:s0 tclass=service_manager permissive=0
05-24 17:36:49.883   321   321 E SELinux : avc:  denied  { find } for pid=1943 uid=10122 name=tethering scontext=u:r:sprd_radio_app:s0:c512,c768 tcontext=u:object_r:tethering_service:s0 tclass=service_manager permissive=0
05-24 17:36:50.287   321   321 E SELinux : avc:  denied  { find } for pid=1943 uid=10122 name=tethering scontext=u:r:sprd_radio_app:s0:c512,c768 tcontext=u:object_r:tethering_service:s0 tclass=service_manager permissive=0
05-24 17:36:50.490   321   321 E SELinux : avc:  denied  { find } for pid=1943 uid=10122 name=tethering scontext=u:r:sprd_radio_app:s0:c512,c768 tcontext=u:object_r:tethering_service:s0 tclass=service_manager permissive=0
05-24 17:36:52.311   321   321 E SELinux : avc:  denied  { find } for pid=1943 uid=10122 name=tethering scontext=u:r:sprd_radio_app:s0:c512,c768 tcontext=u:object_r:tethering_service:s0 tclass=service_manager permissive=0
05-24 17:36:52.513   321   321 E SELinux : avc:  denied  { find } for pid=1943 uid=10122 name=tethering scontext=u:r:sprd_radio_app:s0:c512,c768 tcontext=u:object_r:tethering_service:s0 tclass=service_manager permissive=0
05-24 17:36:56.434   824   845 E Watchdog: WDT_Monitor: checkSFStatus sfBlocked=false
05-24 17:36:56.434   824   845 E Watchdog: WDT_Monitor: writeWDTMonitor duration=50,shutdowning=false
05-24 17:36:57.569   321   321 E SELinux : avc:  denied  { find } for pid=1943 uid=10122 name=tethering scontext=u:r:sprd_radio_app:s0:c512,c768 tcontext=u:object_r:tethering_service:s0 tclass=service_manager permissive=0
05-24 17:36:57.771   321   321 E SELinux : avc:  denied  { find } for pid=1943 uid=10122 name=tethering scontext=u:r:sprd_radio_app:s0:c512,c768 tcontext=u:object_r:tethering_service:s0 tclass=service_manager permissive=0
05-24 17:36:59.591   321   321 E SELinux : avc:  denied  { find } for pid=1943 uid=10122 name=tethering scontext=u:r:sprd_radio_app:s0:c512,c768 tcontext=u:object_r:tethering_service:s0 tclass=service_manager permissive=0
05-24 17:36:59.793   321   321 E SELinux : avc:  denied  { find } for pid=1943 uid=10122 name=tethering scontext=u:r:sprd_radio_app:s0:c512,c768 tcontext=u:object_r:tethering_service:s0 tclass=service_manager permissive=0
05-24 17:36:59.995   321   321 E SELinux : avc:  denied  { find } for pid=1943 uid=10122 name=tethering scontext=u:r:sprd_radio_app:s0:c512,c768 tcontext=u:object_r:tethering_service:s0 tclass=service_manager permissive=0
05-24 17:37:00.197   321   321 E SELinux : avc:  denied  { find } for pid=1943 uid=10122 name=tethering scontext=u:r:sprd_radio_app:s0:c512,c768 tcontext=u:object_r:tethering_service:s0 tclass=service_manager permissive=0
05-24 17:37:02.625   321   321 E SELinux : avc:  denied  { find } for pid=1943 uid=10122 name=tethering scontext=u:r:sprd_radio_app:s0:c512,c768 tcontext=u:object_r:tethering_service:s0 tclass=service_manager permissive=0
05-24 17:37:02.827   321   321 E SELinux : avc:  denied  { find } for pid=1943 uid=10122 name=tethering scontext=u:r:sprd_radio_app:s0:c512,c768 tcontext=u:object_r:tethering_service:s0 tclass=service_manager permissive=0
05-24 17:37:04.646   321   321 E SELinux : avc:  denied  { find } for pid=1943 uid=10122 name=tethering scontext=u:r:sprd_radio_app:s0:c512,c768 tcontext=u:object_r:tethering_service:s0 tclass=service_manager permissive=0
05-24 17:37:04.848   321   321 E SELinux : avc:  denied  { find } for pid=1943 uid=10122 name=tethering scontext=u:r:sprd_radio_app:s0:c512,c768 tcontext=u:object_r:tethering_service:s0 tclass=service_manager permissive=0
05-24 17:37:06.062   321   321 E SELinux : avc:  denied  { find } for pid=1943 uid=10122 name=tethering scontext=u:r:sprd_radio_app:s0:c512,c768 tcontext=u:object_r:tethering_service:s0 tclass=service_manager permissive=0
05-24 17:37:06.265   321   321 E SELinux : avc:  denied  { find } for pid=1943 uid=10122 name=tethering scontext=u:r:sprd_radio_app:s0:c512,c768 tcontext=u:object_r:tethering_service:s0 tclass=service_manager permissive=0
05-24 17:37:07.681   321   321 E SELinux : avc:  denied  { find } for pid=1943 uid=10122 name=tethering scontext=u:r:sprd_radio_app:s0:c512,c768 tcontext=u:object_r:tethering_service:s0 tclass=service_manager permissive=0
05-24 17:37:07.883   321   321 E SELinux : avc:  denied  { find } for pid=1943 uid=10122 name=tethering scontext=u:r:sprd_radio_app:s0:c512,c768 tcontext=u:object_r:tethering_service:s0 tclass=service_manager permissive=0
05-24 17:37:09.502   321   321 E SELinux : avc:  denied  { find } for pid=1943 uid=10122 name=tethering scontext=u:r:sprd_radio_app:s0:c512,c768 tcontext=u:object_r:tethering_service:s0 tclass=service_manager permissive=0
05-24 17:37:09.689 19737 20009 E fb4a.TigonNetworkSessionListenerManager: handleDataTask failed for handleDataTaskType
05-24 17:37:09.690 19737 11737 E fb4a.msys: E[N data-request]_HandleDataResponse(1681)=>Data request error for task 329ed0f3-0481-4353-a37f-46dd9f4d852f (response type 1): network disconnected
05-24 17:37:09.693 19737 11739 E fb4a.msys: E[S sync]_createResponseError(241)=>Network Response 329ed0f3-0481-4353-a37f-46dd9f4d852f contains sync error Error Domain=NSURLErrorDomain Code=1 UserInfo=0xd63bc200 {MCFErrorDirectUnderlyingErrorKey=0xba223f00 "Error Domain=NSURLErrorDomain Code=1 UserInfo=0xe5f1ca00 {MCFErrorDirectLocalizedFailureReasonKey=TigonError(error=TransientError, errorDomain=TigonLigerErrorDomain, domainErrorCode=3, analyticsDetail="AsyncSocketException: connect timed out after 29995ms, type = Timed out")}", MCFErrorDirectLocalizedFailureReasonKey=network disconnected} - Underlying error Error Domain=NSURLErrorDomain Code=1 UserInfo=0xe5f1ca00 {MCFErrorDirectLocalizedFailureReasonKey=TigonError(error=TransientError, errorDomain=TigonLigerErrorDomain, domainErrorCode=3, analyticsDetail="AsyncSocketException: connect timed out after 29995ms, type = Timed out")}: Error Domain=NSURLErrorDomain Code=1 UserInfo=0xd63bc200 {MCFErrorDirectUnderlyingErrorKey=0xba223f00 "Error Domain=NSURLErrorDomain Code=1 UserInfo=0xe5f1ca00 {MCFErrorDirectLocalizedFailureReasonKey=TigonError(error=TransientError, errorDomain=TigonLigerErrorDomain, domainErrorCode=3, analyticsDetail="AsyncSocketException: connect timed out after 29995ms, type = Timed out")}", MCFErrorDirectLocalizedFailureReasonKey=network disconnected}
05-24 17:37:09.703   321   321 E SELinux : avc:  denied  { find } for pid=1943 uid=10122 name=tethering scontext=u:r:sprd_radio_app:s0:c512,c768 tcontext=u:object_r:tethering_service:s0 tclass=service_manager permissive=0
05-24 17:37:12.737   321   321 E SELinux : avc:  denied  { find } for pid=1943 uid=10122 name=tethering scontext=u:r:sprd_radio_app:s0:c512,c768 tcontext=u:object_r:tethering_service:s0 tclass=service_manager permissive=0
05-24 17:37:12.938   321   321 E SELinux : avc:  denied  { find } for pid=1943 uid=10122 name=tethering scontext=u:r:sprd_radio_app:s0:c512,c768 tcontext=u:object_r:tethering_service:s0 tclass=service_manager permissive=0
05-24 17:37:13.140   321   321 E SELinux : avc:  denied  { find } for pid=1943 uid=10122 name=tethering scontext=u:r:sprd_radio_app:s0:c512,c768 tcontext=u:object_r:tethering_service:s0 tclass=service_manager permissive=0
05-24 17:37:13.157  6334  6428 E chromium: [0524/173713.156810:ERROR:ssl_client_socket_impl.cc(970)] handshake failed; returned -1, SSL error code 1, net_error -101
05-24 17:37:13.342   321   321 E SELinux : avc:  denied  { find } for pid=1943 uid=10122 name=tethering scontext=u:r:sprd_radio_app:s0:c512,c768 tcontext=u:object_r:tethering_service:s0 tclass=service_manager permissive=0
05-24 17:37:14.758   321   321 E SELinux : avc:  denied  { find } for pid=1943 uid=10122 name=tethering scontext=u:r:sprd_radio_app:s0:c512,c768 tcontext=u:object_r:tethering_service:s0 tclass=service_manager permissive=0
05-24 17:37:14.960   321   321 E SELinux : avc:  denied  { find } for pid=1943 uid=10122 name=tethering scontext=u:r:sprd_radio_app:s0:c512,c768 tcontext=u:object_r:tethering_service:s0 tclass=service_manager permissive=0
05-24 17:37:17.793   321   321 E SELinux : avc:  denied  { find } for pid=1943 uid=10122 name=tethering scontext=u:r:sprd_radio_app:s0:c512,c768 tcontext=u:object_r:tethering_service:s0 tclass=service_manager permissive=0
05-24 17:37:17.995   321   321 E SELinux : avc:  denied  { find } for pid=1943 uid=10122 name=tethering scontext=u:r:sprd_radio_app:s0:c512,c768 tcontext=u:object_r:tethering_service:s0 tclass=service_manager permissive=0
05-24 17:37:18.197   321   321 E SELinux : avc:  denied  { find } for pid=1943 uid=10122 name=tethering scontext=u:r:sprd_radio_app:s0:c512,c768 tcontext=u:object_r:tethering_service:s0 tclass=service_manager permissive=0
05-24 17:37:21.629   321   321 E SELinux : avc:  denied  { find } for pid=1943 uid=10122 name=tethering scontext=u:r:sprd_radio_app:s0:c512,c768 tcontext=u:object_r:tethering_service:s0 tclass=service_manager permissive=0
05-24 17:37:21.831   321   321 E SELinux : avc:  denied  { find } for pid=1943 uid=10122 name=tethering scontext=u:r:sprd_radio_app:s0:c512,c768 tcontext=u:object_r:tethering_service:s0 tclass=service_manager permissive=0
05-24 17:37:22.033   321   321 E SELinux : avc:  denied  { find } for pid=1943 uid=10122 name=tethering scontext=u:r:sprd_radio_app:s0:c512,c768 tcontext=u:object_r:tethering_service:s0 tclass=service_manager permissive=0
05-24 17:37:23.044   321   321 E SELinux : avc:  denied  { find } for pid=1943 uid=10122 name=tethering scontext=u:r:sprd_radio_app:s0:c512,c768 tcontext=u:object_r:tethering_service:s0 tclass=service_manager permissive=0
05-24 17:37:23.246   321   321 E SELinux : avc:  denied  { find } for pid=1943 uid=10122 name=tethering scontext=u:r:sprd_radio_app:s0:c512,c768 tcontext=u:object_r:tethering_service:s0 tclass=service_manager permissive=0
05-24 17:37:26.440   824   845 E Watchdog: WDT_Monitor: checkSFStatus sfBlocked=false
05-24 17:37:26.440   824   845 E Watchdog: WDT_Monitor: writeWDTMonitor duration=50,shutdowning=false
05-24 17:37:28.101   321   321 E SELinux : avc:  denied  { find } for pid=1943 uid=10122 name=tethering scontext=u:r:sprd_radio_app:s0:c512,c768 tcontext=u:object_r:tethering_service:s0 tclass=service_manager permissive=0
05-24 17:37:28.303   321   321 E SELinux : avc:  denied  { find } for pid=1943 uid=10122 name=tethering scontext=u:r:sprd_radio_app:s0:c512,c768 tcontext=u:object_r:tethering_service:s0 tclass=service_manager permissive=0
05-24 17:37:31.741   321   321 E SELinux : avc:  denied  { find } for pid=1943 uid=10122 name=tethering scontext=u:r:sprd_radio_app:s0:c512,c768 tcontext=u:object_r:tethering_service:s0 tclass=service_manager permissive=0
05-24 17:37:31.943   321   321 E SELinux : avc:  denied  { find } for pid=1943 uid=10122 name=tethering scontext=u:r:sprd_radio_app:s0:c512,c768 tcontext=u:object_r:tethering_service:s0 tclass=service_manager permissive=0
05-24 17:37:33.360   321   321 E SELinux : avc:  denied  { find } for pid=1943 uid=10122 name=tethering scontext=u:r:sprd_radio_app:s0:c512,c768 tcontext=u:object_r:tethering_service:s0 tclass=service_manager permissive=0
05-24 17:37:33.562   321   321 E SELinux : avc:  denied  { find } for pid=1943 uid=10122 name=tethering scontext=u:r:sprd_radio_app:s0:c512,c768 tcontext=u:object_r:tethering_service:s0 tclass=service_manager permissive=0
05-24 17:37:34.774   321   321 E SELinux : avc:  denied  { find } for pid=1943 uid=10122 name=tethering scontext=u:r:sprd_radio_app:s0:c512,c768 tcontext=u:object_r:tethering_service:s0 tclass=service_manager permissive=0
05-24 17:37:34.977   321   321 E SELinux : avc:  denied  { find } for pid=1943 uid=10122 name=tethering scontext=u:r:sprd_radio_app:s0:c512,c768 tcontext=u:object_r:tethering_service:s0 tclass=service_manager permissive=0
05-24 17:37:38.415   321   321 E SELinux : avc:  denied  { find } for pid=1943 uid=10122 name=tethering scontext=u:r:sprd_radio_app:s0:c512,c768 tcontext=u:object_r:tethering_service:s0 tclass=service_manager permissive=0
05-24 17:37:38.617   321   321 E SELinux : avc:  denied  { find } for pid=1943 uid=10122 name=tethering scontext=u:r:sprd_radio_app:s0:c512,c768 tcontext=u:object_r:tethering_service:s0 tclass=service_manager permissive=0
05-24 17:37:39.628   321   321 E SELinux : avc:  denied  { find } for pid=1943 uid=10122 name=tethering scontext=u:r:sprd_radio_app:s0:c512,c768 tcontext=u:object_r:tethering_service:s0 tclass=service_manager permissive=0
05-24 17:37:39.750 19737 20009 E fb4a.TigonNetworkSessionListenerManager: handleDataTask failed for handleDataTaskType
05-24 17:37:39.751 19737 11737 E fb4a.msys: E[N data-request]_HandleDataResponse(1681)=>Data request error for task fcc00ce8-253c-4435-9758-4bbf0f2edf3f (response type 1): network disconnected
05-24 17:37:39.754 19737 11739 E fb4a.msys: E[S sync]_createResponseError(241)=>Network Response fcc00ce8-253c-4435-9758-4bbf0f2edf3f contains sync error Error Domain=NSURLErrorDomain Code=1 UserInfo=0xd63bc200 {MCFErrorDirectUnderlyingErrorKey=0xba223e80 "Error Domain=NSURLErrorDomain Code=1 UserInfo=0xe5f1ca00 {MCFErrorDirectLocalizedFailureReasonKey=TigonError(error=TransientError, errorDomain=TigonLigerErrorDomain, domainErrorCode=3, analyticsDetail="AsyncSocketException: connect timed out after 29995ms, type = Timed out")}", MCFErrorDirectLocalizedFailureReasonKey=network disconnected} - Underlying error Error Domain=NSURLErrorDomain Code=1 UserInfo=0xe5f1ca00 {MCFErrorDirectLocalizedFailureReasonKey=TigonError(error=TransientError, errorDomain=TigonLigerErrorDomain, domainErrorCode=3, analyticsDetail="AsyncSocketException: connect timed out after 29995ms, type = Timed out")}: Error Domain=NSURLErrorDomain Code=1 UserInfo=0xd63bc200 {MCFErrorDirectUnderlyingErrorKey=0xba223e80 "Error Domain=NSURLErrorDomain Code=1 UserInfo=0xe5f1ca00 {MCFErrorDirectLocalizedFailureReasonKey=TigonError(error=TransientError, errorDomain=TigonLigerErrorDomain, domainErrorCode=3, analyticsDetail="AsyncSocketException: connect timed out after 29995ms, type = Timed out")}", MCFErrorDirectLocalizedFailureReasonKey=network disconnected}
05-24 17:37:39.830   321   321 E SELinux : avc:  denied  { find } for pid=1943 uid=10122 name=tethering scontext=u:r:sprd_radio_app:s0:c512,c768 tcontext=u:object_r:tethering_service:s0 tclass=service_manager permissive=0
05-24 17:37:42.662   321   321 E SELinux : avc:  denied  { find } for pid=1943 uid=10122 name=tethering scontext=u:r:sprd_radio_app:s0:c512,c768 tcontext=u:object_r:tethering_service:s0 tclass=service_manager permissive=0
05-24 17:37:42.864   321   321 E SELinux : avc:  denied  { find } for pid=1943 uid=10122 name=tethering scontext=u:r:sprd_radio_app:s0:c512,c768 tcontext=u:object_r:tethering_service:s0 tclass=service_manager permissive=0
05-24 17:37:43.470   321   321 E SELinux : avc:  denied  { find } for pid=1943 uid=10122 name=tethering scontext=u:r:sprd_radio_app:s0:c512,c768 tcontext=u:object_r:tethering_service:s0 tclass=service_manager permissive=0
05-24 17:37:43.672   321   321 E SELinux : avc:  denied  { find } for pid=1943 uid=10122 name=tethering scontext=u:r:sprd_radio_app:s0:c512,c768 tcontext=u:object_r:tethering_service:s0 tclass=service_manager permissive=0
05-24 17:37:47.921   321   321 E SELinux : avc:  denied  { find } for pid=1943 uid=10122 name=tethering scontext=u:r:sprd_radio_app:s0:c512,c768 tcontext=u:object_r:tethering_service:s0 tclass=service_manager permissive=0
05-24 17:37:48.124   321   321 E SELinux : avc:  denied  { find } for pid=1943 uid=10122 name=tethering scontext=u:r:sprd_radio_app:s0:c512,c768 tcontext=u:object_r:tethering_service:s0 tclass=service_manager permissive=0
05-24 17:37:48.731   321   321 E SELinux : avc:  denied  { find } for pid=1943 uid=10122 name=tethering scontext=u:r:sprd_radio_app:s0:c512,c768 tcontext=u:object_r:tethering_service:s0 tclass=service_manager permissive=0
05-24 17:37:48.933   321   321 E SELinux : avc:  denied  { find } for pid=1943 uid=10122 name=tethering scontext=u:r:sprd_radio_app:s0:c512,c768 tcontext=u:object_r:tethering_service:s0 tclass=service_manager permissive=0
05-24 17:37:52.778   321   321 E SELinux : avc:  denied  { find } for pid=1943 uid=10122 name=tethering scontext=u:r:sprd_radio_app:s0:c512,c768 tcontext=u:object_r:tethering_service:s0 tclass=service_manager permissive=0
05-24 17:37:52.980   321   321 E SELinux : avc:  denied  { find } for pid=1943 uid=10122 name=tethering scontext=u:r:sprd_radio_app:s0:c512,c768 tcontext=u:object_r:tethering_service:s0 tclass=service_manager permissive=0
05-24 17:37:53.790   321   321 E SELinux : avc:  denied  { find } for pid=1943 uid=10122 name=tethering scontext=u:r:sprd_radio_app:s0:c512,c768 tcontext=u:object_r:tethering_service:s0 tclass=service_manager permissive=0
05-24 17:37:53.992   321   321 E SELinux : avc:  denied  { find } for pid=1943 uid=10122 name=tethering scontext=u:r:sprd_radio_app:s0:c512,c768 tcontext=u:object_r:tethering_service:s0 tclass=service_manager permissive=0
05-24 17:37:55.611   321   321 E SELinux : avc:  denied  { find } for pid=1943 uid=10122 name=tethering scontext=u:r:sprd_radio_app:s0:c512,c768 tcontext=u:object_r:tethering_service:s0 tclass=service_manager permissive=0
05-24 17:37:55.813   321   321 E SELinux : avc:  denied  { find } for pid=1943 uid=10122 name=tethering scontext=u:r:sprd_radio_app:s0:c512,c768 tcontext=u:object_r:tethering_service:s0 tclass=service_manager permissive=0
05-24 17:37:56.016   321   321 E SELinux : avc:  denied  { find } for pid=1943 uid=10122 name=tethering scontext=u:r:sprd_radio_app:s0:c512,c768 tcontext=u:object_r:tethering_service:s0 tclass=service_manager permissive=0
05-24 17:37:56.447   824   845 E Watchdog: WDT_Monitor: checkSFStatus sfBlocked=false
05-24 17:37:56.447   824   845 E Watchdog: WDT_Monitor: writeWDTMonitor duration=50,shutdowning=false
05-24 17:37:58.848   321   321 E SELinux : avc:  denied  { find } for pid=1943 uid=10122 name=tethering scontext=u:r:sprd_radio_app:s0:c512,c768 tcontext=u:object_r:tethering_service:s0 tclass=service_manager permissive=0
05-24 17:37:59.050   321   321 E SELinux : avc:  denied  { find } for pid=1943 uid=10122 name=tethering scontext=u:r:sprd_radio_app:s0:c512,c768 tcontext=u:object_r:tethering_service:s0 tclass=service_manager permissive=0
05-24 17:38:04.109   321   321 E SELinux : avc:  denied  { find } for pid=1943 uid=10122 name=tethering scontext=u:r:sprd_radio_app:s0:c512,c768 tcontext=u:object_r:tethering_service:s0 tclass=service_manager permissive=0
05-24 17:38:04.311   321   321 E SELinux : avc:  denied  { find } for pid=1943 uid=10122 name=tethering scontext=u:r:sprd_radio_app:s0:c512,c768 tcontext=u:object_r:tethering_service:s0 tclass=service_manager permissive=0
05-24 17:38:09.166   321   321 E SELinux : avc:  denied  { find } for pid=1943 uid=10122 name=tethering scontext=u:r:sprd_radio_app:s0:c512,c768 tcontext=u:object_r:tethering_service:s0 tclass=service_manager permissive=0
05-24 17:38:09.368   321   321 E SELinux : avc:  denied  { find } for pid=1943 uid=10122 name=tethering scontext=u:r:sprd_radio_app:s0:c512,c768 tcontext=u:object_r:tethering_service:s0 tclass=service_manager permissive=0
05-24 17:38:09.773   321   321 E SELinux : avc:  denied  { find } for pid=1943 uid=10122 name=tethering scontext=u:r:sprd_radio_app:s0:c512,c768 tcontext=u:object_r:tethering_service:s0 tclass=service_manager permissive=0
05-24 17:38:09.802 19737 20009 E fb4a.TigonNetworkSessionListenerManager: handleDataTask failed for handleDataTaskType
05-24 17:38:09.803 19737 11737 E fb4a.msys: E[N data-request]_HandleDataResponse(1681)=>Data request error for task 8564bf5b-81b4-4c23-a97b-ee81cf2dbf6a (response type 1): network disconnected
05-24 17:38:09.806 19737 11739 E fb4a.msys: E[S sync]_createResponseError(241)=>Network Response 8564bf5b-81b4-4c23-a97b-ee81cf2dbf6a contains sync error Error Domain=NSURLErrorDomain Code=1 UserInfo=0xd3eef900 {MCFErrorDirectUnderlyingErrorKey=0xba223f00 "Error Domain=NSURLErrorDomain Code=1 UserInfo=0xe5f1ca00 {MCFErrorDirectLocalizedFailureReasonKey=TigonError(error=TransientError, errorDomain=TigonLigerErrorDomain, domainErrorCode=3, analyticsDetail="AsyncSocketException: connect timed out after 29995ms, type = Timed out")}", MCFErrorDirectLocalizedFailureReasonKey=network disconnected} - Underlying error Error Domain=NSURLErrorDomain Code=1 UserInfo=0xe5f1ca00 {MCFErrorDirectLocalizedFailureReasonKey=TigonError(error=TransientError, errorDomain=TigonLigerErrorDomain, domainErrorCode=3, analyticsDetail="AsyncSocketException: connect timed out after 29995ms, type = Timed out")}: Error Domain=NSURLErrorDomain Code=1 UserInfo=0xd3eef900 {MCFErrorDirectUnderlyingErrorKey=0xba223f00 "Error Domain=NSURLErrorDomain Code=1 UserInfo=0xe5f1ca00 {MCFErrorDirectLocalizedFailureReasonKey=TigonError(error=TransientError, errorDomain=TigonLigerErrorDomain, domainErrorCode=3, analyticsDetail="AsyncSocketException: connect timed out after 29995ms, type = Timed out")}", MCFErrorDirectLocalizedFailureReasonKey=network disconnected}
05-24 17:38:09.975   321   321 E SELinux : avc:  denied  { find } for pid=1943 uid=10122 name=tethering scontext=u:r:sprd_radio_app:s0:c512,c768 tcontext=u:object_r:tethering_service:s0 tclass=service_manager permissive=0
05-24 17:38:11.797   321   321 E SELinux : avc:  denied  { find } for pid=1943 uid=10122 name=tethering scontext=u:r:sprd_radio_app:s0:c512,c768 tcontext=u:object_r:tethering_service:s0 tclass=service_manager permissive=0
05-24 17:38:11.999   321   321 E SELinux : avc:  denied  { find } for pid=1943 uid=10122 name=tethering scontext=u:r:sprd_radio_app:s0:c512,c768 tcontext=u:object_r:tethering_service:s0 tclass=service_manager permissive=0
