05-24 20:18:23.768   321   321 E SELinux : avc:  denied  { find } for pid=1943 uid=10122 name=tethering scontext=u:r:sprd_radio_app:s0:c512,c768 tcontext=u:object_r:tethering_service:s0 tclass=service_manager permissive=0
05-24 20:18:23.768  6334  8730 E Auth    : [TokenResponseCallback] TokenResponse failed with exception [CONTEXT service_id=343 ]
05-24 20:18:23.768  6334  8730 E Auth    : bedw: Failed to process request
05-24 20:18:23.768  6334  8730 E Auth    : 	at begx.b(:com.google.android.gms@241319057@24.13.19 (170300-626168189):19)
05-24 20:18:23.768  6334  8730 E Auth    : 	at behl.onFailed(:com.google.android.gms@241319057@24.13.19 (170300-626168189):13)
05-24 20:18:23.768  6334  8730 E Auth    : 	at m.nk.onFailed(:com.google.android.gms.dynamite_cronetdynamite@241319057@24.13.19 (170300-0):3)
05-24 20:18:23.768  6334  8730 E Auth    : 	at m.mj.run(:com.google.android.gms.dynamite_cronetdynamite@241319057@24.13.19 (170300-0):9)
05-24 20:18:23.768  6334  8730 E Auth    : 	at ajjo.c(:com.google.android.gms@241319057@24.13.19 (170300-626168189):50)
05-24 20:18:23.768  6334  8730 E Auth    : 	at ajjo.run(:com.google.android.gms@241319057@24.13.19 (170300-626168189):76)
05-24 20:18:23.768  6334  8730 E Auth    : 	at java.util.concurrent.ThreadPoolExecutor.runWorker(ThreadPoolExecutor.java:1167)
05-24 20:18:23.768  6334  8730 E Auth    : 	at java.util.concurrent.ThreadPoolExecutor$Worker.run(ThreadPoolExecutor.java:641)
05-24 20:18:23.768  6334  8730 E Auth    : 	at ajpb.run(:com.google.android.gms@241319057@24.13.19 (170300-626168189):8)
05-24 20:18:23.768  6334  8730 E Auth    : 	at java.lang.Thread.run(Thread.java:923)
05-24 20:18:23.768  6334  8730 E Auth    : Caused by: m.mt: Exception in CronetUrlRequest: net::ERR_CONNECTION_RESET, ErrorCode=8, InternalErrorCode=-101, Retryable=true
05-24 20:18:23.768  6334  8730 E Auth    : 	at org.chromium.net.impl.CronetUrlRequest.onError(:com.google.android.gms.dynamite_cronetdynamite@241319057@24.13.19 (170300-0):4)
05-24 20:18:23.969   321   321 E SELinux : avc:  denied  { find } for pid=1943 uid=10122 name=tethering scontext=u:r:sprd_radio_app:s0:c512,c768 tcontext=u:object_r:tethering_service:s0 tclass=service_manager permissive=0
05-24 20:18:24.171   321   321 E SELinux : avc:  denied  { find } for pid=1943 uid=10122 name=tethering scontext=u:r:sprd_radio_app:s0:c512,c768 tcontext=u:object_r:tethering_service:s0 tclass=service_manager permissive=0
05-24 20:18:24.373   321   321 E SELinux : avc:  denied  { find } for pid=1943 uid=10122 name=tethering scontext=u:r:sprd_radio_app:s0:c512,c768 tcontext=u:object_r:tethering_service:s0 tclass=service_manager permissive=0
05-24 20:18:24.575   321   321 E SELinux : avc:  denied  { find } for pid=1943 uid=10122 name=tethering scontext=u:r:sprd_radio_app:s0:c512,c768 tcontext=u:object_r:tethering_service:s0 tclass=service_manager permissive=0
05-24 20:18:24.777   321   321 E SELinux : avc:  denied  { find } for pid=1943 uid=10122 name=tethering scontext=u:r:sprd_radio_app:s0:c512,c768 tcontext=u:object_r:tethering_service:s0 tclass=service_manager permissive=0
05-24 20:18:24.979   321   321 E SELinux : avc:  denied  { find } for pid=1943 uid=10122 name=tethering scontext=u:r:sprd_radio_app:s0:c512,c768 tcontext=u:object_r:tethering_service:s0 tclass=service_manager permissive=0
05-24 20:18:25.181   321   321 E SELinux : avc:  denied  { find } for pid=1943 uid=10122 name=tethering scontext=u:r:sprd_radio_app:s0:c512,c768 tcontext=u:object_r:tethering_service:s0 tclass=service_manager permissive=0
05-24 20:18:25.383   321   321 E SELinux : avc:  denied  { find } for pid=1943 uid=10122 name=tethering scontext=u:r:sprd_radio_app:s0:c512,c768 tcontext=u:object_r:tethering_service:s0 tclass=service_manager permissive=0
05-24 20:18:25.399 19737 20009 E fb4a.TigonNetworkSessionListenerManager: handleDataTask failed for handleDataTaskType
05-24 20:18:25.400 19737 11737 E fb4a.msys: E[N data-request]_HandleDataResponse(1681)=>Data request error for task 39990158-ea01-47f6-b71f-b64a1000ee7e (response type 1): network disconnected
05-24 20:18:25.401 19737 11739 E fb4a.msys: E[S sync]_createResponseError(241)=>Network Response 39990158-ea01-47f6-b71f-b64a1000ee7e contains sync error Error Domain=NSURLErrorDomain Code=1 UserInfo=0xd3eefb00 {MCFErrorDirectUnderlyingErrorKey=0xd39d6ce0 "Error Domain=NSURLErrorDomain Code=1 UserInfo=0xe5f1ca00 {MCFErrorDirectLocalizedFailureReasonKey=TigonError(error=TransientError, errorDomain=TigonLigerErrorDomain, domainErrorCode=3, analyticsDetail="AsyncSocketException: connect timed out after 29995ms, type = Timed out")}", MCFErrorDirectLocalizedFailureReasonKey=network disconnected} - Underlying error Error Domain=NSURLErrorDomain Code=1 UserInfo=0xe5f1ca00 {MCFErrorDirectLocalizedFailureReasonKey=TigonError(error=TransientError, errorDomain=TigonLigerErrorDomain, domainErrorCode=3, analyticsDetail="AsyncSocketException: connect timed out after 29995ms, type = Timed out")}: Error Domain=NSURLErrorDomain Code=1 UserInfo=0xd3eefb00 {MCFErrorDirectUnderlyingErrorKey=0xd39d6ce0 "Error Domain=NSURLErrorDomain Code=1 UserInfo=0xe5f1ca00 {MCFErrorDirectLocalizedFailureReasonKey=TigonError(error=TransientError, errorDomain=TigonLigerErrorDomain, domainErrorCode=3, analyticsDetail="AsyncSocketException: connect timed out after 29995ms, type = Timed out")}", MCFErrorDirectLocalizedFailureReasonKey=network disconnected}
05-24 20:18:25.585   321   321 E SELinux : avc:  denied  { find } for pid=1943 uid=10122 name=tethering scontext=u:r:sprd_radio_app:s0:c512,c768 tcontext=u:object_r:tethering_service:s0 tclass=service_manager permissive=0
05-24 20:18:25.787   321   321 E SELinux : avc:  denied  { find } for pid=1943 uid=10122 name=tethering scontext=u:r:sprd_radio_app:s0:c512,c768 tcontext=u:object_r:tethering_service:s0 tclass=service_manager permissive=0
05-24 20:18:25.989   321   321 E SELinux : avc:  denied  { find } for pid=1943 uid=10122 name=tethering scontext=u:r:sprd_radio_app:s0:c512,c768 tcontext=u:object_r:tethering_service:s0 tclass=service_manager permissive=0
05-24 20:18:26.191   321   321 E SELinux : avc:  denied  { find } for pid=1943 uid=10122 name=tethering scontext=u:r:sprd_radio_app:s0:c512,c768 tcontext=u:object_r:tethering_service:s0 tclass=service_manager permissive=0
05-24 20:18:26.393   321   321 E SELinux : avc:  denied  { find } for pid=1943 uid=10122 name=tethering scontext=u:r:sprd_radio_app:s0:c512,c768 tcontext=u:object_r:tethering_service:s0 tclass=service_manager permissive=0
05-24 20:18:26.595   321   321 E SELinux : avc:  denied  { find } for pid=1943 uid=10122 name=tethering scontext=u:r:sprd_radio_app:s0:c512,c768 tcontext=u:object_r:tethering_service:s0 tclass=service_manager permissive=0
05-24 20:18:26.797   321   321 E SELinux : avc:  denied  { find } for pid=1943 uid=10122 name=tethering scontext=u:r:sprd_radio_app:s0:c512,c768 tcontext=u:object_r:tethering_service:s0 tclass=service_manager permissive=0
05-24 20:18:27.605   321   321 E SELinux : avc:  denied  { find } for pid=1943 uid=10122 name=tethering scontext=u:r:sprd_radio_app:s0:c512,c768 tcontext=u:object_r:tethering_service:s0 tclass=service_manager permissive=0
05-24 20:18:27.807   321   321 E SELinux : avc:  denied  { find } for pid=1943 uid=10122 name=tethering scontext=u:r:sprd_radio_app:s0:c512,c768 tcontext=u:object_r:tethering_service:s0 tclass=service_manager permissive=0
05-24 20:18:28.009   321   321 E SELinux : avc:  denied  { find } for pid=1943 uid=10122 name=tethering scontext=u:r:sprd_radio_app:s0:c512,c768 tcontext=u:object_r:tethering_service:s0 tclass=service_manager permissive=0
05-24 20:18:28.211   321   321 E SELinux : avc:  denied  { find } for pid=1943 uid=10122 name=tethering scontext=u:r:sprd_radio_app:s0:c512,c768 tcontext=u:object_r:tethering_service:s0 tclass=service_manager permissive=0
05-24 20:18:28.413   321   321 E SELinux : avc:  denied  { find } for pid=1943 uid=10122 name=tethering scontext=u:r:sprd_radio_app:s0:c512,c768 tcontext=u:object_r:tethering_service:s0 tclass=service_manager permissive=0
05-24 20:18:28.507   824   845 E Watchdog: WDT_Monitor: checkSFStatus sfBlocked=false
05-24 20:18:28.507   824   845 E Watchdog: WDT_Monitor: writeWDTMonitor duration=50,shutdowning=false
05-24 20:18:28.615   321   321 E SELinux : avc:  denied  { find } for pid=1943 uid=10122 name=tethering scontext=u:r:sprd_radio_app:s0:c512,c768 tcontext=u:object_r:tethering_service:s0 tclass=service_manager permissive=0
05-24 20:18:28.817   321   321 E SELinux : avc:  denied  { find } for pid=1943 uid=10122 name=tethering scontext=u:r:sprd_radio_app:s0:c512,c768 tcontext=u:object_r:tethering_service:s0 tclass=service_manager permissive=0
05-24 20:18:29.019   321   321 E SELinux : avc:  denied  { find } for pid=1943 uid=10122 name=tethering scontext=u:r:sprd_radio_app:s0:c512,c768 tcontext=u:object_r:tethering_service:s0 tclass=service_manager permissive=0
05-24 20:18:29.221   321   321 E SELinux : avc:  denied  { find } for pid=1943 uid=10122 name=tethering scontext=u:r:sprd_radio_app:s0:c512,c768 tcontext=u:object_r:tethering_service:s0 tclass=service_manager permissive=0
05-24 20:18:29.423   321   321 E SELinux : avc:  denied  { find } for pid=1943 uid=10122 name=tethering scontext=u:r:sprd_radio_app:s0:c512,c768 tcontext=u:object_r:tethering_service:s0 tclass=service_manager permissive=0
05-24 20:18:29.625   321   321 E SELinux : avc:  denied  { find } for pid=1943 uid=10122 name=tethering scontext=u:r:sprd_radio_app:s0:c512,c768 tcontext=u:object_r:tethering_service:s0 tclass=service_manager permissive=0
05-24 20:18:29.826   321   321 E SELinux : avc:  denied  { find } for pid=1943 uid=10122 name=tethering scontext=u:r:sprd_radio_app:s0:c512,c768 tcontext=u:object_r:tethering_service:s0 tclass=service_manager permissive=0
05-24 20:18:30.028   321   321 E SELinux : avc:  denied  { find } for pid=1943 uid=10122 name=tethering scontext=u:r:sprd_radio_app:s0:c512,c768 tcontext=u:object_r:tethering_service:s0 tclass=service_manager permissive=0
05-24 20:18:30.230   321   321 E SELinux : avc:  denied  { find } for pid=1943 uid=10122 name=tethering scontext=u:r:sprd_radio_app:s0:c512,c768 tcontext=u:object_r:tethering_service:s0 tclass=service_manager permissive=0
05-24 20:18:30.432   321   321 E SELinux : avc:  denied  { find } for pid=1943 uid=10122 name=tethering scontext=u:r:sprd_radio_app:s0:c512,c768 tcontext=u:object_r:tethering_service:s0 tclass=service_manager permissive=0
05-24 20:18:30.633   321   321 E SELinux : avc:  denied  { find } for pid=1943 uid=10122 name=tethering scontext=u:r:sprd_radio_app:s0:c512,c768 tcontext=u:object_r:tethering_service:s0 tclass=service_manager permissive=0
05-24 20:18:30.835   321   321 E SELinux : avc:  denied  { find } for pid=1943 uid=10122 name=tethering scontext=u:r:sprd_radio_app:s0:c512,c768 tcontext=u:object_r:tethering_service:s0 tclass=service_manager permissive=0
05-24 20:18:31.037   321   321 E SELinux : avc:  denied  { find } for pid=1943 uid=10122 name=tethering scontext=u:r:sprd_radio_app:s0:c512,c768 tcontext=u:object_r:tethering_service:s0 tclass=service_manager permissive=0
05-24 20:18:31.239   321   321 E SELinux : avc:  denied  { find } for pid=1943 uid=10122 name=tethering scontext=u:r:sprd_radio_app:s0:c512,c768 tcontext=u:object_r:tethering_service:s0 tclass=service_manager permissive=0
05-24 20:18:31.440   321   321 E SELinux : avc:  denied  { find } for pid=1943 uid=10122 name=tethering scontext=u:r:sprd_radio_app:s0:c512,c768 tcontext=u:object_r:tethering_service:s0 tclass=service_manager permissive=0
05-24 20:18:31.642   321   321 E SELinux : avc:  denied  { find } for pid=1943 uid=10122 name=tethering scontext=u:r:sprd_radio_app:s0:c512,c768 tcontext=u:object_r:tethering_service:s0 tclass=service_manager permissive=0
05-24 20:18:31.844   321   321 E SELinux : avc:  denied  { find } for pid=1943 uid=10122 name=tethering scontext=u:r:sprd_radio_app:s0:c512,c768 tcontext=u:object_r:tethering_service:s0 tclass=service_manager permissive=0
05-24 20:18:32.046   321   321 E SELinux : avc:  denied  { find } for pid=1943 uid=10122 name=tethering scontext=u:r:sprd_radio_app:s0:c512,c768 tcontext=u:object_r:tethering_service:s0 tclass=service_manager permissive=0
05-24 20:18:32.248   321   321 E SELinux : avc:  denied  { find } for pid=1943 uid=10122 name=tethering scontext=u:r:sprd_radio_app:s0:c512,c768 tcontext=u:object_r:tethering_service:s0 tclass=service_manager permissive=0
05-24 20:18:32.450   321   321 E SELinux : avc:  denied  { find } for pid=1943 uid=10122 name=tethering scontext=u:r:sprd_radio_app:s0:c512,c768 tcontext=u:object_r:tethering_service:s0 tclass=service_manager permissive=0
05-24 20:18:32.622  6334 23006 E AuthPII : [RequestTokenManager] getToken() -> NETWORK_ERROR. App: com.google.android.gms, Service: oauth2:https://www.googleapis.com/auth/cclog
05-24 20:18:32.622  6334 23006 E AuthPII : aihl: Error when calling server using GmsNetworkStack.
05-24 20:18:32.622  6334 23006 E AuthPII : 	at szh.b(:com.google.android.gms@241319057@24.13.19 (170300-626168189):1413)
05-24 20:18:32.622  6334 23006 E AuthPII : 	at szf.a(:com.google.android.gms@241319057@24.13.19 (170300-626168189):620)
05-24 20:18:32.622  6334 23006 E AuthPII : 	at sze.a(:com.google.android.gms@241319057@24.13.19 (170300-626168189):92)
05-24 20:18:32.622  6334 23006 E AuthPII : 	at njz.c(:com.google.android.gms@241319057@24.13.19 (170300-626168189):263)
05-24 20:18:32.622  6334 23006 E AuthPII : 	at njz.h(:com.google.android.gms@241319057@24.13.19 (170300-626168189):2)
05-24 20:18:32.622  6334 23006 E AuthPII : 	at sfm.a(:com.google.android.gms@241319057@24.13.19 (170300-626168189):33)
05-24 20:18:32.622  6334 23006 E AuthPII : 	at sfs.r(:com.google.android.gms@241319057@24.13.19 (170300-626168189):30)
05-24 20:18:32.622  6334 23006 E AuthPII : 	at sfs.u(:com.google.android.gms@241319057@24.13.19 (170300-626168189):125)
05-24 20:18:32.622  6334 23006 E AuthPII : 	at sfi.b(:com.google.android.gms@241319057@24.13.19 (170300-626168189):16)
05-24 20:18:32.622  6334 23006 E AuthPII : 	at ahku.b(:com.google.android.gms@241319057@24.13.19 (170300-626168189):56)
05-24 20:18:32.622  6334 23006 E AuthPII : 	at com.google.android.gms.clearcut.uploader.QosUploaderChimeraService.g(:com.google.android.gms@241319057@24.13.19 (170300-626168189):1368)
05-24 20:18:32.622  6334 23006 E AuthPII : 	at com.google.android.gms.clearcut.uploader.QosUploaderChimeraService.iK(:com.google.android.gms@241319057@24.13.19 (170300-626168189):24)
05-24 20:18:32.622  6334 23006 E AuthPII : 	at beju.call(:com.google.android.gms@241319057@24.13.19 (170300-626168189):32)
05-24 20:18:32.622  6334 23006 E AuthPII : 	at java.util.concurrent.FutureTask.run(FutureTask.java:266)
05-24 20:18:32.622  6334 23006 E AuthPII : 	at ajjo.c(:com.google.android.gms@241319057@24.13.19 (170300-626168189):50)
05-24 20:18:32.622  6334 23006 E AuthPII : 	at ajjo.run(:com.google.android.gms@241319057@24.13.19 (170300-626168189):76)
05-24 20:18:32.622  6334 23006 E AuthPII : 	at java.util.concurrent.ThreadPoolExecutor.runWorker(ThreadPoolExecutor.java:1167)
05-24 20:18:32.622  6334 23006 E AuthPII : 	at java.util.concurrent.ThreadPoolExecutor$Worker.run(ThreadPoolExecutor.java:641)
05-24 20:18:32.622  6334 23006 E AuthPII : 	at ajpb.run(:com.google.android.gms@241319057@24.13.19 (170300-626168189):8)
05-24 20:18:32.622  6334 23006 E AuthPII : 	at java.lang.Thread.run(Thread.java:923)
05-24 20:18:32.622  6334 23006 E AuthPII : Caused by: aihl: Error requesting token.
05-24 20:18:32.622  6334 23006 E AuthPII : 	at szh.d(:com.google.android.gms@241319057@24.13.19 (170300-626168189):207)
05-24 20:18:32.622  6334 23006 E AuthPII : 	at szh.b(:com.google.android.gms@241319057@24.13.19 (170300-626168189):57)
05-24 20:18:32.622  6334 23006 E AuthPII : 	... 19 more
05-24 20:18:32.622  6334 23006 E AuthPII : Caused by: java.util.concurrent.TimeoutException: Waited 30 seconds (plus 40504787 nanoseconds delay) for dgkh@ce38631[status=PENDING, info=[inputFuture=[dgkh@aa94116[status=PENDING, info=[inputFuture=[gsx@8e99a97[status=PENDING, info=[tag=[GmsUrlRequestImpl.startWithFuture()]]]], function=[yeo@5b0484]]]], function=[szg@439546d]]]
05-24 20:18:32.622  6334 23006 E AuthPII : 	at dgkc.get(:com.google.android.gms@241319057@24.13.19 (170300-626168189):52)
05-24 20:18:32.622  6334 23006 E AuthPII : 	at szh.d(:com.google.android.gms@241319057@24.13.19 (170300-626168189):189)
05-24 20:18:32.622  6334 23006 E AuthPII : 	... 20 more
05-24 20:18:32.622  6334 23006 E AuthPII : Message is Error when calling server using GmsNetworkStack.
05-24 20:18:32.622  6334 23006 E AuthPII : aihl: Error when calling server using GmsNetworkStack.
05-24 20:18:32.622  6334 23006 E AuthPII : 	at szh.b(:com.google.android.gms@241319057@24.13.19 (170300-626168189):1413)
05-24 20:18:32.622  6334 23006 E AuthPII : 	at szf.a(:com.google.android.gms@241319057@24.13.19 (170300-626168189):620)
05-24 20:18:32.622  6334 23006 E AuthPII : 	at sze.a(:com.google.android.gms@241319057@24.13.19 (170300-626168189):92)
05-24 20:18:32.622  6334 23006 E AuthPII : 	at njz.c(:com.google.android.gms@241319057@24.13.19 (170300-626168189):263)
05-24 20:18:32.622  6334 23006 E AuthPII : 	at njz.h(:com.google.android.gms@241319057@24.13.19 (170300-626168189):2)
05-24 20:18:32.622  6334 23006 E AuthPII : 	at sfm.a(:com.google.android.gms@241319057@24.13.19 (170300-626168189):33)
05-24 20:18:32.622  6334 23006 E AuthPII : 	at sfs.r(:com.google.android.gms@241319057@24.13.19 (170300-626168189):30)
05-24 20:18:32.622  6334 23006 E AuthPII : 	at sfs.u(:com.google.android.gms@241319057@24.13.19 (170300-626168189):125)
05-24 20:18:32.622  6334 23006 E AuthPII : 	at sfi.b(:com.google.android.gms@241319057@24.13.19 (170300-626168189):16)
05-24 20:18:32.622  6334 23006 E AuthPII : 	at ahku.b(:com.google.android.gms@241319057@24.13.19 (170300-626168189):56)
05-24 20:18:32.622  6334 23006 E AuthPII : 	at com.google.android.gms.clearcut.uploader.QosUploaderChimeraService.g(:com.google.android.gms@241319057@24.13.19 (170300-626168189):1368)
05-24 20:18:32.622  6334 23006 E AuthPII : 	at com.google.android.gms.clearcut.uploader.QosUploaderChimeraService.iK(:com.google.android.gms@241319057@24.13.19 (170300-626168189):24)
05-24 20:18:32.622  6334 23006 E AuthPII : 	at beju.call(:com.google.android.gms@241319057@24.13.19 (170300-626168189):32)
05-24 20:18:32.622  6334 23006 E AuthPII : 	at java.util.concurrent.FutureTask.run(FutureTask.java:266)
05-24 20:18:32.622  6334 23006 E AuthPII : 	at ajjo.c(:com.google.android.gms@241319057@24.13.19 (170300-626168189):50)
05-24 20:18:32.622  6334 23006 E AuthPII : 	at ajjo.run(:com.google.android.gms@241319057@24.13.19 (170300-626168189):76)
05-24 20:18:32.622  6334 23006 E AuthPII : 	at java.util.concurrent.ThreadPoolExecutor.runWorker(ThreadPoolExecutor.java:1167)
05-24 20:18:32.622  6334 23006 E AuthPII : 	at java.util.concurrent.ThreadPoolExecutor$Worker.run(ThreadPoolExecutor.java:641)
05-24 20:18:32.622  6334 23006 E AuthPII : 	at ajpb.run(:com.google.android.gms@241319057@24.13.19 (170300-626168189):8)
05-24 20:18:32.622  6334 23006 E AuthPII : 	at java.lang.Thread.run(Thread.java:923)
05-24 20:18:32.622  6334 23006 E AuthPII : Caused by: aihl: Error requesting token.
05-24 20:18:32.622  6334 23006 E AuthPII : 	at szh.d(:com.google.android.gms@241319057@24.13.19 (170300-626168189):207)
05-24 20:18:32.622  6334 23006 E AuthPII : 	at szh.b(:com.google.android.gms@241319057@24.13.19 (170300-626168189):57)
05-24 20:18:32.622  6334 23006 E AuthPII : 	... 19 more
05-24 20:18:32.622  6334 23006 E AuthPII : Caused by: java.util.concurrent.TimeoutException: Waited 30 seconds (plus 40504787 nanoseconds delay) for dgkh@ce38631[status=PENDING, info=[inputFuture=[dgkh@aa94116[status=PENDING, info=[inputFuture=[gsx@8e99a97[status=PENDING, info=[tag=[GmsUrlRequestImpl.startWithFuture()]]]], function=[yeo@5b0484]]]], function=[szg@439546d]]]
05-24 20:18:32.622  6334 23006 E AuthPII : 	at dgkc.get(:com.google.android.gms@241319057@24.13.19 (170300-626168189):52)
05-24 20:18:32.622  6334 23006 E AuthPII : 	at szh.d(:com.google.android.gms@241319057@24.13.19 (170300-626168189):189)
05-24 20:18:32.622  6334 23006 E AuthPII : 	... 20 more
05-24 20:18:32.651   321   321 E SELinux : avc:  denied  { find } for pid=1943 uid=10122 name=tethering scontext=u:r:sprd_radio_app:s0:c512,c768 tcontext=u:object_r:tethering_service:s0 tclass=service_manager permissive=0
05-24 20:18:32.658  6334 23006 E AuthPII : [RequestTokenManager] getToken() -> BAD_AUTHENTICATION. App: com.google.android.gms, Service: oauth2:https://www.googleapis.com/auth/cclog
05-24 20:18:32.658  6334 23006 E AuthPII : aihl: Long live credential not available.
05-24 20:18:32.658  6334 23006 E AuthPII : 	at szb.a(:com.google.android.gms@241319057@24.13.19 (170300-626168189):978)
05-24 20:18:32.658  6334 23006 E AuthPII : 	at szh.b(:com.google.android.gms@241319057@24.13.19 (170300-626168189):28)
05-24 20:18:32.658  6334 23006 E AuthPII : 	at szf.a(:com.google.android.gms@241319057@24.13.19 (170300-626168189):620)
05-24 20:18:32.658  6334 23006 E AuthPII : 	at sze.a(:com.google.android.gms@241319057@24.13.19 (170300-626168189):92)
05-24 20:18:32.658  6334 23006 E AuthPII : 	at njz.c(:com.google.android.gms@241319057@24.13.19 (170300-626168189):263)
05-24 20:18:32.658  6334 23006 E AuthPII : 	at njz.h(:com.google.android.gms@241319057@24.13.19 (170300-626168189):2)
05-24 20:18:32.658  6334 23006 E AuthPII : 	at sfm.a(:com.google.android.gms@241319057@24.13.19 (170300-626168189):33)
05-24 20:18:32.658  6334 23006 E AuthPII : 	at sfs.r(:com.google.android.gms@241319057@24.13.19 (170300-626168189):30)
05-24 20:18:32.658  6334 23006 E AuthPII : 	at sfs.u(:com.google.android.gms@241319057@24.13.19 (170300-626168189):125)
05-24 20:18:32.658  6334 23006 E AuthPII : 	at sfi.b(:com.google.android.gms@241319057@24.13.19 (170300-626168189):16)
05-24 20:18:32.658  6334 23006 E AuthPII : 	at ahku.b(:com.google.android.gms@241319057@24.13.19 (170300-626168189):56)
05-24 20:18:32.658  6334 23006 E AuthPII : 	at com.google.android.gms.clearcut.uploader.QosUploaderChimeraService.g(:com.google.android.gms@241319057@24.13.19 (170300-626168189):1368)
05-24 20:18:32.658  6334 23006 E AuthPII : 	at com.google.android.gms.clearcut.uploader.QosUploaderChimeraService.iK(:com.google.android.gms@241319057@24.13.19 (170300-626168189):24)
05-24 20:18:32.658  6334 23006 E AuthPII : 	at beju.call(:com.google.android.gms@241319057@24.13.19 (170300-626168189):32)
05-24 20:18:32.658  6334 23006 E AuthPII : 	at java.util.concurrent.FutureTask.run(FutureTask.java:266)
05-24 20:18:32.658  6334 23006 E AuthPII : 	at ajjo.c(:com.google.android.gms@241319057@24.13.19 (170300-626168189):50)
05-24 20:18:32.658  6334 23006 E AuthPII : 	at ajjo.run(:com.google.android.gms@241319057@24.13.19 (170300-626168189):76)
05-24 20:18:32.658  6334 23006 E AuthPII : 	at java.util.concurrent.ThreadPoolExecutor.runWorker(ThreadPoolExecutor.java:1167)
05-24 20:18:32.658  6334 23006 E AuthPII : 	at java.util.concurrent.ThreadPoolExecutor$Worker.run(ThreadPoolExecutor.java:641)
05-24 20:18:32.658  6334 23006 E AuthPII : 	at ajpb.run(:com.google.android.gms@241319057@24.13.19 (170300-626168189):8)
05-24 20:18:32.658  6334 23006 E AuthPII : 	at java.lang.Thread.run(Thread.java:923)
05-24 20:18:32.658  6334 23006 E AuthPII : Message is Long live credential not available.
05-24 20:18:32.658  6334 23006 E AuthPII : aihl: Long live credential not available.
05-24 20:18:32.658  6334 23006 E AuthPII : 	at szb.a(:com.google.android.gms@241319057@24.13.19 (170300-626168189):978)
05-24 20:18:32.658  6334 23006 E AuthPII : 	at szh.b(:com.google.android.gms@241319057@24.13.19 (170300-626168189):28)
05-24 20:18:32.658  6334 23006 E AuthPII : 	at szf.a(:com.google.android.gms@241319057@24.13.19 (170300-626168189):620)
05-24 20:18:32.658  6334 23006 E AuthPII : 	at sze.a(:com.google.android.gms@241319057@24.13.19 (170300-626168189):92)
05-24 20:18:32.658  6334 23006 E AuthPII : 	at njz.c(:com.google.android.gms@241319057@24.13.19 (170300-626168189):263)
05-24 20:18:32.658  6334 23006 E AuthPII : 	at njz.h(:com.google.android.gms@241319057@24.13.19 (170300-626168189):2)
05-24 20:18:32.658  6334 23006 E AuthPII : 	at sfm.a(:com.google.android.gms@241319057@24.13.19 (170300-626168189):33)
05-24 20:18:32.658  6334 23006 E AuthPII : 	at sfs.r(:com.google.android.gms@241319057@24.13.19 (170300-626168189):30)
05-24 20:18:32.658  6334 23006 E AuthPII : 	at sfs.u(:com.google.android.gms@241319057@24.13.19 (170300-626168189):125)
05-24 20:18:32.658  6334 23006 E AuthPII : 	at sfi.b(:com.google.android.gms@241319057@24.13.19 (170300-626168189):16)
05-24 20:18:32.658  6334 23006 E AuthPII : 	at ahku.b(:com.google.android.gms@241319057@24.13.19 (170300-626168189):56)
05-24 20:18:32.658  6334 23006 E AuthPII : 	at com.google.android.gms.clearcut.uploader.QosUploaderChimeraService.g(:com.google.android.gms@241319057@24.13.19 (170300-626168189):1368)
05-24 20:18:32.658  6334 23006 E AuthPII : 	at com.google.android.gms.clearcut.uploader.QosUploaderChimeraService.iK(:com.google.android.gms@241319057@24.13.19 (170300-626168189):24)
05-24 20:18:32.658  6334 23006 E AuthPII : 	at beju.call(:com.google.android.gms@241319057@24.13.19 (170300-626168189):32)
05-24 20:18:32.658  6334 23006 E AuthPII : 	at java.util.concurrent.FutureTask.run(FutureTask.java:266)
05-24 20:18:32.658  6334 23006 E AuthPII : 	at ajjo.c(:com.google.android.gms@241319057@24.13.19 (170300-626168189):50)
05-24 20:18:32.658  6334 23006 E AuthPII : 	at ajjo.run(:com.google.android.gms@241319057@24.13.19 (170300-626168189):76)
05-24 20:18:32.658  6334 23006 E AuthPII : 	at java.util.concurrent.ThreadPoolExecutor.runWorker(ThreadPoolExecutor.java:1167)
05-24 20:18:32.658  6334 23006 E AuthPII : 	at java.util.concurrent.ThreadPoolExecutor$Worker.run(ThreadPoolExecutor.java:641)
05-24 20:18:32.658  6334 23006 E AuthPII : 	at ajpb.run(:com.google.android.gms@241319057@24.13.19 (170300-626168189):8)
05-24 20:18:32.658  6334 23006 E AuthPII : 	at java.lang.Thread.run(Thread.java:923)
05-24 20:18:32.675   462   498 E IMGMemtrackHAL: DbgFsParseFile: fopen of /proc/pvr/driver_stats failed (Permission denied)
05-24 20:18:32.676   462   498 E IMGMemtrackHAL: GetGraphicsMemtrackRecords: DbgFsParseDir for /d/ion failed (No such file or directory)
05-24 20:18:32.714  6334 23006 E AuthPII : [RequestTokenManager] getToken() -> BAD_AUTHENTICATION. App: com.google.android.gms, Service: oauth2:https://www.googleapis.com/auth/cclog
05-24 20:18:32.714  6334 23006 E AuthPII : aihl: Long live credential not available.
05-24 20:18:32.714  6334 23006 E AuthPII : 	at szb.a(:com.google.android.gms@241319057@24.13.19 (170300-626168189):978)
05-24 20:18:32.714  6334 23006 E AuthPII : 	at szh.b(:com.google.android.gms@241319057@24.13.19 (170300-626168189):28)
05-24 20:18:32.714  6334 23006 E AuthPII : 	at szf.a(:com.google.android.gms@241319057@24.13.19 (170300-626168189):620)
05-24 20:18:32.714  6334 23006 E AuthPII : 	at sze.a(:com.google.android.gms@241319057@24.13.19 (170300-626168189):92)
05-24 20:18:32.714  6334 23006 E AuthPII : 	at njz.c(:com.google.android.gms@241319057@24.13.19 (170300-626168189):263)
05-24 20:18:32.714  6334 23006 E AuthPII : 	at njz.h(:com.google.android.gms@241319057@24.13.19 (170300-626168189):2)
05-24 20:18:32.714  6334 23006 E AuthPII : 	at sfm.a(:com.google.android.gms@241319057@24.13.19 (170300-626168189):33)
05-24 20:18:32.714  6334 23006 E AuthPII : 	at sfs.r(:com.google.android.gms@241319057@24.13.19 (170300-626168189):30)
05-24 20:18:32.714  6334 23006 E AuthPII : 	at sfs.u(:com.google.android.gms@241319057@24.13.19 (170300-626168189):125)
05-24 20:18:32.714  6334 23006 E AuthPII : 	at sfi.b(:com.google.android.gms@241319057@24.13.19 (170300-626168189):16)
05-24 20:18:32.714  6334 23006 E AuthPII : 	at ahku.b(:com.google.android.gms@241319057@24.13.19 (170300-626168189):56)
05-24 20:18:32.714  6334 23006 E AuthPII : 	at com.google.android.gms.clearcut.uploader.QosUploaderChimeraService.g(:com.google.android.gms@241319057@24.13.19 (170300-626168189):1368)
05-24 20:18:32.714  6334 23006 E AuthPII : 	at com.google.android.gms.clearcut.uploader.QosUploaderChimeraService.iK(:com.google.android.gms@241319057@24.13.19 (170300-626168189):24)
05-24 20:18:32.714  6334 23006 E AuthPII : 	at beju.call(:com.google.android.gms@241319057@24.13.19 (170300-626168189):32)
05-24 20:18:32.714  6334 23006 E AuthPII : 	at java.util.concurrent.FutureTask.run(FutureTask.java:266)
05-24 20:18:32.714  6334 23006 E AuthPII : 	at ajjo.c(:com.google.android.gms@241319057@24.13.19 (170300-626168189):50)
05-24 20:18:32.714  6334 23006 E AuthPII : 	at ajjo.run(:com.google.android.gms@241319057@24.13.19 (170300-626168189):76)
05-24 20:18:32.714  6334 23006 E AuthPII : 	at java.util.concurrent.ThreadPoolExecutor.runWorker(ThreadPoolExecutor.java:1167)
05-24 20:18:32.714  6334 23006 E AuthPII : 	at java.util.concurrent.ThreadPoolExecutor$Worker.run(ThreadPoolExecutor.java:641)
05-24 20:18:32.714  6334 23006 E AuthPII : 	at ajpb.run(:com.google.android.gms@241319057@24.13.19 (170300-626168189):8)
05-24 20:18:32.714  6334 23006 E AuthPII : 	at java.lang.Thread.run(Thread.java:923)
05-24 20:18:32.715  6334 23006 E AuthPII : Message is Long live credential not available.
05-24 20:18:32.715  6334 23006 E AuthPII : aihl: Long live credential not available.
05-24 20:18:32.715  6334 23006 E AuthPII : 	at szb.a(:com.google.android.gms@241319057@24.13.19 (170300-626168189):978)
05-24 20:18:32.715  6334 23006 E AuthPII : 	at szh.b(:com.google.android.gms@241319057@24.13.19 (170300-626168189):28)
05-24 20:18:32.715  6334 23006 E AuthPII : 	at szf.a(:com.google.android.gms@241319057@24.13.19 (170300-626168189):620)
05-24 20:18:32.715  6334 23006 E AuthPII : 	at sze.a(:com.google.android.gms@241319057@24.13.19 (170300-626168189):92)
05-24 20:18:32.715  6334 23006 E AuthPII : 	at njz.c(:com.google.android.gms@241319057@24.13.19 (170300-626168189):263)
05-24 20:18:32.715  6334 23006 E AuthPII : 	at njz.h(:com.google.android.gms@241319057@24.13.19 (170300-626168189):2)
05-24 20:18:32.715  6334 23006 E AuthPII : 	at sfm.a(:com.google.android.gms@241319057@24.13.19 (170300-626168189):33)
05-24 20:18:32.715  6334 23006 E AuthPII : 	at sfs.r(:com.google.android.gms@241319057@24.13.19 (170300-626168189):30)
05-24 20:18:32.715  6334 23006 E AuthPII : 	at sfs.u(:com.google.android.gms@241319057@24.13.19 (170300-626168189):125)
05-24 20:18:32.715  6334 23006 E AuthPII : 	at sfi.b(:com.google.android.gms@241319057@24.13.19 (170300-626168189):16)
05-24 20:18:32.715  6334 23006 E AuthPII : 	at ahku.b(:com.google.android.gms@241319057@24.13.19 (170300-626168189):56)
05-24 20:18:32.715  6334 23006 E AuthPII : 	at com.google.android.gms.clearcut.uploader.QosUploaderChimeraService.g(:com.google.android.gms@241319057@24.13.19 (170300-626168189):1368)
05-24 20:18:32.715  6334 23006 E AuthPII : 	at com.google.android.gms.clearcut.uploader.QosUploaderChimeraService.iK(:com.google.android.gms@241319057@24.13.19 (170300-626168189):24)
05-24 20:18:32.715  6334 23006 E AuthPII : 	at beju.call(:com.google.android.gms@241319057@24.13.19 (170300-626168189):32)
05-24 20:18:32.715  6334 23006 E AuthPII : 	at java.util.concurrent.FutureTask.run(FutureTask.java:266)
05-24 20:18:32.715  6334 23006 E AuthPII : 	at ajjo.c(:com.google.android.gms@241319057@24.13.19 (170300-626168189):50)
05-24 20:18:32.715  6334 23006 E AuthPII : 	at ajjo.run(:com.google.android.gms@241319057@24.13.19 (170300-626168189):76)
05-24 20:18:32.715  6334 23006 E AuthPII : 	at java.util.concurrent.ThreadPoolExecutor.runWorker(ThreadPoolExecutor.java:1167)
05-24 20:18:32.715  6334 23006 E AuthPII : 	at java.util.concurrent.ThreadPoolExecutor$Worker.run(ThreadPoolExecutor.java:641)
05-24 20:18:32.715  6334 23006 E AuthPII : 	at ajpb.run(:com.google.android.gms@241319057@24.13.19 (170300-626168189):8)
05-24 20:18:32.715  6334 23006 E AuthPII : 	at java.lang.Thread.run(Thread.java:923)
05-24 20:18:32.853   321   321 E SELinux : avc:  denied  { find } for pid=1943 uid=10122 name=tethering scontext=u:r:sprd_radio_app:s0:c512,c768 tcontext=u:object_r:tethering_service:s0 tclass=service_manager permissive=0
05-24 20:18:33.054   321   321 E SELinux : avc:  denied  { find } for pid=1943 uid=10122 name=tethering scontext=u:r:sprd_radio_app:s0:c512,c768 tcontext=u:object_r:tethering_service:s0 tclass=service_manager permissive=0
05-24 20:18:33.256   321   321 E SELinux : avc:  denied  { find } for pid=1943 uid=10122 name=tethering scontext=u:r:sprd_radio_app:s0:c512,c768 tcontext=u:object_r:tethering_service:s0 tclass=service_manager permissive=0
05-24 20:18:33.458   321   321 E SELinux : avc:  denied  { find } for pid=1943 uid=10122 name=tethering scontext=u:r:sprd_radio_app:s0:c512,c768 tcontext=u:object_r:tethering_service:s0 tclass=service_manager permissive=0
05-24 20:18:33.660   321   321 E SELinux : avc:  denied  { find } for pid=1943 uid=10122 name=tethering scontext=u:r:sprd_radio_app:s0:c512,c768 tcontext=u:object_r:tethering_service:s0 tclass=service_manager permissive=0
05-24 20:18:33.861   321   321 E SELinux : avc:  denied  { find } for pid=1943 uid=10122 name=tethering scontext=u:r:sprd_radio_app:s0:c512,c768 tcontext=u:object_r:tethering_service:s0 tclass=service_manager permissive=0
05-24 20:18:34.063   321   321 E SELinux : avc:  denied  { find } for pid=1943 uid=10122 name=tethering scontext=u:r:sprd_radio_app:s0:c512,c768 tcontext=u:object_r:tethering_service:s0 tclass=service_manager permissive=0
05-24 20:18:34.265   321   321 E SELinux : avc:  denied  { find } for pid=1943 uid=10122 name=tethering scontext=u:r:sprd_radio_app:s0:c512,c768 tcontext=u:object_r:tethering_service:s0 tclass=service_manager permissive=0
05-24 20:18:34.467   321   321 E SELinux : avc:  denied  { find } for pid=1943 uid=10122 name=tethering scontext=u:r:sprd_radio_app:s0:c512,c768 tcontext=u:object_r:tethering_service:s0 tclass=service_manager permissive=0
05-24 20:18:34.668   321   321 E SELinux : avc:  denied  { find } for pid=1943 uid=10122 name=tethering scontext=u:r:sprd_radio_app:s0:c512,c768 tcontext=u:object_r:tethering_service:s0 tclass=service_manager permissive=0
05-24 20:18:34.870   321   321 E SELinux : avc:  denied  { find } for pid=1943 uid=10122 name=tethering scontext=u:r:sprd_radio_app:s0:c512,c768 tcontext=u:object_r:tethering_service:s0 tclass=service_manager permissive=0
05-24 20:18:35.072   321   321 E SELinux : avc:  denied  { find } for pid=1943 uid=10122 name=tethering scontext=u:r:sprd_radio_app:s0:c512,c768 tcontext=u:object_r:tethering_service:s0 tclass=service_manager permissive=0
05-24 20:18:35.274   321   321 E SELinux : avc:  denied  { find } for pid=1943 uid=10122 name=tethering scontext=u:r:sprd_radio_app:s0:c512,c768 tcontext=u:object_r:tethering_service:s0 tclass=service_manager permissive=0
05-24 20:18:35.476   321   321 E SELinux : avc:  denied  { find } for pid=1943 uid=10122 name=tethering scontext=u:r:sprd_radio_app:s0:c512,c768 tcontext=u:object_r:tethering_service:s0 tclass=service_manager permissive=0
05-24 20:18:35.678   321   321 E SELinux : avc:  denied  { find } for pid=1943 uid=10122 name=tethering scontext=u:r:sprd_radio_app:s0:c512,c768 tcontext=u:object_r:tethering_service:s0 tclass=service_manager permissive=0
05-24 20:18:35.880   321   321 E SELinux : avc:  denied  { find } for pid=1943 uid=10122 name=tethering scontext=u:r:sprd_radio_app:s0:c512,c768 tcontext=u:object_r:tethering_service:s0 tclass=service_manager permissive=0
05-24 20:18:36.081   321   321 E SELinux : avc:  denied  { find } for pid=1943 uid=10122 name=tethering scontext=u:r:sprd_radio_app:s0:c512,c768 tcontext=u:object_r:tethering_service:s0 tclass=service_manager permissive=0
05-24 20:18:36.282   321   321 E SELinux : avc:  denied  { find } for pid=1943 uid=10122 name=tethering scontext=u:r:sprd_radio_app:s0:c512,c768 tcontext=u:object_r:tethering_service:s0 tclass=service_manager permissive=0
05-24 20:18:36.485   321   321 E SELinux : avc:  denied  { find } for pid=1943 uid=10122 name=tethering scontext=u:r:sprd_radio_app:s0:c512,c768 tcontext=u:object_r:tethering_service:s0 tclass=service_manager permissive=0
05-24 20:18:36.687   321   321 E SELinux : avc:  denied  { find } for pid=1943 uid=10122 name=tethering scontext=u:r:sprd_radio_app:s0:c512,c768 tcontext=u:object_r:tethering_service:s0 tclass=service_manager permissive=0
05-24 20:18:36.889   321   321 E SELinux : avc:  denied  { find } for pid=1943 uid=10122 name=tethering scontext=u:r:sprd_radio_app:s0:c512,c768 tcontext=u:object_r:tethering_service:s0 tclass=service_manager permissive=0
05-24 20:18:37.090   321   321 E SELinux : avc:  denied  { find } for pid=1943 uid=10122 name=tethering scontext=u:r:sprd_radio_app:s0:c512,c768 tcontext=u:object_r:tethering_service:s0 tclass=service_manager permissive=0
05-24 20:18:37.292   321   321 E SELinux : avc:  denied  { find } for pid=1943 uid=10122 name=tethering scontext=u:r:sprd_radio_app:s0:c512,c768 tcontext=u:object_r:tethering_service:s0 tclass=service_manager permissive=0
05-24 20:18:37.494   321   321 E SELinux : avc:  denied  { find } for pid=1943 uid=10122 name=tethering scontext=u:r:sprd_radio_app:s0:c512,c768 tcontext=u:object_r:tethering_service:s0 tclass=service_manager permissive=0
05-24 20:18:37.696   321   321 E SELinux : avc:  denied  { find } for pid=1943 uid=10122 name=tethering scontext=u:r:sprd_radio_app:s0:c512,c768 tcontext=u:object_r:tethering_service:s0 tclass=service_manager permissive=0
05-24 20:18:37.898   321   321 E SELinux : avc:  denied  { find } for pid=1943 uid=10122 name=tethering scontext=u:r:sprd_radio_app:s0:c512,c768 tcontext=u:object_r:tethering_service:s0 tclass=service_manager permissive=0
05-24 20:18:38.504   321   321 E SELinux : avc:  denied  { find } for pid=1943 uid=10122 name=tethering scontext=u:r:sprd_radio_app:s0:c512,c768 tcontext=u:object_r:tethering_service:s0 tclass=service_manager permissive=0
05-24 20:18:38.706   321   321 E SELinux : avc:  denied  { find } for pid=1943 uid=10122 name=tethering scontext=u:r:sprd_radio_app:s0:c512,c768 tcontext=u:object_r:tethering_service:s0 tclass=service_manager permissive=0
05-24 20:18:38.908   321   321 E SELinux : avc:  denied  { find } for pid=1943 uid=10122 name=tethering scontext=u:r:sprd_radio_app:s0:c512,c768 tcontext=u:object_r:tethering_service:s0 tclass=service_manager permissive=0
05-24 20:18:39.110   321   321 E SELinux : avc:  denied  { find } for pid=1943 uid=10122 name=tethering scontext=u:r:sprd_radio_app:s0:c512,c768 tcontext=u:object_r:tethering_service:s0 tclass=service_manager permissive=0
05-24 20:18:39.312   321   321 E SELinux : avc:  denied  { find } for pid=1943 uid=10122 name=tethering scontext=u:r:sprd_radio_app:s0:c512,c768 tcontext=u:object_r:tethering_service:s0 tclass=service_manager permissive=0
05-24 20:18:39.514   321   321 E SELinux : avc:  denied  { find } for pid=1943 uid=10122 name=tethering scontext=u:r:sprd_radio_app:s0:c512,c768 tcontext=u:object_r:tethering_service:s0 tclass=service_manager permissive=0
05-24 20:18:39.716   321   321 E SELinux : avc:  denied  { find } for pid=1943 uid=10122 name=tethering scontext=u:r:sprd_radio_app:s0:c512,c768 tcontext=u:object_r:tethering_service:s0 tclass=service_manager permissive=0
05-24 20:18:39.918   321   321 E SELinux : avc:  denied  { find } for pid=1943 uid=10122 name=tethering scontext=u:r:sprd_radio_app:s0:c512,c768 tcontext=u:object_r:tethering_service:s0 tclass=service_manager permissive=0
05-24 20:18:40.120   321   321 E SELinux : avc:  denied  { find } for pid=1943 uid=10122 name=tethering scontext=u:r:sprd_radio_app:s0:c512,c768 tcontext=u:object_r:tethering_service:s0 tclass=service_manager permissive=0
05-24 20:18:40.321   321   321 E SELinux : avc:  denied  { find } for pid=1943 uid=10122 name=tethering scontext=u:r:sprd_radio_app:s0:c512,c768 tcontext=u:object_r:tethering_service:s0 tclass=service_manager permissive=0
05-24 20:18:40.523   321   321 E SELinux : avc:  denied  { find } for pid=1943 uid=10122 name=tethering scontext=u:r:sprd_radio_app:s0:c512,c768 tcontext=u:object_r:tethering_service:s0 tclass=service_manager permissive=0
05-24 20:18:40.725   321   321 E SELinux : avc:  denied  { find } for pid=1943 uid=10122 name=tethering scontext=u:r:sprd_radio_app:s0:c512,c768 tcontext=u:object_r:tethering_service:s0 tclass=service_manager permissive=0
05-24 20:18:40.927   321   321 E SELinux : avc:  denied  { find } for pid=1943 uid=10122 name=tethering scontext=u:r:sprd_radio_app:s0:c512,c768 tcontext=u:object_r:tethering_service:s0 tclass=service_manager permissive=0
05-24 20:18:41.129   321   321 E SELinux : avc:  denied  { find } for pid=1943 uid=10122 name=tethering scontext=u:r:sprd_radio_app:s0:c512,c768 tcontext=u:object_r:tethering_service:s0 tclass=service_manager permissive=0
05-24 20:18:41.286  6334  6428 E chromium: [0524/201841.286679:ERROR:ssl_client_socket_impl.cc(970)] handshake failed; returned -1, SSL error code 1, net_error -101
05-24 20:18:41.331   321   321 E SELinux : avc:  denied  { find } for pid=1943 uid=10122 name=tethering scontext=u:r:sprd_radio_app:s0:c512,c768 tcontext=u:object_r:tethering_service:s0 tclass=service_manager permissive=0
05-24 20:18:41.533   321   321 E SELinux : avc:  denied  { find } for pid=1943 uid=10122 name=tethering scontext=u:r:sprd_radio_app:s0:c512,c768 tcontext=u:object_r:tethering_service:s0 tclass=service_manager permissive=0
05-24 20:18:41.735   321   321 E SELinux : avc:  denied  { find } for pid=1943 uid=10122 name=tethering scontext=u:r:sprd_radio_app:s0:c512,c768 tcontext=u:object_r:tethering_service:s0 tclass=service_manager permissive=0
05-24 20:18:41.937   321   321 E SELinux : avc:  denied  { find } for pid=1943 uid=10122 name=tethering scontext=u:r:sprd_radio_app:s0:c512,c768 tcontext=u:object_r:tethering_service:s0 tclass=service_manager permissive=0
05-24 20:18:42.138   321   321 E SELinux : avc:  denied  { find } for pid=1943 uid=10122 name=tethering scontext=u:r:sprd_radio_app:s0:c512,c768 tcontext=u:object_r:tethering_service:s0 tclass=service_manager permissive=0
05-24 20:18:42.340   321   321 E SELinux : avc:  denied  { find } for pid=1943 uid=10122 name=tethering scontext=u:r:sprd_radio_app:s0:c512,c768 tcontext=u:object_r:tethering_service:s0 tclass=service_manager permissive=0
05-24 20:18:42.542   321   321 E SELinux : avc:  denied  { find } for pid=1943 uid=10122 name=tethering scontext=u:r:sprd_radio_app:s0:c512,c768 tcontext=u:object_r:tethering_service:s0 tclass=service_manager permissive=0
05-24 20:18:42.744   321   321 E SELinux : avc:  denied  { find } for pid=1943 uid=10122 name=tethering scontext=u:r:sprd_radio_app:s0:c512,c768 tcontext=u:object_r:tethering_service:s0 tclass=service_manager permissive=0
05-24 20:18:42.946   321   321 E SELinux : avc:  denied  { find } for pid=1943 uid=10122 name=tethering scontext=u:r:sprd_radio_app:s0:c512,c768 tcontext=u:object_r:tethering_service:s0 tclass=service_manager permissive=0
05-24 20:18:43.148   321   321 E SELinux : avc:  denied  { find } for pid=1943 uid=10122 name=tethering scontext=u:r:sprd_radio_app:s0:c512,c768 tcontext=u:object_r:tethering_service:s0 tclass=service_manager permissive=0
05-24 20:18:43.350   321   321 E SELinux : avc:  denied  { find } for pid=1943 uid=10122 name=tethering scontext=u:r:sprd_radio_app:s0:c512,c768 tcontext=u:object_r:tethering_service:s0 tclass=service_manager permissive=0
05-24 20:18:43.552   321   321 E SELinux : avc:  denied  { find } for pid=1943 uid=10122 name=tethering scontext=u:r:sprd_radio_app:s0:c512,c768 tcontext=u:object_r:tethering_service:s0 tclass=service_manager permissive=0
05-24 20:18:43.956   321   321 E SELinux : avc:  denied  { find } for pid=1943 uid=10122 name=tethering scontext=u:r:sprd_radio_app:s0:c512,c768 tcontext=u:object_r:tethering_service:s0 tclass=service_manager permissive=0
05-24 20:18:44.158   321   321 E SELinux : avc:  denied  { find } for pid=1943 uid=10122 name=tethering scontext=u:r:sprd_radio_app:s0:c512,c768 tcontext=u:object_r:tethering_service:s0 tclass=service_manager permissive=0
05-24 20:18:44.360   321   321 E SELinux : avc:  denied  { find } for pid=1943 uid=10122 name=tethering scontext=u:r:sprd_radio_app:s0:c512,c768 tcontext=u:object_r:tethering_service:s0 tclass=service_manager permissive=0
05-24 20:18:44.562   321   321 E SELinux : avc:  denied  { find } for pid=1943 uid=10122 name=tethering scontext=u:r:sprd_radio_app:s0:c512,c768 tcontext=u:object_r:tethering_service:s0 tclass=service_manager permissive=0
05-24 20:18:44.764   321   321 E SELinux : avc:  denied  { find } for pid=1943 uid=10122 name=tethering scontext=u:r:sprd_radio_app:s0:c512,c768 tcontext=u:object_r:tethering_service:s0 tclass=service_manager permissive=0
05-24 20:18:44.966   321   321 E SELinux : avc:  denied  { find } for pid=1943 uid=10122 name=tethering scontext=u:r:sprd_radio_app:s0:c512,c768 tcontext=u:object_r:tethering_service:s0 tclass=service_manager permissive=0
05-24 20:18:45.168   321   321 E SELinux : avc:  denied  { find } for pid=1943 uid=10122 name=tethering scontext=u:r:sprd_radio_app:s0:c512,c768 tcontext=u:object_r:tethering_service:s0 tclass=service_manager permissive=0
05-24 20:18:45.370   321   321 E SELinux : avc:  denied  { find } for pid=1943 uid=10122 name=tethering scontext=u:r:sprd_radio_app:s0:c512,c768 tcontext=u:object_r:tethering_service:s0 tclass=service_manager permissive=0
05-24 20:18:45.774   321   321 E SELinux : avc:  denied  { find } for pid=1943 uid=10122 name=tethering scontext=u:r:sprd_radio_app:s0:c512,c768 tcontext=u:object_r:tethering_service:s0 tclass=service_manager permissive=0
05-24 20:18:45.976   321   321 E SELinux : avc:  denied  { find } for pid=1943 uid=10122 name=tethering scontext=u:r:sprd_radio_app:s0:c512,c768 tcontext=u:object_r:tethering_service:s0 tclass=service_manager permissive=0
05-24 20:18:46.178   321   321 E SELinux : avc:  denied  { find } for pid=1943 uid=10122 name=tethering scontext=u:r:sprd_radio_app:s0:c512,c768 tcontext=u:object_r:tethering_service:s0 tclass=service_manager permissive=0
05-24 20:18:46.380   321   321 E SELinux : avc:  denied  { find } for pid=1943 uid=10122 name=tethering scontext=u:r:sprd_radio_app:s0:c512,c768 tcontext=u:object_r:tethering_service:s0 tclass=service_manager permissive=0
05-24 20:18:46.582   321   321 E SELinux : avc:  denied  { find } for pid=1943 uid=10122 name=tethering scontext=u:r:sprd_radio_app:s0:c512,c768 tcontext=u:object_r:tethering_service:s0 tclass=service_manager permissive=0
05-24 20:18:46.783   321   321 E SELinux : avc:  denied  { find } for pid=1943 uid=10122 name=tethering scontext=u:r:sprd_radio_app:s0:c512,c768 tcontext=u:object_r:tethering_service:s0 tclass=service_manager permissive=0
05-24 20:18:46.985   321   321 E SELinux : avc:  denied  { find } for pid=1943 uid=10122 name=tethering scontext=u:r:sprd_radio_app:s0:c512,c768 tcontext=u:object_r:tethering_service:s0 tclass=service_manager permissive=0
05-24 20:18:47.187   321   321 E SELinux : avc:  denied  { find } for pid=1943 uid=10122 name=tethering scontext=u:r:sprd_radio_app:s0:c512,c768 tcontext=u:object_r:tethering_service:s0 tclass=service_manager permissive=0
05-24 20:18:47.389   321   321 E SELinux : avc:  denied  { find } for pid=1943 uid=10122 name=tethering scontext=u:r:sprd_radio_app:s0:c512,c768 tcontext=u:object_r:tethering_service:s0 tclass=service_manager permissive=0
05-24 20:18:47.433   462   490 E IMGMemtrackHAL: DbgFsParseFile: fopen of /proc/pvr/driver_stats failed (Permission denied)
05-24 20:18:47.433   462   490 E IMGMemtrackHAL: GetGraphicsMemtrackRecords: DbgFsParseDir for /d/ion failed (No such file or directory)
05-24 20:18:47.437  4297  4512 E libc    : Access denied finding property "net.dns1"
05-24 20:18:47.591   321   321 E SELinux : avc:  denied  { find } for pid=1943 uid=10122 name=tethering scontext=u:r:sprd_radio_app:s0:c512,c768 tcontext=u:object_r:tethering_service:s0 tclass=service_manager permissive=0
05-24 20:18:47.793   321   321 E SELinux : avc:  denied  { find } for pid=1943 uid=10122 name=tethering scontext=u:r:sprd_radio_app:s0:c512,c768 tcontext=u:object_r:tethering_service:s0 tclass=service_manager permissive=0
05-24 20:18:47.995   321   321 E SELinux : avc:  denied  { find } for pid=1943 uid=10122 name=tethering scontext=u:r:sprd_radio_app:s0:c512,c768 tcontext=u:object_r:tethering_service:s0 tclass=service_manager permissive=0
05-24 20:18:48.109  4297  4521 E libc    : Access denied finding property "net.dns1"
05-24 20:18:48.113  4297  4521 E libc    : Access denied finding property "net.dns1"
05-24 20:18:48.122  4297  4518 E libc    : Access denied finding property "net.dns1"
05-24 20:18:48.126  4297  4518 E libc    : Access denied finding property "net.dns1"
05-24 20:18:48.197   321   321 E SELinux : avc:  denied  { find } for pid=1943 uid=10122 name=tethering scontext=u:r:sprd_radio_app:s0:c512,c768 tcontext=u:object_r:tethering_service:s0 tclass=service_manager permissive=0
05-24 20:18:48.243  4297  4662 E libc    : Access denied finding property "net.dns1"
05-24 20:18:48.244  4297  4662 E libc    : Access denied finding property "net.dns1"
05-24 20:18:48.290  4297  4518 E libc    : Access denied finding property "net.dns1"
05-24 20:18:48.292  4297  4518 E libc    : Access denied finding property "net.dns1"
05-24 20:18:48.398   321   321 E SELinux : avc:  denied  { find } for pid=1943 uid=10122 name=tethering scontext=u:r:sprd_radio_app:s0:c512,c768 tcontext=u:object_r:tethering_service:s0 tclass=service_manager permissive=0
05-24 20:18:48.599   321   321 E SELinux : avc:  denied  { find } for pid=1943 uid=10122 name=tethering scontext=u:r:sprd_radio_app:s0:c512,c768 tcontext=u:object_r:tethering_service:s0 tclass=service_manager permissive=0
