05-24 16:50:40.677   321   321 E SELinux : avc:  denied  { find } for pid=1943 uid=10122 name=tethering scontext=u:r:sprd_radio_app:s0:c512,c768 tcontext=u:object_r:tethering_service:s0 tclass=service_manager permissive=0
05-24 16:50:42.497   321   321 E SELinux : avc:  denied  { find } for pid=1943 uid=10122 name=tethering scontext=u:r:sprd_radio_app:s0:c512,c768 tcontext=u:object_r:tethering_service:s0 tclass=service_manager permissive=0
05-24 16:50:42.699   321   321 E SELinux : avc:  denied  { find } for pid=1943 uid=10122 name=tethering scontext=u:r:sprd_radio_app:s0:c512,c768 tcontext=u:object_r:tethering_service:s0 tclass=service_manager permissive=0
05-24 16:50:47.554   321   321 E SELinux : avc:  denied  { find } for pid=1943 uid=10122 name=tethering scontext=u:r:sprd_radio_app:s0:c512,c768 tcontext=u:object_r:tethering_service:s0 tclass=service_manager permissive=0
05-24 16:50:47.756   321   321 E SELinux : avc:  denied  { find } for pid=1943 uid=10122 name=tethering scontext=u:r:sprd_radio_app:s0:c512,c768 tcontext=u:object_r:tethering_service:s0 tclass=service_manager permissive=0
05-24 16:50:48.566   321   321 E SELinux : avc:  denied  { find } for pid=1943 uid=10122 name=tethering scontext=u:r:sprd_radio_app:s0:c512,c768 tcontext=u:object_r:tethering_service:s0 tclass=service_manager permissive=0
05-24 16:50:48.768   321   321 E SELinux : avc:  denied  { find } for pid=1943 uid=10122 name=tethering scontext=u:r:sprd_radio_app:s0:c512,c768 tcontext=u:object_r:tethering_service:s0 tclass=service_manager permissive=0
05-24 16:50:49.980   321   321 E SELinux : avc:  denied  { find } for pid=1943 uid=10122 name=tethering scontext=u:r:sprd_radio_app:s0:c512,c768 tcontext=u:object_r:tethering_service:s0 tclass=service_manager permissive=0
05-24 16:50:50.181   321   321 E SELinux : avc:  denied  { find } for pid=1943 uid=10122 name=tethering scontext=u:r:sprd_radio_app:s0:c512,c768 tcontext=u:object_r:tethering_service:s0 tclass=service_manager permissive=0
05-24 16:50:52.609   321   321 E SELinux : avc:  denied  { find } for pid=1943 uid=10122 name=tethering scontext=u:r:sprd_radio_app:s0:c512,c768 tcontext=u:object_r:tethering_service:s0 tclass=service_manager permissive=0
05-24 16:50:52.811   321   321 E SELinux : avc:  denied  { find } for pid=1943 uid=10122 name=tethering scontext=u:r:sprd_radio_app:s0:c512,c768 tcontext=u:object_r:tethering_service:s0 tclass=service_manager permissive=0
05-24 16:50:55.825   824   845 E Watchdog: WDT_Monitor: checkSFStatus sfBlocked=false
05-24 16:50:55.826   824   845 E Watchdog: WDT_Monitor: writeWDTMonitor duration=50,shutdowning=false
05-24 16:50:57.868   321   321 E SELinux : avc:  denied  { find } for pid=1943 uid=10122 name=tethering scontext=u:r:sprd_radio_app:s0:c512,c768 tcontext=u:object_r:tethering_service:s0 tclass=service_manager permissive=0
05-24 16:50:58.070   321   321 E SELinux : avc:  denied  { find } for pid=1943 uid=10122 name=tethering scontext=u:r:sprd_radio_app:s0:c512,c768 tcontext=u:object_r:tethering_service:s0 tclass=service_manager permissive=0
05-24 16:50:59.890   321   321 E SELinux : avc:  denied  { find } for pid=1943 uid=10122 name=tethering scontext=u:r:sprd_radio_app:s0:c512,c768 tcontext=u:object_r:tethering_service:s0 tclass=service_manager permissive=0
05-24 16:51:00.092   321   321 E SELinux : avc:  denied  { find } for pid=1943 uid=10122 name=tethering scontext=u:r:sprd_radio_app:s0:c512,c768 tcontext=u:object_r:tethering_service:s0 tclass=service_manager permissive=0
05-24 16:51:02.924   321   321 E SELinux : avc:  denied  { find } for pid=1943 uid=10122 name=tethering scontext=u:r:sprd_radio_app:s0:c512,c768 tcontext=u:object_r:tethering_service:s0 tclass=service_manager permissive=0
05-24 16:51:03.126   321   321 E SELinux : avc:  denied  { find } for pid=1943 uid=10122 name=tethering scontext=u:r:sprd_radio_app:s0:c512,c768 tcontext=u:object_r:tethering_service:s0 tclass=service_manager permissive=0
05-24 16:51:05.148   321   321 E SELinux : avc:  denied  { find } for pid=1943 uid=10122 name=tethering scontext=u:r:sprd_radio_app:s0:c512,c768 tcontext=u:object_r:tethering_service:s0 tclass=service_manager permissive=0
05-24 16:51:05.148 19737 20009 E fb4a.TigonNetworkSessionListenerManager: handleDataTask failed for handleDataTaskType
05-24 16:51:05.149 19737 11737 E fb4a.msys: E[N data-request]_HandleDataResponse(1681)=>Data request error for task 5cad5222-7492-4d1c-9456-50e4ababa35c (response type 1): network disconnected
05-24 16:51:05.152 19737 11739 E fb4a.msys: E[S sync]_createResponseError(241)=>Network Response 5cad5222-7492-4d1c-9456-50e4ababa35c contains sync error Error Domain=NSURLErrorDomain Code=1 UserInfo=0xd3abec00 {MCFErrorDirectUnderlyingErrorKey=0xebade7c0 "Error Domain=NSURLErrorDomain Code=1 UserInfo=0xe5f1ca00 {MCFErrorDirectLocalizedFailureReasonKey=TigonError(error=TransientError, errorDomain=TigonLigerErrorDomain, domainErrorCode=3, analyticsDetail="AsyncSocketException: connect timed out after 29995ms, type = Timed out")}", MCFErrorDirectLocalizedFailureReasonKey=network disconnected} - Underlying error Error Domain=NSURLErrorDomain Code=1 UserInfo=0xe5f1ca00 {MCFErrorDirectLocalizedFailureReasonKey=TigonError(error=TransientError, errorDomain=TigonLigerErrorDomain, domainErrorCode=3, analyticsDetail="AsyncSocketException: connect timed out after 29995ms, type = Timed out")}: Error Domain=NSURLErrorDomain Code=1 UserInfo=0xd3abec00 {MCFErrorDirectUnderlyingErrorKey=0xebade7c0 "Error Domain=NSURLErrorDomain Code=1 UserInfo=0xe5f1ca00 {MCFErrorDirectLocalizedFailureReasonKey=TigonError(error=TransientError, errorDomain=TigonLigerErrorDomain, domainErrorCode=3, analyticsDetail="AsyncSocketException: connect timed out after 29995ms, type = Timed out")}", MCFErrorDirectLocalizedFailureReasonKey=network disconnected}
05-24 16:51:05.350   321   321 E SELinux : avc:  denied  { find } for pid=1943 uid=10122 name=tethering scontext=u:r:sprd_radio_app:s0:c512,c768 tcontext=u:object_r:tethering_service:s0 tclass=service_manager permissive=0
05-24 16:51:07.975   321   321 E SELinux : avc:  denied  { find } for pid=1943 uid=10122 name=tethering scontext=u:r:sprd_radio_app:s0:c512,c768 tcontext=u:object_r:tethering_service:s0 tclass=service_manager permissive=0
05-24 16:51:08.177   321   321 E SELinux : avc:  denied  { find } for pid=1943 uid=10122 name=tethering scontext=u:r:sprd_radio_app:s0:c512,c768 tcontext=u:object_r:tethering_service:s0 tclass=service_manager permissive=0
05-24 16:51:13.235   321   321 E SELinux : avc:  denied  { find } for pid=1943 uid=10122 name=tethering scontext=u:r:sprd_radio_app:s0:c512,c768 tcontext=u:object_r:tethering_service:s0 tclass=service_manager permissive=0
05-24 16:51:13.438   321   321 E SELinux : avc:  denied  { find } for pid=1943 uid=10122 name=tethering scontext=u:r:sprd_radio_app:s0:c512,c768 tcontext=u:object_r:tethering_service:s0 tclass=service_manager permissive=0
05-24 16:51:18.291   321   321 E SELinux : avc:  denied  { find } for pid=1943 uid=10122 name=tethering scontext=u:r:sprd_radio_app:s0:c512,c768 tcontext=u:object_r:tethering_service:s0 tclass=service_manager permissive=0
05-24 16:51:18.494   321   321 E SELinux : avc:  denied  { find } for pid=1943 uid=10122 name=tethering scontext=u:r:sprd_radio_app:s0:c512,c768 tcontext=u:object_r:tethering_service:s0 tclass=service_manager permissive=0
05-24 16:51:23.347   321   321 E SELinux : avc:  denied  { find } for pid=1943 uid=10122 name=tethering scontext=u:r:sprd_radio_app:s0:c512,c768 tcontext=u:object_r:tethering_service:s0 tclass=service_manager permissive=0
05-24 16:51:23.549   321   321 E SELinux : avc:  denied  { find } for pid=1943 uid=10122 name=tethering scontext=u:r:sprd_radio_app:s0:c512,c768 tcontext=u:object_r:tethering_service:s0 tclass=service_manager permissive=0
05-24 16:51:25.832   824   845 E Watchdog: WDT_Monitor: checkSFStatus sfBlocked=false
05-24 16:51:25.832   824   845 E Watchdog: WDT_Monitor: writeWDTMonitor duration=50,shutdowning=false
05-24 16:51:28.605   321   321 E SELinux : avc:  denied  { find } for pid=1943 uid=10122 name=tethering scontext=u:r:sprd_radio_app:s0:c512,c768 tcontext=u:object_r:tethering_service:s0 tclass=service_manager permissive=0
05-24 16:51:28.808   321   321 E SELinux : avc:  denied  { find } for pid=1943 uid=10122 name=tethering scontext=u:r:sprd_radio_app:s0:c512,c768 tcontext=u:object_r:tethering_service:s0 tclass=service_manager permissive=0
05-24 16:51:33.663   321   321 E SELinux : avc:  denied  { find } for pid=1943 uid=10122 name=tethering scontext=u:r:sprd_radio_app:s0:c512,c768 tcontext=u:object_r:tethering_service:s0 tclass=service_manager permissive=0
05-24 16:51:33.866   321   321 E SELinux : avc:  denied  { find } for pid=1943 uid=10122 name=tethering scontext=u:r:sprd_radio_app:s0:c512,c768 tcontext=u:object_r:tethering_service:s0 tclass=service_manager permissive=0
05-24 16:51:35.080   321   321 E SELinux : avc:  denied  { find } for pid=1943 uid=10122 name=tethering scontext=u:r:sprd_radio_app:s0:c512,c768 tcontext=u:object_r:tethering_service:s0 tclass=service_manager permissive=0
05-24 16:51:35.211 19737 20009 E fb4a.TigonNetworkSessionListenerManager: handleDataTask failed for handleDataTaskType
05-24 16:51:35.212 19737 11737 E fb4a.msys: E[N data-request]_HandleDataResponse(1681)=>Data request error for task c0006511-dcc6-4f00-a25a-8f23884e46b3 (response type 1): network disconnected
05-24 16:51:35.214 19737 11739 E fb4a.msys: E[S sync]_createResponseError(241)=>Network Response c0006511-dcc6-4f00-a25a-8f23884e46b3 contains sync error Error Domain=NSURLErrorDomain Code=1 UserInfo=0xc6da4c00 {MCFErrorDirectUnderlyingErrorKey=0xd39d6d60 "Error Domain=NSURLErrorDomain Code=1 UserInfo=0xe5f1ca00 {MCFErrorDirectLocalizedFailureReasonKey=TigonError(error=TransientError, errorDomain=TigonLigerErrorDomain, domainErrorCode=3, analyticsDetail="AsyncSocketException: connect timed out after 29995ms, type = Timed out")}", MCFErrorDirectLocalizedFailureReasonKey=network disconnected} - Underlying error Error Domain=NSURLErrorDomain Code=1 UserInfo=0xe5f1ca00 {MCFErrorDirectLocalizedFailureReasonKey=TigonError(error=TransientError, errorDomain=TigonLigerErrorDomain, domainErrorCode=3, analyticsDetail="AsyncSocketException: connect timed out after 29995ms, type = Timed out")}: Error Domain=NSURLErrorDomain Code=1 UserInfo=0xc6da4c00 {MCFErrorDirectUnderlyingErrorKey=0xd39d6d60 "Error Domain=NSURLErrorDomain Code=1 UserInfo=0xe5f1ca00 {MCFErrorDirectLocalizedFailureReasonKey=TigonError(error=TransientError, errorDomain=TigonLigerErrorDomain, domainErrorCode=3, analyticsDetail="AsyncSocketException: connect timed out after 29995ms, type = Timed out")}", MCFErrorDirectLocalizedFailureReasonKey=network disconnected}
05-24 16:51:35.282   321   321 E SELinux : avc:  denied  { find } for pid=1943 uid=10122 name=tethering scontext=u:r:sprd_radio_app:s0:c512,c768 tcontext=u:object_r:tethering_service:s0 tclass=service_manager permissive=0
05-24 16:51:38.720   321   321 E SELinux : avc:  denied  { find } for pid=1943 uid=10122 name=tethering scontext=u:r:sprd_radio_app:s0:c512,c768 tcontext=u:object_r:tethering_service:s0 tclass=service_manager permissive=0
05-24 16:51:38.923   321   321 E SELinux : avc:  denied  { find } for pid=1943 uid=10122 name=tethering scontext=u:r:sprd_radio_app:s0:c512,c768 tcontext=u:object_r:tethering_service:s0 tclass=service_manager permissive=0
05-24 16:51:41.146   321   321 E SELinux : avc:  denied  { find } for pid=1943 uid=10122 name=tethering scontext=u:r:sprd_radio_app:s0:c512,c768 tcontext=u:object_r:tethering_service:s0 tclass=service_manager permissive=0
05-24 16:51:41.210   462   490 E IMGMemtrackHAL: DbgFsParseFile: fopen of /proc/pvr/driver_stats failed (Permission denied)
05-24 16:51:41.210   462   498 E IMGMemtrackHAL: GetGraphicsMemtrackRecords: DbgFsParseDir for /d/ion failed (No such file or directory)
05-24 16:51:41.230  6334 17206 E WakeLock: GCM_HB_ALARM release without a matched acquire!
05-24 16:51:41.348   321   321 E SELinux : avc:  denied  { find } for pid=1943 uid=10122 name=tethering scontext=u:r:sprd_radio_app:s0:c512,c768 tcontext=u:object_r:tethering_service:s0 tclass=service_manager permissive=0
05-24 16:51:41.753   321   321 E SELinux : avc:  denied  { find } for pid=1943 uid=10122 name=tethering scontext=u:r:sprd_radio_app:s0:c512,c768 tcontext=u:object_r:tethering_service:s0 tclass=service_manager permissive=0
05-24 16:51:41.955   321   321 E SELinux : avc:  denied  { find } for pid=1943 uid=10122 name=tethering scontext=u:r:sprd_radio_app:s0:c512,c768 tcontext=u:object_r:tethering_service:s0 tclass=service_manager permissive=0
05-24 16:51:43.775   321   321 E SELinux : avc:  denied  { find } for pid=1943 uid=10122 name=tethering scontext=u:r:sprd_radio_app:s0:c512,c768 tcontext=u:object_r:tethering_service:s0 tclass=service_manager permissive=0
05-24 16:51:43.979   321   321 E SELinux : avc:  denied  { find } for pid=1943 uid=10122 name=tethering scontext=u:r:sprd_radio_app:s0:c512,c768 tcontext=u:object_r:tethering_service:s0 tclass=service_manager permissive=0
05-24 16:51:49.032   321   321 E SELinux : avc:  denied  { find } for pid=1943 uid=10122 name=tethering scontext=u:r:sprd_radio_app:s0:c512,c768 tcontext=u:object_r:tethering_service:s0 tclass=service_manager permissive=0
05-24 16:51:49.234   321   321 E SELinux : avc:  denied  { find } for pid=1943 uid=10122 name=tethering scontext=u:r:sprd_radio_app:s0:c512,c768 tcontext=u:object_r:tethering_service:s0 tclass=service_manager permissive=0
05-24 16:51:51.659   321   321 E SELinux : avc:  denied  { find } for pid=1943 uid=10122 name=tethering scontext=u:r:sprd_radio_app:s0:c512,c768 tcontext=u:object_r:tethering_service:s0 tclass=service_manager permissive=0
05-24 16:51:51.861   321   321 E SELinux : avc:  denied  { find } for pid=1943 uid=10122 name=tethering scontext=u:r:sprd_radio_app:s0:c512,c768 tcontext=u:object_r:tethering_service:s0 tclass=service_manager permissive=0
05-24 16:51:54.084   321   321 E SELinux : avc:  denied  { find } for pid=1943 uid=10122 name=tethering scontext=u:r:sprd_radio_app:s0:c512,c768 tcontext=u:object_r:tethering_service:s0 tclass=service_manager permissive=0
05-24 16:51:54.287   321   321 E SELinux : avc:  denied  { find } for pid=1943 uid=10122 name=tethering scontext=u:r:sprd_radio_app:s0:c512,c768 tcontext=u:object_r:tethering_service:s0 tclass=service_manager permissive=0
05-24 16:51:54.691   321   321 E SELinux : avc:  denied  { find } for pid=1943 uid=10122 name=tethering scontext=u:r:sprd_radio_app:s0:c512,c768 tcontext=u:object_r:tethering_service:s0 tclass=service_manager permissive=0
05-24 16:51:54.894   321   321 E SELinux : avc:  denied  { find } for pid=1943 uid=10122 name=tethering scontext=u:r:sprd_radio_app:s0:c512,c768 tcontext=u:object_r:tethering_service:s0 tclass=service_manager permissive=0
05-24 16:51:55.839   824   845 E Watchdog: WDT_Monitor: checkSFStatus sfBlocked=false
05-24 16:51:55.839   824   845 E Watchdog: WDT_Monitor: writeWDTMonitor duration=50,shutdowning=false
05-24 16:51:55.702   321   321 E SELinux : avc:  denied  { find } for pid=1943 uid=10122 name=tethering scontext=u:r:sprd_radio_app:s0:c512,c768 tcontext=u:object_r:tethering_service:s0 tclass=service_manager permissive=0
05-24 16:51:55.904   321   321 E SELinux : avc:  denied  { find } for pid=1943 uid=10122 name=tethering scontext=u:r:sprd_radio_app:s0:c512,c768 tcontext=u:object_r:tethering_service:s0 tclass=service_manager permissive=0
05-24 16:51:56.107   321   321 E SELinux : avc:  denied  { find } for pid=1943 uid=10122 name=tethering scontext=u:r:sprd_radio_app:s0:c512,c768 tcontext=u:object_r:tethering_service:s0 tclass=service_manager permissive=0
05-24 16:51:59.140   321   321 E SELinux : avc:  denied  { find } for pid=1943 uid=10122 name=tethering scontext=u:r:sprd_radio_app:s0:c512,c768 tcontext=u:object_r:tethering_service:s0 tclass=service_manager permissive=0
05-24 16:51:59.341   321   321 E SELinux : avc:  denied  { find } for pid=1943 uid=10122 name=tethering scontext=u:r:sprd_radio_app:s0:c512,c768 tcontext=u:object_r:tethering_service:s0 tclass=service_manager permissive=0
05-24 16:51:59.947   321   321 E SELinux : avc:  denied  { find } for pid=1943 uid=10122 name=tethering scontext=u:r:sprd_radio_app:s0:c512,c768 tcontext=u:object_r:tethering_service:s0 tclass=service_manager permissive=0
05-24 16:52:00.149   321   321 E SELinux : avc:  denied  { find } for pid=1943 uid=10122 name=tethering scontext=u:r:sprd_radio_app:s0:c512,c768 tcontext=u:object_r:tethering_service:s0 tclass=service_manager permissive=0
05-24 16:52:04.398   321   321 E SELinux : avc:  denied  { find } for pid=1943 uid=10122 name=tethering scontext=u:r:sprd_radio_app:s0:c512,c768 tcontext=u:object_r:tethering_service:s0 tclass=service_manager permissive=0
05-24 16:52:04.600   321   321 E SELinux : avc:  denied  { find } for pid=1943 uid=10122 name=tethering scontext=u:r:sprd_radio_app:s0:c512,c768 tcontext=u:object_r:tethering_service:s0 tclass=service_manager permissive=0
05-24 16:52:05.207   321   321 E SELinux : avc:  denied  { find } for pid=1943 uid=10122 name=tethering scontext=u:r:sprd_radio_app:s0:c512,c768 tcontext=u:object_r:tethering_service:s0 tclass=service_manager permissive=0
05-24 16:52:05.269 19737 20009 E fb4a.TigonNetworkSessionListenerManager: handleDataTask failed for handleDataTaskType
05-24 16:52:05.270 19737 11737 E fb4a.msys: E[N data-request]_HandleDataResponse(1681)=>Data request error for task baba5a45-a096-44ee-98cd-f52dc670eff9 (response type 1): network disconnected
05-24 16:52:05.273 19737 11739 E fb4a.msys: E[S sync]_createResponseError(241)=>Network Response baba5a45-a096-44ee-98cd-f52dc670eff9 contains sync error Error Domain=NSURLErrorDomain Code=1 UserInfo=0xc6da4c00 {MCFErrorDirectUnderlyingErrorKey=0xd39d6d60 "Error Domain=NSURLErrorDomain Code=1 UserInfo=0xe5f1ca00 {MCFErrorDirectLocalizedFailureReasonKey=TigonError(error=TransientError, errorDomain=TigonLigerErrorDomain, domainErrorCode=3, analyticsDetail="AsyncSocketException: connect timed out after 29995ms, type = Timed out")}", MCFErrorDirectLocalizedFailureReasonKey=network disconnected} - Underlying error Error Domain=NSURLErrorDomain Code=1 UserInfo=0xe5f1ca00 {MCFErrorDirectLocalizedFailureReasonKey=TigonError(error=TransientError, errorDomain=TigonLigerErrorDomain, domainErrorCode=3, analyticsDetail="AsyncSocketException: connect timed out after 29995ms, type = Timed out")}: Error Domain=NSURLErrorDomain Code=1 UserInfo=0xc6da4c00 {MCFErrorDirectUnderlyingErrorKey=0xd39d6d60 "Error Domain=NSURLErrorDomain Code=1 UserInfo=0xe5f1ca00 {MCFErrorDirectLocalizedFailureReasonKey=TigonError(error=TransientError, errorDomain=TigonLigerErrorDomain, domainErrorCode=3, analyticsDetail="AsyncSocketException: connect timed out after 29995ms, type = Timed out")}", MCFErrorDirectLocalizedFailureReasonKey=network disconnected}
05-24 16:52:05.409   321   321 E SELinux : avc:  denied  { find } for pid=1943 uid=10122 name=tethering scontext=u:r:sprd_radio_app:s0:c512,c768 tcontext=u:object_r:tethering_service:s0 tclass=service_manager permissive=0
05-24 16:52:05.814   321   321 E SELinux : avc:  denied  { find } for pid=1943 uid=10122 name=tethering scontext=u:r:sprd_radio_app:s0:c512,c768 tcontext=u:object_r:tethering_service:s0 tclass=service_manager permissive=0
05-24 16:52:06.017   321   321 E SELinux : avc:  denied  { find } for pid=1943 uid=10122 name=tethering scontext=u:r:sprd_radio_app:s0:c512,c768 tcontext=u:object_r:tethering_service:s0 tclass=service_manager permissive=0
05-24 16:52:08.243   321   321 E SELinux : avc:  denied  { find } for pid=1943 uid=10122 name=tethering scontext=u:r:sprd_radio_app:s0:c512,c768 tcontext=u:object_r:tethering_service:s0 tclass=service_manager permissive=0
05-24 16:52:08.445   321   321 E SELinux : avc:  denied  { find } for pid=1943 uid=10122 name=tethering scontext=u:r:sprd_radio_app:s0:c512,c768 tcontext=u:object_r:tethering_service:s0 tclass=service_manager permissive=0
05-24 16:52:08.850   321   321 E SELinux : avc:  denied  { find } for pid=1943 uid=10122 name=tethering scontext=u:r:sprd_radio_app:s0:c512,c768 tcontext=u:object_r:tethering_service:s0 tclass=service_manager permissive=0
05-24 16:52:08.870  1388 17539 E MCS2.0_CIPHER_ALGO: checkSign 1  
05-24 16:52:08.881 12007 12025 E OpenID  : com.heytap.mcs:DUID:ret:T
05-24 16:52:08.885 12007 12025 E OpenID  : com.heytap.mcs:OUID:ret:F
05-24 16:52:09.052   321   321 E SELinux : avc:  denied  { find } for pid=1943 uid=10122 name=tethering scontext=u:r:sprd_radio_app:s0:c512,c768 tcontext=u:object_r:tethering_service:s0 tclass=service_manager permissive=0
05-24 16:52:09.457   321   321 E SELinux : avc:  denied  { find } for pid=1943 uid=10122 name=tethering scontext=u:r:sprd_radio_app:s0:c512,c768 tcontext=u:object_r:tethering_service:s0 tclass=service_manager permissive=0
05-24 16:52:09.659   321   321 E SELinux : avc:  denied  { find } for pid=1943 uid=10122 name=tethering scontext=u:r:sprd_radio_app:s0:c512,c768 tcontext=u:object_r:tethering_service:s0 tclass=service_manager permissive=0
05-24 16:52:10.671   321   321 E SELinux : avc:  denied  { find } for pid=1943 uid=10122 name=tethering scontext=u:r:sprd_radio_app:s0:c512,c768 tcontext=u:object_r:tethering_service:s0 tclass=service_manager permissive=0
05-24 16:52:10.873   321   321 E SELinux : avc:  denied  { find } for pid=1943 uid=10122 name=tethering scontext=u:r:sprd_radio_app:s0:c512,c768 tcontext=u:object_r:tethering_service:s0 tclass=service_manager permissive=0
05-24 16:52:11.075   321   321 E SELinux : avc:  denied  { find } for pid=1943 uid=10122 name=tethering scontext=u:r:sprd_radio_app:s0:c512,c768 tcontext=u:object_r:tethering_service:s0 tclass=service_manager permissive=0
05-24 16:52:14.514   321   321 E SELinux : avc:  denied  { find } for pid=1943 uid=10122 name=tethering scontext=u:r:sprd_radio_app:s0:c512,c768 tcontext=u:object_r:tethering_service:s0 tclass=service_manager permissive=0
05-24 16:52:14.716   321   321 E SELinux : avc:  denied  { find } for pid=1943 uid=10122 name=tethering scontext=u:r:sprd_radio_app:s0:c512,c768 tcontext=u:object_r:tethering_service:s0 tclass=service_manager permissive=0
05-24 16:52:14.918   321   321 E SELinux : avc:  denied  { find } for pid=1943 uid=10122 name=tethering scontext=u:r:sprd_radio_app:s0:c512,c768 tcontext=u:object_r:tethering_service:s0 tclass=service_manager permissive=0
05-24 16:52:18.156   321   321 E SELinux : avc:  denied  { find } for pid=1943 uid=10122 name=tethering scontext=u:r:sprd_radio_app:s0:c512,c768 tcontext=u:object_r:tethering_service:s0 tclass=service_manager permissive=0
05-24 16:52:18.358   321   321 E SELinux : avc:  denied  { find } for pid=1943 uid=10122 name=tethering scontext=u:r:sprd_radio_app:s0:c512,c768 tcontext=u:object_r:tethering_service:s0 tclass=service_manager permissive=0
05-24 16:52:18.560   321   321 E SELinux : avc:  denied  { find } for pid=1943 uid=10122 name=tethering scontext=u:r:sprd_radio_app:s0:c512,c768 tcontext=u:object_r:tethering_service:s0 tclass=service_manager permissive=0
05-24 16:52:19.773   321   321 E SELinux : avc:  denied  { find } for pid=1943 uid=10122 name=tethering scontext=u:r:sprd_radio_app:s0:c512,c768 tcontext=u:object_r:tethering_service:s0 tclass=service_manager permissive=0
05-24 16:52:19.976   321   321 E SELinux : avc:  denied  { find } for pid=1943 uid=10122 name=tethering scontext=u:r:sprd_radio_app:s0:c512,c768 tcontext=u:object_r:tethering_service:s0 tclass=service_manager permissive=0
05-24 16:52:20.785   321   321 E SELinux : avc:  denied  { find } for pid=1943 uid=10122 name=tethering scontext=u:r:sprd_radio_app:s0:c512,c768 tcontext=u:object_r:tethering_service:s0 tclass=service_manager permissive=0
05-24 16:52:20.987   321   321 E SELinux : avc:  denied  { find } for pid=1943 uid=10122 name=tethering scontext=u:r:sprd_radio_app:s0:c512,c768 tcontext=u:object_r:tethering_service:s0 tclass=service_manager permissive=0
05-24 16:52:23.819   321   321 E SELinux : avc:  denied  { find } for pid=1943 uid=10122 name=tethering scontext=u:r:sprd_radio_app:s0:c512,c768 tcontext=u:object_r:tethering_service:s0 tclass=service_manager permissive=0
05-24 16:52:24.021   321   321 E SELinux : avc:  denied  { find } for pid=1943 uid=10122 name=tethering scontext=u:r:sprd_radio_app:s0:c512,c768 tcontext=u:object_r:tethering_service:s0 tclass=service_manager permissive=0
05-24 16:52:24.629   321   321 E SELinux : avc:  denied  { find } for pid=1943 uid=10122 name=tethering scontext=u:r:sprd_radio_app:s0:c512,c768 tcontext=u:object_r:tethering_service:s0 tclass=service_manager permissive=0
05-24 16:52:24.831   321   321 E SELinux : avc:  denied  { find } for pid=1943 uid=10122 name=tethering scontext=u:r:sprd_radio_app:s0:c512,c768 tcontext=u:object_r:tethering_service:s0 tclass=service_manager permissive=0
05-24 16:52:25.033   321   321 E SELinux : avc:  denied  { find } for pid=1943 uid=10122 name=tethering scontext=u:r:sprd_radio_app:s0:c512,c768 tcontext=u:object_r:tethering_service:s0 tclass=service_manager permissive=0
05-24 16:52:25.846   824   845 E Watchdog: WDT_Monitor: checkSFStatus sfBlocked=false
05-24 16:52:25.846   824   845 E Watchdog: WDT_Monitor: writeWDTMonitor duration=50,shutdowning=false
05-24 16:52:27.866   321   321 E SELinux : avc:  denied  { find } for pid=1943 uid=10122 name=tethering scontext=u:r:sprd_radio_app:s0:c512,c768 tcontext=u:object_r:tethering_service:s0 tclass=service_manager permissive=0
05-24 16:52:28.068   321   321 E SELinux : avc:  denied  { find } for pid=1943 uid=10122 name=tethering scontext=u:r:sprd_radio_app:s0:c512,c768 tcontext=u:object_r:tethering_service:s0 tclass=service_manager permissive=0
05-24 16:52:29.889   321   321 E SELinux : avc:  denied  { find } for pid=1943 uid=10122 name=tethering scontext=u:r:sprd_radio_app:s0:c512,c768 tcontext=u:object_r:tethering_service:s0 tclass=service_manager permissive=0
05-24 16:52:30.091   321   321 E SELinux : avc:  denied  { find } for pid=1943 uid=10122 name=tethering scontext=u:r:sprd_radio_app:s0:c512,c768 tcontext=u:object_r:tethering_service:s0 tclass=service_manager permissive=0
05-24 16:52:35.145   321   321 E SELinux : avc:  denied  { find } for pid=1943 uid=10122 name=tethering scontext=u:r:sprd_radio_app:s0:c512,c768 tcontext=u:object_r:tethering_service:s0 tclass=service_manager permissive=0
05-24 16:52:35.310 19737 20009 E fb4a.TigonNetworkSessionListenerManager: handleDataTask failed for handleDataTaskType
05-24 16:52:35.312 19737 11737 E fb4a.msys: E[N data-request]_HandleDataResponse(1681)=>Data request error for task 38bd7aa5-54b2-43e8-b2d7-35ac2e90053c (response type 1): network disconnected
05-24 16:52:35.314 19737 11739 E fb4a.msys: E[S sync]_createResponseError(241)=>Network Response 38bd7aa5-54b2-43e8-b2d7-35ac2e90053c contains sync error Error Domain=NSURLErrorDomain Code=1 UserInfo=0xe5f20100 {MCFErrorDirectUnderlyingErrorKey=0xd41c5bc0 "Error Domain=NSURLErrorDomain Code=1 UserInfo=0xe5f1ca00 {MCFErrorDirectLocalizedFailureReasonKey=TigonError(error=TransientError, errorDomain=TigonLigerErrorDomain, domainErrorCode=3, analyticsDetail="AsyncSocketException: connect timed out after 29995ms, type = Timed out")}", MCFErrorDirectLocalizedFailureReasonKey=network disconnected} - Underlying error Error Domain=NSURLErrorDomain Code=1 UserInfo=0xe5f1ca00 {MCFErrorDirectLocalizedFailureReasonKey=TigonError(error=TransientError, errorDomain=TigonLigerErrorDomain, domainErrorCode=3, analyticsDetail="AsyncSocketException: connect timed out after 29995ms, type = Timed out")}: Error Domain=NSURLErrorDomain Code=1 UserInfo=0xe5f20100 {MCFErrorDirectUnderlyingErrorKey=0xd41c5bc0 "Error Domain=NSURLErrorDomain Code=1 UserInfo=0xe5f1ca00 {MCFErrorDirectLocalizedFailureReasonKey=TigonError(error=TransientError, errorDomain=TigonLigerErrorDomain, domainErrorCode=3, analyticsDetail="AsyncSocketException: connect timed out after 29995ms, type = Timed out")}", MCFErrorDirectLocalizedFailureReasonKey=network disconnected}
05-24 16:52:35.346   321   321 E SELinux : avc:  denied  { find } for pid=1943 uid=10122 name=tethering scontext=u:r:sprd_radio_app:s0:c512,c768 tcontext=u:object_r:tethering_service:s0 tclass=service_manager permissive=0
05-24 16:52:37.771   321   321 E SELinux : avc:  denied  { find } for pid=1943 uid=10122 name=tethering scontext=u:r:sprd_radio_app:s0:c512,c768 tcontext=u:object_r:tethering_service:s0 tclass=service_manager permissive=0
05-24 16:52:37.973   321   321 E SELinux : avc:  denied  { find } for pid=1943 uid=10122 name=tethering scontext=u:r:sprd_radio_app:s0:c512,c768 tcontext=u:object_r:tethering_service:s0 tclass=service_manager permissive=0
05-24 16:52:40.198   321   321 E SELinux : avc:  denied  { find } for pid=1943 uid=10122 name=tethering scontext=u:r:sprd_radio_app:s0:c512,c768 tcontext=u:object_r:tethering_service:s0 tclass=service_manager permissive=0
05-24 16:52:40.400   321   321 E SELinux : avc:  denied  { find } for pid=1943 uid=10122 name=tethering scontext=u:r:sprd_radio_app:s0:c512,c768 tcontext=u:object_r:tethering_service:s0 tclass=service_manager permissive=0
05-24 16:52:40.804   321   321 E SELinux : avc:  denied  { find } for pid=1943 uid=10122 name=tethering scontext=u:r:sprd_radio_app:s0:c512,c768 tcontext=u:object_r:tethering_service:s0 tclass=service_manager permissive=0
05-24 16:52:41.007   321   321 E SELinux : avc:  denied  { find } for pid=1943 uid=10122 name=tethering scontext=u:r:sprd_radio_app:s0:c512,c768 tcontext=u:object_r:tethering_service:s0 tclass=service_manager permissive=0
05-24 16:52:45.251   321   321 E SELinux : avc:  denied  { find } for pid=1943 uid=10122 name=tethering scontext=u:r:sprd_radio_app:s0:c512,c768 tcontext=u:object_r:tethering_service:s0 tclass=service_manager permissive=0
05-24 16:52:45.453   321   321 E SELinux : avc:  denied  { find } for pid=1943 uid=10122 name=tethering scontext=u:r:sprd_radio_app:s0:c512,c768 tcontext=u:object_r:tethering_service:s0 tclass=service_manager permissive=0
05-24 16:52:48.890   321   321 E SELinux : avc:  denied  { find } for pid=1943 uid=10122 name=tethering scontext=u:r:sprd_radio_app:s0:c512,c768 tcontext=u:object_r:tethering_service:s0 tclass=service_manager permissive=0
05-24 16:52:49.092   321   321 E SELinux : avc:  denied  { find } for pid=1943 uid=10122 name=tethering scontext=u:r:sprd_radio_app:s0:c512,c768 tcontext=u:object_r:tethering_service:s0 tclass=service_manager permissive=0
05-24 16:52:49.294   321   321 E SELinux : avc:  denied  { find } for pid=1943 uid=10122 name=tethering scontext=u:r:sprd_radio_app:s0:c512,c768 tcontext=u:object_r:tethering_service:s0 tclass=service_manager permissive=0
05-24 16:52:50.506   321   321 E SELinux : avc:  denied  { find } for pid=1943 uid=10122 name=tethering scontext=u:r:sprd_radio_app:s0:c512,c768 tcontext=u:object_r:tethering_service:s0 tclass=service_manager permissive=0
05-24 16:52:50.709   321   321 E SELinux : avc:  denied  { find } for pid=1943 uid=10122 name=tethering scontext=u:r:sprd_radio_app:s0:c512,c768 tcontext=u:object_r:tethering_service:s0 tclass=service_manager permissive=0
05-24 16:52:55.561   321   321 E SELinux : avc:  denied  { find } for pid=1943 uid=10122 name=tethering scontext=u:r:sprd_radio_app:s0:c512,c768 tcontext=u:object_r:tethering_service:s0 tclass=service_manager permissive=0
05-24 16:52:55.764   321   321 E SELinux : avc:  denied  { find } for pid=1943 uid=10122 name=tethering scontext=u:r:sprd_radio_app:s0:c512,c768 tcontext=u:object_r:tethering_service:s0 tclass=service_manager permissive=0
05-24 16:52:55.852   824   845 E Watchdog: WDT_Monitor: checkSFStatus sfBlocked=false
05-24 16:52:55.853   824   845 E Watchdog: WDT_Monitor: writeWDTMonitor duration=50,shutdowning=false
05-24 16:52:58.799   321   321 E SELinux : avc:  denied  { find } for pid=1943 uid=10122 name=tethering scontext=u:r:sprd_radio_app:s0:c512,c768 tcontext=u:object_r:tethering_service:s0 tclass=service_manager permissive=0
05-24 16:52:59.002   321   321 E SELinux : avc:  denied  { find } for pid=1943 uid=10122 name=tethering scontext=u:r:sprd_radio_app:s0:c512,c768 tcontext=u:object_r:tethering_service:s0 tclass=service_manager permissive=0
05-24 16:52:59.811   321   321 E SELinux : avc:  denied  { find } for pid=1943 uid=10122 name=tethering scontext=u:r:sprd_radio_app:s0:c512,c768 tcontext=u:object_r:tethering_service:s0 tclass=service_manager permissive=0
05-24 16:53:00.013   321   321 E SELinux : avc:  denied  { find } for pid=1943 uid=10122 name=tethering scontext=u:r:sprd_radio_app:s0:c512,c768 tcontext=u:object_r:tethering_service:s0 tclass=service_manager permissive=0
05-24 16:53:00.620   321   321 E SELinux : avc:  denied  { find } for pid=1943 uid=10122 name=tethering scontext=u:r:sprd_radio_app:s0:c512,c768 tcontext=u:object_r:tethering_service:s0 tclass=service_manager permissive=0
05-24 16:53:00.822   321   321 E SELinux : avc:  denied  { find } for pid=1943 uid=10122 name=tethering scontext=u:r:sprd_radio_app:s0:c512,c768 tcontext=u:object_r:tethering_service:s0 tclass=service_manager permissive=0
05-24 16:53:01.834   321   321 E SELinux : avc:  denied  { find } for pid=1943 uid=10122 name=tethering scontext=u:r:sprd_radio_app:s0:c512,c768 tcontext=u:object_r:tethering_service:s0 tclass=service_manager permissive=0
05-24 16:53:02.036   321   321 E SELinux : avc:  denied  { find } for pid=1943 uid=10122 name=tethering scontext=u:r:sprd_radio_app:s0:c512,c768 tcontext=u:object_r:tethering_service:s0 tclass=service_manager permissive=0
05-24 16:53:05.273   321   321 E SELinux : avc:  denied  { find } for pid=1943 uid=10122 name=tethering scontext=u:r:sprd_radio_app:s0:c512,c768 tcontext=u:object_r:tethering_service:s0 tclass=service_manager permissive=0
05-24 16:53:05.351 19737 20009 E fb4a.TigonNetworkSessionListenerManager: handleDataTask failed for handleDataTaskType
05-24 16:53:05.353 19737 11737 E fb4a.msys: E[N data-request]_HandleDataResponse(1681)=>Data request error for task 0c9f6b1a-79f0-438f-83fc-d9a4c1f982f6 (response type 1): network disconnected
05-24 16:53:05.355 19737 11739 E fb4a.msys: E[S sync]_createResponseError(241)=>Network Response 0c9f6b1a-79f0-438f-83fc-d9a4c1f982f6 contains sync error Error Domain=NSURLErrorDomain Code=1 UserInfo=0xbe418f00 {MCFErrorDirectUnderlyingErrorKey=0xd3781c00 "Error Domain=NSURLErrorDomain Code=1 UserInfo=0xc6da4c00 {MCFErrorDirectLocalizedFailureReasonKey=TigonError(error=TransientError, errorDomain=TigonLigerErrorDomain, domainErrorCode=3, analyticsDetail="AsyncSocketException: connect timed out after 29995ms, type = Timed out")}", MCFErrorDirectLocalizedFailureReasonKey=network disconnected} - Underlying error Error Domain=NSURLErrorDomain Code=1 UserInfo=0xc6da4c00 {MCFErrorDirectLocalizedFailureReasonKey=TigonError(error=TransientError, errorDomain=TigonLigerErrorDomain, domainErrorCode=3, analyticsDetail="AsyncSocketException: connect timed out after 29995ms, type = Timed out")}: Error Domain=NSURLErrorDomain Code=1 UserInfo=0xbe418f00 {MCFErrorDirectUnderlyingErrorKey=0xd3781c00 "Error Domain=NSURLErrorDomain Code=1 UserInfo=0xc6da4c00 {MCFErrorDirectLocalizedFailureReasonKey=TigonError(error=TransientError, errorDomain=TigonLigerErrorDomain, domainErrorCode=3, analyticsDetail="AsyncSocketException: connect timed out after 29995ms, type = Timed out")}", MCFErrorDirectLocalizedFailureReasonKey=network disconnected}
05-24 16:53:05.476   321   321 E SELinux : avc:  denied  { find } for pid=1943 uid=10122 name=tethering scontext=u:r:sprd_radio_app:s0:c512,c768 tcontext=u:object_r:tethering_service:s0 tclass=service_manager permissive=0
05-24 16:53:05.880   321   321 E SELinux : avc:  denied  { find } for pid=1943 uid=10122 name=tethering scontext=u:r:sprd_radio_app:s0:c512,c768 tcontext=u:object_r:tethering_service:s0 tclass=service_manager permissive=0
05-24 16:53:06.083   321   321 E SELinux : avc:  denied  { find } for pid=1943 uid=10122 name=tethering scontext=u:r:sprd_radio_app:s0:c512,c768 tcontext=u:object_r:tethering_service:s0 tclass=service_manager permissive=0
05-24 16:53:09.726   321   321 E SELinux : avc:  denied  { find } for pid=1943 uid=10122 name=tethering scontext=u:r:sprd_radio_app:s0:c512,c768 tcontext=u:object_r:tethering_service:s0 tclass=service_manager permissive=0
05-24 16:53:09.927   321   321 E SELinux : avc:  denied  { find } for pid=1943 uid=10122 name=tethering scontext=u:r:sprd_radio_app:s0:c512,c768 tcontext=u:object_r:tethering_service:s0 tclass=service_manager permissive=0
05-24 16:53:10.939   321   321 E SELinux : avc:  denied  { find } for pid=1943 uid=10122 name=tethering scontext=u:r:sprd_radio_app:s0:c512,c768 tcontext=u:object_r:tethering_service:s0 tclass=service_manager permissive=0
05-24 16:53:11.141   321   321 E SELinux : avc:  denied  { find } for pid=1943 uid=10122 name=tethering scontext=u:r:sprd_radio_app:s0:c512,c768 tcontext=u:object_r:tethering_service:s0 tclass=service_manager permissive=0
05-24 16:53:13.164   321   321 E SELinux : avc:  denied  { find } for pid=1943 uid=10122 name=tethering scontext=u:r:sprd_radio_app:s0:c512,c768 tcontext=u:object_r:tethering_service:s0 tclass=service_manager permissive=0
05-24 16:53:13.367   321   321 E SELinux : avc:  denied  { find } for pid=1943 uid=10122 name=tethering scontext=u:r:sprd_radio_app:s0:c512,c768 tcontext=u:object_r:tethering_service:s0 tclass=service_manager permissive=0
05-24 16:53:15.997   321   321 E SELinux : avc:  denied  { find } for pid=1943 uid=10122 name=tethering scontext=u:r:sprd_radio_app:s0:c512,c768 tcontext=u:object_r:tethering_service:s0 tclass=service_manager permissive=0
05-24 16:53:16.199   321   321 E SELinux : avc:  denied  { find } for pid=1943 uid=10122 name=tethering scontext=u:r:sprd_radio_app:s0:c512,c768 tcontext=u:object_r:tethering_service:s0 tclass=service_manager permissive=0
05-24 16:53:17.817   321   321 E SELinux : avc:  denied  { find } for pid=1943 uid=10122 name=tethering scontext=u:r:sprd_radio_app:s0:c512,c768 tcontext=u:object_r:tethering_service:s0 tclass=service_manager permissive=0
05-24 16:53:18.019   321   321 E SELinux : avc:  denied  { find } for pid=1943 uid=10122 name=tethering scontext=u:r:sprd_radio_app:s0:c512,c768 tcontext=u:object_r:tethering_service:s0 tclass=service_manager permissive=0
05-24 16:53:19.029   321   321 E SELinux : avc:  denied  { find } for pid=1943 uid=10122 name=tethering scontext=u:r:sprd_radio_app:s0:c512,c768 tcontext=u:object_r:tethering_service:s0 tclass=service_manager permissive=0
05-24 16:53:19.231   321   321 E SELinux : avc:  denied  { find } for pid=1943 uid=10122 name=tethering scontext=u:r:sprd_radio_app:s0:c512,c768 tcontext=u:object_r:tethering_service:s0 tclass=service_manager permissive=0
05-24 16:53:21.253   321   321 E SELinux : avc:  denied  { find } for pid=1943 uid=10122 name=tethering scontext=u:r:sprd_radio_app:s0:c512,c768 tcontext=u:object_r:tethering_service:s0 tclass=service_manager permissive=0
05-24 16:53:21.455   321   321 E SELinux : avc:  denied  { find } for pid=1943 uid=10122 name=tethering scontext=u:r:sprd_radio_app:s0:c512,c768 tcontext=u:object_r:tethering_service:s0 tclass=service_manager permissive=0
05-24 16:53:25.859   824   845 E Watchdog: WDT_Monitor: checkSFStatus sfBlocked=false
05-24 16:53:25.859   824   845 E Watchdog: WDT_Monitor: writeWDTMonitor duration=50,shutdowning=false
05-24 16:53:26.310   321   321 E SELinux : avc:  denied  { find } for pid=1943 uid=10122 name=tethering scontext=u:r:sprd_radio_app:s0:c512,c768 tcontext=u:object_r:tethering_service:s0 tclass=service_manager permissive=0
05-24 16:53:26.513   321   321 E SELinux : avc:  denied  { find } for pid=1943 uid=10122 name=tethering scontext=u:r:sprd_radio_app:s0:c512,c768 tcontext=u:object_r:tethering_service:s0 tclass=service_manager permissive=0
05-24 16:53:27.926   321   321 E SELinux : avc:  denied  { find } for pid=1943 uid=10122 name=tethering scontext=u:r:sprd_radio_app:s0:c512,c768 tcontext=u:object_r:tethering_service:s0 tclass=service_manager permissive=0
05-24 16:53:28.129   321   321 E SELinux : avc:  denied  { find } for pid=1943 uid=10122 name=tethering scontext=u:r:sprd_radio_app:s0:c512,c768 tcontext=u:object_r:tethering_service:s0 tclass=service_manager permissive=0
05-24 16:53:30.958   321   321 E SELinux : avc:  denied  { find } for pid=1943 uid=10122 name=tethering scontext=u:r:sprd_radio_app:s0:c512,c768 tcontext=u:object_r:tethering_service:s0 tclass=service_manager permissive=0
05-24 16:53:31.161   321   321 E SELinux : avc:  denied  { find } for pid=1943 uid=10122 name=tethering scontext=u:r:sprd_radio_app:s0:c512,c768 tcontext=u:object_r:tethering_service:s0 tclass=service_manager permissive=0
05-24 16:53:31.363   321   321 E SELinux : avc:  denied  { find } for pid=1943 uid=10122 name=tethering scontext=u:r:sprd_radio_app:s0:c512,c768 tcontext=u:object_r:tethering_service:s0 tclass=service_manager permissive=0
05-24 16:53:31.565   321   321 E SELinux : avc:  denied  { find } for pid=1943 uid=10122 name=tethering scontext=u:r:sprd_radio_app:s0:c512,c768 tcontext=u:object_r:tethering_service:s0 tclass=service_manager permissive=0
05-24 16:53:35.199   321   321 E SELinux : avc:  denied  { find } for pid=1943 uid=10122 name=tethering scontext=u:r:sprd_radio_app:s0:c512,c768 tcontext=u:object_r:tethering_service:s0 tclass=service_manager permissive=0
05-24 16:53:35.393 19737 20009 E fb4a.TigonNetworkSessionListenerManager: handleDataTask failed for handleDataTaskType
05-24 16:53:35.394 19737 11737 E fb4a.msys: E[N data-request]_HandleDataResponse(1681)=>Data request error for task 5fa57bb5-c44e-4ea0-86d5-fe544934e7a3 (response type 1): network disconnected
05-24 16:53:35.395 19737 11739 E fb4a.msys: E[S sync]_createResponseError(241)=>Network Response 5fa57bb5-c44e-4ea0-86d5-fe544934e7a3 contains sync error Error Domain=NSURLErrorDomain Code=1 UserInfo=0xbe418f00 {MCFErrorDirectUnderlyingErrorKey=0xd3781e80 "Error Domain=NSURLErrorDomain Code=1 UserInfo=0xe5f1ca00 {MCFErrorDirectLocalizedFailureReasonKey=TigonError(error=TransientError, errorDomain=TigonLigerErrorDomain, domainErrorCode=3, analyticsDetail="AsyncSocketException: connect timed out after 29995ms, type = Timed out")}", MCFErrorDirectLocalizedFailureReasonKey=network disconnected} - Underlying error Error Domain=NSURLErrorDomain Code=1 UserInfo=0xe5f1ca00 {MCFErrorDirectLocalizedFailureReasonKey=TigonError(error=TransientError, errorDomain=TigonLigerErrorDomain, domainErrorCode=3, analyticsDetail="AsyncSocketException: connect timed out after 29995ms, type = Timed out")}: Error Domain=NSURLErrorDomain Code=1 UserInfo=0xbe418f00 {MCFErrorDirectUnderlyingErrorKey=0xd3781e80 "Error Domain=NSURLErrorDomain Code=1 UserInfo=0xe5f1ca00 {MCFErrorDirectLocalizedFailureReasonKey=TigonError(error=TransientError, errorDomain=TigonLigerErrorDomain, domainErrorCode=3, analyticsDetail="AsyncSocketException: connect timed out after 29995ms, type = Timed out")}", MCFErrorDirectLocalizedFailureReasonKey=network disconnected}
05-24 16:53:35.400   321   321 E SELinux : avc:  denied  { find } for pid=1943 uid=10122 name=tethering scontext=u:r:sprd_radio_app:s0:c512,c768 tcontext=u:object_r:tethering_service:s0 tclass=service_manager permissive=0
05-24 16:53:36.613   321   321 E SELinux : avc:  denied  { find } for pid=1943 uid=10122 name=tethering scontext=u:r:sprd_radio_app:s0:c512,c768 tcontext=u:object_r:tethering_service:s0 tclass=service_manager permissive=0
05-24 16:53:36.815   321   321 E SELinux : avc:  denied  { find } for pid=1943 uid=10122 name=tethering scontext=u:r:sprd_radio_app:s0:c512,c768 tcontext=u:object_r:tethering_service:s0 tclass=service_manager permissive=0
05-24 16:53:41.666   321   321 E SELinux : avc:  denied  { find } for pid=1943 uid=10122 name=tethering scontext=u:r:sprd_radio_app:s0:c512,c768 tcontext=u:object_r:tethering_service:s0 tclass=service_manager permissive=0
05-24 16:53:41.868   321   321 E SELinux : avc:  denied  { find } for pid=1943 uid=10122 name=tethering scontext=u:r:sprd_radio_app:s0:c512,c768 tcontext=u:object_r:tethering_service:s0 tclass=service_manager permissive=0
05-24 16:53:46.724   321   321 E SELinux : avc:  denied  { find } for pid=1943 uid=10122 name=tethering scontext=u:r:sprd_radio_app:s0:c512,c768 tcontext=u:object_r:tethering_service:s0 tclass=service_manager permissive=0
05-24 16:53:46.926   321   321 E SELinux : avc:  denied  { find } for pid=1943 uid=10122 name=tethering scontext=u:r:sprd_radio_app:s0:c512,c768 tcontext=u:object_r:tethering_service:s0 tclass=service_manager permissive=0
05-24 16:53:51.779   321   321 E SELinux : avc:  denied  { find } for pid=1943 uid=10122 name=tethering scontext=u:r:sprd_radio_app:s0:c512,c768 tcontext=u:object_r:tethering_service:s0 tclass=service_manager permissive=0
05-24 16:53:51.981   321   321 E SELinux : avc:  denied  { find } for pid=1943 uid=10122 name=tethering scontext=u:r:sprd_radio_app:s0:c512,c768 tcontext=u:object_r:tethering_service:s0 tclass=service_manager permissive=0
05-24 16:53:55.866   824   845 E Watchdog: WDT_Monitor: checkSFStatus sfBlocked=false
05-24 16:53:55.866   824   845 E Watchdog: WDT_Monitor: writeWDTMonitor duration=50,shutdowning=false
05-24 16:53:57.035   321   321 E SELinux : avc:  denied  { find } for pid=1943 uid=10122 name=tethering scontext=u:r:sprd_radio_app:s0:c512,c768 tcontext=u:object_r:tethering_service:s0 tclass=service_manager permissive=0
05-24 16:53:57.237   321   321 E SELinux : avc:  denied  { find } for pid=1943 uid=10122 name=tethering scontext=u:r:sprd_radio_app:s0:c512,c768 tcontext=u:object_r:tethering_service:s0 tclass=service_manager permissive=0
05-24 16:53:57.845   321   321 E SELinux : avc:  denied  { find } for pid=1943 uid=10122 name=tethering scontext=u:r:sprd_radio_app:s0:c512,c768 tcontext=u:object_r:tethering_service:s0 tclass=service_manager permissive=0
05-24 16:53:58.032   462   490 E IMGMemtrackHAL: DbgFsParseFile: fopen of /proc/pvr/driver_stats failed (Permission denied)
05-24 16:53:58.032   462   490 E IMGMemtrackHAL: GetGraphicsMemtrackRecords: DbgFsParseDir for /d/ion failed (No such file or directory)
05-24 16:53:58.035   462   490 E IMGMemtrackHAL: DbgFsParseFile: fopen of /proc/pvr/driver_stats failed (Permission denied)
05-24 16:53:58.036   462   490 E IMGMemtrackHAL: GetGraphicsMemtrackRecords: DbgFsParseDir for /d/ion failed (No such file or directory)
05-24 16:53:58.039   462   490 E IMGMemtrackHAL: DbgFsParseFile: fopen of /proc/pvr/driver_stats failed (Permission denied)
05-24 16:53:58.039   462   490 E IMGMemtrackHAL: GetGraphicsMemtrackRecords: DbgFsParseDir for /d/ion failed (No such file or directory)
05-24 16:53:58.042   462   490 E IMGMemtrackHAL: DbgFsParseFile: fopen of /proc/pvr/driver_stats failed (Permission denied)
05-24 16:53:58.042   462   490 E IMGMemtrackHAL: GetGraphicsMemtrackRecords: DbgFsParseDir for /d/ion failed (No such file or directory)
05-24 16:53:58.044   462   490 E IMGMemtrackHAL: DbgFsParseFile: fopen of /proc/pvr/driver_stats failed (Permission denied)
05-24 16:53:58.044   462   490 E IMGMemtrackHAL: GetGraphicsMemtrackRecords: DbgFsParseDir for /d/ion failed (No such file or directory)
05-24 16:53:58.046   321   321 E SELinux : avc:  denied  { find } for pid=1943 uid=10122 name=tethering scontext=u:r:sprd_radio_app:s0:c512,c768 tcontext=u:object_r:tethering_service:s0 tclass=service_manager permissive=0
05-24 16:53:58.047   462   490 E IMGMemtrackHAL: DbgFsParseFile: fopen of /proc/pvr/driver_stats failed (Permission denied)
05-24 16:53:58.047   462   490 E IMGMemtrackHAL: GetGraphicsMemtrackRecords: DbgFsParseDir for /d/ion failed (No such file or directory)
05-24 16:53:58.049   462   490 E IMGMemtrackHAL: DbgFsParseFile: fopen of /proc/pvr/driver_stats failed (Permission denied)
05-24 16:53:58.050   462   490 E IMGMemtrackHAL: GetGraphicsMemtrackRecords: DbgFsParseDir for /d/ion failed (No such file or directory)
05-24 16:53:58.052   462   490 E IMGMemtrackHAL: DbgFsParseFile: fopen of /proc/pvr/driver_stats failed (Permission denied)
05-24 16:53:58.052   462   490 E IMGMemtrackHAL: GetGraphicsMemtrackRecords: DbgFsParseDir for /d/ion failed (No such file or directory)
05-24 16:53:58.054   462   490 E IMGMemtrackHAL: DbgFsParseFile: fopen of /proc/pvr/driver_stats failed (Permission denied)
05-24 16:53:58.054   462   490 E IMGMemtrackHAL: GetGraphicsMemtrackRecords: DbgFsParseDir for /d/ion failed (No such file or directory)
05-24 16:53:58.056   462   490 E IMGMemtrackHAL: DbgFsParseFile: fopen of /proc/pvr/driver_stats failed (Permission denied)
05-24 16:53:58.056   462   490 E IMGMemtrackHAL: GetGraphicsMemtrackRecords: DbgFsParseDir for /d/ion failed (No such file or directory)
05-24 16:53:58.058   462   498 E IMGMemtrackHAL: DbgFsParseFile: fopen of /proc/pvr/driver_stats failed (Permission denied)
05-24 16:53:58.059   462   498 E IMGMemtrackHAL: GetGraphicsMemtrackRecords: DbgFsParseDir for /d/ion failed (No such file or directory)
05-24 16:53:58.061   462   490 E IMGMemtrackHAL: DbgFsParseFile: fopen of /proc/pvr/driver_stats failed (Permission denied)
05-24 16:53:58.061   462   490 E IMGMemtrackHAL: GetGraphicsMemtrackRecords: DbgFsParseDir for /d/ion failed (No such file or directory)
05-24 16:53:58.064   462   490 E IMGMemtrackHAL: DbgFsParseFile: fopen of /proc/pvr/driver_stats failed (Permission denied)
05-24 16:53:58.064   462   490 E IMGMemtrackHAL: GetGraphicsMemtrackRecords: DbgFsParseDir for /d/ion failed (No such file or directory)
05-24 16:53:58.067   462   490 E IMGMemtrackHAL: DbgFsParseFile: fopen of /proc/pvr/driver_stats failed (Permission denied)
05-24 16:53:58.067   462   490 E IMGMemtrackHAL: GetGraphicsMemtrackRecords: DbgFsParseDir for /d/ion failed (No such file or directory)
05-24 16:53:58.070   462   490 E IMGMemtrackHAL: DbgFsParseFile: fopen of /proc/pvr/driver_stats failed (Permission denied)
