05-24 17:45:13.120   321   321 E SELinux : avc:  denied  { find } for pid=1943 uid=10122 name=tethering scontext=u:r:sprd_radio_app:s0:c512,c768 tcontext=u:object_r:tethering_service:s0 tclass=service_manager permissive=0
05-24 17:45:13.322   321   321 E SELinux : avc:  denied  { find } for pid=1943 uid=10122 name=tethering scontext=u:r:sprd_radio_app:s0:c512,c768 tcontext=u:object_r:tethering_service:s0 tclass=service_manager permissive=0
05-24 17:45:14.131   321   321 E SELinux : avc:  denied  { find } for pid=1943 uid=10122 name=tethering scontext=u:r:sprd_radio_app:s0:c512,c768 tcontext=u:object_r:tethering_service:s0 tclass=service_manager permissive=0
05-24 17:45:14.333   321   321 E SELinux : avc:  denied  { find } for pid=1943 uid=10122 name=tethering scontext=u:r:sprd_radio_app:s0:c512,c768 tcontext=u:object_r:tethering_service:s0 tclass=service_manager permissive=0
05-24 17:45:19.188   321   321 E SELinux : avc:  denied  { find } for pid=1943 uid=10122 name=tethering scontext=u:r:sprd_radio_app:s0:c512,c768 tcontext=u:object_r:tethering_service:s0 tclass=service_manager permissive=0
05-24 17:45:19.390   321   321 E SELinux : avc:  denied  { find } for pid=1943 uid=10122 name=tethering scontext=u:r:sprd_radio_app:s0:c512,c768 tcontext=u:object_r:tethering_service:s0 tclass=service_manager permissive=0
05-24 17:45:24.449   321   321 E SELinux : avc:  denied  { find } for pid=1943 uid=10122 name=tethering scontext=u:r:sprd_radio_app:s0:c512,c768 tcontext=u:object_r:tethering_service:s0 tclass=service_manager permissive=0
05-24 17:45:24.651   321   321 E SELinux : avc:  denied  { find } for pid=1943 uid=10122 name=tethering scontext=u:r:sprd_radio_app:s0:c512,c768 tcontext=u:object_r:tethering_service:s0 tclass=service_manager permissive=0
05-24 17:45:26.544   824   845 E Watchdog: WDT_Monitor: checkSFStatus sfBlocked=false
05-24 17:45:26.544   824   845 E Watchdog: WDT_Monitor: writeWDTMonitor duration=50,shutdowning=false
05-24 17:45:29.503   321   321 E SELinux : avc:  denied  { find } for pid=1943 uid=10122 name=tethering scontext=u:r:sprd_radio_app:s0:c512,c768 tcontext=u:object_r:tethering_service:s0 tclass=service_manager permissive=0
05-24 17:45:29.705   321   321 E SELinux : avc:  denied  { find } for pid=1943 uid=10122 name=tethering scontext=u:r:sprd_radio_app:s0:c512,c768 tcontext=u:object_r:tethering_service:s0 tclass=service_manager permissive=0
05-24 17:45:34.558   321   321 E SELinux : avc:  denied  { find } for pid=1943 uid=10122 name=tethering scontext=u:r:sprd_radio_app:s0:c512,c768 tcontext=u:object_r:tethering_service:s0 tclass=service_manager permissive=0
05-24 17:45:34.760   321   321 E SELinux : avc:  denied  { find } for pid=1943 uid=10122 name=tethering scontext=u:r:sprd_radio_app:s0:c512,c768 tcontext=u:object_r:tethering_service:s0 tclass=service_manager permissive=0
05-24 17:45:39.614   321   321 E SELinux : avc:  denied  { find } for pid=1943 uid=10122 name=tethering scontext=u:r:sprd_radio_app:s0:c512,c768 tcontext=u:object_r:tethering_service:s0 tclass=service_manager permissive=0
05-24 17:45:39.816   321   321 E SELinux : avc:  denied  { find } for pid=1943 uid=10122 name=tethering scontext=u:r:sprd_radio_app:s0:c512,c768 tcontext=u:object_r:tethering_service:s0 tclass=service_manager permissive=0
05-24 17:45:40.019   321   321 E SELinux : avc:  denied  { find } for pid=1943 uid=10122 name=tethering scontext=u:r:sprd_radio_app:s0:c512,c768 tcontext=u:object_r:tethering_service:s0 tclass=service_manager permissive=0
05-24 17:45:40.424   321   321 E SELinux : avc:  denied  { find } for pid=1943 uid=10122 name=tethering scontext=u:r:sprd_radio_app:s0:c512,c768 tcontext=u:object_r:tethering_service:s0 tclass=service_manager permissive=0
05-24 17:45:40.614 19737 20009 E fb4a.TigonNetworkSessionListenerManager: handleDataTask failed for handleDataTaskType
05-24 17:45:40.615 19737 11737 E fb4a.msys: E[N data-request]_HandleDataResponse(1681)=>Data request error for task 181d09b6-4b40-4144-a346-9416989671a8 (response type 1): network disconnected
05-24 17:45:40.617 19737 11739 E fb4a.msys: E[S sync]_createResponseError(241)=>Network Response 181d09b6-4b40-4144-a346-9416989671a8 contains sync error Error Domain=NSURLErrorDomain Code=1 UserInfo=0xd63bc000 {MCFErrorDirectUnderlyingErrorKey=0xba223de0 "Error Domain=NSURLErrorDomain Code=1 UserInfo=0xe5f1ca00 {MCFErrorDirectLocalizedFailureReasonKey=TigonError(error=TransientError, errorDomain=TigonLigerErrorDomain, domainErrorCode=3, analyticsDetail="AsyncSocketException: connect timed out after 29995ms, type = Timed out")}", MCFErrorDirectLocalizedFailureReasonKey=network disconnected} - Underlying error Error Domain=NSURLErrorDomain Code=1 UserInfo=0xe5f1ca00 {MCFErrorDirectLocalizedFailureReasonKey=TigonError(error=TransientError, errorDomain=TigonLigerErrorDomain, domainErrorCode=3, analyticsDetail="AsyncSocketException: connect timed out after 29995ms, type = Timed out")}: Error Domain=NSURLErrorDomain Code=1 UserInfo=0xd63bc000 {MCFErrorDirectUnderlyingErrorKey=0xba223de0 "Error Domain=NSURLErrorDomain Code=1 UserInfo=0xe5f1ca00 {MCFErrorDirectLocalizedFailureReasonKey=TigonError(error=TransientError, errorDomain=TigonLigerErrorDomain, domainErrorCode=3, analyticsDetail="AsyncSocketException: connect timed out after 29995ms, type = Timed out")}", MCFErrorDirectLocalizedFailureReasonKey=network disconnected}
05-24 17:45:40.626   321   321 E SELinux : avc:  denied  { find } for pid=1943 uid=10122 name=tethering scontext=u:r:sprd_radio_app:s0:c512,c768 tcontext=u:object_r:tethering_service:s0 tclass=service_manager permissive=0
05-24 17:45:44.869   321   321 E SELinux : avc:  denied  { find } for pid=1943 uid=10122 name=tethering scontext=u:r:sprd_radio_app:s0:c512,c768 tcontext=u:object_r:tethering_service:s0 tclass=service_manager permissive=0
05-24 17:45:45.071   321   321 E SELinux : avc:  denied  { find } for pid=1943 uid=10122 name=tethering scontext=u:r:sprd_radio_app:s0:c512,c768 tcontext=u:object_r:tethering_service:s0 tclass=service_manager permissive=0
05-24 17:45:45.678   321   321 E SELinux : avc:  denied  { find } for pid=1943 uid=10122 name=tethering scontext=u:r:sprd_radio_app:s0:c512,c768 tcontext=u:object_r:tethering_service:s0 tclass=service_manager permissive=0
05-24 17:45:45.713  5059  5059 E RegisterJobIntentService: do register no net
05-24 17:45:45.881   321   321 E SELinux : avc:  denied  { find } for pid=1943 uid=10122 name=tethering scontext=u:r:sprd_radio_app:s0:c512,c768 tcontext=u:object_r:tethering_service:s0 tclass=service_manager permissive=0
05-24 17:45:49.927   321   321 E SELinux : avc:  denied  { find } for pid=1943 uid=10122 name=tethering scontext=u:r:sprd_radio_app:s0:c512,c768 tcontext=u:object_r:tethering_service:s0 tclass=service_manager permissive=0
05-24 17:45:50.129   321   321 E SELinux : avc:  denied  { find } for pid=1943 uid=10122 name=tethering scontext=u:r:sprd_radio_app:s0:c512,c768 tcontext=u:object_r:tethering_service:s0 tclass=service_manager permissive=0
05-24 17:45:54.983   321   321 E SELinux : avc:  denied  { find } for pid=1943 uid=10122 name=tethering scontext=u:r:sprd_radio_app:s0:c512,c768 tcontext=u:object_r:tethering_service:s0 tclass=service_manager permissive=0
05-24 17:45:55.186   321   321 E SELinux : avc:  denied  { find } for pid=1943 uid=10122 name=tethering scontext=u:r:sprd_radio_app:s0:c512,c768 tcontext=u:object_r:tethering_service:s0 tclass=service_manager permissive=0
05-24 17:45:56.550   824   845 E Watchdog: WDT_Monitor: checkSFStatus sfBlocked=false
05-24 17:45:56.550   824   845 E Watchdog: WDT_Monitor: writeWDTMonitor duration=50,shutdowning=false
05-24 17:46:00.241   321   321 E SELinux : avc:  denied  { find } for pid=1943 uid=10122 name=tethering scontext=u:r:sprd_radio_app:s0:c512,c768 tcontext=u:object_r:tethering_service:s0 tclass=service_manager permissive=0
05-24 17:46:00.443   321   321 E SELinux : avc:  denied  { find } for pid=1943 uid=10122 name=tethering scontext=u:r:sprd_radio_app:s0:c512,c768 tcontext=u:object_r:tethering_service:s0 tclass=service_manager permissive=0
05-24 17:46:02.465   321   321 E SELinux : avc:  denied  { find } for pid=1943 uid=10122 name=tethering scontext=u:r:sprd_radio_app:s0:c512,c768 tcontext=u:object_r:tethering_service:s0 tclass=service_manager permissive=0
05-24 17:46:02.666   321   321 E SELinux : avc:  denied  { find } for pid=1943 uid=10122 name=tethering scontext=u:r:sprd_radio_app:s0:c512,c768 tcontext=u:object_r:tethering_service:s0 tclass=service_manager permissive=0
05-24 17:46:02.730   462   490 E IMGMemtrackHAL: DbgFsParseFile: fopen of /proc/pvr/driver_stats failed (Permission denied)
05-24 17:46:02.731   462   490 E IMGMemtrackHAL: GetGraphicsMemtrackRecords: DbgFsParseDir for /d/ion failed (No such file or directory)
05-24 17:46:02.869   321   321 E SELinux : avc:  denied  { find } for pid=1943 uid=10122 name=tethering scontext=u:r:sprd_radio_app:s0:c512,c768 tcontext=u:object_r:tethering_service:s0 tclass=service_manager permissive=0
05-24 17:46:04.487   321   321 E SELinux : avc:  denied  { find } for pid=1943 uid=10122 name=tethering scontext=u:r:sprd_radio_app:s0:c512,c768 tcontext=u:object_r:tethering_service:s0 tclass=service_manager permissive=0
05-24 17:46:04.689   321   321 E SELinux : avc:  denied  { find } for pid=1943 uid=10122 name=tethering scontext=u:r:sprd_radio_app:s0:c512,c768 tcontext=u:object_r:tethering_service:s0 tclass=service_manager permissive=0
05-24 17:46:05.296   321   321 E SELinux : avc:  denied  { find } for pid=1943 uid=10122 name=tethering scontext=u:r:sprd_radio_app:s0:c512,c768 tcontext=u:object_r:tethering_service:s0 tclass=service_manager permissive=0
05-24 17:46:05.498   321   321 E SELinux : avc:  denied  { find } for pid=1943 uid=10122 name=tethering scontext=u:r:sprd_radio_app:s0:c512,c768 tcontext=u:object_r:tethering_service:s0 tclass=service_manager permissive=0
05-24 17:46:09.946   321   321 E SELinux : avc:  denied  { find } for pid=1943 uid=10122 name=tethering scontext=u:r:sprd_radio_app:s0:c512,c768 tcontext=u:object_r:tethering_service:s0 tclass=service_manager permissive=0
05-24 17:46:10.148   321   321 E SELinux : avc:  denied  { find } for pid=1943 uid=10122 name=tethering scontext=u:r:sprd_radio_app:s0:c512,c768 tcontext=u:object_r:tethering_service:s0 tclass=service_manager permissive=0
05-24 17:46:10.350   321   321 E SELinux : avc:  denied  { find } for pid=1943 uid=10122 name=tethering scontext=u:r:sprd_radio_app:s0:c512,c768 tcontext=u:object_r:tethering_service:s0 tclass=service_manager permissive=0
05-24 17:46:10.552   321   321 E SELinux : avc:  denied  { find } for pid=1943 uid=10122 name=tethering scontext=u:r:sprd_radio_app:s0:c512,c768 tcontext=u:object_r:tethering_service:s0 tclass=service_manager permissive=0
05-24 17:46:10.676 19737 20009 E fb4a.TigonNetworkSessionListenerManager: handleDataTask failed for handleDataTaskType
05-24 17:46:10.677 19737 11737 E fb4a.msys: E[N data-request]_HandleDataResponse(1681)=>Data request error for task 55319349-fd61-49e2-b7f2-71c948b76390 (response type 1): network disconnected
05-24 17:46:10.679 19737 11739 E fb4a.msys: E[S sync]_createResponseError(241)=>Network Response 55319349-fd61-49e2-b7f2-71c948b76390 contains sync error Error Domain=NSURLErrorDomain Code=1 UserInfo=0xe5f20100 {MCFErrorDirectUnderlyingErrorKey=0xba223f00 "Error Domain=NSURLErrorDomain Code=1 UserInfo=0xe5f1ca00 {MCFErrorDirectLocalizedFailureReasonKey=TigonError(error=TransientError, errorDomain=TigonLigerErrorDomain, domainErrorCode=3, analyticsDetail="AsyncSocketException: connect timed out after 29995ms, type = Timed out")}", MCFErrorDirectLocalizedFailureReasonKey=network disconnected} - Underlying error Error Domain=NSURLErrorDomain Code=1 UserInfo=0xe5f1ca00 {MCFErrorDirectLocalizedFailureReasonKey=TigonError(error=TransientError, errorDomain=TigonLigerErrorDomain, domainErrorCode=3, analyticsDetail="AsyncSocketException: connect timed out after 29995ms, type = Timed out")}: Error Domain=NSURLErrorDomain Code=1 UserInfo=0xe5f20100 {MCFErrorDirectUnderlyingErrorKey=0xba223f00 "Error Domain=NSURLErrorDomain Code=1 UserInfo=0xe5f1ca00 {MCFErrorDirectLocalizedFailureReasonKey=TigonError(error=TransientError, errorDomain=TigonLigerErrorDomain, domainErrorCode=3, analyticsDetail="AsyncSocketException: connect timed out after 29995ms, type = Timed out")}", MCFErrorDirectLocalizedFailureReasonKey=network disconnected}
05-24 17:46:10.754   321   321 E SELinux : avc:  denied  { find } for pid=1943 uid=10122 name=tethering scontext=u:r:sprd_radio_app:s0:c512,c768 tcontext=u:object_r:tethering_service:s0 tclass=service_manager permissive=0
05-24 17:46:14.395   321   321 E SELinux : avc:  denied  { find } for pid=1943 uid=10122 name=tethering scontext=u:r:sprd_radio_app:s0:c512,c768 tcontext=u:object_r:tethering_service:s0 tclass=service_manager permissive=0
05-24 17:46:14.597   321   321 E SELinux : avc:  denied  { find } for pid=1943 uid=10122 name=tethering scontext=u:r:sprd_radio_app:s0:c512,c768 tcontext=u:object_r:tethering_service:s0 tclass=service_manager permissive=0
05-24 17:46:15.609   321   321 E SELinux : avc:  denied  { find } for pid=1943 uid=10122 name=tethering scontext=u:r:sprd_radio_app:s0:c512,c768 tcontext=u:object_r:tethering_service:s0 tclass=service_manager permissive=0
05-24 17:46:15.811   321   321 E SELinux : avc:  denied  { find } for pid=1943 uid=10122 name=tethering scontext=u:r:sprd_radio_app:s0:c512,c768 tcontext=u:object_r:tethering_service:s0 tclass=service_manager permissive=0
05-24 17:46:17.429   321   321 E SELinux : avc:  denied  { find } for pid=1943 uid=10122 name=tethering scontext=u:r:sprd_radio_app:s0:c512,c768 tcontext=u:object_r:tethering_service:s0 tclass=service_manager permissive=0
05-24 17:46:17.631   321   321 E SELinux : avc:  denied  { find } for pid=1943 uid=10122 name=tethering scontext=u:r:sprd_radio_app:s0:c512,c768 tcontext=u:object_r:tethering_service:s0 tclass=service_manager permissive=0
05-24 17:46:20.665   321   321 E SELinux : avc:  denied  { find } for pid=1943 uid=10122 name=tethering scontext=u:r:sprd_radio_app:s0:c512,c768 tcontext=u:object_r:tethering_service:s0 tclass=service_manager permissive=0
05-24 17:46:20.867   321   321 E SELinux : avc:  denied  { find } for pid=1943 uid=10122 name=tethering scontext=u:r:sprd_radio_app:s0:c512,c768 tcontext=u:object_r:tethering_service:s0 tclass=service_manager permissive=0
05-24 17:46:25.719   321   321 E SELinux : avc:  denied  { find } for pid=1943 uid=10122 name=tethering scontext=u:r:sprd_radio_app:s0:c512,c768 tcontext=u:object_r:tethering_service:s0 tclass=service_manager permissive=0
05-24 17:46:25.921   321   321 E SELinux : avc:  denied  { find } for pid=1943 uid=10122 name=tethering scontext=u:r:sprd_radio_app:s0:c512,c768 tcontext=u:object_r:tethering_service:s0 tclass=service_manager permissive=0
05-24 17:46:26.557   824   845 E Watchdog: WDT_Monitor: checkSFStatus sfBlocked=false
05-24 17:46:26.557   824   845 E Watchdog: WDT_Monitor: writeWDTMonitor duration=50,shutdowning=false
05-24 17:46:30.978   321   321 E SELinux : avc:  denied  { find } for pid=1943 uid=10122 name=tethering scontext=u:r:sprd_radio_app:s0:c512,c768 tcontext=u:object_r:tethering_service:s0 tclass=service_manager permissive=0
05-24 17:46:31.180   321   321 E SELinux : avc:  denied  { find } for pid=1943 uid=10122 name=tethering scontext=u:r:sprd_radio_app:s0:c512,c768 tcontext=u:object_r:tethering_service:s0 tclass=service_manager permissive=0
05-24 17:46:36.037   321   321 E SELinux : avc:  denied  { find } for pid=1943 uid=10122 name=tethering scontext=u:r:sprd_radio_app:s0:c512,c768 tcontext=u:object_r:tethering_service:s0 tclass=service_manager permissive=0
05-24 17:46:36.239   321   321 E SELinux : avc:  denied  { find } for pid=1943 uid=10122 name=tethering scontext=u:r:sprd_radio_app:s0:c512,c768 tcontext=u:object_r:tethering_service:s0 tclass=service_manager permissive=0
05-24 17:46:37.249   321   321 E SELinux : avc:  denied  { find } for pid=1943 uid=10122 name=tethering scontext=u:r:sprd_radio_app:s0:c512,c768 tcontext=u:object_r:tethering_service:s0 tclass=service_manager permissive=0
05-24 17:46:37.343   462   490 E IMGMemtrackHAL: DbgFsParseFile: fopen of /proc/pvr/driver_stats failed (Permission denied)
05-24 17:46:37.344   462   490 E IMGMemtrackHAL: GetGraphicsMemtrackRecords: DbgFsParseDir for /d/ion failed (No such file or directory)
05-24 17:46:37.452   321   321 E SELinux : avc:  denied  { find } for pid=1943 uid=10122 name=tethering scontext=u:r:sprd_radio_app:s0:c512,c768 tcontext=u:object_r:tethering_service:s0 tclass=service_manager permissive=0
05-24 17:46:40.687   321   321 E SELinux : avc:  denied  { find } for pid=1943 uid=10122 name=tethering scontext=u:r:sprd_radio_app:s0:c512,c768 tcontext=u:object_r:tethering_service:s0 tclass=service_manager permissive=0
05-24 17:46:40.714 19737 20009 E fb4a.TigonNetworkSessionListenerManager: handleDataTask failed for handleDataTaskType
05-24 17:46:40.715 19737 11737 E fb4a.msys: E[N data-request]_HandleDataResponse(1681)=>Data request error for task f8cd4f90-a936-4d0b-a561-ea9929e18bf2 (response type 1): network disconnected
05-24 17:46:40.718 19737 11739 E fb4a.msys: E[S sync]_createResponseError(241)=>Network Response f8cd4f90-a936-4d0b-a561-ea9929e18bf2 contains sync error Error Domain=NSURLErrorDomain Code=1 UserInfo=0xd63bc200 {MCFErrorDirectUnderlyingErrorKey=0xba236140 "Error Domain=NSURLErrorDomain Code=1 UserInfo=0xe5f1ca00 {MCFErrorDirectLocalizedFailureReasonKey=TigonError(error=TransientError, errorDomain=TigonLigerErrorDomain, domainErrorCode=3, analyticsDetail="AsyncSocketException: connect timed out after 29995ms, type = Timed out")}", MCFErrorDirectLocalizedFailureReasonKey=network disconnected} - Underlying error Error Domain=NSURLErrorDomain Code=1 UserInfo=0xe5f1ca00 {MCFErrorDirectLocalizedFailureReasonKey=TigonError(error=TransientError, errorDomain=TigonLigerErrorDomain, domainErrorCode=3, analyticsDetail="AsyncSocketException: connect timed out after 29995ms, type = Timed out")}: Error Domain=NSURLErrorDomain Code=1 UserInfo=0xd63bc200 {MCFErrorDirectUnderlyingErrorKey=0xba236140 "Error Domain=NSURLErrorDomain Code=1 UserInfo=0xe5f1ca00 {MCFErrorDirectLocalizedFailureReasonKey=TigonError(error=TransientError, errorDomain=TigonLigerErrorDomain, domainErrorCode=3, analyticsDetail="AsyncSocketException: connect timed out after 29995ms, type = Timed out")}", MCFErrorDirectLocalizedFailureReasonKey=network disconnected}
05-24 17:46:40.889   321   321 E SELinux : avc:  denied  { find } for pid=1943 uid=10122 name=tethering scontext=u:r:sprd_radio_app:s0:c512,c768 tcontext=u:object_r:tethering_service:s0 tclass=service_manager permissive=0
05-24 17:46:41.092   321   321 E SELinux : avc:  denied  { find } for pid=1943 uid=10122 name=tethering scontext=u:r:sprd_radio_app:s0:c512,c768 tcontext=u:object_r:tethering_service:s0 tclass=service_manager permissive=0
05-24 17:46:41.294   321   321 E SELinux : avc:  denied  { find } for pid=1943 uid=10122 name=tethering scontext=u:r:sprd_radio_app:s0:c512,c768 tcontext=u:object_r:tethering_service:s0 tclass=service_manager permissive=0
05-24 17:46:45.743   321   321 E SELinux : avc:  denied  { find } for pid=1943 uid=10122 name=tethering scontext=u:r:sprd_radio_app:s0:c512,c768 tcontext=u:object_r:tethering_service:s0 tclass=service_manager permissive=0
05-24 17:46:45.749  5059  5059 E RegisterJobIntentService: do register no net
05-24 17:46:45.945   321   321 E SELinux : avc:  denied  { find } for pid=1943 uid=10122 name=tethering scontext=u:r:sprd_radio_app:s0:c512,c768 tcontext=u:object_r:tethering_service:s0 tclass=service_manager permissive=0
05-24 17:46:46.350   321   321 E SELinux : avc:  denied  { find } for pid=1943 uid=10122 name=tethering scontext=u:r:sprd_radio_app:s0:c512,c768 tcontext=u:object_r:tethering_service:s0 tclass=service_manager permissive=0
05-24 17:46:46.552   321   321 E SELinux : avc:  denied  { find } for pid=1943 uid=10122 name=tethering scontext=u:r:sprd_radio_app:s0:c512,c768 tcontext=u:object_r:tethering_service:s0 tclass=service_manager permissive=0
05-24 17:46:46.755   321   321 E SELinux : avc:  denied  { find } for pid=1943 uid=10122 name=tethering scontext=u:r:sprd_radio_app:s0:c512,c768 tcontext=u:object_r:tethering_service:s0 tclass=service_manager permissive=0
05-24 17:46:49.185   321   321 E SELinux : avc:  denied  { find } for pid=1943 uid=10122 name=tethering scontext=u:r:sprd_radio_app:s0:c512,c768 tcontext=u:object_r:tethering_service:s0 tclass=service_manager permissive=0
05-24 17:46:49.388   321   321 E SELinux : avc:  denied  { find } for pid=1943 uid=10122 name=tethering scontext=u:r:sprd_radio_app:s0:c512,c768 tcontext=u:object_r:tethering_service:s0 tclass=service_manager permissive=0
05-24 17:46:51.007   321   321 E SELinux : avc:  denied  { find } for pid=1943 uid=10122 name=tethering scontext=u:r:sprd_radio_app:s0:c512,c768 tcontext=u:object_r:tethering_service:s0 tclass=service_manager permissive=0
05-24 17:46:51.052  1388 18848 E MCS2.0_CIPHER_ALGO: checkSign 1  
05-24 17:46:51.064 12007 12025 E OpenID  : com.heytap.mcs:DUID:ret:T
05-24 17:46:51.068 12007 12025 E OpenID  : com.heytap.mcs:OUID:ret:F
05-24 17:46:51.209   321   321 E SELinux : avc:  denied  { find } for pid=1943 uid=10122 name=tethering scontext=u:r:sprd_radio_app:s0:c512,c768 tcontext=u:object_r:tethering_service:s0 tclass=service_manager permissive=0
05-24 17:46:51.412   321   321 E SELinux : avc:  denied  { find } for pid=1943 uid=10122 name=tethering scontext=u:r:sprd_radio_app:s0:c512,c768 tcontext=u:object_r:tethering_service:s0 tclass=service_manager permissive=0
05-24 17:46:51.614   321   321 E SELinux : avc:  denied  { find } for pid=1943 uid=10122 name=tethering scontext=u:r:sprd_radio_app:s0:c512,c768 tcontext=u:object_r:tethering_service:s0 tclass=service_manager permissive=0
05-24 17:46:56.563   824   845 E Watchdog: WDT_Monitor: checkSFStatus sfBlocked=false
05-24 17:46:56.563   824   845 E Watchdog: WDT_Monitor: writeWDTMonitor duration=50,shutdowning=false
05-24 17:46:56.469   321   321 E SELinux : avc:  denied  { find } for pid=1943 uid=10122 name=tethering scontext=u:r:sprd_radio_app:s0:c512,c768 tcontext=u:object_r:tethering_service:s0 tclass=service_manager permissive=0
05-24 17:46:56.671   321   321 E SELinux : avc:  denied  { find } for pid=1943 uid=10122 name=tethering scontext=u:r:sprd_radio_app:s0:c512,c768 tcontext=u:object_r:tethering_service:s0 tclass=service_manager permissive=0
05-24 17:46:59.906   321   321 E SELinux : avc:  denied  { find } for pid=1943 uid=10122 name=tethering scontext=u:r:sprd_radio_app:s0:c512,c768 tcontext=u:object_r:tethering_service:s0 tclass=service_manager permissive=0
05-24 17:47:00.109   321   321 E SELinux : avc:  denied  { find } for pid=1943 uid=10122 name=tethering scontext=u:r:sprd_radio_app:s0:c512,c768 tcontext=u:object_r:tethering_service:s0 tclass=service_manager permissive=0
05-24 17:47:01.727   321   321 E SELinux : avc:  denied  { find } for pid=1943 uid=10122 name=tethering scontext=u:r:sprd_radio_app:s0:c512,c768 tcontext=u:object_r:tethering_service:s0 tclass=service_manager permissive=0
05-24 17:47:01.929   321   321 E SELinux : avc:  denied  { find } for pid=1943 uid=10122 name=tethering scontext=u:r:sprd_radio_app:s0:c512,c768 tcontext=u:object_r:tethering_service:s0 tclass=service_manager permissive=0
05-24 17:47:06.781   321   321 E SELinux : avc:  denied  { find } for pid=1943 uid=10122 name=tethering scontext=u:r:sprd_radio_app:s0:c512,c768 tcontext=u:object_r:tethering_service:s0 tclass=service_manager permissive=0
05-24 17:47:06.983   321   321 E SELinux : avc:  denied  { find } for pid=1943 uid=10122 name=tethering scontext=u:r:sprd_radio_app:s0:c512,c768 tcontext=u:object_r:tethering_service:s0 tclass=service_manager permissive=0
05-24 17:47:07.186   321   321 E SELinux : avc:  denied  { find } for pid=1943 uid=10122 name=tethering scontext=u:r:sprd_radio_app:s0:c512,c768 tcontext=u:object_r:tethering_service:s0 tclass=service_manager permissive=0
05-24 17:47:07.229  4297  4512 E libc    : Access denied finding property "net.dns1"
05-24 17:47:07.388   321   321 E SELinux : avc:  denied  { find } for pid=1943 uid=10122 name=tethering scontext=u:r:sprd_radio_app:s0:c512,c768 tcontext=u:object_r:tethering_service:s0 tclass=service_manager permissive=0
05-24 17:47:10.626   321   321 E SELinux : avc:  denied  { find } for pid=1943 uid=10122 name=tethering scontext=u:r:sprd_radio_app:s0:c512,c768 tcontext=u:object_r:tethering_service:s0 tclass=service_manager permissive=0
05-24 17:47:10.776 19737 20009 E fb4a.TigonNetworkSessionListenerManager: handleDataTask failed for handleDataTaskType
05-24 17:47:10.778 19737 11737 E fb4a.msys: E[N data-request]_HandleDataResponse(1681)=>Data request error for task fbd87243-70b6-4728-b3a7-f224c8cd7ba1 (response type 1): network disconnected
05-24 17:47:10.780 19737 11739 E fb4a.msys: E[S sync]_createResponseError(241)=>Network Response fbd87243-70b6-4728-b3a7-f224c8cd7ba1 contains sync error Error Domain=NSURLErrorDomain Code=1 UserInfo=0xd63bc200 {MCFErrorDirectUnderlyingErrorKey=0xba5b9f60 "Error Domain=NSURLErrorDomain Code=1 UserInfo=0xe5f1ca00 {MCFErrorDirectLocalizedFailureReasonKey=TigonError(error=TransientError, errorDomain=TigonLigerErrorDomain, domainErrorCode=3, analyticsDetail="AsyncSocketException: connect timed out after 29995ms, type = Timed out")}", MCFErrorDirectLocalizedFailureReasonKey=network disconnected} - Underlying error Error Domain=NSURLErrorDomain Code=1 UserInfo=0xe5f1ca00 {MCFErrorDirectLocalizedFailureReasonKey=TigonError(error=TransientError, errorDomain=TigonLigerErrorDomain, domainErrorCode=3, analyticsDetail="AsyncSocketException: connect timed out after 29995ms, type = Timed out")}: Error Domain=NSURLErrorDomain Code=1 UserInfo=0xd63bc200 {MCFErrorDirectUnderlyingErrorKey=0xba5b9f60 "Error Domain=NSURLErrorDomain Code=1 UserInfo=0xe5f1ca00 {MCFErrorDirectLocalizedFailureReasonKey=TigonError(error=TransientError, errorDomain=TigonLigerErrorDomain, domainErrorCode=3, analyticsDetail="AsyncSocketException: connect timed out after 29995ms, type = Timed out")}", MCFErrorDirectLocalizedFailureReasonKey=network disconnected}
05-24 17:47:10.828   321   321 E SELinux : avc:  denied  { find } for pid=1943 uid=10122 name=tethering scontext=u:r:sprd_radio_app:s0:c512,c768 tcontext=u:object_r:tethering_service:s0 tclass=service_manager permissive=0
05-24 17:47:11.840   321   321 E SELinux : avc:  denied  { find } for pid=1943 uid=10122 name=tethering scontext=u:r:sprd_radio_app:s0:c512,c768 tcontext=u:object_r:tethering_service:s0 tclass=service_manager permissive=0
05-24 17:47:12.042   321   321 E SELinux : avc:  denied  { find } for pid=1943 uid=10122 name=tethering scontext=u:r:sprd_radio_app:s0:c512,c768 tcontext=u:object_r:tethering_service:s0 tclass=service_manager permissive=0
05-24 17:47:13.256   321   321 E SELinux : avc:  denied  { find } for pid=1943 uid=10122 name=tethering scontext=u:r:sprd_radio_app:s0:c512,c768 tcontext=u:object_r:tethering_service:s0 tclass=service_manager permissive=0
05-24 17:47:13.458   321   321 E SELinux : avc:  denied  { find } for pid=1943 uid=10122 name=tethering scontext=u:r:sprd_radio_app:s0:c512,c768 tcontext=u:object_r:tethering_service:s0 tclass=service_manager permissive=0
05-24 17:47:16.899   321   321 E SELinux : avc:  denied  { find } for pid=1943 uid=10122 name=tethering scontext=u:r:sprd_radio_app:s0:c512,c768 tcontext=u:object_r:tethering_service:s0 tclass=service_manager permissive=0
05-24 17:47:17.103   321   321 E SELinux : avc:  denied  { find } for pid=1943 uid=10122 name=tethering scontext=u:r:sprd_radio_app:s0:c512,c768 tcontext=u:object_r:tethering_service:s0 tclass=service_manager permissive=0
05-24 17:47:19.531   321   321 E SELinux : avc:  denied  { find } for pid=1943 uid=10122 name=tethering scontext=u:r:sprd_radio_app:s0:c512,c768 tcontext=u:object_r:tethering_service:s0 tclass=service_manager permissive=0
05-24 17:47:19.732   321   321 E SELinux : avc:  denied  { find } for pid=1943 uid=10122 name=tethering scontext=u:r:sprd_radio_app:s0:c512,c768 tcontext=u:object_r:tethering_service:s0 tclass=service_manager permissive=0
05-24 17:47:22.159   321   321 E SELinux : avc:  denied  { find } for pid=1943 uid=10122 name=tethering scontext=u:r:sprd_radio_app:s0:c512,c768 tcontext=u:object_r:tethering_service:s0 tclass=service_manager permissive=0
05-24 17:47:22.362   321   321 E SELinux : avc:  denied  { find } for pid=1943 uid=10122 name=tethering scontext=u:r:sprd_radio_app:s0:c512,c768 tcontext=u:object_r:tethering_service:s0 tclass=service_manager permissive=0
05-24 17:47:26.570   824   845 E Watchdog: WDT_Monitor: checkSFStatus sfBlocked=false
05-24 17:47:26.570   824   845 E Watchdog: WDT_Monitor: writeWDTMonitor duration=50,shutdowning=false
05-24 17:47:27.217   321   321 E SELinux : avc:  denied  { find } for pid=1943 uid=10122 name=tethering scontext=u:r:sprd_radio_app:s0:c512,c768 tcontext=u:object_r:tethering_service:s0 tclass=service_manager permissive=0
05-24 17:47:27.419   321   321 E SELinux : avc:  denied  { find } for pid=1943 uid=10122 name=tethering scontext=u:r:sprd_radio_app:s0:c512,c768 tcontext=u:object_r:tethering_service:s0 tclass=service_manager permissive=0
05-24 17:47:32.273   321   321 E SELinux : avc:  denied  { find } for pid=1943 uid=10122 name=tethering scontext=u:r:sprd_radio_app:s0:c512,c768 tcontext=u:object_r:tethering_service:s0 tclass=service_manager permissive=0
05-24 17:47:32.476   321   321 E SELinux : avc:  denied  { find } for pid=1943 uid=10122 name=tethering scontext=u:r:sprd_radio_app:s0:c512,c768 tcontext=u:object_r:tethering_service:s0 tclass=service_manager permissive=0
05-24 17:47:37.534   321   321 E SELinux : avc:  denied  { find } for pid=1943 uid=10122 name=tethering scontext=u:r:sprd_radio_app:s0:c512,c768 tcontext=u:object_r:tethering_service:s0 tclass=service_manager permissive=0
05-24 17:47:37.737   321   321 E SELinux : avc:  denied  { find } for pid=1943 uid=10122 name=tethering scontext=u:r:sprd_radio_app:s0:c512,c768 tcontext=u:object_r:tethering_service:s0 tclass=service_manager permissive=0
05-24 17:47:39.961   321   321 E SELinux : avc:  denied  { find } for pid=1943 uid=10122 name=tethering scontext=u:r:sprd_radio_app:s0:c512,c768 tcontext=u:object_r:tethering_service:s0 tclass=service_manager permissive=0
05-24 17:47:40.164   321   321 E SELinux : avc:  denied  { find } for pid=1943 uid=10122 name=tethering scontext=u:r:sprd_radio_app:s0:c512,c768 tcontext=u:object_r:tethering_service:s0 tclass=service_manager permissive=0
05-24 17:47:40.771   321   321 E SELinux : avc:  denied  { find } for pid=1943 uid=10122 name=tethering scontext=u:r:sprd_radio_app:s0:c512,c768 tcontext=u:object_r:tethering_service:s0 tclass=service_manager permissive=0
05-24 17:47:40.822 19737 20009 E fb4a.TigonNetworkSessionListenerManager: handleDataTask failed for handleDataTaskType
05-24 17:47:40.823 19737 11737 E fb4a.msys: E[N data-request]_HandleDataResponse(1681)=>Data request error for task 56522f72-38c4-42fe-be4b-8406ec1f845f (response type 1): network disconnected
05-24 17:47:40.825 19737 11739 E fb4a.msys: E[S sync]_createResponseError(241)=>Network Response 56522f72-38c4-42fe-be4b-8406ec1f845f contains sync error Error Domain=NSURLErrorDomain Code=1 UserInfo=0xbda73500 {MCFErrorDirectUnderlyingErrorKey=0xebade000 "Error Domain=NSURLErrorDomain Code=1 UserInfo=0xe5f1ca00 {MCFErrorDirectLocalizedFailureReasonKey=TigonError(error=TransientError, errorDomain=TigonLigerErrorDomain, domainErrorCode=3, analyticsDetail="AsyncSocketException: connect timed out after 29994ms, type = Timed out")}", MCFErrorDirectLocalizedFailureReasonKey=network disconnected} - Underlying error Error Domain=NSURLErrorDomain Code=1 UserInfo=0xe5f1ca00 {MCFErrorDirectLocalizedFailureReasonKey=TigonError(error=TransientError, errorDomain=TigonLigerErrorDomain, domainErrorCode=3, analyticsDetail="AsyncSocketException: connect timed out after 29994ms, type = Timed out")}: Error Domain=NSURLErrorDomain Code=1 UserInfo=0xbda73500 {MCFErrorDirectUnderlyingErrorKey=0xebade000 "Error Domain=NSURLErrorDomain Code=1 UserInfo=0xe5f1ca00 {MCFErrorDirectLocalizedFailureReasonKey=TigonError(error=TransientError, errorDomain=TigonLigerErrorDomain, domainErrorCode=3, analyticsDetail="AsyncSocketException: connect timed out after 29994ms, type = Timed out")}", MCFErrorDirectLocalizedFailureReasonKey=network disconnected}
05-24 17:47:40.973   321   321 E SELinux : avc:  denied  { find } for pid=1943 uid=10122 name=tethering scontext=u:r:sprd_radio_app:s0:c512,c768 tcontext=u:object_r:tethering_service:s0 tclass=service_manager permissive=0
05-24 17:47:42.592   321   321 E SELinux : avc:  denied  { find } for pid=1943 uid=10122 name=tethering scontext=u:r:sprd_radio_app:s0:c512,c768 tcontext=u:object_r:tethering_service:s0 tclass=service_manager permissive=0
05-24 17:47:42.795   321   321 E SELinux : avc:  denied  { find } for pid=1943 uid=10122 name=tethering scontext=u:r:sprd_radio_app:s0:c512,c768 tcontext=u:object_r:tethering_service:s0 tclass=service_manager permissive=0
05-24 17:47:47.651   321   321 E SELinux : avc:  denied  { find } for pid=1943 uid=10122 name=tethering scontext=u:r:sprd_radio_app:s0:c512,c768 tcontext=u:object_r:tethering_service:s0 tclass=service_manager permissive=0
05-24 17:47:47.854   321   321 E SELinux : avc:  denied  { find } for pid=1943 uid=10122 name=tethering scontext=u:r:sprd_radio_app:s0:c512,c768 tcontext=u:object_r:tethering_service:s0 tclass=service_manager permissive=0
05-24 17:47:52.912   321   321 E SELinux : avc:  denied  { find } for pid=1943 uid=10122 name=tethering scontext=u:r:sprd_radio_app:s0:c512,c768 tcontext=u:object_r:tethering_service:s0 tclass=service_manager permissive=0
05-24 17:47:53.114   321   321 E SELinux : avc:  denied  { find } for pid=1943 uid=10122 name=tethering scontext=u:r:sprd_radio_app:s0:c512,c768 tcontext=u:object_r:tethering_service:s0 tclass=service_manager permissive=0
05-24 17:47:56.576   824   845 E Watchdog: WDT_Monitor: checkSFStatus sfBlocked=false
05-24 17:47:56.576   824   845 E Watchdog: WDT_Monitor: writeWDTMonitor duration=50,shutdowning=false
05-24 17:47:57.969   321   321 E SELinux : avc:  denied  { find } for pid=1943 uid=10122 name=tethering scontext=u:r:sprd_radio_app:s0:c512,c768 tcontext=u:object_r:tethering_service:s0 tclass=service_manager permissive=0
05-24 17:47:58.171   321   321 E SELinux : avc:  denied  { find } for pid=1943 uid=10122 name=tethering scontext=u:r:sprd_radio_app:s0:c512,c768 tcontext=u:object_r:tethering_service:s0 tclass=service_manager permissive=0
05-24 17:47:59.990   321   321 E SELinux : avc:  denied  { find } for pid=1943 uid=10122 name=tethering scontext=u:r:sprd_radio_app:s0:c512,c768 tcontext=u:object_r:tethering_service:s0 tclass=service_manager permissive=0
05-24 17:48:00.193   321   321 E SELinux : avc:  denied  { find } for pid=1943 uid=10122 name=tethering scontext=u:r:sprd_radio_app:s0:c512,c768 tcontext=u:object_r:tethering_service:s0 tclass=service_manager permissive=0
05-24 17:48:03.024   321   321 E SELinux : avc:  denied  { find } for pid=1943 uid=10122 name=tethering scontext=u:r:sprd_radio_app:s0:c512,c768 tcontext=u:object_r:tethering_service:s0 tclass=service_manager permissive=0
05-24 17:48:03.226   321   321 E SELinux : avc:  denied  { find } for pid=1943 uid=10122 name=tethering scontext=u:r:sprd_radio_app:s0:c512,c768 tcontext=u:object_r:tethering_service:s0 tclass=service_manager permissive=0
05-24 17:48:08.282   321   321 E SELinux : avc:  denied  { find } for pid=1943 uid=10122 name=tethering scontext=u:r:sprd_radio_app:s0:c512,c768 tcontext=u:object_r:tethering_service:s0 tclass=service_manager permissive=0
05-24 17:48:08.485   321   321 E SELinux : avc:  denied  { find } for pid=1943 uid=10122 name=tethering scontext=u:r:sprd_radio_app:s0:c512,c768 tcontext=u:object_r:tethering_service:s0 tclass=service_manager permissive=0
05-24 17:48:10.710   321   321 E SELinux : avc:  denied  { find } for pid=1943 uid=10122 name=tethering scontext=u:r:sprd_radio_app:s0:c512,c768 tcontext=u:object_r:tethering_service:s0 tclass=service_manager permissive=0
05-24 17:48:10.860 19737 20009 E fb4a.TigonNetworkSessionListenerManager: handleDataTask failed for handleDataTaskType
05-24 17:48:10.861 19737 11737 E fb4a.msys: E[N data-request]_HandleDataResponse(1681)=>Data request error for task cfa02ea4-bd4b-43d9-9253-4890e4eadca5 (response type 1): network disconnected
05-24 17:48:10.863 19737 11739 E fb4a.msys: E[S sync]_createResponseError(241)=>Network Response cfa02ea4-bd4b-43d9-9253-4890e4eadca5 contains sync error Error Domain=NSURLErrorDomain Code=1 UserInfo=0xe5f20100 {MCFErrorDirectUnderlyingErrorKey=0xebade320 "Error Domain=NSURLErrorDomain Code=1 UserInfo=0xe5f1ca00 {MCFErrorDirectLocalizedFailureReasonKey=TigonError(error=TransientError, errorDomain=TigonLigerErrorDomain, domainErrorCode=3, analyticsDetail="AsyncSocketException: connect timed out after 29996ms, type = Timed out")}", MCFErrorDirectLocalizedFailureReasonKey=network disconnected} - Underlying error Error Domain=NSURLErrorDomain Code=1 UserInfo=0xe5f1ca00 {MCFErrorDirectLocalizedFailureReasonKey=TigonError(error=TransientError, errorDomain=TigonLigerErrorDomain, domainErrorCode=3, analyticsDetail="AsyncSocketException: connect timed out after 29996ms, type = Timed out")}: Error Domain=NSURLErrorDomain Code=1 UserInfo=0xe5f20100 {MCFErrorDirectUnderlyingErrorKey=0xebade320 "Error Domain=NSURLErrorDomain Code=1 UserInfo=0xe5f1ca00 {MCFErrorDirectLocalizedFailureReasonKey=TigonError(error=TransientError, errorDomain=TigonLigerErrorDomain, domainErrorCode=3, analyticsDetail="AsyncSocketException: connect timed out after 29996ms, type = Timed out")}", MCFErrorDirectLocalizedFailureReasonKey=network disconnected}
05-24 17:48:10.912   321   321 E SELinux : avc:  denied  { find } for pid=1943 uid=10122 name=tethering scontext=u:r:sprd_radio_app:s0:c512,c768 tcontext=u:object_r:tethering_service:s0 tclass=service_manager permissive=0
05-24 17:48:13.340   321   321 E SELinux : avc:  denied  { find } for pid=1943 uid=10122 name=tethering scontext=u:r:sprd_radio_app:s0:c512,c768 tcontext=u:object_r:tethering_service:s0 tclass=service_manager permissive=0
05-24 17:48:13.542   321   321 E SELinux : avc:  denied  { find } for pid=1943 uid=10122 name=tethering scontext=u:r:sprd_radio_app:s0:c512,c768 tcontext=u:object_r:tethering_service:s0 tclass=service_manager permissive=0
05-24 17:48:15.970   321   321 E SELinux : avc:  denied  { find } for pid=1943 uid=10122 name=tethering scontext=u:r:sprd_radio_app:s0:c512,c768 tcontext=u:object_r:tethering_service:s0 tclass=service_manager permissive=0
05-24 17:48:16.172   321   321 E SELinux : avc:  denied  { find } for pid=1943 uid=10122 name=tethering scontext=u:r:sprd_radio_app:s0:c512,c768 tcontext=u:object_r:tethering_service:s0 tclass=service_manager permissive=0
05-24 17:48:16.318  6334 18684 E WakeLock: GCM_HB_ALARM release without a matched acquire!
05-24 17:48:16.375   321   321 E SELinux : avc:  denied  { find } for pid=1943 uid=10122 name=tethering scontext=u:r:sprd_radio_app:s0:c512,c768 tcontext=u:object_r:tethering_service:s0 tclass=service_manager permissive=0
05-24 17:48:16.780   321   321 E SELinux : avc:  denied  { find } for pid=1943 uid=10122 name=tethering scontext=u:r:sprd_radio_app:s0:c512,c768 tcontext=u:object_r:tethering_service:s0 tclass=service_manager permissive=0
05-24 17:48:16.982   321   321 E SELinux : avc:  denied  { find } for pid=1943 uid=10122 name=tethering scontext=u:r:sprd_radio_app:s0:c512,c768 tcontext=u:object_r:tethering_service:s0 tclass=service_manager permissive=0
05-24 17:48:18.397   321   321 E SELinux : avc:  denied  { find } for pid=1943 uid=10122 name=tethering scontext=u:r:sprd_radio_app:s0:c512,c768 tcontext=u:object_r:tethering_service:s0 tclass=service_manager permissive=0
05-24 17:48:18.599   321   321 E SELinux : avc:  denied  { find } for pid=1943 uid=10122 name=tethering scontext=u:r:sprd_radio_app:s0:c512,c768 tcontext=u:object_r:tethering_service:s0 tclass=service_manager permissive=0
05-24 17:48:22.849   321   321 E SELinux : avc:  denied  { find } for pid=1943 uid=10122 name=tethering scontext=u:r:sprd_radio_app:s0:c512,c768 tcontext=u:object_r:tethering_service:s0 tclass=service_manager permissive=0
05-24 17:48:23.051   321   321 E SELinux : avc:  denied  { find } for pid=1943 uid=10122 name=tethering scontext=u:r:sprd_radio_app:s0:c512,c768 tcontext=u:object_r:tethering_service:s0 tclass=service_manager permissive=0
05-24 17:48:23.456   321   321 E SELinux : avc:  denied  { find } for pid=1943 uid=10122 name=tethering scontext=u:r:sprd_radio_app:s0:c512,c768 tcontext=u:object_r:tethering_service:s0 tclass=service_manager permissive=0
05-24 17:48:23.659   321   321 E SELinux : avc:  denied  { find } for pid=1943 uid=10122 name=tethering scontext=u:r:sprd_radio_app:s0:c512,c768 tcontext=u:object_r:tethering_service:s0 tclass=service_manager permissive=0
05-24 17:48:23.861   321   321 E SELinux : avc:  denied  { find } for pid=1943 uid=10122 name=tethering scontext=u:r:sprd_radio_app:s0:c512,c768 tcontext=u:object_r:tethering_service:s0 tclass=service_manager permissive=0
05-24 17:48:26.493   321   321 E SELinux : avc:  denied  { find } for pid=1943 uid=10122 name=tethering scontext=u:r:sprd_radio_app:s0:c512,c768 tcontext=u:object_r:tethering_service:s0 tclass=service_manager permissive=0
05-24 17:48:26.582   824   845 E Watchdog: WDT_Monitor: checkSFStatus sfBlocked=false
05-24 17:48:26.583   824   845 E Watchdog: WDT_Monitor: writeWDTMonitor duration=50,shutdowning=false
05-24 17:48:26.695   321   321 E SELinux : avc:  denied  { find } for pid=1943 uid=10122 name=tethering scontext=u:r:sprd_radio_app:s0:c512,c768 tcontext=u:object_r:tethering_service:s0 tclass=service_manager permissive=0
05-24 17:48:28.719   321   321 E SELinux : avc:  denied  { find } for pid=1943 uid=10122 name=tethering scontext=u:r:sprd_radio_app:s0:c512,c768 tcontext=u:object_r:tethering_service:s0 tclass=service_manager permissive=0
05-24 17:48:28.921   321   321 E SELinux : avc:  denied  { find } for pid=1943 uid=10122 name=tethering scontext=u:r:sprd_radio_app:s0:c512,c768 tcontext=u:object_r:tethering_service:s0 tclass=service_manager permissive=0
05-24 17:48:29.932   321   321 E SELinux : avc:  denied  { find } for pid=1943 uid=10122 name=tethering scontext=u:r:sprd_radio_app:s0:c512,c768 tcontext=u:object_r:tethering_service:s0 tclass=service_manager permissive=0
05-24 17:48:30.135   321   321 E SELinux : avc:  denied  { find } for pid=1943 uid=10122 name=tethering scontext=u:r:sprd_radio_app:s0:c512,c768 tcontext=u:object_r:tethering_service:s0 tclass=service_manager permissive=0
05-24 17:48:31.549   321   321 E SELinux : avc:  denied  { find } for pid=1943 uid=10122 name=tethering scontext=u:r:sprd_radio_app:s0:c512,c768 tcontext=u:object_r:tethering_service:s0 tclass=service_manager permissive=0
05-24 17:48:31.752   321   321 E SELinux : avc:  denied  { find } for pid=1943 uid=10122 name=tethering scontext=u:r:sprd_radio_app:s0:c512,c768 tcontext=u:object_r:tethering_service:s0 tclass=service_manager permissive=0
05-24 17:48:33.773   321   321 E SELinux : avc:  denied  { find } for pid=1943 uid=10122 name=tethering scontext=u:r:sprd_radio_app:s0:c512,c768 tcontext=u:object_r:tethering_service:s0 tclass=service_manager permissive=0
05-24 17:48:33.975   321   321 E SELinux : avc:  denied  { find } for pid=1943 uid=10122 name=tethering scontext=u:r:sprd_radio_app:s0:c512,c768 tcontext=u:object_r:tethering_service:s0 tclass=service_manager permissive=0
05-24 17:48:34.582   321   321 E SELinux : avc:  denied  { find } for pid=1943 uid=10122 name=tethering scontext=u:r:sprd_radio_app:s0:c512,c768 tcontext=u:object_r:tethering_service:s0 tclass=service_manager permissive=0
05-24 17:48:34.784   321   321 E SELinux : avc:  denied  { find } for pid=1943 uid=10122 name=tethering scontext=u:r:sprd_radio_app:s0:c512,c768 tcontext=u:object_r:tethering_service:s0 tclass=service_manager permissive=0
05-24 17:48:35.593   321   321 E SELinux : avc:  denied  { find } for pid=1943 uid=10122 name=tethering scontext=u:r:sprd_radio_app:s0:c512,c768 tcontext=u:object_r:tethering_service:s0 tclass=service_manager permissive=0
05-24 17:48:35.795   321   321 E SELinux : avc:  denied  { find } for pid=1943 uid=10122 name=tethering scontext=u:r:sprd_radio_app:s0:c512,c768 tcontext=u:object_r:tethering_service:s0 tclass=service_manager permissive=0
05-24 17:48:38.830   321   321 E SELinux : avc:  denied  { find } for pid=1943 uid=10122 name=tethering scontext=u:r:sprd_radio_app:s0:c512,c768 tcontext=u:object_r:tethering_service:s0 tclass=service_manager permissive=0
05-24 17:48:39.031   321   321 E SELinux : avc:  denied  { find } for pid=1943 uid=10122 name=tethering scontext=u:r:sprd_radio_app:s0:c512,c768 tcontext=u:object_r:tethering_service:s0 tclass=service_manager permissive=0
05-24 17:48:40.852   321   321 E SELinux : avc:  denied  { find } for pid=1943 uid=10122 name=tethering scontext=u:r:sprd_radio_app:s0:c512,c768 tcontext=u:object_r:tethering_service:s0 tclass=service_manager permissive=0
05-24 17:48:40.900 19737 20009 E fb4a.TigonNetworkSessionListenerManager: handleDataTask failed for handleDataTaskType
05-24 17:48:40.901 19737 11737 E fb4a.msys: E[N data-request]_HandleDataResponse(1681)=>Data request error for task 5bb8aa45-6461-4c90-adc8-a3c2324d4bdd (response type 1): network disconnected
05-24 17:48:40.903 19737 11739 E fb4a.msys: E[S sync]_createResponseError(241)=>Network Response 5bb8aa45-6461-4c90-adc8-a3c2324d4bdd contains sync error Error Domain=NSURLErrorDomain Code=1 UserInfo=0xbda73600 {MCFErrorDirectUnderlyingErrorKey=0xd41c5600 "Error Domain=NSURLErrorDomain Code=1 UserInfo=0xe5f1ca00 {MCFErrorDirectLocalizedFailureReasonKey=TigonError(error=TransientError, errorDomain=TigonLigerErrorDomain, domainErrorCode=3, analyticsDetail="AsyncSocketException: connect timed out after 29995ms, type = Timed out")}", MCFErrorDirectLocalizedFailureReasonKey=network disconnected} - Underlying error Error Domain=NSURLErrorDomain Code=1 UserInfo=0xe5f1ca00 {MCFErrorDirectLocalizedFailureReasonKey=TigonError(error=TransientError, errorDomain=TigonLigerErrorDomain, domainErrorCode=3, analyticsDetail="AsyncSocketException: connect timed out after 29995ms, type = Timed out")}: Error Domain=NSURLErrorDomain Code=1 UserInfo=0xbda73600 {MCFErrorDirectUnderlyingErrorKey=0xd41c5600 "Error Domain=NSURLErrorDomain Code=1 UserInfo=0xe5f1ca00 {MCFErrorDirectLocalizedFailureReasonKey=TigonError(error=TransientError, errorDomain=TigonLigerErrorDomain, domainErrorCode=3, analyticsDetail="AsyncSocketException: connect timed out after 29995ms, type = Timed out")}", MCFErrorDirectLocalizedFailureReasonKey=network disconnected}
05-24 17:48:41.055   321   321 E SELinux : avc:  denied  { find } for pid=1943 uid=10122 name=tethering scontext=u:r:sprd_radio_app:s0:c512,c768 tcontext=u:object_r:tethering_service:s0 tclass=service_manager permissive=0
05-24 17:48:41.661   321   321 E SELinux : avc:  denied  { find } for pid=1943 uid=10122 name=tethering scontext=u:r:sprd_radio_app:s0:c512,c768 tcontext=u:object_r:tethering_service:s0 tclass=service_manager permissive=0
05-24 17:48:41.862   321   321 E SELinux : avc:  denied  { find } for pid=1943 uid=10122 name=tethering scontext=u:r:sprd_radio_app:s0:c512,c768 tcontext=u:object_r:tethering_service:s0 tclass=service_manager permissive=0
05-24 17:48:42.873   321   321 E SELinux : avc:  denied  { find } for pid=1943 uid=10122 name=tethering scontext=u:r:sprd_radio_app:s0:c512,c768 tcontext=u:object_r:tethering_service:s0 tclass=service_manager permissive=0
05-24 17:48:43.076   321   321 E SELinux : avc:  denied  { find } for pid=1943 uid=10122 name=tethering scontext=u:r:sprd_radio_app:s0:c512,c768 tcontext=u:object_r:tethering_service:s0 tclass=service_manager permissive=0
05-24 17:48:44.087   321   321 E SELinux : avc:  denied  { find } for pid=1943 uid=10122 name=tethering scontext=u:r:sprd_radio_app:s0:c512,c768 tcontext=u:object_r:tethering_service:s0 tclass=service_manager permissive=0
05-24 17:48:44.289   321   321 E SELinux : avc:  denied  { find } for pid=1943 uid=10122 name=tethering scontext=u:r:sprd_radio_app:s0:c512,c768 tcontext=u:object_r:tethering_service:s0 tclass=service_manager permissive=0
05-24 17:48:45.705   321   321 E SELinux : avc:  denied  { find } for pid=1943 uid=10122 name=tethering scontext=u:r:sprd_radio_app:s0:c512,c768 tcontext=u:object_r:tethering_service:s0 tclass=service_manager permissive=0
05-24 17:48:45.907   321   321 E SELinux : avc:  denied  { find } for pid=1943 uid=10122 name=tethering scontext=u:r:sprd_radio_app:s0:c512,c768 tcontext=u:object_r:tethering_service:s0 tclass=service_manager permissive=0
05-24 17:48:48.741   321   321 E SELinux : avc:  denied  { find } for pid=1943 uid=10122 name=tethering scontext=u:r:sprd_radio_app:s0:c512,c768 tcontext=u:object_r:tethering_service:s0 tclass=service_manager permissive=0
05-24 17:48:48.943   321   321 E SELinux : avc:  denied  { find } for pid=1943 uid=10122 name=tethering scontext=u:r:sprd_radio_app:s0:c512,c768 tcontext=u:object_r:tethering_service:s0 tclass=service_manager permissive=0
05-24 17:48:49.146   321   321 E SELinux : avc:  denied  { find } for pid=1943 uid=10122 name=tethering scontext=u:r:sprd_radio_app:s0:c512,c768 tcontext=u:object_r:tethering_service:s0 tclass=service_manager permissive=0
05-24 17:48:49.348   321   321 E SELinux : avc:  denied  { find } for pid=1943 uid=10122 name=tethering scontext=u:r:sprd_radio_app:s0:c512,c768 tcontext=u:object_r:tethering_service:s0 tclass=service_manager permissive=0
