05-24 18:47:50.093   321   321 E SELinux : avc:  denied  { find } for pid=1943 uid=10122 name=tethering scontext=u:r:sprd_radio_app:s0:c512,c768 tcontext=u:object_r:tethering_service:s0 tclass=service_manager permissive=0
05-24 18:47:50.296   321   321 E SELinux : avc:  denied  { find } for pid=1943 uid=10122 name=tethering scontext=u:r:sprd_radio_app:s0:c512,c768 tcontext=u:object_r:tethering_service:s0 tclass=service_manager permissive=0
05-24 18:47:52.115   321   321 E SELinux : avc:  denied  { find } for pid=1943 uid=10122 name=tethering scontext=u:r:sprd_radio_app:s0:c512,c768 tcontext=u:object_r:tethering_service:s0 tclass=service_manager permissive=0
05-24 18:47:52.316   321   321 E SELinux : avc:  denied  { find } for pid=1943 uid=10122 name=tethering scontext=u:r:sprd_radio_app:s0:c512,c768 tcontext=u:object_r:tethering_service:s0 tclass=service_manager permissive=0
05-24 18:47:57.362   824   845 E Watchdog: WDT_Monitor: checkSFStatus sfBlocked=false
05-24 18:47:57.362   824   845 E Watchdog: WDT_Monitor: writeWDTMonitor duration=50,shutdowning=false
05-24 18:47:57.373   321   321 E SELinux : avc:  denied  { find } for pid=1943 uid=10122 name=tethering scontext=u:r:sprd_radio_app:s0:c512,c768 tcontext=u:object_r:tethering_service:s0 tclass=service_manager permissive=0
05-24 18:47:57.575   321   321 E SELinux : avc:  denied  { find } for pid=1943 uid=10122 name=tethering scontext=u:r:sprd_radio_app:s0:c512,c768 tcontext=u:object_r:tethering_service:s0 tclass=service_manager permissive=0
05-24 18:48:02.429   321   321 E SELinux : avc:  denied  { find } for pid=1943 uid=10122 name=tethering scontext=u:r:sprd_radio_app:s0:c512,c768 tcontext=u:object_r:tethering_service:s0 tclass=service_manager permissive=0
05-24 18:48:02.632   321   321 E SELinux : avc:  denied  { find } for pid=1943 uid=10122 name=tethering scontext=u:r:sprd_radio_app:s0:c512,c768 tcontext=u:object_r:tethering_service:s0 tclass=service_manager permissive=0
05-24 18:48:07.485   321   321 E SELinux : avc:  denied  { find } for pid=1943 uid=10122 name=tethering scontext=u:r:sprd_radio_app:s0:c512,c768 tcontext=u:object_r:tethering_service:s0 tclass=service_manager permissive=0
05-24 18:48:07.687   321   321 E SELinux : avc:  denied  { find } for pid=1943 uid=10122 name=tethering scontext=u:r:sprd_radio_app:s0:c512,c768 tcontext=u:object_r:tethering_service:s0 tclass=service_manager permissive=0
05-24 18:48:12.739   321   321 E SELinux : avc:  denied  { find } for pid=1943 uid=10122 name=tethering scontext=u:r:sprd_radio_app:s0:c512,c768 tcontext=u:object_r:tethering_service:s0 tclass=service_manager permissive=0
05-24 18:48:12.941   321   321 E SELinux : avc:  denied  { find } for pid=1943 uid=10122 name=tethering scontext=u:r:sprd_radio_app:s0:c512,c768 tcontext=u:object_r:tethering_service:s0 tclass=service_manager permissive=0
05-24 18:48:16.582   321   321 E SELinux : avc:  denied  { find } for pid=1943 uid=10122 name=tethering scontext=u:r:sprd_radio_app:s0:c512,c768 tcontext=u:object_r:tethering_service:s0 tclass=service_manager permissive=0
05-24 18:48:16.610 19737 20009 E fb4a.TigonNetworkSessionListenerManager: handleDataTask failed for handleDataTaskType
05-24 18:48:16.611 19737 11737 E fb4a.msys: E[N data-request]_HandleDataResponse(1681)=>Data request error for task 591b9998-7eb3-4afa-a4fc-e7aa70aaa097 (response type 1): network disconnected
05-24 18:48:16.614 19737 11739 E fb4a.msys: E[S sync]_createResponseError(241)=>Network Response 591b9998-7eb3-4afa-a4fc-e7aa70aaa097 contains sync error Error Domain=NSURLErrorDomain Code=1 UserInfo=0xbe418400 {MCFErrorDirectUnderlyingErrorKey=0xd39d6da0 "Error Domain=NSURLErrorDomain Code=1 UserInfo=0xe5f20100 {MCFErrorDirectLocalizedFailureReasonKey=TigonError(error=TransientError, errorDomain=TigonLigerErrorDomain, domainErrorCode=3, analyticsDetail="AsyncSocketException: connect timed out after 29995ms, type = Timed out")}", MCFErrorDirectLocalizedFailureReasonKey=network disconnected} - Underlying error Error Domain=NSURLErrorDomain Code=1 UserInfo=0xe5f20100 {MCFErrorDirectLocalizedFailureReasonKey=TigonError(error=TransientError, errorDomain=TigonLigerErrorDomain, domainErrorCode=3, analyticsDetail="AsyncSocketException: connect timed out after 29995ms, type = Timed out")}: Error Domain=NSURLErrorDomain Code=1 UserInfo=0xbe418400 {MCFErrorDirectUnderlyingErrorKey=0xd39d6da0 "Error Domain=NSURLErrorDomain Code=1 UserInfo=0xe5f20100 {MCFErrorDirectLocalizedFailureReasonKey=TigonError(error=TransientError, errorDomain=TigonLigerErrorDomain, domainErrorCode=3, analyticsDetail="AsyncSocketException: connect timed out after 29995ms, type = Timed out")}", MCFErrorDirectLocalizedFailureReasonKey=network disconnected}
05-24 18:48:16.784   321   321 E SELinux : avc:  denied  { find } for pid=1943 uid=10122 name=tethering scontext=u:r:sprd_radio_app:s0:c512,c768 tcontext=u:object_r:tethering_service:s0 tclass=service_manager permissive=0
05-24 18:48:17.796   321   321 E SELinux : avc:  denied  { find } for pid=1943 uid=10122 name=tethering scontext=u:r:sprd_radio_app:s0:c512,c768 tcontext=u:object_r:tethering_service:s0 tclass=service_manager permissive=0
05-24 18:48:17.998   321   321 E SELinux : avc:  denied  { find } for pid=1943 uid=10122 name=tethering scontext=u:r:sprd_radio_app:s0:c512,c768 tcontext=u:object_r:tethering_service:s0 tclass=service_manager permissive=0
05-24 18:48:22.853   321   321 E SELinux : avc:  denied  { find } for pid=1943 uid=10122 name=tethering scontext=u:r:sprd_radio_app:s0:c512,c768 tcontext=u:object_r:tethering_service:s0 tclass=service_manager permissive=0
05-24 18:48:23.056   321   321 E SELinux : avc:  denied  { find } for pid=1943 uid=10122 name=tethering scontext=u:r:sprd_radio_app:s0:c512,c768 tcontext=u:object_r:tethering_service:s0 tclass=service_manager permissive=0
05-24 18:48:24.269   321   321 E SELinux : avc:  denied  { find } for pid=1943 uid=10122 name=tethering scontext=u:r:sprd_radio_app:s0:c512,c768 tcontext=u:object_r:tethering_service:s0 tclass=service_manager permissive=0
05-24 18:48:24.470   321   321 E SELinux : avc:  denied  { find } for pid=1943 uid=10122 name=tethering scontext=u:r:sprd_radio_app:s0:c512,c768 tcontext=u:object_r:tethering_service:s0 tclass=service_manager permissive=0
05-24 18:48:25.482   321   321 E SELinux : avc:  denied  { find } for pid=1943 uid=10122 name=tethering scontext=u:r:sprd_radio_app:s0:c512,c768 tcontext=u:object_r:tethering_service:s0 tclass=service_manager permissive=0
05-24 18:48:25.684   321   321 E SELinux : avc:  denied  { find } for pid=1943 uid=10122 name=tethering scontext=u:r:sprd_radio_app:s0:c512,c768 tcontext=u:object_r:tethering_service:s0 tclass=service_manager permissive=0
05-24 18:48:27.369   824   845 E Watchdog: WDT_Monitor: checkSFStatus sfBlocked=false
05-24 18:48:27.369   824   845 E Watchdog: WDT_Monitor: writeWDTMonitor duration=50,shutdowning=false
05-24 18:48:28.111   321   321 E SELinux : avc:  denied  { find } for pid=1943 uid=10122 name=tethering scontext=u:r:sprd_radio_app:s0:c512,c768 tcontext=u:object_r:tethering_service:s0 tclass=service_manager permissive=0
05-24 18:48:28.314   321   321 E SELinux : avc:  denied  { find } for pid=1943 uid=10122 name=tethering scontext=u:r:sprd_radio_app:s0:c512,c768 tcontext=u:object_r:tethering_service:s0 tclass=service_manager permissive=0
05-24 18:48:33.171   321   321 E SELinux : avc:  denied  { find } for pid=1943 uid=10122 name=tethering scontext=u:r:sprd_radio_app:s0:c512,c768 tcontext=u:object_r:tethering_service:s0 tclass=service_manager permissive=0
05-24 18:48:33.373   321   321 E SELinux : avc:  denied  { find } for pid=1943 uid=10122 name=tethering scontext=u:r:sprd_radio_app:s0:c512,c768 tcontext=u:object_r:tethering_service:s0 tclass=service_manager permissive=0
05-24 18:48:34.385   321   321 E SELinux : avc:  denied  { find } for pid=1943 uid=10122 name=tethering scontext=u:r:sprd_radio_app:s0:c512,c768 tcontext=u:object_r:tethering_service:s0 tclass=service_manager permissive=0
05-24 18:48:34.588   321   321 E SELinux : avc:  denied  { find } for pid=1943 uid=10122 name=tethering scontext=u:r:sprd_radio_app:s0:c512,c768 tcontext=u:object_r:tethering_service:s0 tclass=service_manager permissive=0
05-24 18:48:37.421   321   321 E SELinux : avc:  denied  { find } for pid=1943 uid=10122 name=tethering scontext=u:r:sprd_radio_app:s0:c512,c768 tcontext=u:object_r:tethering_service:s0 tclass=service_manager permissive=0
05-24 18:48:37.623   321   321 E SELinux : avc:  denied  { find } for pid=1943 uid=10122 name=tethering scontext=u:r:sprd_radio_app:s0:c512,c768 tcontext=u:object_r:tethering_service:s0 tclass=service_manager permissive=0
05-24 18:48:37.826   321   321 E SELinux : avc:  denied  { find } for pid=1943 uid=10122 name=tethering scontext=u:r:sprd_radio_app:s0:c512,c768 tcontext=u:object_r:tethering_service:s0 tclass=service_manager permissive=0
05-24 18:48:38.028   321   321 E SELinux : avc:  denied  { find } for pid=1943 uid=10122 name=tethering scontext=u:r:sprd_radio_app:s0:c512,c768 tcontext=u:object_r:tethering_service:s0 tclass=service_manager permissive=0
05-24 18:48:38.230   321   321 E SELinux : avc:  denied  { find } for pid=1943 uid=10122 name=tethering scontext=u:r:sprd_radio_app:s0:c512,c768 tcontext=u:object_r:tethering_service:s0 tclass=service_manager permissive=0
05-24 18:48:38.433   321   321 E SELinux : avc:  denied  { find } for pid=1943 uid=10122 name=tethering scontext=u:r:sprd_radio_app:s0:c512,c768 tcontext=u:object_r:tethering_service:s0 tclass=service_manager permissive=0
05-24 18:48:43.491   321   321 E SELinux : avc:  denied  { find } for pid=1943 uid=10122 name=tethering scontext=u:r:sprd_radio_app:s0:c512,c768 tcontext=u:object_r:tethering_service:s0 tclass=service_manager permissive=0
05-24 18:48:43.693   321   321 E SELinux : avc:  denied  { find } for pid=1943 uid=10122 name=tethering scontext=u:r:sprd_radio_app:s0:c512,c768 tcontext=u:object_r:tethering_service:s0 tclass=service_manager permissive=0
05-24 18:48:45.514   321   321 E SELinux : avc:  denied  { find } for pid=1943 uid=10122 name=tethering scontext=u:r:sprd_radio_app:s0:c512,c768 tcontext=u:object_r:tethering_service:s0 tclass=service_manager permissive=0
05-24 18:48:45.716   321   321 E SELinux : avc:  denied  { find } for pid=1943 uid=10122 name=tethering scontext=u:r:sprd_radio_app:s0:c512,c768 tcontext=u:object_r:tethering_service:s0 tclass=service_manager permissive=0
05-24 18:48:46.525   321   321 E SELinux : avc:  denied  { find } for pid=1943 uid=10122 name=tethering scontext=u:r:sprd_radio_app:s0:c512,c768 tcontext=u:object_r:tethering_service:s0 tclass=service_manager permissive=0
05-24 18:48:46.672 19737 20009 E fb4a.TigonNetworkSessionListenerManager: handleDataTask failed for handleDataTaskType
05-24 18:48:46.673 19737 11737 E fb4a.msys: E[N data-request]_HandleDataResponse(1681)=>Data request error for task 4312e0e2-b5fb-4a5c-8e44-c65b049ed2c8 (response type 1): network disconnected
05-24 18:48:46.675 19737 11739 E fb4a.msys: E[S sync]_createResponseError(241)=>Network Response 4312e0e2-b5fb-4a5c-8e44-c65b049ed2c8 contains sync error Error Domain=NSURLErrorDomain Code=1 UserInfo=0xbe418400 {MCFErrorDirectUnderlyingErrorKey=0xd3781f00 "Error Domain=NSURLErrorDomain Code=1 UserInfo=0xe5f1ca00 {MCFErrorDirectLocalizedFailureReasonKey=TigonError(error=TransientError, errorDomain=TigonLigerErrorDomain, domainErrorCode=3, analyticsDetail="AsyncSocketException: connect timed out after 29995ms, type = Timed out")}", MCFErrorDirectLocalizedFailureReasonKey=network disconnected} - Underlying error Error Domain=NSURLErrorDomain Code=1 UserInfo=0xe5f1ca00 {MCFErrorDirectLocalizedFailureReasonKey=TigonError(error=TransientError, errorDomain=TigonLigerErrorDomain, domainErrorCode=3, analyticsDetail="AsyncSocketException: connect timed out after 29995ms, type = Timed out")}: Error Domain=NSURLErrorDomain Code=1 UserInfo=0xbe418400 {MCFErrorDirectUnderlyingErrorKey=0xd3781f00 "Error Domain=NSURLErrorDomain Code=1 UserInfo=0xe5f1ca00 {MCFErrorDirectLocalizedFailureReasonKey=TigonError(error=TransientError, errorDomain=TigonLigerErrorDomain, domainErrorCode=3, analyticsDetail="AsyncSocketException: connect timed out after 29995ms, type = Timed out")}", MCFErrorDirectLocalizedFailureReasonKey=network disconnected}
05-24 18:48:46.727   321   321 E SELinux : avc:  denied  { find } for pid=1943 uid=10122 name=tethering scontext=u:r:sprd_radio_app:s0:c512,c768 tcontext=u:object_r:tethering_service:s0 tclass=service_manager permissive=0
05-24 18:48:48.548   321   321 E SELinux : avc:  denied  { find } for pid=1943 uid=10122 name=tethering scontext=u:r:sprd_radio_app:s0:c512,c768 tcontext=u:object_r:tethering_service:s0 tclass=service_manager permissive=0
05-24 18:48:48.750   321   321 E SELinux : avc:  denied  { find } for pid=1943 uid=10122 name=tethering scontext=u:r:sprd_radio_app:s0:c512,c768 tcontext=u:object_r:tethering_service:s0 tclass=service_manager permissive=0
05-24 18:48:53.605   321   321 E SELinux : avc:  denied  { find } for pid=1943 uid=10122 name=tethering scontext=u:r:sprd_radio_app:s0:c512,c768 tcontext=u:object_r:tethering_service:s0 tclass=service_manager permissive=0
05-24 18:48:53.807   321   321 E SELinux : avc:  denied  { find } for pid=1943 uid=10122 name=tethering scontext=u:r:sprd_radio_app:s0:c512,c768 tcontext=u:object_r:tethering_service:s0 tclass=service_manager permissive=0
05-24 18:48:57.375   824   845 E Watchdog: WDT_Monitor: checkSFStatus sfBlocked=false
05-24 18:48:57.376   824   845 E Watchdog: WDT_Monitor: writeWDTMonitor duration=50,shutdowning=false
05-24 18:48:58.656   321   321 E SELinux : avc:  denied  { find } for pid=1943 uid=10122 name=tethering scontext=u:r:sprd_radio_app:s0:c512,c768 tcontext=u:object_r:tethering_service:s0 tclass=service_manager permissive=0
05-24 18:48:58.857   321   321 E SELinux : avc:  denied  { find } for pid=1943 uid=10122 name=tethering scontext=u:r:sprd_radio_app:s0:c512,c768 tcontext=u:object_r:tethering_service:s0 tclass=service_manager permissive=0
05-24 18:48:59.866   321   321 E SELinux : avc:  denied  { find } for pid=1943 uid=10122 name=tethering scontext=u:r:sprd_radio_app:s0:c512,c768 tcontext=u:object_r:tethering_service:s0 tclass=service_manager permissive=0
05-24 18:49:00.068   321   321 E SELinux : avc:  denied  { find } for pid=1943 uid=10122 name=tethering scontext=u:r:sprd_radio_app:s0:c512,c768 tcontext=u:object_r:tethering_service:s0 tclass=service_manager permissive=0
05-24 18:49:03.911   321   321 E SELinux : avc:  denied  { find } for pid=1943 uid=10122 name=tethering scontext=u:r:sprd_radio_app:s0:c512,c768 tcontext=u:object_r:tethering_service:s0 tclass=service_manager permissive=0
05-24 18:49:04.114   321   321 E SELinux : avc:  denied  { find } for pid=1943 uid=10122 name=tethering scontext=u:r:sprd_radio_app:s0:c512,c768 tcontext=u:object_r:tethering_service:s0 tclass=service_manager permissive=0
05-24 18:49:08.968   321   321 E SELinux : avc:  denied  { find } for pid=1943 uid=10122 name=tethering scontext=u:r:sprd_radio_app:s0:c512,c768 tcontext=u:object_r:tethering_service:s0 tclass=service_manager permissive=0
05-24 18:49:09.171   321   321 E SELinux : avc:  denied  { find } for pid=1943 uid=10122 name=tethering scontext=u:r:sprd_radio_app:s0:c512,c768 tcontext=u:object_r:tethering_service:s0 tclass=service_manager permissive=0
05-24 18:49:14.027   321   321 E SELinux : avc:  denied  { find } for pid=1943 uid=10122 name=tethering scontext=u:r:sprd_radio_app:s0:c512,c768 tcontext=u:object_r:tethering_service:s0 tclass=service_manager permissive=0
05-24 18:49:14.228   321   321 E SELinux : avc:  denied  { find } for pid=1943 uid=10122 name=tethering scontext=u:r:sprd_radio_app:s0:c512,c768 tcontext=u:object_r:tethering_service:s0 tclass=service_manager permissive=0
05-24 18:49:14.633   321   321 E SELinux : avc:  denied  { find } for pid=1943 uid=10122 name=tethering scontext=u:r:sprd_radio_app:s0:c512,c768 tcontext=u:object_r:tethering_service:s0 tclass=service_manager permissive=0
05-24 18:49:14.835   321   321 E SELinux : avc:  denied  { find } for pid=1943 uid=10122 name=tethering scontext=u:r:sprd_radio_app:s0:c512,c768 tcontext=u:object_r:tethering_service:s0 tclass=service_manager permissive=0
05-24 18:49:15.038   321   321 E SELinux : avc:  denied  { find } for pid=1943 uid=10122 name=tethering scontext=u:r:sprd_radio_app:s0:c512,c768 tcontext=u:object_r:tethering_service:s0 tclass=service_manager permissive=0
05-24 18:49:16.658   321   321 E SELinux : avc:  denied  { find } for pid=1943 uid=10122 name=tethering scontext=u:r:sprd_radio_app:s0:c512,c768 tcontext=u:object_r:tethering_service:s0 tclass=service_manager permissive=0
05-24 18:49:16.698 19737 20009 E fb4a.TigonNetworkSessionListenerManager: handleDataTask failed for handleDataTaskType
05-24 18:49:16.699 19737 11737 E fb4a.msys: E[N data-request]_HandleDataResponse(1681)=>Data request error for task 97e9561a-54a1-42f6-bb16-9724a14e276c (response type 1): network disconnected
05-24 18:49:16.701 19737 11739 E fb4a.msys: E[S sync]_createResponseError(241)=>Network Response 97e9561a-54a1-42f6-bb16-9724a14e276c contains sync error Error Domain=NSURLErrorDomain Code=1 UserInfo=0xbe418400 {MCFErrorDirectUnderlyingErrorKey=0xd3781e20 "Error Domain=NSURLErrorDomain Code=1 UserInfo=0xe5f1ca00 {MCFErrorDirectLocalizedFailureReasonKey=TigonError(error=TransientError, errorDomain=TigonLigerErrorDomain, domainErrorCode=3, analyticsDetail="AsyncSocketException: connect timed out after 29995ms, type = Timed out")}", MCFErrorDirectLocalizedFailureReasonKey=network disconnected} - Underlying error Error Domain=NSURLErrorDomain Code=1 UserInfo=0xe5f1ca00 {MCFErrorDirectLocalizedFailureReasonKey=TigonError(error=TransientError, errorDomain=TigonLigerErrorDomain, domainErrorCode=3, analyticsDetail="AsyncSocketException: connect timed out after 29995ms, type = Timed out")}: Error Domain=NSURLErrorDomain Code=1 UserInfo=0xbe418400 {MCFErrorDirectUnderlyingErrorKey=0xd3781e20 "Error Domain=NSURLErrorDomain Code=1 UserInfo=0xe5f1ca00 {MCFErrorDirectLocalizedFailureReasonKey=TigonError(error=TransientError, errorDomain=TigonLigerErrorDomain, domainErrorCode=3, analyticsDetail="AsyncSocketException: connect timed out after 29995ms, type = Timed out")}", MCFErrorDirectLocalizedFailureReasonKey=network disconnected}
05-24 18:49:16.860   321   321 E SELinux : avc:  denied  { find } for pid=1943 uid=10122 name=tethering scontext=u:r:sprd_radio_app:s0:c512,c768 tcontext=u:object_r:tethering_service:s0 tclass=service_manager permissive=0
05-24 18:49:19.286   321   321 E SELinux : avc:  denied  { find } for pid=1943 uid=10122 name=tethering scontext=u:r:sprd_radio_app:s0:c512,c768 tcontext=u:object_r:tethering_service:s0 tclass=service_manager permissive=0
05-24 18:49:19.489   321   321 E SELinux : avc:  denied  { find } for pid=1943 uid=10122 name=tethering scontext=u:r:sprd_radio_app:s0:c512,c768 tcontext=u:object_r:tethering_service:s0 tclass=service_manager permissive=0
05-24 18:49:19.691   321   321 E SELinux : avc:  denied  { find } for pid=1943 uid=10122 name=tethering scontext=u:r:sprd_radio_app:s0:c512,c768 tcontext=u:object_r:tethering_service:s0 tclass=service_manager permissive=0
05-24 18:49:24.345   321   321 E SELinux : avc:  denied  { find } for pid=1943 uid=10122 name=tethering scontext=u:r:sprd_radio_app:s0:c512,c768 tcontext=u:object_r:tethering_service:s0 tclass=service_manager permissive=0
05-24 18:49:24.547   321   321 E SELinux : avc:  denied  { find } for pid=1943 uid=10122 name=tethering scontext=u:r:sprd_radio_app:s0:c512,c768 tcontext=u:object_r:tethering_service:s0 tclass=service_manager permissive=0
05-24 18:49:27.381   824   845 E Watchdog: WDT_Monitor: checkSFStatus sfBlocked=false
05-24 18:49:27.382   824   845 E Watchdog: WDT_Monitor: writeWDTMonitor duration=50,shutdowning=false
05-24 18:49:29.401   321   321 E SELinux : avc:  denied  { find } for pid=1943 uid=10122 name=tethering scontext=u:r:sprd_radio_app:s0:c512,c768 tcontext=u:object_r:tethering_service:s0 tclass=service_manager permissive=0
05-24 18:49:29.603   321   321 E SELinux : avc:  denied  { find } for pid=1943 uid=10122 name=tethering scontext=u:r:sprd_radio_app:s0:c512,c768 tcontext=u:object_r:tethering_service:s0 tclass=service_manager permissive=0
05-24 18:49:34.659   321   321 E SELinux : avc:  denied  { find } for pid=1943 uid=10122 name=tethering scontext=u:r:sprd_radio_app:s0:c512,c768 tcontext=u:object_r:tethering_service:s0 tclass=service_manager permissive=0
05-24 18:49:34.861   321   321 E SELinux : avc:  denied  { find } for pid=1943 uid=10122 name=tethering scontext=u:r:sprd_radio_app:s0:c512,c768 tcontext=u:object_r:tethering_service:s0 tclass=service_manager permissive=0
05-24 18:49:39.714   321   321 E SELinux : avc:  denied  { find } for pid=1943 uid=10122 name=tethering scontext=u:r:sprd_radio_app:s0:c512,c768 tcontext=u:object_r:tethering_service:s0 tclass=service_manager permissive=0
05-24 18:49:39.917   321   321 E SELinux : avc:  denied  { find } for pid=1943 uid=10122 name=tethering scontext=u:r:sprd_radio_app:s0:c512,c768 tcontext=u:object_r:tethering_service:s0 tclass=service_manager permissive=0
05-24 18:49:44.770   321   321 E SELinux : avc:  denied  { find } for pid=1943 uid=10122 name=tethering scontext=u:r:sprd_radio_app:s0:c512,c768 tcontext=u:object_r:tethering_service:s0 tclass=service_manager permissive=0
05-24 18:49:44.972   321   321 E SELinux : avc:  denied  { find } for pid=1943 uid=10122 name=tethering scontext=u:r:sprd_radio_app:s0:c512,c768 tcontext=u:object_r:tethering_service:s0 tclass=service_manager permissive=0
05-24 18:49:45.174   321   321 E SELinux : avc:  denied  { find } for pid=1943 uid=10122 name=tethering scontext=u:r:sprd_radio_app:s0:c512,c768 tcontext=u:object_r:tethering_service:s0 tclass=service_manager permissive=0
05-24 18:49:46.590   321   321 E SELinux : avc:  denied  { find } for pid=1943 uid=10122 name=tethering scontext=u:r:sprd_radio_app:s0:c512,c768 tcontext=u:object_r:tethering_service:s0 tclass=service_manager permissive=0
05-24 18:49:46.759 19737 20009 E fb4a.TigonNetworkSessionListenerManager: handleDataTask failed for handleDataTaskType
05-24 18:49:46.761 19737 11737 E fb4a.msys: E[N data-request]_HandleDataResponse(1681)=>Data request error for task dee40df3-53bd-4244-b212-88797ebc6c19 (response type 1): network disconnected
05-24 18:49:46.763 19737 11739 E fb4a.msys: E[S sync]_createResponseError(241)=>Network Response dee40df3-53bd-4244-b212-88797ebc6c19 contains sync error Error Domain=NSURLErrorDomain Code=1 UserInfo=0xbe418400 {MCFErrorDirectUnderlyingErrorKey=0xd3781f40 "Error Domain=NSURLErrorDomain Code=1 UserInfo=0xe5f1ca00 {MCFErrorDirectLocalizedFailureReasonKey=TigonError(error=TransientError, errorDomain=TigonLigerErrorDomain, domainErrorCode=3, analyticsDetail="AsyncSocketException: connect timed out after 29995ms, type = Timed out")}", MCFErrorDirectLocalizedFailureReasonKey=network disconnected} - Underlying error Error Domain=NSURLErrorDomain Code=1 UserInfo=0xe5f1ca00 {MCFErrorDirectLocalizedFailureReasonKey=TigonError(error=TransientError, errorDomain=TigonLigerErrorDomain, domainErrorCode=3, analyticsDetail="AsyncSocketException: connect timed out after 29995ms, type = Timed out")}: Error Domain=NSURLErrorDomain Code=1 UserInfo=0xbe418400 {MCFErrorDirectUnderlyingErrorKey=0xd3781f40 "Error Domain=NSURLErrorDomain Code=1 UserInfo=0xe5f1ca00 {MCFErrorDirectLocalizedFailureReasonKey=TigonError(error=TransientError, errorDomain=TigonLigerErrorDomain, domainErrorCode=3, analyticsDetail="AsyncSocketException: connect timed out after 29995ms, type = Timed out")}", MCFErrorDirectLocalizedFailureReasonKey=network disconnected}
05-24 18:49:46.792   321   321 E SELinux : avc:  denied  { find } for pid=1943 uid=10122 name=tethering scontext=u:r:sprd_radio_app:s0:c512,c768 tcontext=u:object_r:tethering_service:s0 tclass=service_manager permissive=0
05-24 18:49:50.027   321   321 E SELinux : avc:  denied  { find } for pid=1943 uid=10122 name=tethering scontext=u:r:sprd_radio_app:s0:c512,c768 tcontext=u:object_r:tethering_service:s0 tclass=service_manager permissive=0
05-24 18:49:50.229   321   321 E SELinux : avc:  denied  { find } for pid=1943 uid=10122 name=tethering scontext=u:r:sprd_radio_app:s0:c512,c768 tcontext=u:object_r:tethering_service:s0 tclass=service_manager permissive=0
05-24 18:49:55.086   321   321 E SELinux : avc:  denied  { find } for pid=1943 uid=10122 name=tethering scontext=u:r:sprd_radio_app:s0:c512,c768 tcontext=u:object_r:tethering_service:s0 tclass=service_manager permissive=0
05-24 18:49:55.288   321   321 E SELinux : avc:  denied  { find } for pid=1943 uid=10122 name=tethering scontext=u:r:sprd_radio_app:s0:c512,c768 tcontext=u:object_r:tethering_service:s0 tclass=service_manager permissive=0
05-24 18:49:55.490   321   321 E SELinux : avc:  denied  { find } for pid=1943 uid=10122 name=tethering scontext=u:r:sprd_radio_app:s0:c512,c768 tcontext=u:object_r:tethering_service:s0 tclass=service_manager permissive=0
05-24 18:49:55.692   321   321 E SELinux : avc:  denied  { find } for pid=1943 uid=10122 name=tethering scontext=u:r:sprd_radio_app:s0:c512,c768 tcontext=u:object_r:tethering_service:s0 tclass=service_manager permissive=0
05-24 18:49:55.741  5059  9594 E RegisterJobIntentService: do register no net
05-24 18:49:55.894   321   321 E SELinux : avc:  denied  { find } for pid=1943 uid=10122 name=tethering scontext=u:r:sprd_radio_app:s0:c512,c768 tcontext=u:object_r:tethering_service:s0 tclass=service_manager permissive=0
05-24 18:49:57.388   824   845 E Watchdog: WDT_Monitor: checkSFStatus sfBlocked=false
05-24 18:49:57.388   824   845 E Watchdog: WDT_Monitor: writeWDTMonitor duration=50,shutdowning=false
05-24 18:49:57.311   321   321 E SELinux : avc:  denied  { find } for pid=1943 uid=10122 name=tethering scontext=u:r:sprd_radio_app:s0:c512,c768 tcontext=u:object_r:tethering_service:s0 tclass=service_manager permissive=0
05-24 18:49:57.513   321   321 E SELinux : avc:  denied  { find } for pid=1943 uid=10122 name=tethering scontext=u:r:sprd_radio_app:s0:c512,c768 tcontext=u:object_r:tethering_service:s0 tclass=service_manager permissive=0
05-24 18:49:59.941   321   321 E SELinux : avc:  denied  { find } for pid=1943 uid=10122 name=tethering scontext=u:r:sprd_radio_app:s0:c512,c768 tcontext=u:object_r:tethering_service:s0 tclass=service_manager permissive=0
05-24 18:50:00.143   321   321 E SELinux : avc:  denied  { find } for pid=1943 uid=10122 name=tethering scontext=u:r:sprd_radio_app:s0:c512,c768 tcontext=u:object_r:tethering_service:s0 tclass=service_manager permissive=0
05-24 18:50:00.345   321   321 E SELinux : avc:  denied  { find } for pid=1943 uid=10122 name=tethering scontext=u:r:sprd_radio_app:s0:c512,c768 tcontext=u:object_r:tethering_service:s0 tclass=service_manager permissive=0
05-24 18:50:00.548   321   321 E SELinux : avc:  denied  { find } for pid=1943 uid=10122 name=tethering scontext=u:r:sprd_radio_app:s0:c512,c768 tcontext=u:object_r:tethering_service:s0 tclass=service_manager permissive=0
05-24 18:50:02.370   321   321 E SELinux : avc:  denied  { find } for pid=1943 uid=10122 name=tethering scontext=u:r:sprd_radio_app:s0:c512,c768 tcontext=u:object_r:tethering_service:s0 tclass=service_manager permissive=0
05-24 18:50:02.572   321   321 E SELinux : avc:  denied  { find } for pid=1943 uid=10122 name=tethering scontext=u:r:sprd_radio_app:s0:c512,c768 tcontext=u:object_r:tethering_service:s0 tclass=service_manager permissive=0
05-24 18:50:03.381   321   321 E SELinux : avc:  denied  { find } for pid=1943 uid=10122 name=tethering scontext=u:r:sprd_radio_app:s0:c512,c768 tcontext=u:object_r:tethering_service:s0 tclass=service_manager permissive=0
05-24 18:50:03.584   321   321 E SELinux : avc:  denied  { find } for pid=1943 uid=10122 name=tethering scontext=u:r:sprd_radio_app:s0:c512,c768 tcontext=u:object_r:tethering_service:s0 tclass=service_manager permissive=0
05-24 18:50:03.594  1388 20519 E MCS2.0_CIPHER_ALGO: checkSign 1  
05-24 18:50:03.603 12007 12025 E OpenID  : com.heytap.mcs:DUID:ret:T
05-24 18:50:03.605 12007 12025 E OpenID  : com.heytap.mcs:OUID:ret:F
05-24 18:50:03.786   321   321 E SELinux : avc:  denied  { find } for pid=1943 uid=10122 name=tethering scontext=u:r:sprd_radio_app:s0:c512,c768 tcontext=u:object_r:tethering_service:s0 tclass=service_manager permissive=0
05-24 18:50:05.402   321   321 E SELinux : avc:  denied  { find } for pid=1943 uid=10122 name=tethering scontext=u:r:sprd_radio_app:s0:c512,c768 tcontext=u:object_r:tethering_service:s0 tclass=service_manager permissive=0
05-24 18:50:05.604   321   321 E SELinux : avc:  denied  { find } for pid=1943 uid=10122 name=tethering scontext=u:r:sprd_radio_app:s0:c512,c768 tcontext=u:object_r:tethering_service:s0 tclass=service_manager permissive=0
05-24 18:50:10.461   321   321 E SELinux : avc:  denied  { find } for pid=1943 uid=10122 name=tethering scontext=u:r:sprd_radio_app:s0:c512,c768 tcontext=u:object_r:tethering_service:s0 tclass=service_manager permissive=0
05-24 18:50:10.663   321   321 E SELinux : avc:  denied  { find } for pid=1943 uid=10122 name=tethering scontext=u:r:sprd_radio_app:s0:c512,c768 tcontext=u:object_r:tethering_service:s0 tclass=service_manager permissive=0
05-24 18:50:12.482   321   321 E SELinux : avc:  denied  { find } for pid=1943 uid=10122 name=tethering scontext=u:r:sprd_radio_app:s0:c512,c768 tcontext=u:object_r:tethering_service:s0 tclass=service_manager permissive=0
05-24 18:50:12.683   321   321 E SELinux : avc:  denied  { find } for pid=1943 uid=10122 name=tethering scontext=u:r:sprd_radio_app:s0:c512,c768 tcontext=u:object_r:tethering_service:s0 tclass=service_manager permissive=0
05-24 18:50:12.885   321   321 E SELinux : avc:  denied  { find } for pid=1943 uid=10122 name=tethering scontext=u:r:sprd_radio_app:s0:c512,c768 tcontext=u:object_r:tethering_service:s0 tclass=service_manager permissive=0
05-24 18:50:15.511   321   321 E SELinux : avc:  denied  { find } for pid=1943 uid=10122 name=tethering scontext=u:r:sprd_radio_app:s0:c512,c768 tcontext=u:object_r:tethering_service:s0 tclass=service_manager permissive=0
05-24 18:50:15.713   321   321 E SELinux : avc:  denied  { find } for pid=1943 uid=10122 name=tethering scontext=u:r:sprd_radio_app:s0:c512,c768 tcontext=u:object_r:tethering_service:s0 tclass=service_manager permissive=0
05-24 18:50:16.725   321   321 E SELinux : avc:  denied  { find } for pid=1943 uid=10122 name=tethering scontext=u:r:sprd_radio_app:s0:c512,c768 tcontext=u:object_r:tethering_service:s0 tclass=service_manager permissive=0
05-24 18:50:16.822 19737 20009 E fb4a.TigonNetworkSessionListenerManager: handleDataTask failed for handleDataTaskType
05-24 18:50:16.823 19737 11737 E fb4a.msys: E[N data-request]_HandleDataResponse(1681)=>Data request error for task 60348572-0742-41ff-b93d-e0cffc73cbc2 (response type 1): network disconnected
05-24 18:50:16.825 19737 11739 E fb4a.msys: E[S sync]_createResponseError(241)=>Network Response 60348572-0742-41ff-b93d-e0cffc73cbc2 contains sync error Error Domain=NSURLErrorDomain Code=1 UserInfo=0xbe418f00 {MCFErrorDirectUnderlyingErrorKey=0xbe458040 "Error Domain=NSURLErrorDomain Code=1 UserInfo=0xe5f1ca00 {MCFErrorDirectLocalizedFailureReasonKey=TigonError(error=TransientError, errorDomain=TigonLigerErrorDomain, domainErrorCode=3, analyticsDetail="AsyncSocketException: connect timed out after 29995ms, type = Timed out")}", MCFErrorDirectLocalizedFailureReasonKey=network disconnected} - Underlying error Error Domain=NSURLErrorDomain Code=1 UserInfo=0xe5f1ca00 {MCFErrorDirectLocalizedFailureReasonKey=TigonError(error=TransientError, errorDomain=TigonLigerErrorDomain, domainErrorCode=3, analyticsDetail="AsyncSocketException: connect timed out after 29995ms, type = Timed out")}: Error Domain=NSURLErrorDomain Code=1 UserInfo=0xbe418f00 {MCFErrorDirectUnderlyingErrorKey=0xbe458040 "Error Domain=NSURLErrorDomain Code=1 UserInfo=0xe5f1ca00 {MCFErrorDirectLocalizedFailureReasonKey=TigonError(error=TransientError, errorDomain=TigonLigerErrorDomain, domainErrorCode=3, analyticsDetail="AsyncSocketException: connect timed out after 29995ms, type = Timed out")}", MCFErrorDirectLocalizedFailureReasonKey=network disconnected}
05-24 18:50:16.927   321   321 E SELinux : avc:  denied  { find } for pid=1943 uid=10122 name=tethering scontext=u:r:sprd_radio_app:s0:c512,c768 tcontext=u:object_r:tethering_service:s0 tclass=service_manager permissive=0
05-24 18:50:20.772   321   321 E SELinux : avc:  denied  { find } for pid=1943 uid=10122 name=tethering scontext=u:r:sprd_radio_app:s0:c512,c768 tcontext=u:object_r:tethering_service:s0 tclass=service_manager permissive=0
05-24 18:50:20.974   321   321 E SELinux : avc:  denied  { find } for pid=1943 uid=10122 name=tethering scontext=u:r:sprd_radio_app:s0:c512,c768 tcontext=u:object_r:tethering_service:s0 tclass=service_manager permissive=0
05-24 18:50:25.828   321   321 E SELinux : avc:  denied  { find } for pid=1943 uid=10122 name=tethering scontext=u:r:sprd_radio_app:s0:c512,c768 tcontext=u:object_r:tethering_service:s0 tclass=service_manager permissive=0
05-24 18:50:26.030   321   321 E SELinux : avc:  denied  { find } for pid=1943 uid=10122 name=tethering scontext=u:r:sprd_radio_app:s0:c512,c768 tcontext=u:object_r:tethering_service:s0 tclass=service_manager permissive=0
05-24 18:50:27.395   824   845 E Watchdog: WDT_Monitor: checkSFStatus sfBlocked=false
05-24 18:50:27.395   824   845 E Watchdog: WDT_Monitor: writeWDTMonitor duration=50,shutdowning=false
05-24 18:50:30.885   321   321 E SELinux : avc:  denied  { find } for pid=1943 uid=10122 name=tethering scontext=u:r:sprd_radio_app:s0:c512,c768 tcontext=u:object_r:tethering_service:s0 tclass=service_manager permissive=0
05-24 18:50:31.087   321   321 E SELinux : avc:  denied  { find } for pid=1943 uid=10122 name=tethering scontext=u:r:sprd_radio_app:s0:c512,c768 tcontext=u:object_r:tethering_service:s0 tclass=service_manager permissive=0
05-24 18:50:33.716   321   321 E SELinux : avc:  denied  { find } for pid=1943 uid=10122 name=tethering scontext=u:r:sprd_radio_app:s0:c512,c768 tcontext=u:object_r:tethering_service:s0 tclass=service_manager permissive=0
05-24 18:50:33.807 20523 20523 E id.partnersetu: Not starting debugger since process cannot load the jdwp agent.
05-24 18:50:33.918   321   321 E SELinux : avc:  denied  { find } for pid=1943 uid=10122 name=tethering scontext=u:r:sprd_radio_app:s0:c512,c768 tcontext=u:object_r:tethering_service:s0 tclass=service_manager permissive=0
05-24 18:50:34.120   321   321 E SELinux : avc:  denied  { find } for pid=1943 uid=10122 name=tethering scontext=u:r:sprd_radio_app:s0:c512,c768 tcontext=u:object_r:tethering_service:s0 tclass=service_manager permissive=0
05-24 18:50:35.939   321   321 E SELinux : avc:  denied  { find } for pid=1943 uid=10122 name=tethering scontext=u:r:sprd_radio_app:s0:c512,c768 tcontext=u:object_r:tethering_service:s0 tclass=service_manager permissive=0
05-24 18:50:36.142   321   321 E SELinux : avc:  denied  { find } for pid=1943 uid=10122 name=tethering scontext=u:r:sprd_radio_app:s0:c512,c768 tcontext=u:object_r:tethering_service:s0 tclass=service_manager permissive=0
05-24 18:50:37.964   321   321 E SELinux : avc:  denied  { find } for pid=1943 uid=10122 name=tethering scontext=u:r:sprd_radio_app:s0:c512,c768 tcontext=u:object_r:tethering_service:s0 tclass=service_manager permissive=0
05-24 18:50:37.998  6334 20342 E WakeLock: GCM_HB_ALARM release without a matched acquire!
05-24 18:50:38.166   321   321 E SELinux : avc:  denied  { find } for pid=1943 uid=10122 name=tethering scontext=u:r:sprd_radio_app:s0:c512,c768 tcontext=u:object_r:tethering_service:s0 tclass=service_manager permissive=0
05-24 18:50:40.189   321   321 E SELinux : avc:  denied  { find } for pid=1943 uid=10122 name=tethering scontext=u:r:sprd_radio_app:s0:c512,c768 tcontext=u:object_r:tethering_service:s0 tclass=service_manager permissive=0
05-24 18:50:40.392   321   321 E SELinux : avc:  denied  { find } for pid=1943 uid=10122 name=tethering scontext=u:r:sprd_radio_app:s0:c512,c768 tcontext=u:object_r:tethering_service:s0 tclass=service_manager permissive=0
05-24 18:50:40.594   321   321 E SELinux : avc:  denied  { find } for pid=1943 uid=10122 name=tethering scontext=u:r:sprd_radio_app:s0:c512,c768 tcontext=u:object_r:tethering_service:s0 tclass=service_manager permissive=0
05-24 18:50:40.998   321   321 E SELinux : avc:  denied  { find } for pid=1943 uid=10122 name=tethering scontext=u:r:sprd_radio_app:s0:c512,c768 tcontext=u:object_r:tethering_service:s0 tclass=service_manager permissive=0
05-24 18:50:41.200   321   321 E SELinux : avc:  denied  { find } for pid=1943 uid=10122 name=tethering scontext=u:r:sprd_radio_app:s0:c512,c768 tcontext=u:object_r:tethering_service:s0 tclass=service_manager permissive=0
05-24 18:50:41.402   321   321 E SELinux : avc:  denied  { find } for pid=1943 uid=10122 name=tethering scontext=u:r:sprd_radio_app:s0:c512,c768 tcontext=u:object_r:tethering_service:s0 tclass=service_manager permissive=0
05-24 18:50:41.603   321   321 E SELinux : avc:  denied  { find } for pid=1943 uid=10122 name=tethering scontext=u:r:sprd_radio_app:s0:c512,c768 tcontext=u:object_r:tethering_service:s0 tclass=service_manager permissive=0
05-24 18:50:41.805   321   321 E SELinux : avc:  denied  { find } for pid=1943 uid=10122 name=tethering scontext=u:r:sprd_radio_app:s0:c512,c768 tcontext=u:object_r:tethering_service:s0 tclass=service_manager permissive=0
05-24 18:50:46.253   321   321 E SELinux : avc:  denied  { find } for pid=1943 uid=10122 name=tethering scontext=u:r:sprd_radio_app:s0:c512,c768 tcontext=u:object_r:tethering_service:s0 tclass=service_manager permissive=0
05-24 18:50:46.455   321   321 E SELinux : avc:  denied  { find } for pid=1943 uid=10122 name=tethering scontext=u:r:sprd_radio_app:s0:c512,c768 tcontext=u:object_r:tethering_service:s0 tclass=service_manager permissive=0
05-24 18:50:46.859   321   321 E SELinux : avc:  denied  { find } for pid=1943 uid=10122 name=tethering scontext=u:r:sprd_radio_app:s0:c512,c768 tcontext=u:object_r:tethering_service:s0 tclass=service_manager permissive=0
05-24 18:50:46.882 19737 20009 E fb4a.TigonNetworkSessionListenerManager: handleDataTask failed for handleDataTaskType
05-24 18:50:46.883 19737 11737 E fb4a.msys: E[N data-request]_HandleDataResponse(1681)=>Data request error for task c1e152c1-3a28-44d7-9606-6ad0a7f8e945 (response type 1): network disconnected
05-24 18:50:46.885 19737 11739 E fb4a.msys: E[S sync]_createResponseError(241)=>Network Response c1e152c1-3a28-44d7-9606-6ad0a7f8e945 contains sync error Error Domain=NSURLErrorDomain Code=1 UserInfo=0xe5f20100 {MCFErrorDirectUnderlyingErrorKey=0xbe458020 "Error Domain=NSURLErrorDomain Code=1 UserInfo=0xe5f1ca00 {MCFErrorDirectLocalizedFailureReasonKey=TigonError(error=TransientError, errorDomain=TigonLigerErrorDomain, domainErrorCode=3, analyticsDetail="AsyncSocketException: connect timed out after 29995ms, type = Timed out")}", MCFErrorDirectLocalizedFailureReasonKey=network disconnected} - Underlying error Error Domain=NSURLErrorDomain Code=1 UserInfo=0xe5f1ca00 {MCFErrorDirectLocalizedFailureReasonKey=TigonError(error=TransientError, errorDomain=TigonLigerErrorDomain, domainErrorCode=3, analyticsDetail="AsyncSocketException: connect timed out after 29995ms, type = Timed out")}: Error Domain=NSURLErrorDomain Code=1 UserInfo=0xe5f20100 {MCFErrorDirectUnderlyingErrorKey=0xbe458020 "Error Domain=NSURLErrorDomain Code=1 UserInfo=0xe5f1ca00 {MCFErrorDirectLocalizedFailureReasonKey=TigonError(error=TransientError, errorDomain=TigonLigerErrorDomain, domainErrorCode=3, analyticsDetail="AsyncSocketException: connect timed out after 29995ms, type = Timed out")}", MCFErrorDirectLocalizedFailureReasonKey=network disconnected}
05-24 18:50:47.061   321   321 E SELinux : avc:  denied  { find } for pid=1943 uid=10122 name=tethering scontext=u:r:sprd_radio_app:s0:c512,c768 tcontext=u:object_r:tethering_service:s0 tclass=service_manager permissive=0
05-24 18:50:48.881   321   321 E SELinux : avc:  denied  { find } for pid=1943 uid=10122 name=tethering scontext=u:r:sprd_radio_app:s0:c512,c768 tcontext=u:object_r:tethering_service:s0 tclass=service_manager permissive=0
05-24 18:50:49.083   321   321 E SELinux : avc:  denied  { find } for pid=1943 uid=10122 name=tethering scontext=u:r:sprd_radio_app:s0:c512,c768 tcontext=u:object_r:tethering_service:s0 tclass=service_manager permissive=0
05-24 18:50:50.295   321   321 E SELinux : avc:  denied  { find } for pid=1943 uid=10122 name=tethering scontext=u:r:sprd_radio_app:s0:c512,c768 tcontext=u:object_r:tethering_service:s0 tclass=service_manager permissive=0
05-24 18:50:50.498   321   321 E SELinux : avc:  denied  { find } for pid=1943 uid=10122 name=tethering scontext=u:r:sprd_radio_app:s0:c512,c768 tcontext=u:object_r:tethering_service:s0 tclass=service_manager permissive=0
05-24 18:50:51.306   321   321 E SELinux : avc:  denied  { find } for pid=1943 uid=10122 name=tethering scontext=u:r:sprd_radio_app:s0:c512,c768 tcontext=u:object_r:tethering_service:s0 tclass=service_manager permissive=0
05-24 18:50:51.507   321   321 E SELinux : avc:  denied  { find } for pid=1943 uid=10122 name=tethering scontext=u:r:sprd_radio_app:s0:c512,c768 tcontext=u:object_r:tethering_service:s0 tclass=service_manager permissive=0
05-24 18:50:53.329   321   321 E SELinux : avc:  denied  { find } for pid=1943 uid=10122 name=tethering scontext=u:r:sprd_radio_app:s0:c512,c768 tcontext=u:object_r:tethering_service:s0 tclass=service_manager permissive=0
05-24 18:50:53.531   321   321 E SELinux : avc:  denied  { find } for pid=1943 uid=10122 name=tethering scontext=u:r:sprd_radio_app:s0:c512,c768 tcontext=u:object_r:tethering_service:s0 tclass=service_manager permissive=0
05-24 18:50:54.340   321   321 E SELinux : avc:  denied  { find } for pid=1943 uid=10122 name=tethering scontext=u:r:sprd_radio_app:s0:c512,c768 tcontext=u:object_r:tethering_service:s0 tclass=service_manager permissive=0
05-24 18:50:54.542   321   321 E SELinux : avc:  denied  { find } for pid=1943 uid=10122 name=tethering scontext=u:r:sprd_radio_app:s0:c512,c768 tcontext=u:object_r:tethering_service:s0 tclass=service_manager permissive=0
05-24 18:50:54.946   321   321 E SELinux : avc:  denied  { find } for pid=1943 uid=10122 name=tethering scontext=u:r:sprd_radio_app:s0:c512,c768 tcontext=u:object_r:tethering_service:s0 tclass=service_manager permissive=0
05-24 18:50:55.149   321   321 E SELinux : avc:  denied  { find } for pid=1943 uid=10122 name=tethering scontext=u:r:sprd_radio_app:s0:c512,c768 tcontext=u:object_r:tethering_service:s0 tclass=service_manager permissive=0
05-24 18:50:55.756   321   321 E SELinux : avc:  denied  { find } for pid=1943 uid=10122 name=tethering scontext=u:r:sprd_radio_app:s0:c512,c768 tcontext=u:object_r:tethering_service:s0 tclass=service_manager permissive=0
05-24 18:50:55.769  5059  5059 E RegisterJobIntentService: do register no net
05-24 18:50:55.958   321   321 E SELinux : avc:  denied  { find } for pid=1943 uid=10122 name=tethering scontext=u:r:sprd_radio_app:s0:c512,c768 tcontext=u:object_r:tethering_service:s0 tclass=service_manager permissive=0
05-24 18:50:56.565   321   321 E SELinux : avc:  denied  { find } for pid=1943 uid=10122 name=tethering scontext=u:r:sprd_radio_app:s0:c512,c768 tcontext=u:object_r:tethering_service:s0 tclass=service_manager permissive=0
05-24 18:50:56.767   321   321 E SELinux : avc:  denied  { find } for pid=1943 uid=10122 name=tethering scontext=u:r:sprd_radio_app:s0:c512,c768 tcontext=u:object_r:tethering_service:s0 tclass=service_manager permissive=0
05-24 18:50:56.970   321   321 E SELinux : avc:  denied  { find } for pid=1943 uid=10122 name=tethering scontext=u:r:sprd_radio_app:s0:c512,c768 tcontext=u:object_r:tethering_service:s0 tclass=service_manager permissive=0
05-24 18:50:57.171   321   321 E SELinux : avc:  denied  { find } for pid=1943 uid=10122 name=tethering scontext=u:r:sprd_radio_app:s0:c512,c768 tcontext=u:object_r:tethering_service:s0 tclass=service_manager permissive=0
05-24 18:50:57.372   321   321 E SELinux : avc:  denied  { find } for pid=1943 uid=10122 name=tethering scontext=u:r:sprd_radio_app:s0:c512,c768 tcontext=u:object_r:tethering_service:s0 tclass=service_manager permissive=0
05-24 18:50:57.401   824   845 E Watchdog: WDT_Monitor: checkSFStatus sfBlocked=false
05-24 18:50:57.402   824   845 E Watchdog: WDT_Monitor: writeWDTMonitor duration=50,shutdowning=false
05-24 18:51:00.000   321   321 E SELinux : avc:  denied  { find } for pid=1943 uid=10122 name=tethering scontext=u:r:sprd_radio_app:s0:c512,c768 tcontext=u:object_r:tethering_service:s0 tclass=service_manager permissive=0
05-24 18:51:00.202   321   321 E SELinux : avc:  denied  { find } for pid=1943 uid=10122 name=tethering scontext=u:r:sprd_radio_app:s0:c512,c768 tcontext=u:object_r:tethering_service:s0 tclass=service_manager permissive=0
05-24 18:51:01.619   321   321 E SELinux : avc:  denied  { find } for pid=1943 uid=10122 name=tethering scontext=u:r:sprd_radio_app:s0:c512,c768 tcontext=u:object_r:tethering_service:s0 tclass=service_manager permissive=0
05-24 18:51:01.821   321   321 E SELinux : avc:  denied  { find } for pid=1943 uid=10122 name=tethering scontext=u:r:sprd_radio_app:s0:c512,c768 tcontext=u:object_r:tethering_service:s0 tclass=service_manager permissive=0
05-24 18:51:04.247   321   321 E SELinux : avc:  denied  { find } for pid=1943 uid=10122 name=tethering scontext=u:r:sprd_radio_app:s0:c512,c768 tcontext=u:object_r:tethering_service:s0 tclass=service_manager permissive=0
05-24 18:51:04.450   321   321 E SELinux : avc:  denied  { find } for pid=1943 uid=10122 name=tethering scontext=u:r:sprd_radio_app:s0:c512,c768 tcontext=u:object_r:tethering_service:s0 tclass=service_manager permissive=0
05-24 18:51:06.675   321   321 E SELinux : avc:  denied  { find } for pid=1943 uid=10122 name=tethering scontext=u:r:sprd_radio_app:s0:c512,c768 tcontext=u:object_r:tethering_service:s0 tclass=service_manager permissive=0
05-24 18:51:06.877   321   321 E SELinux : avc:  denied  { find } for pid=1943 uid=10122 name=tethering scontext=u:r:sprd_radio_app:s0:c512,c768 tcontext=u:object_r:tethering_service:s0 tclass=service_manager permissive=0
05-24 18:51:07.281   321   321 E SELinux : avc:  denied  { find } for pid=1943 uid=10122 name=tethering scontext=u:r:sprd_radio_app:s0:c512,c768 tcontext=u:object_r:tethering_service:s0 tclass=service_manager permissive=0
05-24 18:51:07.483   321   321 E SELinux : avc:  denied  { find } for pid=1943 uid=10122 name=tethering scontext=u:r:sprd_radio_app:s0:c512,c768 tcontext=u:object_r:tethering_service:s0 tclass=service_manager permissive=0
05-24 18:51:09.301   321   321 E SELinux : avc:  denied  { find } for pid=1943 uid=10122 name=tethering scontext=u:r:sprd_radio_app:s0:c512,c768 tcontext=u:object_r:tethering_service:s0 tclass=service_manager permissive=0
05-24 18:51:09.503   321   321 E SELinux : avc:  denied  { find } for pid=1943 uid=10122 name=tethering scontext=u:r:sprd_radio_app:s0:c512,c768 tcontext=u:object_r:tethering_service:s0 tclass=service_manager permissive=0
05-24 18:51:09.706   321   321 E SELinux : avc:  denied  { find } for pid=1943 uid=10122 name=tethering scontext=u:r:sprd_radio_app:s0:c512,c768 tcontext=u:object_r:tethering_service:s0 tclass=service_manager permissive=0
05-24 18:51:11.930   321   321 E SELinux : avc:  denied  { find } for pid=1943 uid=10122 name=tethering scontext=u:r:sprd_radio_app:s0:c512,c768 tcontext=u:object_r:tethering_service:s0 tclass=service_manager permissive=0
05-24 18:51:12.132   321   321 E SELinux : avc:  denied  { find } for pid=1943 uid=10122 name=tethering scontext=u:r:sprd_radio_app:s0:c512,c768 tcontext=u:object_r:tethering_service:s0 tclass=service_manager permissive=0
05-24 18:51:16.784   321   321 E SELinux : avc:  denied  { find } for pid=1943 uid=10122 name=tethering scontext=u:r:sprd_radio_app:s0:c512,c768 tcontext=u:object_r:tethering_service:s0 tclass=service_manager permissive=0
05-24 18:51:16.943 19737 20009 E fb4a.TigonNetworkSessionListenerManager: handleDataTask failed for handleDataTaskType
05-24 18:51:16.944 19737 11737 E fb4a.msys: E[N data-request]_HandleDataResponse(1681)=>Data request error for task 2c0bc453-b014-47ed-b0e6-aae12369ca9d (response type 1): network disconnected
05-24 18:51:16.946 19737 11739 E fb4a.msys: E[S sync]_createResponseError(241)=>Network Response 2c0bc453-b014-47ed-b0e6-aae12369ca9d contains sync error Error Domain=NSURLErrorDomain Code=1 UserInfo=0xbe418f00 {MCFErrorDirectUnderlyingErrorKey=0xbe458060 "Error Domain=NSURLErrorDomain Code=1 UserInfo=0xe5f1ca00 {MCFErrorDirectLocalizedFailureReasonKey=TigonError(error=TransientError, errorDomain=TigonLigerErrorDomain, domainErrorCode=3, analyticsDetail="AsyncSocketException: connect timed out after 29995ms, type = Timed out")}", MCFErrorDirectLocalizedFailureReasonKey=network disconnected} - Underlying error Error Domain=NSURLErrorDomain Code=1 UserInfo=0xe5f1ca00 {MCFErrorDirectLocalizedFailureReasonKey=TigonError(error=TransientError, errorDomain=TigonLigerErrorDomain, domainErrorCode=3, analyticsDetail="AsyncSocketException: connect timed out after 29995ms, type = Timed out")}: Error Domain=NSURLErrorDomain Code=1 UserInfo=0xbe418f00 {MCFErrorDirectUnderlyingErrorKey=0xbe458060 "Error Domain=NSURLErrorDomain Code=1 UserInfo=0xe5f1ca00 {MCFErrorDirectLocalizedFailureReasonKey=TigonError(error=TransientError, errorDomain=TigonLigerErrorDomain, domainErrorCode=3, analyticsDetail="AsyncSocketException: connect timed out after 29995ms, type = Timed out")}", MCFErrorDirectLocalizedFailureReasonKey=network disconnected}
