05-24 17:00:42.036  6334  8730 E Auth    : 	at java.util.concurrent.ThreadPoolExecutor$Worker.run(ThreadPoolExecutor.java:641)
05-24 17:00:42.036  6334  8730 E Auth    : 	at ajpb.run(:com.google.android.gms@241319057@24.13.19 (170300-626168189):8)
05-24 17:00:42.036  6334  8730 E Auth    : 	at java.lang.Thread.run(Thread.java:923)
05-24 17:00:42.036  6334  8730 E Auth    : Caused by: m.mt: Exception in CronetUrlRequest: net::ERR_TIMED_OUT, ErrorCode=4, InternalErrorCode=-7, Retryable=true
05-24 17:00:42.036  6334  8730 E Auth    : 	at org.chromium.net.impl.CronetUrlRequest.onError(:com.google.android.gms.dynamite_cronetdynamite@241319057@24.13.19 (170300-0):4)
05-24 17:00:42.076   462   490 E IMGMemtrackHAL: DbgFsParseFile: fopen of /proc/pvr/driver_stats failed (Permission denied)
05-24 17:00:42.077   462   490 E IMGMemtrackHAL: GetGraphicsMemtrackRecords: DbgFsParseDir for /d/ion failed (No such file or directory)
05-24 17:00:42.110   321   321 E SELinux : avc:  denied  { find } for pid=1943 uid=10122 name=tethering scontext=u:r:sprd_radio_app:s0:c512,c768 tcontext=u:object_r:tethering_service:s0 tclass=service_manager permissive=0
05-24 17:00:46.560   321   321 E SELinux : avc:  denied  { find } for pid=1943 uid=10122 name=tethering scontext=u:r:sprd_radio_app:s0:c512,c768 tcontext=u:object_r:tethering_service:s0 tclass=service_manager permissive=0
05-24 17:00:46.762   321   321 E SELinux : avc:  denied  { find } for pid=1943 uid=10122 name=tethering scontext=u:r:sprd_radio_app:s0:c512,c768 tcontext=u:object_r:tethering_service:s0 tclass=service_manager permissive=0
05-24 17:00:51.615   321   321 E SELinux : avc:  denied  { find } for pid=1943 uid=10122 name=tethering scontext=u:r:sprd_radio_app:s0:c512,c768 tcontext=u:object_r:tethering_service:s0 tclass=service_manager permissive=0
05-24 17:00:51.816   321   321 E SELinux : avc:  denied  { find } for pid=1943 uid=10122 name=tethering scontext=u:r:sprd_radio_app:s0:c512,c768 tcontext=u:object_r:tethering_service:s0 tclass=service_manager permissive=0
05-24 17:00:52.019   321   321 E SELinux : avc:  denied  { find } for pid=1943 uid=10122 name=tethering scontext=u:r:sprd_radio_app:s0:c512,c768 tcontext=u:object_r:tethering_service:s0 tclass=service_manager permissive=0
05-24 17:00:55.956   824   845 E Watchdog: WDT_Monitor: checkSFStatus sfBlocked=false
05-24 17:00:55.956   824   845 E Watchdog: WDT_Monitor: writeWDTMonitor duration=50,shutdowning=false
05-24 17:00:56.875   321   321 E SELinux : avc:  denied  { find } for pid=1943 uid=10122 name=tethering scontext=u:r:sprd_radio_app:s0:c512,c768 tcontext=u:object_r:tethering_service:s0 tclass=service_manager permissive=0
05-24 17:00:57.078   321   321 E SELinux : avc:  denied  { find } for pid=1943 uid=10122 name=tethering scontext=u:r:sprd_radio_app:s0:c512,c768 tcontext=u:object_r:tethering_service:s0 tclass=service_manager permissive=0
05-24 17:00:57.685   321   321 E SELinux : avc:  denied  { find } for pid=1943 uid=10122 name=tethering scontext=u:r:sprd_radio_app:s0:c512,c768 tcontext=u:object_r:tethering_service:s0 tclass=service_manager permissive=0
05-24 17:00:57.743  6334  6350 E AuthPII : [RequestTokenManager] getToken() -> NETWORK_ERROR. App: com.google.android.gms, Service: oauth2:https://www.googleapis.com/auth/notifications
05-24 17:00:57.743  6334  6350 E AuthPII : aihl: Error when calling server using GmsNetworkStack.
05-24 17:00:57.743  6334  6350 E AuthPII : 	at szh.b(:com.google.android.gms@241319057@24.13.19 (170300-626168189):1413)
05-24 17:00:57.743  6334  6350 E AuthPII : 	at szf.a(:com.google.android.gms@241319057@24.13.19 (170300-626168189):620)
05-24 17:00:57.743  6334  6350 E AuthPII : 	at sze.a(:com.google.android.gms@241319057@24.13.19 (170300-626168189):92)
05-24 17:00:57.743  6334  6350 E AuthPII : 	at njz.c(:com.google.android.gms@241319057@24.13.19 (170300-626168189):263)
05-24 17:00:57.743  6334  6350 E AuthPII : 	at njz.h(:com.google.android.gms@241319057@24.13.19 (170300-626168189):2)
05-24 17:00:57.743  6334  6350 E AuthPII : 	at njz.gY(:com.google.android.gms@241319057@24.13.19 (170300-626168189):200)
05-24 17:00:57.743  6334  6350 E AuthPII : 	at nft.onTransact(:com.google.android.gms@241319057@24.13.19 (170300-626168189):96)
05-24 17:00:57.743  6334  6350 E AuthPII : 	at android.os.Binder.transact(Binder.java:1043)
05-24 17:00:57.743  6334  6350 E AuthPII : 	at azlr.onTransact(:com.google.android.gms@241319057@24.13.19 (170300-626168189):26)
05-24 17:00:57.743  6334  6350 E AuthPII : 	at android.os.Binder.transact(Binder.java:1043)
05-24 17:00:57.743  6334  6350 E AuthPII : 	at autl.onTransact(:com.google.android.gms@241319057@24.13.19 (170300-626168189):147)
05-24 17:00:57.743  6334  6350 E AuthPII : 	at android.os.Binder.execTransactInternal(Binder.java:1154)
05-24 17:00:57.743  6334  6350 E AuthPII : 	at android.os.Binder.execTransact(Binder.java:1123)
05-24 17:00:57.743  6334  6350 E AuthPII : Caused by: aihl: Error requesting token.
05-24 17:00:57.743  6334  6350 E AuthPII : 	at szh.d(:com.google.android.gms@241319057@24.13.19 (170300-626168189):207)
05-24 17:00:57.743  6334  6350 E AuthPII : 	at szh.b(:com.google.android.gms@241319057@24.13.19 (170300-626168189):57)
05-24 17:00:57.743  6334  6350 E AuthPII : 	... 12 more
05-24 17:00:57.743  6334  6350 E AuthPII : Caused by: java.util.concurrent.TimeoutException: Waited 30 seconds (plus 560825 nanoseconds delay) for dgkh@6396a99[status=PENDING, info=[inputFuture=[dgkh@43315e[status=PENDING, info=[inputFuture=[gsx@25ad93f[status=PENDING, info=[tag=[GmsUrlRequestImpl.startWithFuture()]]]], function=[yeo@499e20c]]]], function=[szg@9ad1755]]]
05-24 17:00:57.743  6334  6350 E AuthPII : 	at dgkc.get(:com.google.android.gms@241319057@24.13.19 (170300-626168189):52)
05-24 17:00:57.743  6334  6350 E AuthPII : 	at szh.d(:com.google.android.gms@241319057@24.13.19 (170300-626168189):189)
05-24 17:00:57.743  6334  6350 E AuthPII : 	... 13 more
05-24 17:00:57.743  6334  6350 E AuthPII : Message is Error when calling server using GmsNetworkStack.
05-24 17:00:57.743  6334  6350 E AuthPII : aihl: Error when calling server using GmsNetworkStack.
05-24 17:00:57.743  6334  6350 E AuthPII : 	at szh.b(:com.google.android.gms@241319057@24.13.19 (170300-626168189):1413)
05-24 17:00:57.743  6334  6350 E AuthPII : 	at szf.a(:com.google.android.gms@241319057@24.13.19 (170300-626168189):620)
05-24 17:00:57.743  6334  6350 E AuthPII : 	at sze.a(:com.google.android.gms@241319057@24.13.19 (170300-626168189):92)
05-24 17:00:57.743  6334  6350 E AuthPII : 	at njz.c(:com.google.android.gms@241319057@24.13.19 (170300-626168189):263)
05-24 17:00:57.743  6334  6350 E AuthPII : 	at njz.h(:com.google.android.gms@241319057@24.13.19 (170300-626168189):2)
05-24 17:00:57.743  6334  6350 E AuthPII : 	at njz.gY(:com.google.android.gms@241319057@24.13.19 (170300-626168189):200)
05-24 17:00:57.743  6334  6350 E AuthPII : 	at nft.onTransact(:com.google.android.gms@241319057@24.13.19 (170300-626168189):96)
05-24 17:00:57.743  6334  6350 E AuthPII : 	at android.os.Binder.transact(Binder.java:1043)
05-24 17:00:57.743  6334  6350 E AuthPII : 	at azlr.onTransact(:com.google.android.gms@241319057@24.13.19 (170300-626168189):26)
05-24 17:00:57.743  6334  6350 E AuthPII : 	at android.os.Binder.transact(Binder.java:1043)
05-24 17:00:57.743  6334  6350 E AuthPII : 	at autl.onTransact(:com.google.android.gms@241319057@24.13.19 (170300-626168189):147)
05-24 17:00:57.743  6334  6350 E AuthPII : 	at android.os.Binder.execTransactInternal(Binder.java:1154)
05-24 17:00:57.743  6334  6350 E AuthPII : 	at android.os.Binder.execTransact(Binder.java:1123)
05-24 17:00:57.743  6334  6350 E AuthPII : Caused by: aihl: Error requesting token.
05-24 17:00:57.743  6334  6350 E AuthPII : 	at szh.d(:com.google.android.gms@241319057@24.13.19 (170300-626168189):207)
05-24 17:00:57.743  6334  6350 E AuthPII : 	at szh.b(:com.google.android.gms@241319057@24.13.19 (170300-626168189):57)
05-24 17:00:57.743  6334  6350 E AuthPII : 	... 12 more
05-24 17:00:57.743  6334  6350 E AuthPII : Caused by: java.util.concurrent.TimeoutException: Waited 30 seconds (plus 560825 nanoseconds delay) for dgkh@6396a99[status=PENDING, info=[inputFuture=[dgkh@43315e[status=PENDING, info=[inputFuture=[gsx@25ad93f[status=PENDING, info=[tag=[GmsUrlRequestImpl.startWithFuture()]]]], function=[yeo@499e20c]]]], function=[szg@9ad1755]]]
05-24 17:00:57.743  6334  6350 E AuthPII : 	at dgkc.get(:com.google.android.gms@241319057@24.13.19 (170300-626168189):52)
05-24 17:00:57.743  6334  6350 E AuthPII : 	at szh.d(:com.google.android.gms@241319057@24.13.19 (170300-626168189):189)
05-24 17:00:57.743  6334  6350 E AuthPII : 	... 13 more
05-24 17:00:57.887   321   321 E SELinux : avc:  denied  { find } for pid=1943 uid=10122 name=tethering scontext=u:r:sprd_radio_app:s0:c512,c768 tcontext=u:object_r:tethering_service:s0 tclass=service_manager permissive=0
05-24 17:00:57.936  6334  7846 E AuthPII : [RequestTokenManager] getToken() -> NETWORK_ERROR. App: com.google.android.gms, Service: oauth2:https://www.googleapis.com/auth/identity.passwords.leak.check
05-24 17:00:57.936  6334  7846 E AuthPII : aihl: Error when calling server using GmsNetworkStack.
05-24 17:00:57.936  6334  7846 E AuthPII : 	at szh.b(:com.google.android.gms@241319057@24.13.19 (170300-626168189):1413)
05-24 17:00:57.936  6334  7846 E AuthPII : 	at szf.a(:com.google.android.gms@241319057@24.13.19 (170300-626168189):620)
05-24 17:00:57.936  6334  7846 E AuthPII : 	at sze.a(:com.google.android.gms@241319057@24.13.19 (170300-626168189):92)
05-24 17:00:57.936  6334  7846 E AuthPII : 	at njz.c(:com.google.android.gms@241319057@24.13.19 (170300-626168189):263)
05-24 17:00:57.936  6334  7846 E AuthPII : 	at njz.h(:com.google.android.gms@241319057@24.13.19 (170300-626168189):2)
05-24 17:00:57.936  6334  7846 E AuthPII : 	at njz.gY(:com.google.android.gms@241319057@24.13.19 (170300-626168189):200)
05-24 17:00:57.936  6334  7846 E AuthPII : 	at nft.onTransact(:com.google.android.gms@241319057@24.13.19 (170300-626168189):96)
05-24 17:00:57.936  6334  7846 E AuthPII : 	at android.os.Binder.transact(Binder.java:1043)
05-24 17:00:57.936  6334  7846 E AuthPII : 	at azlr.onTransact(:com.google.android.gms@241319057@24.13.19 (170300-626168189):26)
05-24 17:00:57.936  6334  7846 E AuthPII : 	at android.os.Binder.transact(Binder.java:1043)
05-24 17:00:57.936  6334  7846 E AuthPII : 	at autl.onTransact(:com.google.android.gms@241319057@24.13.19 (170300-626168189):147)
05-24 17:00:57.936  6334  7846 E AuthPII : 	at android.os.Binder.execTransactInternal(Binder.java:1154)
05-24 17:00:57.936  6334  7846 E AuthPII : 	at android.os.Binder.execTransact(Binder.java:1123)
05-24 17:00:57.936  6334  7846 E AuthPII : Caused by: aihl: Error requesting token.
05-24 17:00:57.936  6334  7846 E AuthPII : 	at szh.d(:com.google.android.gms@241319057@24.13.19 (170300-626168189):207)
05-24 17:00:57.936  6334  7846 E AuthPII : 	at szh.b(:com.google.android.gms@241319057@24.13.19 (170300-626168189):57)
05-24 17:00:57.936  6334  7846 E AuthPII : 	... 12 more
05-24 17:00:57.936  6334  7846 E AuthPII : Caused by: java.util.concurrent.TimeoutException: Waited 30 seconds (plus 691670 nanoseconds delay) for dgkh@3632a28[status=PENDING, info=[inputFuture=[dgkh@b015341[status=PENDING, info=[inputFuture=[gsx@c3470e6[status=PENDING, info=[tag=[GmsUrlRequestImpl.startWithFuture()]]]], function=[yeo@49e5627]]]], function=[szg@ed4c0d4]]]
05-24 17:00:57.936  6334  7846 E AuthPII : 	at dgkc.get(:com.google.android.gms@241319057@24.13.19 (170300-626168189):52)
05-24 17:00:57.936  6334  7846 E AuthPII : 	at szh.d(:com.google.android.gms@241319057@24.13.19 (170300-626168189):189)
05-24 17:00:57.936  6334  7846 E AuthPII : 	... 13 more
05-24 17:00:57.937  6334  7846 E AuthPII : Message is Error when calling server using GmsNetworkStack.
05-24 17:00:57.937  6334  7846 E AuthPII : aihl: Error when calling server using GmsNetworkStack.
05-24 17:00:57.937  6334  7846 E AuthPII : 	at szh.b(:com.google.android.gms@241319057@24.13.19 (170300-626168189):1413)
05-24 17:00:57.937  6334  7846 E AuthPII : 	at szf.a(:com.google.android.gms@241319057@24.13.19 (170300-626168189):620)
05-24 17:00:57.937  6334  7846 E AuthPII : 	at sze.a(:com.google.android.gms@241319057@24.13.19 (170300-626168189):92)
05-24 17:00:57.937  6334  7846 E AuthPII : 	at njz.c(:com.google.android.gms@241319057@24.13.19 (170300-626168189):263)
05-24 17:00:57.937  6334  7846 E AuthPII : 	at njz.h(:com.google.android.gms@241319057@24.13.19 (170300-626168189):2)
05-24 17:00:57.937  6334  7846 E AuthPII : 	at njz.gY(:com.google.android.gms@241319057@24.13.19 (170300-626168189):200)
05-24 17:00:57.937  6334  7846 E AuthPII : 	at nft.onTransact(:com.google.android.gms@241319057@24.13.19 (170300-626168189):96)
05-24 17:00:57.937  6334  7846 E AuthPII : 	at android.os.Binder.transact(Binder.java:1043)
05-24 17:00:57.937  6334  7846 E AuthPII : 	at azlr.onTransact(:com.google.android.gms@241319057@24.13.19 (170300-626168189):26)
05-24 17:00:57.937  6334  7846 E AuthPII : 	at android.os.Binder.transact(Binder.java:1043)
05-24 17:00:57.937  6334  7846 E AuthPII : 	at autl.onTransact(:com.google.android.gms@241319057@24.13.19 (170300-626168189):147)
05-24 17:00:57.937  6334  7846 E AuthPII : 	at android.os.Binder.execTransactInternal(Binder.java:1154)
05-24 17:00:57.937  6334  7846 E AuthPII : 	at android.os.Binder.execTransact(Binder.java:1123)
05-24 17:00:57.937  6334  7846 E AuthPII : Caused by: aihl: Error requesting token.
05-24 17:00:57.937  6334  7846 E AuthPII : 	at szh.d(:com.google.android.gms@241319057@24.13.19 (170300-626168189):207)
05-24 17:00:57.937  6334  7846 E AuthPII : 	at szh.b(:com.google.android.gms@241319057@24.13.19 (170300-626168189):57)
05-24 17:00:57.937  6334  7846 E AuthPII : 	... 12 more
05-24 17:00:57.937  6334  7846 E AuthPII : Caused by: java.util.concurrent.TimeoutException: Waited 30 seconds (plus 691670 nanoseconds delay) for dgkh@3632a28[status=PENDING, info=[inputFuture=[dgkh@b015341[status=PENDING, info=[inputFuture=[gsx@c3470e6[status=PENDING, info=[tag=[GmsUrlRequestImpl.startWithFuture()]]]], function=[yeo@49e5627]]]], function=[szg@ed4c0d4]]]
05-24 17:00:57.937  6334  7846 E AuthPII : 	at dgkc.get(:com.google.android.gms@241319057@24.13.19 (170300-626168189):52)
05-24 17:00:57.937  6334  7846 E AuthPII : 	at szh.d(:com.google.android.gms@241319057@24.13.19 (170300-626168189):189)
05-24 17:00:57.937  6334  7846 E AuthPII : 	... 13 more
05-24 17:00:58.090   321   321 E SELinux : avc:  denied  { find } for pid=1943 uid=10122 name=tethering scontext=u:r:sprd_radio_app:s0:c512,c768 tcontext=u:object_r:tethering_service:s0 tclass=service_manager permissive=0
05-24 17:00:59.102   321   321 E SELinux : avc:  denied  { find } for pid=1943 uid=10122 name=tethering scontext=u:r:sprd_radio_app:s0:c512,c768 tcontext=u:object_r:tethering_service:s0 tclass=service_manager permissive=0
05-24 17:00:59.305   321   321 E SELinux : avc:  denied  { find } for pid=1943 uid=10122 name=tethering scontext=u:r:sprd_radio_app:s0:c512,c768 tcontext=u:object_r:tethering_service:s0 tclass=service_manager permissive=0
05-24 17:00:59.912   321   321 E SELinux : avc:  denied  { find } for pid=1943 uid=10122 name=tethering scontext=u:r:sprd_radio_app:s0:c512,c768 tcontext=u:object_r:tethering_service:s0 tclass=service_manager permissive=0
05-24 17:01:00.115   321   321 E SELinux : avc:  denied  { find } for pid=1943 uid=10122 name=tethering scontext=u:r:sprd_radio_app:s0:c512,c768 tcontext=u:object_r:tethering_service:s0 tclass=service_manager permissive=0
05-24 17:01:00.924   321   321 E SELinux : avc:  denied  { find } for pid=1943 uid=10122 name=tethering scontext=u:r:sprd_radio_app:s0:c512,c768 tcontext=u:object_r:tethering_service:s0 tclass=service_manager permissive=0
05-24 17:01:01.126   321   321 E SELinux : avc:  denied  { find } for pid=1943 uid=10122 name=tethering scontext=u:r:sprd_radio_app:s0:c512,c768 tcontext=u:object_r:tethering_service:s0 tclass=service_manager permissive=0
05-24 17:01:01.935   321   321 E SELinux : avc:  denied  { find } for pid=1943 uid=10122 name=tethering scontext=u:r:sprd_radio_app:s0:c512,c768 tcontext=u:object_r:tethering_service:s0 tclass=service_manager permissive=0
05-24 17:01:02.137   321   321 E SELinux : avc:  denied  { find } for pid=1943 uid=10122 name=tethering scontext=u:r:sprd_radio_app:s0:c512,c768 tcontext=u:object_r:tethering_service:s0 tclass=service_manager permissive=0
05-24 17:01:02.220  1388 17918 E MCS2.0_CIPHER_ALGO: checkSign 1  
05-24 17:01:02.232 12007 12025 E OpenID  : com.heytap.mcs:DUID:ret:T
05-24 17:01:02.236 12007 12025 E OpenID  : com.heytap.mcs:OUID:ret:F
05-24 17:01:02.339   321   321 E SELinux : avc:  denied  { find } for pid=1943 uid=10122 name=tethering scontext=u:r:sprd_radio_app:s0:c512,c768 tcontext=u:object_r:tethering_service:s0 tclass=service_manager permissive=0
05-24 17:01:04.967   321   321 E SELinux : avc:  denied  { find } for pid=1943 uid=10122 name=tethering scontext=u:r:sprd_radio_app:s0:c512,c768 tcontext=u:object_r:tethering_service:s0 tclass=service_manager permissive=0
05-24 17:01:05.084  6334  8730 E WakeLock: *gms_scheduler*/com.google.android.gms/.credential.manager.service.operations.checkup.OnDeviceCheckupTaskBoundService ** IS FORCE-RELEASED ON TIMEOUT **
05-24 17:01:05.170   321   321 E SELinux : avc:  denied  { find } for pid=1943 uid=10122 name=tethering scontext=u:r:sprd_radio_app:s0:c512,c768 tcontext=u:object_r:tethering_service:s0 tclass=service_manager permissive=0
05-24 17:01:05.979   321   321 E SELinux : avc:  denied  { find } for pid=1943 uid=10122 name=tethering scontext=u:r:sprd_radio_app:s0:c512,c768 tcontext=u:object_r:tethering_service:s0 tclass=service_manager permissive=0
05-24 17:01:06.108 19737 20009 E fb4a.TigonNetworkSessionListenerManager: handleDataTask failed for handleDataTaskType
05-24 17:01:06.109 19737 11737 E fb4a.msys: E[N data-request]_HandleDataResponse(1681)=>Data request error for task 3f9b3647-c010-4749-9427-41b12edcb7ea (response type 1): network disconnected
05-24 17:01:06.111 19737 11739 E fb4a.msys: E[S sync]_createResponseError(241)=>Network Response 3f9b3647-c010-4749-9427-41b12edcb7ea contains sync error Error Domain=NSURLErrorDomain Code=1 UserInfo=0xd4184600 {MCFErrorDirectUnderlyingErrorKey=0xbe760920 "Error Domain=NSURLErrorDomain Code=1 UserInfo=0xe5f1ca00 {MCFErrorDirectLocalizedFailureReasonKey=TigonError(error=TransientError, errorDomain=TigonLigerErrorDomain, domainErrorCode=3, analyticsDetail="AsyncSocketException: connect timed out after 29995ms, type = Timed out")}", MCFErrorDirectLocalizedFailureReasonKey=network disconnected} - Underlying error Error Domain=NSURLErrorDomain Code=1 UserInfo=0xe5f1ca00 {MCFErrorDirectLocalizedFailureReasonKey=TigonError(error=TransientError, errorDomain=TigonLigerErrorDomain, domainErrorCode=3, analyticsDetail="AsyncSocketException: connect timed out after 29995ms, type = Timed out")}: Error Domain=NSURLErrorDomain Code=1 UserInfo=0xd4184600 {MCFErrorDirectUnderlyingErrorKey=0xbe760920 "Error Domain=NSURLErrorDomain Code=1 UserInfo=0xe5f1ca00 {MCFErrorDirectLocalizedFailureReasonKey=TigonError(error=TransientError, errorDomain=TigonLigerErrorDomain, domainErrorCode=3, analyticsDetail="AsyncSocketException: connect timed out after 29995ms, type = Timed out")}", MCFErrorDirectLocalizedFailureReasonKey=network disconnected}
05-24 17:01:06.182   321   321 E SELinux : avc:  denied  { find } for pid=1943 uid=10122 name=tethering scontext=u:r:sprd_radio_app:s0:c512,c768 tcontext=u:object_r:tethering_service:s0 tclass=service_manager permissive=0
05-24 17:01:06.586   321   321 E SELinux : avc:  denied  { find } for pid=1943 uid=10122 name=tethering scontext=u:r:sprd_radio_app:s0:c512,c768 tcontext=u:object_r:tethering_service:s0 tclass=service_manager permissive=0
05-24 17:01:06.714  6334 16899 E AuthPII : [RequestTokenManager] getToken() -> NETWORK_ERROR. App: com.android.vending, Service: oauth2:https://www.googleapis.com/auth/googleplay
05-24 17:01:06.714  6334 16899 E AuthPII : aihl: Error when calling server using GmsNetworkStack.
05-24 17:01:06.714  6334 16899 E AuthPII : 	at szh.b(:com.google.android.gms@241319057@24.13.19 (170300-626168189):1413)
05-24 17:01:06.714  6334 16899 E AuthPII : 	at szf.a(:com.google.android.gms@241319057@24.13.19 (170300-626168189):620)
05-24 17:01:06.714  6334 16899 E AuthPII : 	at sze.a(:com.google.android.gms@241319057@24.13.19 (170300-626168189):92)
05-24 17:01:06.714  6334 16899 E AuthPII : 	at njz.c(:com.google.android.gms@241319057@24.13.19 (170300-626168189):263)
05-24 17:01:06.714  6334 16899 E AuthPII : 	at njz.h(:com.google.android.gms@241319057@24.13.19 (170300-626168189):2)
05-24 17:01:06.714  6334 16899 E AuthPII : 	at sqm.getAuthToken(:com.google.android.gms@241319057@24.13.19 (170300-626168189):400)
05-24 17:01:06.714  6334 16899 E AuthPII : 	at android.accounts.AbstractAccountAuthenticator$Transport.getAuthToken(AbstractAccountAuthenticator.java:244)
05-24 17:01:06.714  6334 16899 E AuthPII : 	at android.accounts.IAccountAuthenticator$Stub.onTransact(IAccountAuthenticator.java:282)
05-24 17:01:06.714  6334 16899 E AuthPII : 	at android.os.Binder.transact(Binder.java:1043)
05-24 17:01:06.714  6334 16899 E AuthPII : 	at azlr.onTransact(:com.google.android.gms@241319057@24.13.19 (170300-626168189):26)
05-24 17:01:06.714  6334 16899 E AuthPII : 	at android.os.Binder.transact(Binder.java:1043)
05-24 17:01:06.714  6334 16899 E AuthPII : 	at autl.onTransact(:com.google.android.gms@241319057@24.13.19 (170300-626168189):147)
05-24 17:01:06.714  6334 16899 E AuthPII : 	at android.os.Binder.execTransactInternal(Binder.java:1159)
05-24 17:01:06.714  6334 16899 E AuthPII : 	at android.os.Binder.execTransact(Binder.java:1123)
05-24 17:01:06.714  6334 16899 E AuthPII : Caused by: aihl: Error requesting token.
05-24 17:01:06.714  6334 16899 E AuthPII : 	at szh.d(:com.google.android.gms@241319057@24.13.19 (170300-626168189):207)
05-24 17:01:06.714  6334 16899 E AuthPII : 	at szh.b(:com.google.android.gms@241319057@24.13.19 (170300-626168189):57)
05-24 17:01:06.714  6334 16899 E AuthPII : 	... 13 more
05-24 17:01:06.714  6334 16899 E AuthPII : Caused by: java.util.concurrent.TimeoutException: Waited 30 seconds (plus 40701863 nanoseconds delay) for dgkh@27ce435[status=PENDING, info=[inputFuture=[dgkh@2b380ca[status=PENDING, info=[inputFuture=[gsx@de7923b[status=PENDING, info=[tag=[GmsUrlRequestImpl.startWithFuture()]]]], function=[yeo@ec96d58]]]], function=[szg@5248eb1]]]
05-24 17:01:06.714  6334 16899 E AuthPII : 	at dgkc.get(:com.google.android.gms@241319057@24.13.19 (170300-626168189):52)
05-24 17:01:06.714  6334 16899 E AuthPII : 	at szh.d(:com.google.android.gms@241319057@24.13.19 (170300-626168189):189)
05-24 17:01:06.714  6334 16899 E AuthPII : 	... 14 more
05-24 17:01:06.714  6334 16899 E AuthPII : Message is Error when calling server using GmsNetworkStack.
05-24 17:01:06.714  6334 16899 E AuthPII : aihl: Error when calling server using GmsNetworkStack.
05-24 17:01:06.714  6334 16899 E AuthPII : 	at szh.b(:com.google.android.gms@241319057@24.13.19 (170300-626168189):1413)
05-24 17:01:06.714  6334 16899 E AuthPII : 	at szf.a(:com.google.android.gms@241319057@24.13.19 (170300-626168189):620)
05-24 17:01:06.714  6334 16899 E AuthPII : 	at sze.a(:com.google.android.gms@241319057@24.13.19 (170300-626168189):92)
05-24 17:01:06.714  6334 16899 E AuthPII : 	at njz.c(:com.google.android.gms@241319057@24.13.19 (170300-626168189):263)
05-24 17:01:06.714  6334 16899 E AuthPII : 	at njz.h(:com.google.android.gms@241319057@24.13.19 (170300-626168189):2)
05-24 17:01:06.714  6334 16899 E AuthPII : 	at sqm.getAuthToken(:com.google.android.gms@241319057@24.13.19 (170300-626168189):400)
05-24 17:01:06.714  6334 16899 E AuthPII : 	at android.accounts.AbstractAccountAuthenticator$Transport.getAuthToken(AbstractAccountAuthenticator.java:244)
05-24 17:01:06.714  6334 16899 E AuthPII : 	at android.accounts.IAccountAuthenticator$Stub.onTransact(IAccountAuthenticator.java:282)
05-24 17:01:06.714  6334 16899 E AuthPII : 	at android.os.Binder.transact(Binder.java:1043)
05-24 17:01:06.714  6334 16899 E AuthPII : 	at azlr.onTransact(:com.google.android.gms@241319057@24.13.19 (170300-626168189):26)
05-24 17:01:06.714  6334 16899 E AuthPII : 	at android.os.Binder.transact(Binder.java:1043)
05-24 17:01:06.714  6334 16899 E AuthPII : 	at autl.onTransact(:com.google.android.gms@241319057@24.13.19 (170300-626168189):147)
05-24 17:01:06.714  6334 16899 E AuthPII : 	at android.os.Binder.execTransactInternal(Binder.java:1159)
05-24 17:01:06.714  6334 16899 E AuthPII : 	at android.os.Binder.execTransact(Binder.java:1123)
05-24 17:01:06.714  6334 16899 E AuthPII : Caused by: aihl: Error requesting token.
05-24 17:01:06.714  6334 16899 E AuthPII : 	at szh.d(:com.google.android.gms@241319057@24.13.19 (170300-626168189):207)
05-24 17:01:06.714  6334 16899 E AuthPII : 	at szh.b(:com.google.android.gms@241319057@24.13.19 (170300-626168189):57)
05-24 17:01:06.714  6334 16899 E AuthPII : 	... 13 more
05-24 17:01:06.714  6334 16899 E AuthPII : Caused by: java.util.concurrent.TimeoutException: Waited 30 seconds (plus 40701863 nanoseconds delay) for dgkh@27ce435[status=PENDING, info=[inputFuture=[dgkh@2b380ca[status=PENDING, info=[inputFuture=[gsx@de7923b[status=PENDING, info=[tag=[GmsUrlRequestImpl.startWithFuture()]]]], function=[yeo@ec96d58]]]], function=[szg@5248eb1]]]
05-24 17:01:06.714  6334 16899 E AuthPII : 	at dgkc.get(:com.google.android.gms@241319057@24.13.19 (170300-626168189):52)
05-24 17:01:06.714  6334 16899 E AuthPII : 	at szh.d(:com.google.android.gms@241319057@24.13.19 (170300-626168189):189)
05-24 17:01:06.714  6334 16899 E AuthPII : 	... 14 more
05-24 17:01:06.729 17665 17724 E PlayCommon: [16658] arhj.m(58): Failed to get auth token: java.io.IOException: NetworkError
05-24 17:01:06.789   321   321 E SELinux : avc:  denied  { find } for pid=1943 uid=10122 name=tethering scontext=u:r:sprd_radio_app:s0:c512,c768 tcontext=u:object_r:tethering_service:s0 tclass=service_manager permissive=0
05-24 17:01:06.992   321   321 E SELinux : avc:  denied  { find } for pid=1943 uid=10122 name=tethering scontext=u:r:sprd_radio_app:s0:c512,c768 tcontext=u:object_r:tethering_service:s0 tclass=service_manager permissive=0
05-24 17:01:07.194   321   321 E SELinux : avc:  denied  { find } for pid=1943 uid=10122 name=tethering scontext=u:r:sprd_radio_app:s0:c512,c768 tcontext=u:object_r:tethering_service:s0 tclass=service_manager permissive=0
05-24 17:01:12.251   321   321 E SELinux : avc:  denied  { find } for pid=1943 uid=10122 name=tethering scontext=u:r:sprd_radio_app:s0:c512,c768 tcontext=u:object_r:tethering_service:s0 tclass=service_manager permissive=0
05-24 17:01:12.453   321   321 E SELinux : avc:  denied  { find } for pid=1943 uid=10122 name=tethering scontext=u:r:sprd_radio_app:s0:c512,c768 tcontext=u:object_r:tethering_service:s0 tclass=service_manager permissive=0
05-24 17:01:12.858   321   321 E SELinux : avc:  denied  { find } for pid=1943 uid=10122 name=tethering scontext=u:r:sprd_radio_app:s0:c512,c768 tcontext=u:object_r:tethering_service:s0 tclass=service_manager permissive=0
05-24 17:01:13.061   321   321 E SELinux : avc:  denied  { find } for pid=1943 uid=10122 name=tethering scontext=u:r:sprd_radio_app:s0:c512,c768 tcontext=u:object_r:tethering_service:s0 tclass=service_manager permissive=0
05-24 17:01:13.262   321   321 E SELinux : avc:  denied  { find } for pid=1943 uid=10122 name=tethering scontext=u:r:sprd_radio_app:s0:c512,c768 tcontext=u:object_r:tethering_service:s0 tclass=service_manager permissive=0
05-24 17:01:13.465   321   321 E SELinux : avc:  denied  { find } for pid=1943 uid=10122 name=tethering scontext=u:r:sprd_radio_app:s0:c512,c768 tcontext=u:object_r:tethering_service:s0 tclass=service_manager permissive=0
05-24 17:01:17.309   321   321 E SELinux : avc:  denied  { find } for pid=1943 uid=10122 name=tethering scontext=u:r:sprd_radio_app:s0:c512,c768 tcontext=u:object_r:tethering_service:s0 tclass=service_manager permissive=0
05-24 17:01:17.511   321   321 E SELinux : avc:  denied  { find } for pid=1943 uid=10122 name=tethering scontext=u:r:sprd_radio_app:s0:c512,c768 tcontext=u:object_r:tethering_service:s0 tclass=service_manager permissive=0
05-24 17:01:18.927   321   321 E SELinux : avc:  denied  { find } for pid=1943 uid=10122 name=tethering scontext=u:r:sprd_radio_app:s0:c512,c768 tcontext=u:object_r:tethering_service:s0 tclass=service_manager permissive=0
05-24 17:01:19.129   321   321 E SELinux : avc:  denied  { find } for pid=1943 uid=10122 name=tethering scontext=u:r:sprd_radio_app:s0:c512,c768 tcontext=u:object_r:tethering_service:s0 tclass=service_manager permissive=0
05-24 17:01:19.192  1388 17921 E MCS2.0_CIPHER_ALGO: checkSign 1  
05-24 17:01:19.204 12007 12025 E OpenID  : com.heytap.mcs:DUID:ret:T
05-24 17:01:19.208 12007 12025 E OpenID  : com.heytap.mcs:OUID:ret:F
05-24 17:01:19.331   321   321 E SELinux : avc:  denied  { find } for pid=1943 uid=10122 name=tethering scontext=u:r:sprd_radio_app:s0:c512,c768 tcontext=u:object_r:tethering_service:s0 tclass=service_manager permissive=0
05-24 17:01:21.151   321   321 E SELinux : avc:  denied  { find } for pid=1943 uid=10122 name=tethering scontext=u:r:sprd_radio_app:s0:c512,c768 tcontext=u:object_r:tethering_service:s0 tclass=service_manager permissive=0
05-24 17:01:21.199  6334 17206 E WakeLock: GCM_HB_ALARM release without a matched acquire!
05-24 17:01:21.353   321   321 E SELinux : avc:  denied  { find } for pid=1943 uid=10122 name=tethering scontext=u:r:sprd_radio_app:s0:c512,c768 tcontext=u:object_r:tethering_service:s0 tclass=service_manager permissive=0
05-24 17:01:22.365   321   321 E SELinux : avc:  denied  { find } for pid=1943 uid=10122 name=tethering scontext=u:r:sprd_radio_app:s0:c512,c768 tcontext=u:object_r:tethering_service:s0 tclass=service_manager permissive=0
05-24 17:01:22.567   321   321 E SELinux : avc:  denied  { find } for pid=1943 uid=10122 name=tethering scontext=u:r:sprd_radio_app:s0:c512,c768 tcontext=u:object_r:tethering_service:s0 tclass=service_manager permissive=0
05-24 17:01:24.591   321   321 E SELinux : avc:  denied  { find } for pid=1943 uid=10122 name=tethering scontext=u:r:sprd_radio_app:s0:c512,c768 tcontext=u:object_r:tethering_service:s0 tclass=service_manager permissive=0
05-24 17:01:24.793   321   321 E SELinux : avc:  denied  { find } for pid=1943 uid=10122 name=tethering scontext=u:r:sprd_radio_app:s0:c512,c768 tcontext=u:object_r:tethering_service:s0 tclass=service_manager permissive=0
05-24 17:01:25.962   824   845 E Watchdog: WDT_Monitor: checkSFStatus sfBlocked=false
05-24 17:01:25.963   824   845 E Watchdog: WDT_Monitor: writeWDTMonitor duration=50,shutdowning=false
05-24 17:01:27.624   321   321 E SELinux : avc:  denied  { find } for pid=1943 uid=10122 name=tethering scontext=u:r:sprd_radio_app:s0:c512,c768 tcontext=u:object_r:tethering_service:s0 tclass=service_manager permissive=0
05-24 17:01:27.827   321   321 E SELinux : avc:  denied  { find } for pid=1943 uid=10122 name=tethering scontext=u:r:sprd_radio_app:s0:c512,c768 tcontext=u:object_r:tethering_service:s0 tclass=service_manager permissive=0
05-24 17:01:28.839   321   321 E SELinux : avc:  denied  { find } for pid=1943 uid=10122 name=tethering scontext=u:r:sprd_radio_app:s0:c512,c768 tcontext=u:object_r:tethering_service:s0 tclass=service_manager permissive=0
05-24 17:01:28.859  6334  7846 E AuthPII : [RequestTokenManager] getToken() -> NETWORK_ERROR. App: com.google.android.gms, Service: oauth2:https://www.googleapis.com/auth/identity.passwords.leak.check
05-24 17:01:28.859  6334  7846 E AuthPII : aihl: Error when calling server using GmsNetworkStack.
05-24 17:01:28.859  6334  7846 E AuthPII : 	at szh.b(:com.google.android.gms@241319057@24.13.19 (170300-626168189):1413)
05-24 17:01:28.859  6334  7846 E AuthPII : 	at szf.a(:com.google.android.gms@241319057@24.13.19 (170300-626168189):620)
05-24 17:01:28.859  6334  7846 E AuthPII : 	at sze.a(:com.google.android.gms@241319057@24.13.19 (170300-626168189):92)
05-24 17:01:28.859  6334  7846 E AuthPII : 	at njz.c(:com.google.android.gms@241319057@24.13.19 (170300-626168189):263)
05-24 17:01:28.859  6334  7846 E AuthPII : 	at njz.h(:com.google.android.gms@241319057@24.13.19 (170300-626168189):2)
05-24 17:01:28.859  6334  7846 E AuthPII : 	at njz.gY(:com.google.android.gms@241319057@24.13.19 (170300-626168189):200)
05-24 17:01:28.859  6334  7846 E AuthPII : 	at nft.onTransact(:com.google.android.gms@241319057@24.13.19 (170300-626168189):96)
05-24 17:01:28.859  6334  7846 E AuthPII : 	at android.os.Binder.transact(Binder.java:1043)
05-24 17:01:28.859  6334  7846 E AuthPII : 	at azlr.onTransact(:com.google.android.gms@241319057@24.13.19 (170300-626168189):26)
05-24 17:01:28.859  6334  7846 E AuthPII : 	at android.os.Binder.transact(Binder.java:1043)
05-24 17:01:28.859  6334  7846 E AuthPII : 	at autl.onTransact(:com.google.android.gms@241319057@24.13.19 (170300-626168189):147)
05-24 17:01:28.859  6334  7846 E AuthPII : 	at android.os.Binder.execTransactInternal(Binder.java:1154)
05-24 17:01:28.859  6334  7846 E AuthPII : 	at android.os.Binder.execTransact(Binder.java:1123)
05-24 17:01:28.859  6334  7846 E AuthPII : Caused by: aihl: Error requesting token.
05-24 17:01:28.859  6334  7846 E AuthPII : 	at szh.d(:com.google.android.gms@241319057@24.13.19 (170300-626168189):207)
05-24 17:01:28.859  6334  7846 E AuthPII : 	at szh.b(:com.google.android.gms@241319057@24.13.19 (170300-626168189):57)
05-24 17:01:28.859  6334  7846 E AuthPII : 	... 12 more
05-24 17:01:28.859  6334  7846 E AuthPII : Caused by: java.util.concurrent.TimeoutException: Waited 30 seconds (plus 585171 nanoseconds delay) for dgkh@8ab5cff[status=PENDING, info=[inputFuture=[dgkh@3867acc[status=PENDING, info=[inputFuture=[gsx@f74a115[status=PENDING, info=[tag=[GmsUrlRequestImpl.startWithFuture()]]]], function=[yeo@8fb2c2a]]]], function=[szg@ce2ca1b]]]
05-24 17:01:28.859  6334  7846 E AuthPII : 	at dgkc.get(:com.google.android.gms@241319057@24.13.19 (170300-626168189):52)
05-24 17:01:28.859  6334  7846 E AuthPII : 	at szh.d(:com.google.android.gms@241319057@24.13.19 (170300-626168189):189)
05-24 17:01:28.859  6334  7846 E AuthPII : 	... 13 more
05-24 17:01:28.859  6334  7846 E AuthPII : Message is Error when calling server using GmsNetworkStack.
05-24 17:01:28.859  6334  7846 E AuthPII : aihl: Error when calling server using GmsNetworkStack.
05-24 17:01:28.859  6334  7846 E AuthPII : 	at szh.b(:com.google.android.gms@241319057@24.13.19 (170300-626168189):1413)
05-24 17:01:28.859  6334  7846 E AuthPII : 	at szf.a(:com.google.android.gms@241319057@24.13.19 (170300-626168189):620)
05-24 17:01:28.859  6334  7846 E AuthPII : 	at sze.a(:com.google.android.gms@241319057@24.13.19 (170300-626168189):92)
05-24 17:01:28.859  6334  7846 E AuthPII : 	at njz.c(:com.google.android.gms@241319057@24.13.19 (170300-626168189):263)
05-24 17:01:28.859  6334  7846 E AuthPII : 	at njz.h(:com.google.android.gms@241319057@24.13.19 (170300-626168189):2)
05-24 17:01:28.859  6334  7846 E AuthPII : 	at njz.gY(:com.google.android.gms@241319057@24.13.19 (170300-626168189):200)
05-24 17:01:28.859  6334  7846 E AuthPII : 	at nft.onTransact(:com.google.android.gms@241319057@24.13.19 (170300-626168189):96)
05-24 17:01:28.859  6334  7846 E AuthPII : 	at android.os.Binder.transact(Binder.java:1043)
05-24 17:01:28.859  6334  7846 E AuthPII : 	at azlr.onTransact(:com.google.android.gms@241319057@24.13.19 (170300-626168189):26)
05-24 17:01:28.859  6334  7846 E AuthPII : 	at android.os.Binder.transact(Binder.java:1043)
05-24 17:01:28.859  6334  7846 E AuthPII : 	at autl.onTransact(:com.google.android.gms@241319057@24.13.19 (170300-626168189):147)
05-24 17:01:28.859  6334  7846 E AuthPII : 	at android.os.Binder.execTransactInternal(Binder.java:1154)
05-24 17:01:28.859  6334  7846 E AuthPII : 	at android.os.Binder.execTransact(Binder.java:1123)
05-24 17:01:28.859  6334  7846 E AuthPII : Caused by: aihl: Error requesting token.
05-24 17:01:28.859  6334  7846 E AuthPII : 	at szh.d(:com.google.android.gms@241319057@24.13.19 (170300-626168189):207)
05-24 17:01:28.859  6334  7846 E AuthPII : 	at szh.b(:com.google.android.gms@241319057@24.13.19 (170300-626168189):57)
05-24 17:01:28.859  6334  7846 E AuthPII : 	... 12 more
05-24 17:01:28.859  6334  7846 E AuthPII : Caused by: java.util.concurrent.TimeoutException: Waited 30 seconds (plus 585171 nanoseconds delay) for dgkh@8ab5cff[status=PENDING, info=[inputFuture=[dgkh@3867acc[status=PENDING, info=[inputFuture=[gsx@f74a115[status=PENDING, info=[tag=[GmsUrlRequestImpl.startWithFuture()]]]], function=[yeo@8fb2c2a]]]], function=[szg@ce2ca1b]]]
05-24 17:01:28.859  6334  7846 E AuthPII : 	at dgkc.get(:com.google.android.gms@241319057@24.13.19 (170300-626168189):52)
05-24 17:01:28.859  6334  7846 E AuthPII : 	at szh.d(:com.google.android.gms@241319057@24.13.19 (170300-626168189):189)
05-24 17:01:28.859  6334  7846 E AuthPII : 	... 13 more
05-24 17:01:29.041   321   321 E SELinux : avc:  denied  { find } for pid=1943 uid=10122 name=tethering scontext=u:r:sprd_radio_app:s0:c512,c768 tcontext=u:object_r:tethering_service:s0 tclass=service_manager permissive=0
05-24 17:01:31.064   321   321 E SELinux : avc:  denied  { find } for pid=1943 uid=10122 name=tethering scontext=u:r:sprd_radio_app:s0:c512,c768 tcontext=u:object_r:tethering_service:s0 tclass=service_manager permissive=0
05-24 17:01:31.233   462   498 E IMGMemtrackHAL: DbgFsParseFile: fopen of /proc/pvr/driver_stats failed (Permission denied)
05-24 17:01:31.234   462   498 E IMGMemtrackHAL: GetGraphicsMemtrackRecords: DbgFsParseDir for /d/ion failed (No such file or directory)
05-24 17:01:31.266   321   321 E SELinux : avc:  denied  { find } for pid=1943 uid=10122 name=tethering scontext=u:r:sprd_radio_app:s0:c512,c768 tcontext=u:object_r:tethering_service:s0 tclass=service_manager permissive=0
05-24 17:01:32.682   321   321 E SELinux : avc:  denied  { find } for pid=1943 uid=10122 name=tethering scontext=u:r:sprd_radio_app:s0:c512,c768 tcontext=u:object_r:tethering_service:s0 tclass=service_manager permissive=0
05-24 17:01:32.884   321   321 E SELinux : avc:  denied  { find } for pid=1943 uid=10122 name=tethering scontext=u:r:sprd_radio_app:s0:c512,c768 tcontext=u:object_r:tethering_service:s0 tclass=service_manager permissive=0
05-24 17:01:34.502   321   321 E SELinux : avc:  denied  { find } for pid=1943 uid=10122 name=tethering scontext=u:r:sprd_radio_app:s0:c512,c768 tcontext=u:object_r:tethering_service:s0 tclass=service_manager permissive=0
05-24 17:01:34.704   321   321 E SELinux : avc:  denied  { find } for pid=1943 uid=10122 name=tethering scontext=u:r:sprd_radio_app:s0:c512,c768 tcontext=u:object_r:tethering_service:s0 tclass=service_manager permissive=0
05-24 17:01:36.119   321   321 E SELinux : avc:  denied  { find } for pid=1943 uid=10122 name=tethering scontext=u:r:sprd_radio_app:s0:c512,c768 tcontext=u:object_r:tethering_service:s0 tclass=service_manager permissive=0
05-24 17:01:36.146 19737 20009 E fb4a.TigonNetworkSessionListenerManager: handleDataTask failed for handleDataTaskType
05-24 17:01:36.147 19737 11737 E fb4a.msys: E[N data-request]_HandleDataResponse(1681)=>Data request error for task e4409e14-4da2-4f99-bb59-c0a46f0e59c0 (response type 1): network disconnected
05-24 17:01:36.150 19737 11739 E fb4a.msys: E[S sync]_createResponseError(241)=>Network Response e4409e14-4da2-4f99-bb59-c0a46f0e59c0 contains sync error Error Domain=NSURLErrorDomain Code=1 UserInfo=0xd4184700 {MCFErrorDirectUnderlyingErrorKey=0xebade820 "Error Domain=NSURLErrorDomain Code=1 UserInfo=0xe5f1ca00 {MCFErrorDirectLocalizedFailureReasonKey=TigonError(error=TransientError, errorDomain=TigonLigerErrorDomain, domainErrorCode=3, analyticsDetail="AsyncSocketException: connect timed out after 29995ms, type = Timed out")}", MCFErrorDirectLocalizedFailureReasonKey=network disconnected} - Underlying error Error Domain=NSURLErrorDomain Code=1 UserInfo=0xe5f1ca00 {MCFErrorDirectLocalizedFailureReasonKey=TigonError(error=TransientError, errorDomain=TigonLigerErrorDomain, domainErrorCode=3, analyticsDetail="AsyncSocketException: connect timed out after 29995ms, type = Timed out")}: Error Domain=NSURLErrorDomain Code=1 UserInfo=0xd4184700 {MCFErrorDirectUnderlyingErrorKey=0xebade820 "Error Domain=NSURLErrorDomain Code=1 UserInfo=0xe5f1ca00 {MCFErrorDirectLocalizedFailureReasonKey=TigonError(error=TransientError, errorDomain=TigonLigerErrorDomain, domainErrorCode=3, analyticsDetail="AsyncSocketException: connect timed out after 29995ms, type = Timed out")}", MCFErrorDirectLocalizedFailureReasonKey=network disconnected}
05-24 17:01:36.321   321   321 E SELinux : avc:  denied  { find } for pid=1943 uid=10122 name=tethering scontext=u:r:sprd_radio_app:s0:c512,c768 tcontext=u:object_r:tethering_service:s0 tclass=service_manager permissive=0
05-24 17:01:37.534   321   321 E SELinux : avc:  denied  { find } for pid=1943 uid=10122 name=tethering scontext=u:r:sprd_radio_app:s0:c512,c768 tcontext=u:object_r:tethering_service:s0 tclass=service_manager permissive=0
05-24 17:01:37.737   321   321 E SELinux : avc:  denied  { find } for pid=1943 uid=10122 name=tethering scontext=u:r:sprd_radio_app:s0:c512,c768 tcontext=u:object_r:tethering_service:s0 tclass=service_manager permissive=0
05-24 17:01:37.939   321   321 E SELinux : avc:  denied  { find } for pid=1943 uid=10122 name=tethering scontext=u:r:sprd_radio_app:s0:c512,c768 tcontext=u:object_r:tethering_service:s0 tclass=service_manager permissive=0
05-24 17:01:38.545   321   321 E SELinux : avc:  denied  { find } for pid=1943 uid=10122 name=tethering scontext=u:r:sprd_radio_app:s0:c512,c768 tcontext=u:object_r:tethering_service:s0 tclass=service_manager permissive=0
05-24 17:01:38.748   321   321 E SELinux : avc:  denied  { find } for pid=1943 uid=10122 name=tethering scontext=u:r:sprd_radio_app:s0:c512,c768 tcontext=u:object_r:tethering_service:s0 tclass=service_manager permissive=0
05-24 17:01:42.996   321   321 E SELinux : avc:  denied  { find } for pid=1943 uid=10122 name=tethering scontext=u:r:sprd_radio_app:s0:c512,c768 tcontext=u:object_r:tethering_service:s0 tclass=service_manager permissive=0
05-24 17:01:43.199   321   321 E SELinux : avc:  denied  { find } for pid=1943 uid=10122 name=tethering scontext=u:r:sprd_radio_app:s0:c512,c768 tcontext=u:object_r:tethering_service:s0 tclass=service_manager permissive=0
05-24 17:01:43.806   321   321 E SELinux : avc:  denied  { find } for pid=1943 uid=10122 name=tethering scontext=u:r:sprd_radio_app:s0:c512,c768 tcontext=u:object_r:tethering_service:s0 tclass=service_manager permissive=0
05-24 17:01:44.008   321   321 E SELinux : avc:  denied  { find } for pid=1943 uid=10122 name=tethering scontext=u:r:sprd_radio_app:s0:c512,c768 tcontext=u:object_r:tethering_service:s0 tclass=service_manager permissive=0
05-24 17:01:48.055   321   321 E SELinux : avc:  denied  { find } for pid=1943 uid=10122 name=tethering scontext=u:r:sprd_radio_app:s0:c512,c768 tcontext=u:object_r:tethering_service:s0 tclass=service_manager permissive=0
05-24 17:01:48.257   321   321 E SELinux : avc:  denied  { find } for pid=1943 uid=10122 name=tethering scontext=u:r:sprd_radio_app:s0:c512,c768 tcontext=u:object_r:tethering_service:s0 tclass=service_manager permissive=0
05-24 17:01:48.459   321   321 E SELinux : avc:  denied  { find } for pid=1943 uid=10122 name=tethering scontext=u:r:sprd_radio_app:s0:c512,c768 tcontext=u:object_r:tethering_service:s0 tclass=service_manager permissive=0
05-24 17:01:48.662   321   321 E SELinux : avc:  denied  { find } for pid=1943 uid=10122 name=tethering scontext=u:r:sprd_radio_app:s0:c512,c768 tcontext=u:object_r:tethering_service:s0 tclass=service_manager permissive=0
05-24 17:01:48.864   321   321 E SELinux : avc:  denied  { find } for pid=1943 uid=10122 name=tethering scontext=u:r:sprd_radio_app:s0:c512,c768 tcontext=u:object_r:tethering_service:s0 tclass=service_manager permissive=0
05-24 17:01:51.697   321   321 E SELinux : avc:  denied  { find } for pid=1943 uid=10122 name=tethering scontext=u:r:sprd_radio_app:s0:c512,c768 tcontext=u:object_r:tethering_service:s0 tclass=service_manager permissive=0
05-24 17:01:51.900   321   321 E SELinux : avc:  denied  { find } for pid=1943 uid=10122 name=tethering scontext=u:r:sprd_radio_app:s0:c512,c768 tcontext=u:object_r:tethering_service:s0 tclass=service_manager permissive=0
05-24 17:01:53.113   321   321 E SELinux : avc:  denied  { find } for pid=1943 uid=10122 name=tethering scontext=u:r:sprd_radio_app:s0:c512,c768 tcontext=u:object_r:tethering_service:s0 tclass=service_manager permissive=0
05-24 17:01:53.315   321   321 E SELinux : avc:  denied  { find } for pid=1943 uid=10122 name=tethering scontext=u:r:sprd_radio_app:s0:c512,c768 tcontext=u:object_r:tethering_service:s0 tclass=service_manager permissive=0
05-24 17:01:53.720   321   321 E SELinux : avc:  denied  { find } for pid=1943 uid=10122 name=tethering scontext=u:r:sprd_radio_app:s0:c512,c768 tcontext=u:object_r:tethering_service:s0 tclass=service_manager permissive=0
05-24 17:01:53.922   321   321 E SELinux : avc:  denied  { find } for pid=1943 uid=10122 name=tethering scontext=u:r:sprd_radio_app:s0:c512,c768 tcontext=u:object_r:tethering_service:s0 tclass=service_manager permissive=0
05-24 17:01:54.732   321   321 E SELinux : avc:  denied  { find } for pid=1943 uid=10122 name=tethering scontext=u:r:sprd_radio_app:s0:c512,c768 tcontext=u:object_r:tethering_service:s0 tclass=service_manager permissive=0
05-24 17:01:54.934   321   321 E SELinux : avc:  denied  { find } for pid=1943 uid=10122 name=tethering scontext=u:r:sprd_radio_app:s0:c512,c768 tcontext=u:object_r:tethering_service:s0 tclass=service_manager permissive=0
05-24 17:01:55.969   824   845 E Watchdog: WDT_Monitor: checkSFStatus sfBlocked=false
05-24 17:01:55.970   824   845 E Watchdog: WDT_Monitor: writeWDTMonitor duration=50,shutdowning=false
05-24 17:01:58.170   321   321 E SELinux : avc:  denied  { find } for pid=1943 uid=10122 name=tethering scontext=u:r:sprd_radio_app:s0:c512,c768 tcontext=u:object_r:tethering_service:s0 tclass=service_manager permissive=0
05-24 17:01:58.373   321   321 E SELinux : avc:  denied  { find } for pid=1943 uid=10122 name=tethering scontext=u:r:sprd_radio_app:s0:c512,c768 tcontext=u:object_r:tethering_service:s0 tclass=service_manager permissive=0
05-24 17:01:58.576   321   321 E SELinux : avc:  denied  { find } for pid=1943 uid=10122 name=tethering scontext=u:r:sprd_radio_app:s0:c512,c768 tcontext=u:object_r:tethering_service:s0 tclass=service_manager permissive=0
05-24 17:01:58.981   321   321 E SELinux : avc:  denied  { find } for pid=1943 uid=10122 name=tethering scontext=u:r:sprd_radio_app:s0:c512,c768 tcontext=u:object_r:tethering_service:s0 tclass=service_manager permissive=0
05-24 17:01:59.082  6334  7846 E AuthPII : [RequestTokenManager] getToken() -> NETWORK_ERROR. App: com.google.android.gms, Service: oauth2:https://www.googleapis.com/auth/identity.passwords.leak.check
05-24 17:01:59.082  6334  7846 E AuthPII : aihl: Error when calling server using GmsNetworkStack.
05-24 17:01:59.082  6334  7846 E AuthPII : 	at szh.b(:com.google.android.gms@241319057@24.13.19 (170300-626168189):1413)
05-24 17:01:59.082  6334  7846 E AuthPII : 	at szf.a(:com.google.android.gms@241319057@24.13.19 (170300-626168189):620)
05-24 17:01:59.082  6334  7846 E AuthPII : 	at sze.a(:com.google.android.gms@241319057@24.13.19 (170300-626168189):92)
05-24 17:01:59.082  6334  7846 E AuthPII : 	at njz.c(:com.google.android.gms@241319057@24.13.19 (170300-626168189):263)
05-24 17:01:59.082  6334  7846 E AuthPII : 	at njz.h(:com.google.android.gms@241319057@24.13.19 (170300-626168189):2)
05-24 17:01:59.082  6334  7846 E AuthPII : 	at njz.gY(:com.google.android.gms@241319057@24.13.19 (170300-626168189):200)
05-24 17:01:59.082  6334  7846 E AuthPII : 	at nft.onTransact(:com.google.android.gms@241319057@24.13.19 (170300-626168189):96)
05-24 17:01:59.082  6334  7846 E AuthPII : 	at android.os.Binder.transact(Binder.java:1043)
05-24 17:01:59.082  6334  7846 E AuthPII : 	at azlr.onTransact(:com.google.android.gms@241319057@24.13.19 (170300-626168189):26)
05-24 17:01:59.082  6334  7846 E AuthPII : 	at android.os.Binder.transact(Binder.java:1043)
05-24 17:01:59.082  6334  7846 E AuthPII : 	at autl.onTransact(:com.google.android.gms@241319057@24.13.19 (170300-626168189):147)
05-24 17:01:59.082  6334  7846 E AuthPII : 	at android.os.Binder.execTransactInternal(Binder.java:1154)
05-24 17:01:59.082  6334  7846 E AuthPII : 	at android.os.Binder.execTransact(Binder.java:1123)
05-24 17:01:59.082  6334  7846 E AuthPII : Caused by: aihl: Error requesting token.
05-24 17:01:59.082  6334  7846 E AuthPII : 	at szh.d(:com.google.android.gms@241319057@24.13.19 (170300-626168189):207)
05-24 17:01:59.082  6334  7846 E AuthPII : 	at szh.b(:com.google.android.gms@241319057@24.13.19 (170300-626168189):57)
05-24 17:01:59.082  6334  7846 E AuthPII : 	... 12 more
05-24 17:01:59.082  6334  7846 E AuthPII : Caused by: java.util.concurrent.TimeoutException: Waited 30 seconds (plus 572325 nanoseconds delay) for dgkh@c6289c9[status=PENDING, info=[inputFuture=[dgkh@66618ce[status=PENDING, info=[inputFuture=[gsx@25b83ef[status=PENDING, info=[tag=[GmsUrlRequestImpl.startWithFuture()]]]], function=[yeo@d042efc]]]], function=[szg@400f985]]]
05-24 17:01:59.082  6334  7846 E AuthPII : 	at dgkc.get(:com.google.android.gms@241319057@24.13.19 (170300-626168189):52)
05-24 17:01:59.082  6334  7846 E AuthPII : 	at szh.d(:com.google.android.gms@241319057@24.13.19 (170300-626168189):189)
05-24 17:01:59.082  6334  7846 E AuthPII : 	... 13 more
05-24 17:01:59.083  6334  7846 E AuthPII : Message is Error when calling server using GmsNetworkStack.
05-24 17:01:59.083  6334  7846 E AuthPII : aihl: Error when calling server using GmsNetworkStack.
