05-24 20:18:48.801   321   321 E SELinux : avc:  denied  { find } for pid=1943 uid=10122 name=tethering scontext=u:r:sprd_radio_app:s0:c512,c768 tcontext=u:object_r:tethering_service:s0 tclass=service_manager permissive=0
05-24 20:18:48.887   541 23133 E FMQ     : grantorIdx must be less than 3
05-24 20:18:48.887   541 23133 E FMQ     : grantorIdx must be less than 3
05-24 20:18:48.888   605  6584 E FMQ     : grantorIdx must be less than 3
05-24 20:18:48.889   605  6584 E FMQ     : grantorIdx must be less than 3
05-24 20:18:48.891   541 23133 E FMQ     : grantorIdx must be less than 3
05-24 20:18:48.892   605 13467 E FMQ     : grantorIdx must be less than 3
05-24 20:18:48.899   605 23134 E FMQ     : grantorIdx must be less than 3
05-24 20:18:48.899   541  4602 E FMQ     : grantorIdx must be less than 3
05-24 20:18:48.913   444  4547 E se.dirac.effect: first processing
05-24 20:18:48.913   444  4546 E audio_dump: audio_dump point or len error:len:0, 1 [1,22)
05-24 20:18:48.919   444  4546 E audio_dump: audio_dump point or len error:len:0, 2 [1,22)
05-24 20:18:49.003   321   321 E SELinux : avc:  denied  { find } for pid=1943 uid=10122 name=tethering scontext=u:r:sprd_radio_app:s0:c512,c768 tcontext=u:object_r:tethering_service:s0 tclass=service_manager permissive=0
05-24 20:18:49.204   321   321 E SELinux : avc:  denied  { find } for pid=1943 uid=10122 name=tethering scontext=u:r:sprd_radio_app:s0:c512,c768 tcontext=u:object_r:tethering_service:s0 tclass=service_manager permissive=0
05-24 20:18:49.405   321   321 E SELinux : avc:  denied  { find } for pid=1943 uid=10122 name=tethering scontext=u:r:sprd_radio_app:s0:c512,c768 tcontext=u:object_r:tethering_service:s0 tclass=service_manager permissive=0
05-24 20:18:49.607   321   321 E SELinux : avc:  denied  { find } for pid=1943 uid=10122 name=tethering scontext=u:r:sprd_radio_app:s0:c512,c768 tcontext=u:object_r:tethering_service:s0 tclass=service_manager permissive=0
05-24 20:18:49.808   321   321 E SELinux : avc:  denied  { find } for pid=1943 uid=10122 name=tethering scontext=u:r:sprd_radio_app:s0:c512,c768 tcontext=u:object_r:tethering_service:s0 tclass=service_manager permissive=0
05-24 20:18:50.009   321   321 E SELinux : avc:  denied  { find } for pid=1943 uid=10122 name=tethering scontext=u:r:sprd_radio_app:s0:c512,c768 tcontext=u:object_r:tethering_service:s0 tclass=service_manager permissive=0
05-24 20:18:50.211   321   321 E SELinux : avc:  denied  { find } for pid=1943 uid=10122 name=tethering scontext=u:r:sprd_radio_app:s0:c512,c768 tcontext=u:object_r:tethering_service:s0 tclass=service_manager permissive=0
05-24 20:18:50.414   321   321 E SELinux : avc:  denied  { find } for pid=1943 uid=10122 name=tethering scontext=u:r:sprd_radio_app:s0:c512,c768 tcontext=u:object_r:tethering_service:s0 tclass=service_manager permissive=0
05-24 20:18:50.615   321   321 E SELinux : avc:  denied  { find } for pid=1943 uid=10122 name=tethering scontext=u:r:sprd_radio_app:s0:c512,c768 tcontext=u:object_r:tethering_service:s0 tclass=service_manager permissive=0
05-24 20:18:50.817   321   321 E SELinux : avc:  denied  { find } for pid=1943 uid=10122 name=tethering scontext=u:r:sprd_radio_app:s0:c512,c768 tcontext=u:object_r:tethering_service:s0 tclass=service_manager permissive=0
05-24 20:18:51.018   321   321 E SELinux : avc:  denied  { find } for pid=1943 uid=10122 name=tethering scontext=u:r:sprd_radio_app:s0:c512,c768 tcontext=u:object_r:tethering_service:s0 tclass=service_manager permissive=0
05-24 20:18:51.220   321   321 E SELinux : avc:  denied  { find } for pid=1943 uid=10122 name=tethering scontext=u:r:sprd_radio_app:s0:c512,c768 tcontext=u:object_r:tethering_service:s0 tclass=service_manager permissive=0
05-24 20:18:51.421   321   321 E SELinux : avc:  denied  { find } for pid=1943 uid=10122 name=tethering scontext=u:r:sprd_radio_app:s0:c512,c768 tcontext=u:object_r:tethering_service:s0 tclass=service_manager permissive=0
05-24 20:18:51.622   321   321 E SELinux : avc:  denied  { find } for pid=1943 uid=10122 name=tethering scontext=u:r:sprd_radio_app:s0:c512,c768 tcontext=u:object_r:tethering_service:s0 tclass=service_manager permissive=0
05-24 20:18:51.823   321   321 E SELinux : avc:  denied  { find } for pid=1943 uid=10122 name=tethering scontext=u:r:sprd_radio_app:s0:c512,c768 tcontext=u:object_r:tethering_service:s0 tclass=service_manager permissive=0
05-24 20:18:52.025   321   321 E SELinux : avc:  denied  { find } for pid=1943 uid=10122 name=tethering scontext=u:r:sprd_radio_app:s0:c512,c768 tcontext=u:object_r:tethering_service:s0 tclass=service_manager permissive=0
05-24 20:18:52.226   321   321 E SELinux : avc:  denied  { find } for pid=1943 uid=10122 name=tethering scontext=u:r:sprd_radio_app:s0:c512,c768 tcontext=u:object_r:tethering_service:s0 tclass=service_manager permissive=0
05-24 20:18:52.428   321   321 E SELinux : avc:  denied  { find } for pid=1943 uid=10122 name=tethering scontext=u:r:sprd_radio_app:s0:c512,c768 tcontext=u:object_r:tethering_service:s0 tclass=service_manager permissive=0
05-24 20:18:52.629   321   321 E SELinux : avc:  denied  { find } for pid=1943 uid=10122 name=tethering scontext=u:r:sprd_radio_app:s0:c512,c768 tcontext=u:object_r:tethering_service:s0 tclass=service_manager permissive=0
05-24 20:18:52.831   321   321 E SELinux : avc:  denied  { find } for pid=1943 uid=10122 name=tethering scontext=u:r:sprd_radio_app:s0:c512,c768 tcontext=u:object_r:tethering_service:s0 tclass=service_manager permissive=0
05-24 20:18:53.032   321   321 E SELinux : avc:  denied  { find } for pid=1943 uid=10122 name=tethering scontext=u:r:sprd_radio_app:s0:c512,c768 tcontext=u:object_r:tethering_service:s0 tclass=service_manager permissive=0
05-24 20:18:53.234   321   321 E SELinux : avc:  denied  { find } for pid=1943 uid=10122 name=tethering scontext=u:r:sprd_radio_app:s0:c512,c768 tcontext=u:object_r:tethering_service:s0 tclass=service_manager permissive=0
05-24 20:18:53.436   321   321 E SELinux : avc:  denied  { find } for pid=1943 uid=10122 name=tethering scontext=u:r:sprd_radio_app:s0:c512,c768 tcontext=u:object_r:tethering_service:s0 tclass=service_manager permissive=0
05-24 20:18:53.638   321   321 E SELinux : avc:  denied  { find } for pid=1943 uid=10122 name=tethering scontext=u:r:sprd_radio_app:s0:c512,c768 tcontext=u:object_r:tethering_service:s0 tclass=service_manager permissive=0
05-24 20:18:53.839   321   321 E SELinux : avc:  denied  { find } for pid=1943 uid=10122 name=tethering scontext=u:r:sprd_radio_app:s0:c512,c768 tcontext=u:object_r:tethering_service:s0 tclass=service_manager permissive=0
05-24 20:18:54.041   321   321 E SELinux : avc:  denied  { find } for pid=1943 uid=10122 name=tethering scontext=u:r:sprd_radio_app:s0:c512,c768 tcontext=u:object_r:tethering_service:s0 tclass=service_manager permissive=0
05-24 20:18:54.446   321   321 E SELinux : avc:  denied  { find } for pid=1943 uid=10122 name=tethering scontext=u:r:sprd_radio_app:s0:c512,c768 tcontext=u:object_r:tethering_service:s0 tclass=service_manager permissive=0
05-24 20:18:54.648   321   321 E SELinux : avc:  denied  { find } for pid=1943 uid=10122 name=tethering scontext=u:r:sprd_radio_app:s0:c512,c768 tcontext=u:object_r:tethering_service:s0 tclass=service_manager permissive=0
05-24 20:18:54.850   321   321 E SELinux : avc:  denied  { find } for pid=1943 uid=10122 name=tethering scontext=u:r:sprd_radio_app:s0:c512,c768 tcontext=u:object_r:tethering_service:s0 tclass=service_manager permissive=0
05-24 20:18:55.052   321   321 E SELinux : avc:  denied  { find } for pid=1943 uid=10122 name=tethering scontext=u:r:sprd_radio_app:s0:c512,c768 tcontext=u:object_r:tethering_service:s0 tclass=service_manager permissive=0
05-24 20:18:55.254   321   321 E SELinux : avc:  denied  { find } for pid=1943 uid=10122 name=tethering scontext=u:r:sprd_radio_app:s0:c512,c768 tcontext=u:object_r:tethering_service:s0 tclass=service_manager permissive=0
05-24 20:18:55.424 19737 20009 E fb4a.TigonNetworkSessionListenerManager: handleDataTask failed for handleDataTaskType
05-24 20:18:55.425 19737 11737 E fb4a.msys: E[N data-request]_HandleDataResponse(1681)=>Data request error for task 6cfd000e-1508-41d7-8f93-07422545cd17 (response type 1): network disconnected
05-24 20:18:55.427 19737 11739 E fb4a.msys: E[S sync]_createResponseError(241)=>Network Response 6cfd000e-1508-41d7-8f93-07422545cd17 contains sync error Error Domain=NSURLErrorDomain Code=1 UserInfo=0xe5f20100 {MCFErrorDirectUnderlyingErrorKey=0xd41c5b40 "Error Domain=NSURLErrorDomain Code=1 UserInfo=0xe5f1ca00 {MCFErrorDirectLocalizedFailureReasonKey=TigonError(error=TransientError, errorDomain=TigonLigerErrorDomain, domainErrorCode=3, analyticsDetail="AsyncSocketException: connect timed out after 29995ms, type = Timed out")}", MCFErrorDirectLocalizedFailureReasonKey=network disconnected} - Underlying error Error Domain=NSURLErrorDomain Code=1 UserInfo=0xe5f1ca00 {MCFErrorDirectLocalizedFailureReasonKey=TigonError(error=TransientError, errorDomain=TigonLigerErrorDomain, domainErrorCode=3, analyticsDetail="AsyncSocketException: connect timed out after 29995ms, type = Timed out")}: Error Domain=NSURLErrorDomain Code=1 UserInfo=0xe5f20100 {MCFErrorDirectUnderlyingErrorKey=0xd41c5b40 "Error Domain=NSURLErrorDomain Code=1 UserInfo=0xe5f1ca00 {MCFErrorDirectLocalizedFailureReasonKey=TigonError(error=TransientError, errorDomain=TigonLigerErrorDomain, domainErrorCode=3, analyticsDetail="AsyncSocketException: connect timed out after 29995ms, type = Timed out")}", MCFErrorDirectLocalizedFailureReasonKey=network disconnected}
05-24 20:18:55.455   321   321 E SELinux : avc:  denied  { find } for pid=1943 uid=10122 name=tethering scontext=u:r:sprd_radio_app:s0:c512,c768 tcontext=u:object_r:tethering_service:s0 tclass=service_manager permissive=0
05-24 20:18:55.657   321   321 E SELinux : avc:  denied  { find } for pid=1943 uid=10122 name=tethering scontext=u:r:sprd_radio_app:s0:c512,c768 tcontext=u:object_r:tethering_service:s0 tclass=service_manager permissive=0
05-24 20:18:55.859   321   321 E SELinux : avc:  denied  { find } for pid=1943 uid=10122 name=tethering scontext=u:r:sprd_radio_app:s0:c512,c768 tcontext=u:object_r:tethering_service:s0 tclass=service_manager permissive=0
05-24 20:18:56.061   321   321 E SELinux : avc:  denied  { find } for pid=1943 uid=10122 name=tethering scontext=u:r:sprd_radio_app:s0:c512,c768 tcontext=u:object_r:tethering_service:s0 tclass=service_manager permissive=0
05-24 20:18:56.262   321   321 E SELinux : avc:  denied  { find } for pid=1943 uid=10122 name=tethering scontext=u:r:sprd_radio_app:s0:c512,c768 tcontext=u:object_r:tethering_service:s0 tclass=service_manager permissive=0
05-24 20:18:56.464   321   321 E SELinux : avc:  denied  { find } for pid=1943 uid=10122 name=tethering scontext=u:r:sprd_radio_app:s0:c512,c768 tcontext=u:object_r:tethering_service:s0 tclass=service_manager permissive=0
05-24 20:18:56.666   321   321 E SELinux : avc:  denied  { find } for pid=1943 uid=10122 name=tethering scontext=u:r:sprd_radio_app:s0:c512,c768 tcontext=u:object_r:tethering_service:s0 tclass=service_manager permissive=0
05-24 20:18:56.868   321   321 E SELinux : avc:  denied  { find } for pid=1943 uid=10122 name=tethering scontext=u:r:sprd_radio_app:s0:c512,c768 tcontext=u:object_r:tethering_service:s0 tclass=service_manager permissive=0
05-24 20:18:57.070   321   321 E SELinux : avc:  denied  { find } for pid=1943 uid=10122 name=tethering scontext=u:r:sprd_radio_app:s0:c512,c768 tcontext=u:object_r:tethering_service:s0 tclass=service_manager permissive=0
05-24 20:18:57.271   321   321 E SELinux : avc:  denied  { find } for pid=1943 uid=10122 name=tethering scontext=u:r:sprd_radio_app:s0:c512,c768 tcontext=u:object_r:tethering_service:s0 tclass=service_manager permissive=0
05-24 20:18:57.473   321   321 E SELinux : avc:  denied  { find } for pid=1943 uid=10122 name=tethering scontext=u:r:sprd_radio_app:s0:c512,c768 tcontext=u:object_r:tethering_service:s0 tclass=service_manager permissive=0
05-24 20:18:57.675   321   321 E SELinux : avc:  denied  { find } for pid=1943 uid=10122 name=tethering scontext=u:r:sprd_radio_app:s0:c512,c768 tcontext=u:object_r:tethering_service:s0 tclass=service_manager permissive=0
05-24 20:18:57.877   321   321 E SELinux : avc:  denied  { find } for pid=1943 uid=10122 name=tethering scontext=u:r:sprd_radio_app:s0:c512,c768 tcontext=u:object_r:tethering_service:s0 tclass=service_manager permissive=0
05-24 20:18:58.079   321   321 E SELinux : avc:  denied  { find } for pid=1943 uid=10122 name=tethering scontext=u:r:sprd_radio_app:s0:c512,c768 tcontext=u:object_r:tethering_service:s0 tclass=service_manager permissive=0
05-24 20:18:58.281   321   321 E SELinux : avc:  denied  { find } for pid=1943 uid=10122 name=tethering scontext=u:r:sprd_radio_app:s0:c512,c768 tcontext=u:object_r:tethering_service:s0 tclass=service_manager permissive=0
05-24 20:18:58.483   321   321 E SELinux : avc:  denied  { find } for pid=1943 uid=10122 name=tethering scontext=u:r:sprd_radio_app:s0:c512,c768 tcontext=u:object_r:tethering_service:s0 tclass=service_manager permissive=0
05-24 20:18:58.513   824   845 E Watchdog: WDT_Monitor: checkSFStatus sfBlocked=false
05-24 20:18:58.513   824   845 E Watchdog: WDT_Monitor: writeWDTMonitor duration=50,shutdowning=false
05-24 20:18:58.684   321   321 E SELinux : avc:  denied  { find } for pid=1943 uid=10122 name=tethering scontext=u:r:sprd_radio_app:s0:c512,c768 tcontext=u:object_r:tethering_service:s0 tclass=service_manager permissive=0
05-24 20:18:58.886   321   321 E SELinux : avc:  denied  { find } for pid=1943 uid=10122 name=tethering scontext=u:r:sprd_radio_app:s0:c512,c768 tcontext=u:object_r:tethering_service:s0 tclass=service_manager permissive=0
05-24 20:18:59.087   321   321 E SELinux : avc:  denied  { find } for pid=1943 uid=10122 name=tethering scontext=u:r:sprd_radio_app:s0:c512,c768 tcontext=u:object_r:tethering_service:s0 tclass=service_manager permissive=0
05-24 20:18:59.289   321   321 E SELinux : avc:  denied  { find } for pid=1943 uid=10122 name=tethering scontext=u:r:sprd_radio_app:s0:c512,c768 tcontext=u:object_r:tethering_service:s0 tclass=service_manager permissive=0
05-24 20:18:59.491   321   321 E SELinux : avc:  denied  { find } for pid=1943 uid=10122 name=tethering scontext=u:r:sprd_radio_app:s0:c512,c768 tcontext=u:object_r:tethering_service:s0 tclass=service_manager permissive=0
05-24 20:18:59.693   321   321 E SELinux : avc:  denied  { find } for pid=1943 uid=10122 name=tethering scontext=u:r:sprd_radio_app:s0:c512,c768 tcontext=u:object_r:tethering_service:s0 tclass=service_manager permissive=0
05-24 20:18:59.895   321   321 E SELinux : avc:  denied  { find } for pid=1943 uid=10122 name=tethering scontext=u:r:sprd_radio_app:s0:c512,c768 tcontext=u:object_r:tethering_service:s0 tclass=service_manager permissive=0
05-24 20:19:00.097   321   321 E SELinux : avc:  denied  { find } for pid=1943 uid=10122 name=tethering scontext=u:r:sprd_radio_app:s0:c512,c768 tcontext=u:object_r:tethering_service:s0 tclass=service_manager permissive=0
05-24 20:19:00.299   321   321 E SELinux : avc:  denied  { find } for pid=1943 uid=10122 name=tethering scontext=u:r:sprd_radio_app:s0:c512,c768 tcontext=u:object_r:tethering_service:s0 tclass=service_manager permissive=0
05-24 20:19:00.500   321   321 E SELinux : avc:  denied  { find } for pid=1943 uid=10122 name=tethering scontext=u:r:sprd_radio_app:s0:c512,c768 tcontext=u:object_r:tethering_service:s0 tclass=service_manager permissive=0
05-24 20:19:00.702   321   321 E SELinux : avc:  denied  { find } for pid=1943 uid=10122 name=tethering scontext=u:r:sprd_radio_app:s0:c512,c768 tcontext=u:object_r:tethering_service:s0 tclass=service_manager permissive=0
05-24 20:19:00.904   321   321 E SELinux : avc:  denied  { find } for pid=1943 uid=10122 name=tethering scontext=u:r:sprd_radio_app:s0:c512,c768 tcontext=u:object_r:tethering_service:s0 tclass=service_manager permissive=0
05-24 20:19:01.106   321   321 E SELinux : avc:  denied  { find } for pid=1943 uid=10122 name=tethering scontext=u:r:sprd_radio_app:s0:c512,c768 tcontext=u:object_r:tethering_service:s0 tclass=service_manager permissive=0
05-24 20:19:01.308   321   321 E SELinux : avc:  denied  { find } for pid=1943 uid=10122 name=tethering scontext=u:r:sprd_radio_app:s0:c512,c768 tcontext=u:object_r:tethering_service:s0 tclass=service_manager permissive=0
05-24 20:19:01.510   321   321 E SELinux : avc:  denied  { find } for pid=1943 uid=10122 name=tethering scontext=u:r:sprd_radio_app:s0:c512,c768 tcontext=u:object_r:tethering_service:s0 tclass=service_manager permissive=0
05-24 20:19:01.712   321   321 E SELinux : avc:  denied  { find } for pid=1943 uid=10122 name=tethering scontext=u:r:sprd_radio_app:s0:c512,c768 tcontext=u:object_r:tethering_service:s0 tclass=service_manager permissive=0
05-24 20:19:01.914   321   321 E SELinux : avc:  denied  { find } for pid=1943 uid=10122 name=tethering scontext=u:r:sprd_radio_app:s0:c512,c768 tcontext=u:object_r:tethering_service:s0 tclass=service_manager permissive=0
05-24 20:19:02.116   321   321 E SELinux : avc:  denied  { find } for pid=1943 uid=10122 name=tethering scontext=u:r:sprd_radio_app:s0:c512,c768 tcontext=u:object_r:tethering_service:s0 tclass=service_manager permissive=0
05-24 20:19:02.318   321   321 E SELinux : avc:  denied  { find } for pid=1943 uid=10122 name=tethering scontext=u:r:sprd_radio_app:s0:c512,c768 tcontext=u:object_r:tethering_service:s0 tclass=service_manager permissive=0
05-24 20:19:02.514  6334 19811 E Auth    : [TokenResponseCallback] TokenResponse failed with exception [CONTEXT service_id=343 ]
05-24 20:19:02.514  6334 19811 E Auth    : bedw: Failed to process request
05-24 20:19:02.514  6334 19811 E Auth    : 	at begx.b(:com.google.android.gms@241319057@24.13.19 (170300-626168189):19)
05-24 20:19:02.514  6334 19811 E Auth    : 	at behl.onFailed(:com.google.android.gms@241319057@24.13.19 (170300-626168189):13)
05-24 20:19:02.514  6334 19811 E Auth    : 	at m.nk.onFailed(:com.google.android.gms.dynamite_cronetdynamite@241319057@24.13.19 (170300-0):3)
05-24 20:19:02.514  6334 19811 E Auth    : 	at m.mj.run(:com.google.android.gms.dynamite_cronetdynamite@241319057@24.13.19 (170300-0):9)
05-24 20:19:02.514  6334 19811 E Auth    : 	at ajjo.c(:com.google.android.gms@241319057@24.13.19 (170300-626168189):50)
05-24 20:19:02.514  6334 19811 E Auth    : 	at ajjo.run(:com.google.android.gms@241319057@24.13.19 (170300-626168189):76)
05-24 20:19:02.514  6334 19811 E Auth    : 	at java.util.concurrent.ThreadPoolExecutor.runWorker(ThreadPoolExecutor.java:1167)
05-24 20:19:02.514  6334 19811 E Auth    : 	at java.util.concurrent.ThreadPoolExecutor$Worker.run(ThreadPoolExecutor.java:641)
05-24 20:19:02.514  6334 19811 E Auth    : 	at ajpb.run(:com.google.android.gms@241319057@24.13.19 (170300-626168189):8)
05-24 20:19:02.514  6334 19811 E Auth    : 	at java.lang.Thread.run(Thread.java:923)
05-24 20:19:02.514  6334 19811 E Auth    : Caused by: m.mt: Exception in CronetUrlRequest: net::ERR_TIMED_OUT, ErrorCode=4, InternalErrorCode=-7, Retryable=true
05-24 20:19:02.514  6334 19811 E Auth    : 	at org.chromium.net.impl.CronetUrlRequest.onError(:com.google.android.gms.dynamite_cronetdynamite@241319057@24.13.19 (170300-0):4)
05-24 20:19:02.519   321   321 E SELinux : avc:  denied  { find } for pid=1943 uid=10122 name=tethering scontext=u:r:sprd_radio_app:s0:c512,c768 tcontext=u:object_r:tethering_service:s0 tclass=service_manager permissive=0
05-24 20:19:02.721   321   321 E SELinux : avc:  denied  { find } for pid=1943 uid=10122 name=tethering scontext=u:r:sprd_radio_app:s0:c512,c768 tcontext=u:object_r:tethering_service:s0 tclass=service_manager permissive=0
05-24 20:19:02.923   321   321 E SELinux : avc:  denied  { find } for pid=1943 uid=10122 name=tethering scontext=u:r:sprd_radio_app:s0:c512,c768 tcontext=u:object_r:tethering_service:s0 tclass=service_manager permissive=0
05-24 20:19:03.079  6334 23006 E AuthPII : [RequestTokenManager] getToken() -> NETWORK_ERROR. App: com.google.android.gms, Service: oauth2:https://www.googleapis.com/auth/cclog
05-24 20:19:03.079  6334 23006 E AuthPII : aihl: Error when calling server using GmsNetworkStack.
05-24 20:19:03.079  6334 23006 E AuthPII : 	at szh.b(:com.google.android.gms@241319057@24.13.19 (170300-626168189):1413)
05-24 20:19:03.079  6334 23006 E AuthPII : 	at szf.a(:com.google.android.gms@241319057@24.13.19 (170300-626168189):620)
05-24 20:19:03.079  6334 23006 E AuthPII : 	at sze.a(:com.google.android.gms@241319057@24.13.19 (170300-626168189):92)
05-24 20:19:03.079  6334 23006 E AuthPII : 	at njz.c(:com.google.android.gms@241319057@24.13.19 (170300-626168189):263)
05-24 20:19:03.079  6334 23006 E AuthPII : 	at njz.h(:com.google.android.gms@241319057@24.13.19 (170300-626168189):2)
05-24 20:19:03.079  6334 23006 E AuthPII : 	at sfm.a(:com.google.android.gms@241319057@24.13.19 (170300-626168189):33)
05-24 20:19:03.079  6334 23006 E AuthPII : 	at sfs.r(:com.google.android.gms@241319057@24.13.19 (170300-626168189):30)
05-24 20:19:03.079  6334 23006 E AuthPII : 	at sfs.u(:com.google.android.gms@241319057@24.13.19 (170300-626168189):125)
05-24 20:19:03.079  6334 23006 E AuthPII : 	at sfi.b(:com.google.android.gms@241319057@24.13.19 (170300-626168189):16)
05-24 20:19:03.079  6334 23006 E AuthPII : 	at ahku.b(:com.google.android.gms@241319057@24.13.19 (170300-626168189):56)
05-24 20:19:03.079  6334 23006 E AuthPII : 	at com.google.android.gms.clearcut.uploader.QosUploaderChimeraService.g(:com.google.android.gms@241319057@24.13.19 (170300-626168189):1368)
05-24 20:19:03.079  6334 23006 E AuthPII : 	at com.google.android.gms.clearcut.uploader.QosUploaderChimeraService.iK(:com.google.android.gms@241319057@24.13.19 (170300-626168189):24)
05-24 20:19:03.079  6334 23006 E AuthPII : 	at beju.call(:com.google.android.gms@241319057@24.13.19 (170300-626168189):32)
05-24 20:19:03.079  6334 23006 E AuthPII : 	at java.util.concurrent.FutureTask.run(FutureTask.java:266)
05-24 20:19:03.079  6334 23006 E AuthPII : 	at ajjo.c(:com.google.android.gms@241319057@24.13.19 (170300-626168189):50)
05-24 20:19:03.079  6334 23006 E AuthPII : 	at ajjo.run(:com.google.android.gms@241319057@24.13.19 (170300-626168189):76)
05-24 20:19:03.079  6334 23006 E AuthPII : 	at java.util.concurrent.ThreadPoolExecutor.runWorker(ThreadPoolExecutor.java:1167)
05-24 20:19:03.079  6334 23006 E AuthPII : 	at java.util.concurrent.ThreadPoolExecutor$Worker.run(ThreadPoolExecutor.java:641)
05-24 20:19:03.079  6334 23006 E AuthPII : 	at ajpb.run(:com.google.android.gms@241319057@24.13.19 (170300-626168189):8)
05-24 20:19:03.079  6334 23006 E AuthPII : 	at java.lang.Thread.run(Thread.java:923)
05-24 20:19:03.079  6334 23006 E AuthPII : Caused by: aihl: Error requesting token.
05-24 20:19:03.079  6334 23006 E AuthPII : 	at szh.d(:com.google.android.gms@241319057@24.13.19 (170300-626168189):207)
05-24 20:19:03.079  6334 23006 E AuthPII : 	at szh.b(:com.google.android.gms@241319057@24.13.19 (170300-626168189):57)
05-24 20:19:03.079  6334 23006 E AuthPII : 	... 19 more
05-24 20:19:03.079  6334 23006 E AuthPII : Caused by: java.util.concurrent.TimeoutException: Waited 30 seconds (plus 40473556 nanoseconds delay) for dgkh@633fd66[status=PENDING, info=[inputFuture=[dgkh@e3c28a7[status=PENDING, info=[inputFuture=[gsx@c2a6154[status=PENDING, info=[tag=[GmsUrlRequestImpl.startWithFuture()]]]], function=[yeo@2ab38fd]]]], function=[szg@ef289f2]]]
05-24 20:19:03.079  6334 23006 E AuthPII : 	at dgkc.get(:com.google.android.gms@241319057@24.13.19 (170300-626168189):52)
05-24 20:19:03.079  6334 23006 E AuthPII : 	at szh.d(:com.google.android.gms@241319057@24.13.19 (170300-626168189):189)
05-24 20:19:03.079  6334 23006 E AuthPII : 	... 20 more
05-24 20:19:03.079  6334 23006 E AuthPII : Message is Error when calling server using GmsNetworkStack.
05-24 20:19:03.079  6334 23006 E AuthPII : aihl: Error when calling server using GmsNetworkStack.
05-24 20:19:03.079  6334 23006 E AuthPII : 	at szh.b(:com.google.android.gms@241319057@24.13.19 (170300-626168189):1413)
05-24 20:19:03.079  6334 23006 E AuthPII : 	at szf.a(:com.google.android.gms@241319057@24.13.19 (170300-626168189):620)
05-24 20:19:03.079  6334 23006 E AuthPII : 	at sze.a(:com.google.android.gms@241319057@24.13.19 (170300-626168189):92)
05-24 20:19:03.079  6334 23006 E AuthPII : 	at njz.c(:com.google.android.gms@241319057@24.13.19 (170300-626168189):263)
05-24 20:19:03.079  6334 23006 E AuthPII : 	at njz.h(:com.google.android.gms@241319057@24.13.19 (170300-626168189):2)
05-24 20:19:03.079  6334 23006 E AuthPII : 	at sfm.a(:com.google.android.gms@241319057@24.13.19 (170300-626168189):33)
05-24 20:19:03.079  6334 23006 E AuthPII : 	at sfs.r(:com.google.android.gms@241319057@24.13.19 (170300-626168189):30)
05-24 20:19:03.079  6334 23006 E AuthPII : 	at sfs.u(:com.google.android.gms@241319057@24.13.19 (170300-626168189):125)
05-24 20:19:03.079  6334 23006 E AuthPII : 	at sfi.b(:com.google.android.gms@241319057@24.13.19 (170300-626168189):16)
05-24 20:19:03.079  6334 23006 E AuthPII : 	at ahku.b(:com.google.android.gms@241319057@24.13.19 (170300-626168189):56)
05-24 20:19:03.079  6334 23006 E AuthPII : 	at com.google.android.gms.clearcut.uploader.QosUploaderChimeraService.g(:com.google.android.gms@241319057@24.13.19 (170300-626168189):1368)
05-24 20:19:03.079  6334 23006 E AuthPII : 	at com.google.android.gms.clearcut.uploader.QosUploaderChimeraService.iK(:com.google.android.gms@241319057@24.13.19 (170300-626168189):24)
05-24 20:19:03.079  6334 23006 E AuthPII : 	at beju.call(:com.google.android.gms@241319057@24.13.19 (170300-626168189):32)
05-24 20:19:03.079  6334 23006 E AuthPII : 	at java.util.concurrent.FutureTask.run(FutureTask.java:266)
05-24 20:19:03.079  6334 23006 E AuthPII : 	at ajjo.c(:com.google.android.gms@241319057@24.13.19 (170300-626168189):50)
05-24 20:19:03.079  6334 23006 E AuthPII : 	at ajjo.run(:com.google.android.gms@241319057@24.13.19 (170300-626168189):76)
05-24 20:19:03.079  6334 23006 E AuthPII : 	at java.util.concurrent.ThreadPoolExecutor.runWorker(ThreadPoolExecutor.java:1167)
05-24 20:19:03.079  6334 23006 E AuthPII : 	at java.util.concurrent.ThreadPoolExecutor$Worker.run(ThreadPoolExecutor.java:641)
05-24 20:19:03.079  6334 23006 E AuthPII : 	at ajpb.run(:com.google.android.gms@241319057@24.13.19 (170300-626168189):8)
05-24 20:19:03.079  6334 23006 E AuthPII : 	at java.lang.Thread.run(Thread.java:923)
05-24 20:19:03.079  6334 23006 E AuthPII : Caused by: aihl: Error requesting token.
05-24 20:19:03.079  6334 23006 E AuthPII : 	at szh.d(:com.google.android.gms@241319057@24.13.19 (170300-626168189):207)
05-24 20:19:03.079  6334 23006 E AuthPII : 	at szh.b(:com.google.android.gms@241319057@24.13.19 (170300-626168189):57)
05-24 20:19:03.079  6334 23006 E AuthPII : 	... 19 more
05-24 20:19:03.079  6334 23006 E AuthPII : Caused by: java.util.concurrent.TimeoutException: Waited 30 seconds (plus 40473556 nanoseconds delay) for dgkh@633fd66[status=PENDING, info=[inputFuture=[dgkh@e3c28a7[status=PENDING, info=[inputFuture=[gsx@c2a6154[status=PENDING, info=[tag=[GmsUrlRequestImpl.startWithFuture()]]]], function=[yeo@2ab38fd]]]], function=[szg@ef289f2]]]
05-24 20:19:03.079  6334 23006 E AuthPII : 	at dgkc.get(:com.google.android.gms@241319057@24.13.19 (170300-626168189):52)
05-24 20:19:03.079  6334 23006 E AuthPII : 	at szh.d(:com.google.android.gms@241319057@24.13.19 (170300-626168189):189)
05-24 20:19:03.079  6334 23006 E AuthPII : 	... 20 more
05-24 20:19:03.125   321   321 E SELinux : avc:  denied  { find } for pid=1943 uid=10122 name=tethering scontext=u:r:sprd_radio_app:s0:c512,c768 tcontext=u:object_r:tethering_service:s0 tclass=service_manager permissive=0
05-24 20:19:03.327   321   321 E SELinux : avc:  denied  { find } for pid=1943 uid=10122 name=tethering scontext=u:r:sprd_radio_app:s0:c512,c768 tcontext=u:object_r:tethering_service:s0 tclass=service_manager permissive=0
05-24 20:19:03.529   321   321 E SELinux : avc:  denied  { find } for pid=1943 uid=10122 name=tethering scontext=u:r:sprd_radio_app:s0:c512,c768 tcontext=u:object_r:tethering_service:s0 tclass=service_manager permissive=0
05-24 20:19:03.730   321   321 E SELinux : avc:  denied  { find } for pid=1943 uid=10122 name=tethering scontext=u:r:sprd_radio_app:s0:c512,c768 tcontext=u:object_r:tethering_service:s0 tclass=service_manager permissive=0
05-24 20:19:03.932   321   321 E SELinux : avc:  denied  { find } for pid=1943 uid=10122 name=tethering scontext=u:r:sprd_radio_app:s0:c512,c768 tcontext=u:object_r:tethering_service:s0 tclass=service_manager permissive=0
05-24 20:19:04.133   321   321 E SELinux : avc:  denied  { find } for pid=1943 uid=10122 name=tethering scontext=u:r:sprd_radio_app:s0:c512,c768 tcontext=u:object_r:tethering_service:s0 tclass=service_manager permissive=0
05-24 20:19:04.334   321   321 E SELinux : avc:  denied  { find } for pid=1943 uid=10122 name=tethering scontext=u:r:sprd_radio_app:s0:c512,c768 tcontext=u:object_r:tethering_service:s0 tclass=service_manager permissive=0
05-24 20:19:04.536   321   321 E SELinux : avc:  denied  { find } for pid=1943 uid=10122 name=tethering scontext=u:r:sprd_radio_app:s0:c512,c768 tcontext=u:object_r:tethering_service:s0 tclass=service_manager permissive=0
05-24 20:19:04.738   321   321 E SELinux : avc:  denied  { find } for pid=1943 uid=10122 name=tethering scontext=u:r:sprd_radio_app:s0:c512,c768 tcontext=u:object_r:tethering_service:s0 tclass=service_manager permissive=0
05-24 20:19:04.940   321   321 E SELinux : avc:  denied  { find } for pid=1943 uid=10122 name=tethering scontext=u:r:sprd_radio_app:s0:c512,c768 tcontext=u:object_r:tethering_service:s0 tclass=service_manager permissive=0
05-24 20:19:05.142   321   321 E SELinux : avc:  denied  { find } for pid=1943 uid=10122 name=tethering scontext=u:r:sprd_radio_app:s0:c512,c768 tcontext=u:object_r:tethering_service:s0 tclass=service_manager permissive=0
05-24 20:19:05.344   321   321 E SELinux : avc:  denied  { find } for pid=1943 uid=10122 name=tethering scontext=u:r:sprd_radio_app:s0:c512,c768 tcontext=u:object_r:tethering_service:s0 tclass=service_manager permissive=0
05-24 20:19:05.546   321   321 E SELinux : avc:  denied  { find } for pid=1943 uid=10122 name=tethering scontext=u:r:sprd_radio_app:s0:c512,c768 tcontext=u:object_r:tethering_service:s0 tclass=service_manager permissive=0
05-24 20:19:05.748   321   321 E SELinux : avc:  denied  { find } for pid=1943 uid=10122 name=tethering scontext=u:r:sprd_radio_app:s0:c512,c768 tcontext=u:object_r:tethering_service:s0 tclass=service_manager permissive=0
05-24 20:19:05.950   321   321 E SELinux : avc:  denied  { find } for pid=1943 uid=10122 name=tethering scontext=u:r:sprd_radio_app:s0:c512,c768 tcontext=u:object_r:tethering_service:s0 tclass=service_manager permissive=0
05-24 20:19:06.152   321   321 E SELinux : avc:  denied  { find } for pid=1943 uid=10122 name=tethering scontext=u:r:sprd_radio_app:s0:c512,c768 tcontext=u:object_r:tethering_service:s0 tclass=service_manager permissive=0
05-24 20:19:06.354   321   321 E SELinux : avc:  denied  { find } for pid=1943 uid=10122 name=tethering scontext=u:r:sprd_radio_app:s0:c512,c768 tcontext=u:object_r:tethering_service:s0 tclass=service_manager permissive=0
05-24 20:19:06.556   321   321 E SELinux : avc:  denied  { find } for pid=1943 uid=10122 name=tethering scontext=u:r:sprd_radio_app:s0:c512,c768 tcontext=u:object_r:tethering_service:s0 tclass=service_manager permissive=0
05-24 20:19:06.758   321   321 E SELinux : avc:  denied  { find } for pid=1943 uid=10122 name=tethering scontext=u:r:sprd_radio_app:s0:c512,c768 tcontext=u:object_r:tethering_service:s0 tclass=service_manager permissive=0
05-24 20:19:06.960   321   321 E SELinux : avc:  denied  { find } for pid=1943 uid=10122 name=tethering scontext=u:r:sprd_radio_app:s0:c512,c768 tcontext=u:object_r:tethering_service:s0 tclass=service_manager permissive=0
05-24 20:19:07.162   321   321 E SELinux : avc:  denied  { find } for pid=1943 uid=10122 name=tethering scontext=u:r:sprd_radio_app:s0:c512,c768 tcontext=u:object_r:tethering_service:s0 tclass=service_manager permissive=0
05-24 20:19:07.364   321   321 E SELinux : avc:  denied  { find } for pid=1943 uid=10122 name=tethering scontext=u:r:sprd_radio_app:s0:c512,c768 tcontext=u:object_r:tethering_service:s0 tclass=service_manager permissive=0
05-24 20:19:07.566   321   321 E SELinux : avc:  denied  { find } for pid=1943 uid=10122 name=tethering scontext=u:r:sprd_radio_app:s0:c512,c768 tcontext=u:object_r:tethering_service:s0 tclass=service_manager permissive=0
05-24 20:19:07.768   321   321 E SELinux : avc:  denied  { find } for pid=1943 uid=10122 name=tethering scontext=u:r:sprd_radio_app:s0:c512,c768 tcontext=u:object_r:tethering_service:s0 tclass=service_manager permissive=0
05-24 20:19:07.970   321   321 E SELinux : avc:  denied  { find } for pid=1943 uid=10122 name=tethering scontext=u:r:sprd_radio_app:s0:c512,c768 tcontext=u:object_r:tethering_service:s0 tclass=service_manager permissive=0
05-24 20:19:08.092   462   490 E IMGMemtrackHAL: DbgFsParseFile: fopen of /proc/pvr/driver_stats failed (Permission denied)
05-24 20:19:08.093   462   490 E IMGMemtrackHAL: GetGraphicsMemtrackRecords: DbgFsParseDir for /d/ion failed (No such file or directory)
05-24 20:19:08.172   321   321 E SELinux : avc:  denied  { find } for pid=1943 uid=10122 name=tethering scontext=u:r:sprd_radio_app:s0:c512,c768 tcontext=u:object_r:tethering_service:s0 tclass=service_manager permissive=0
05-24 20:19:08.374   321   321 E SELinux : avc:  denied  { find } for pid=1943 uid=10122 name=tethering scontext=u:r:sprd_radio_app:s0:c512,c768 tcontext=u:object_r:tethering_service:s0 tclass=service_manager permissive=0
05-24 20:19:08.576   321   321 E SELinux : avc:  denied  { find } for pid=1943 uid=10122 name=tethering scontext=u:r:sprd_radio_app:s0:c512,c768 tcontext=u:object_r:tethering_service:s0 tclass=service_manager permissive=0
05-24 20:19:08.778   321   321 E SELinux : avc:  denied  { find } for pid=1943 uid=10122 name=tethering scontext=u:r:sprd_radio_app:s0:c512,c768 tcontext=u:object_r:tethering_service:s0 tclass=service_manager permissive=0
05-24 20:19:08.980   321   321 E SELinux : avc:  denied  { find } for pid=1943 uid=10122 name=tethering scontext=u:r:sprd_radio_app:s0:c512,c768 tcontext=u:object_r:tethering_service:s0 tclass=service_manager permissive=0
05-24 20:19:09.182   321   321 E SELinux : avc:  denied  { find } for pid=1943 uid=10122 name=tethering scontext=u:r:sprd_radio_app:s0:c512,c768 tcontext=u:object_r:tethering_service:s0 tclass=service_manager permissive=0
05-24 20:19:09.384   321   321 E SELinux : avc:  denied  { find } for pid=1943 uid=10122 name=tethering scontext=u:r:sprd_radio_app:s0:c512,c768 tcontext=u:object_r:tethering_service:s0 tclass=service_manager permissive=0
05-24 20:19:09.586   321   321 E SELinux : avc:  denied  { find } for pid=1943 uid=10122 name=tethering scontext=u:r:sprd_radio_app:s0:c512,c768 tcontext=u:object_r:tethering_service:s0 tclass=service_manager permissive=0
05-24 20:19:09.787   321   321 E SELinux : avc:  denied  { find } for pid=1943 uid=10122 name=tethering scontext=u:r:sprd_radio_app:s0:c512,c768 tcontext=u:object_r:tethering_service:s0 tclass=service_manager permissive=0
05-24 20:19:09.989   321   321 E SELinux : avc:  denied  { find } for pid=1943 uid=10122 name=tethering scontext=u:r:sprd_radio_app:s0:c512,c768 tcontext=u:object_r:tethering_service:s0 tclass=service_manager permissive=0
05-24 20:19:10.191   321   321 E SELinux : avc:  denied  { find } for pid=1943 uid=10122 name=tethering scontext=u:r:sprd_radio_app:s0:c512,c768 tcontext=u:object_r:tethering_service:s0 tclass=service_manager permissive=0
05-24 20:19:10.393   321   321 E SELinux : avc:  denied  { find } for pid=1943 uid=10122 name=tethering scontext=u:r:sprd_radio_app:s0:c512,c768 tcontext=u:object_r:tethering_service:s0 tclass=service_manager permissive=0
05-24 20:19:10.595   321   321 E SELinux : avc:  denied  { find } for pid=1943 uid=10122 name=tethering scontext=u:r:sprd_radio_app:s0:c512,c768 tcontext=u:object_r:tethering_service:s0 tclass=service_manager permissive=0
05-24 20:19:10.796   321   321 E SELinux : avc:  denied  { find } for pid=1943 uid=10122 name=tethering scontext=u:r:sprd_radio_app:s0:c512,c768 tcontext=u:object_r:tethering_service:s0 tclass=service_manager permissive=0
05-24 20:19:11.200   321   321 E SELinux : avc:  denied  { find } for pid=1943 uid=10122 name=tethering scontext=u:r:sprd_radio_app:s0:c512,c768 tcontext=u:object_r:tethering_service:s0 tclass=service_manager permissive=0
05-24 20:19:11.401   321   321 E SELinux : avc:  denied  { find } for pid=1943 uid=10122 name=tethering scontext=u:r:sprd_radio_app:s0:c512,c768 tcontext=u:object_r:tethering_service:s0 tclass=service_manager permissive=0
05-24 20:19:12.007   321   321 E SELinux : avc:  denied  { find } for pid=1943 uid=10122 name=tethering scontext=u:r:sprd_radio_app:s0:c512,c768 tcontext=u:object_r:tethering_service:s0 tclass=service_manager permissive=0
05-24 20:19:12.209   321   321 E SELinux : avc:  denied  { find } for pid=1943 uid=10122 name=tethering scontext=u:r:sprd_radio_app:s0:c512,c768 tcontext=u:object_r:tethering_service:s0 tclass=service_manager permissive=0
05-24 20:19:12.411   321   321 E SELinux : avc:  denied  { find } for pid=1943 uid=10122 name=tethering scontext=u:r:sprd_radio_app:s0:c512,c768 tcontext=u:object_r:tethering_service:s0 tclass=service_manager permissive=0
05-24 20:19:12.613   321   321 E SELinux : avc:  denied  { find } for pid=1943 uid=10122 name=tethering scontext=u:r:sprd_radio_app:s0:c512,c768 tcontext=u:object_r:tethering_service:s0 tclass=service_manager permissive=0
05-24 20:19:13.017   321   321 E SELinux : avc:  denied  { find } for pid=1943 uid=10122 name=tethering scontext=u:r:sprd_radio_app:s0:c512,c768 tcontext=u:object_r:tethering_service:s0 tclass=service_manager permissive=0
05-24 20:19:13.219   321   321 E SELinux : avc:  denied  { find } for pid=1943 uid=10122 name=tethering scontext=u:r:sprd_radio_app:s0:c512,c768 tcontext=u:object_r:tethering_service:s0 tclass=service_manager permissive=0
05-24 20:19:13.623   321   321 E SELinux : avc:  denied  { find } for pid=1943 uid=10122 name=tethering scontext=u:r:sprd_radio_app:s0:c512,c768 tcontext=u:object_r:tethering_service:s0 tclass=service_manager permissive=0
05-24 20:19:13.825   321   321 E SELinux : avc:  denied  { find } for pid=1943 uid=10122 name=tethering scontext=u:r:sprd_radio_app:s0:c512,c768 tcontext=u:object_r:tethering_service:s0 tclass=service_manager permissive=0
05-24 20:19:14.228   321   321 E SELinux : avc:  denied  { find } for pid=1943 uid=10122 name=tethering scontext=u:r:sprd_radio_app:s0:c512,c768 tcontext=u:object_r:tethering_service:s0 tclass=service_manager permissive=0
05-24 20:19:14.430   321   321 E SELinux : avc:  denied  { find } for pid=1943 uid=10122 name=tethering scontext=u:r:sprd_radio_app:s0:c512,c768 tcontext=u:object_r:tethering_service:s0 tclass=service_manager permissive=0
05-24 20:19:14.632   321   321 E SELinux : avc:  denied  { find } for pid=1943 uid=10122 name=tethering scontext=u:r:sprd_radio_app:s0:c512,c768 tcontext=u:object_r:tethering_service:s0 tclass=service_manager permissive=0
05-24 20:19:15.036   321   321 E SELinux : avc:  denied  { find } for pid=1943 uid=10122 name=tethering scontext=u:r:sprd_radio_app:s0:c512,c768 tcontext=u:object_r:tethering_service:s0 tclass=service_manager permissive=0
05-24 20:19:15.238   321   321 E SELinux : avc:  denied  { find } for pid=1943 uid=10122 name=tethering scontext=u:r:sprd_radio_app:s0:c512,c768 tcontext=u:object_r:tethering_service:s0 tclass=service_manager permissive=0
05-24 20:19:15.642   321   321 E SELinux : avc:  denied  { find } for pid=1943 uid=10122 name=tethering scontext=u:r:sprd_radio_app:s0:c512,c768 tcontext=u:object_r:tethering_service:s0 tclass=service_manager permissive=0
05-24 20:19:15.844   321   321 E SELinux : avc:  denied  { find } for pid=1943 uid=10122 name=tethering scontext=u:r:sprd_radio_app:s0:c512,c768 tcontext=u:object_r:tethering_service:s0 tclass=service_manager permissive=0
05-24 20:19:16.046   321   321 E SELinux : avc:  denied  { find } for pid=1943 uid=10122 name=tethering scontext=u:r:sprd_radio_app:s0:c512,c768 tcontext=u:object_r:tethering_service:s0 tclass=service_manager permissive=0
05-24 20:19:16.248   321   321 E SELinux : avc:  denied  { find } for pid=1943 uid=10122 name=tethering scontext=u:r:sprd_radio_app:s0:c512,c768 tcontext=u:object_r:tethering_service:s0 tclass=service_manager permissive=0
05-24 20:19:16.450   321   321 E SELinux : avc:  denied  { find } for pid=1943 uid=10122 name=tethering scontext=u:r:sprd_radio_app:s0:c512,c768 tcontext=u:object_r:tethering_service:s0 tclass=service_manager permissive=0
05-24 20:19:16.652   321   321 E SELinux : avc:  denied  { find } for pid=1943 uid=10122 name=tethering scontext=u:r:sprd_radio_app:s0:c512,c768 tcontext=u:object_r:tethering_service:s0 tclass=service_manager permissive=0
05-24 20:19:17.460   321   321 E SELinux : avc:  denied  { find } for pid=1943 uid=10122 name=tethering scontext=u:r:sprd_radio_app:s0:c512,c768 tcontext=u:object_r:tethering_service:s0 tclass=service_manager permissive=0
05-24 20:19:17.662   321   321 E SELinux : avc:  denied  { find } for pid=1943 uid=10122 name=tethering scontext=u:r:sprd_radio_app:s0:c512,c768 tcontext=u:object_r:tethering_service:s0 tclass=service_manager permissive=0
05-24 20:19:17.864   321   321 E SELinux : avc:  denied  { find } for pid=1943 uid=10122 name=tethering scontext=u:r:sprd_radio_app:s0:c512,c768 tcontext=u:object_r:tethering_service:s0 tclass=service_manager permissive=0
05-24 20:19:18.268   321   321 E SELinux : avc:  denied  { find } for pid=1943 uid=10122 name=tethering scontext=u:r:sprd_radio_app:s0:c512,c768 tcontext=u:object_r:tethering_service:s0 tclass=service_manager permissive=0
05-24 20:19:18.470   321   321 E SELinux : avc:  denied  { find } for pid=1943 uid=10122 name=tethering scontext=u:r:sprd_radio_app:s0:c512,c768 tcontext=u:object_r:tethering_service:s0 tclass=service_manager permissive=0
05-24 20:19:19.278   321   321 E SELinux : avc:  denied  { find } for pid=1943 uid=10122 name=tethering scontext=u:r:sprd_radio_app:s0:c512,c768 tcontext=u:object_r:tethering_service:s0 tclass=service_manager permissive=0
05-24 20:19:19.479   321   321 E SELinux : avc:  denied  { find } for pid=1943 uid=10122 name=tethering scontext=u:r:sprd_radio_app:s0:c512,c768 tcontext=u:object_r:tethering_service:s0 tclass=service_manager permissive=0
05-24 20:19:19.681   321   321 E SELinux : avc:  denied  { find } for pid=1943 uid=10122 name=tethering scontext=u:r:sprd_radio_app:s0:c512,c768 tcontext=u:object_r:tethering_service:s0 tclass=service_manager permissive=0
05-24 20:19:19.883   321   321 E SELinux : avc:  denied  { find } for pid=1943 uid=10122 name=tethering scontext=u:r:sprd_radio_app:s0:c512,c768 tcontext=u:object_r:tethering_service:s0 tclass=service_manager permissive=0
05-24 20:19:20.893   321   321 E SELinux : avc:  denied  { find } for pid=1943 uid=10122 name=tethering scontext=u:r:sprd_radio_app:s0:c512,c768 tcontext=u:object_r:tethering_service:s0 tclass=service_manager permissive=0
05-24 20:19:21.094   321   321 E SELinux : avc:  denied  { find } for pid=1943 uid=10122 name=tethering scontext=u:r:sprd_radio_app:s0:c512,c768 tcontext=u:object_r:tethering_service:s0 tclass=service_manager permissive=0
05-24 20:19:21.700   321   321 E SELinux : avc:  denied  { find } for pid=1943 uid=10122 name=tethering scontext=u:r:sprd_radio_app:s0:c512,c768 tcontext=u:object_r:tethering_service:s0 tclass=service_manager permissive=0
05-24 20:19:21.902   321   321 E SELinux : avc:  denied  { find } for pid=1943 uid=10122 name=tethering scontext=u:r:sprd_radio_app:s0:c512,c768 tcontext=u:object_r:tethering_service:s0 tclass=service_manager permissive=0
05-24 20:19:22.306   321   321 E SELinux : avc:  denied  { find } for pid=1943 uid=10122 name=tethering scontext=u:r:sprd_radio_app:s0:c512,c768 tcontext=u:object_r:tethering_service:s0 tclass=service_manager permissive=0
05-24 20:19:22.508   321   321 E SELinux : avc:  denied  { find } for pid=1943 uid=10122 name=tethering scontext=u:r:sprd_radio_app:s0:c512,c768 tcontext=u:object_r:tethering_service:s0 tclass=service_manager permissive=0
05-24 20:19:22.912   321   321 E SELinux : avc:  denied  { find } for pid=1943 uid=10122 name=tethering scontext=u:r:sprd_radio_app:s0:c512,c768 tcontext=u:object_r:tethering_service:s0 tclass=service_manager permissive=0
05-24 20:19:23.114   321   321 E SELinux : avc:  denied  { find } for pid=1943 uid=10122 name=tethering scontext=u:r:sprd_radio_app:s0:c512,c768 tcontext=u:object_r:tethering_service:s0 tclass=service_manager permissive=0
05-24 20:19:23.316   321   321 E SELinux : avc:  denied  { find } for pid=1943 uid=10122 name=tethering scontext=u:r:sprd_radio_app:s0:c512,c768 tcontext=u:object_r:tethering_service:s0 tclass=service_manager permissive=0
05-24 20:19:23.517   321   321 E SELinux : avc:  denied  { find } for pid=1943 uid=10122 name=tethering scontext=u:r:sprd_radio_app:s0:c512,c768 tcontext=u:object_r:tethering_service:s0 tclass=service_manager permissive=0
05-24 20:19:23.719   321   321 E SELinux : avc:  denied  { find } for pid=1943 uid=10122 name=tethering scontext=u:r:sprd_radio_app:s0:c512,c768 tcontext=u:object_r:tethering_service:s0 tclass=service_manager permissive=0
05-24 20:19:23.921   321   321 E SELinux : avc:  denied  { find } for pid=1943 uid=10122 name=tethering scontext=u:r:sprd_radio_app:s0:c512,c768 tcontext=u:object_r:tethering_service:s0 tclass=service_manager permissive=0
05-24 20:19:24.123   321   321 E SELinux : avc:  denied  { find } for pid=1943 uid=10122 name=tethering scontext=u:r:sprd_radio_app:s0:c512,c768 tcontext=u:object_r:tethering_service:s0 tclass=service_manager permissive=0
05-24 20:19:24.325   321   321 E SELinux : avc:  denied  { find } for pid=1943 uid=10122 name=tethering scontext=u:r:sprd_radio_app:s0:c512,c768 tcontext=u:object_r:tethering_service:s0 tclass=service_manager permissive=0
05-24 20:19:24.527   321   321 E SELinux : avc:  denied  { find } for pid=1943 uid=10122 name=tethering scontext=u:r:sprd_radio_app:s0:c512,c768 tcontext=u:object_r:tethering_service:s0 tclass=service_manager permissive=0
05-24 20:19:25.335   321   321 E SELinux : avc:  denied  { find } for pid=1943 uid=10122 name=tethering scontext=u:r:sprd_radio_app:s0:c512,c768 tcontext=u:object_r:tethering_service:s0 tclass=service_manager permissive=0
05-24 20:19:25.481 19737 20009 E fb4a.TigonNetworkSessionListenerManager: handleDataTask failed for handleDataTaskType
05-24 20:19:25.482 19737 11737 E fb4a.msys: E[N data-request]_HandleDataResponse(1681)=>Data request error for task 8f575d0f-a2e8-432d-b797-2b26200855e6 (response type 1): network disconnected
05-24 20:19:25.484 19737 11739 E fb4a.msys: E[S sync]_createResponseError(241)=>Network Response 8f575d0f-a2e8-432d-b797-2b26200855e6 contains sync error Error Domain=NSURLErrorDomain Code=1 UserInfo=0xd3abec00 {MCFErrorDirectUnderlyingErrorKey=0xd39d6920 "Error Domain=NSURLErrorDomain Code=1 UserInfo=0xe5f1ca00 {MCFErrorDirectLocalizedFailureReasonKey=TigonError(error=TransientError, errorDomain=TigonLigerErrorDomain, domainErrorCode=3, analyticsDetail="AsyncSocketException: connect timed out after 29995ms, type = Timed out")}", MCFErrorDirectLocalizedFailureReasonKey=network disconnected} - Underlying error Error Domain=NSURLErrorDomain Code=1 UserInfo=0xe5f1ca00 {MCFErrorDirectLocalizedFailureReasonKey=TigonError(error=TransientError, errorDomain=TigonLigerErrorDomain, domainErrorCode=3, analyticsDetail="AsyncSocketException: connect timed out after 29995ms, type = Timed out")}: Error Domain=NSURLErrorDomain Code=1 UserInfo=0xd3abec00 {MCFErrorDirectUnderlyingErrorKey=0xd39d6920 "Error Domain=NSURLErrorDomain Code=1 UserInfo=0xe5f1ca00 {MCFErrorDirectLocalizedFailureReasonKey=TigonError(error=TransientError, errorDomain=TigonLigerErrorDomain, domainErrorCode=3, analyticsDetail="AsyncSocketException: connect timed out after 29995ms, type = Timed out")}", MCFErrorDirectLocalizedFailureReasonKey=network disconnected}
05-24 20:19:25.536   321   321 E SELinux : avc:  denied  { find } for pid=1943 uid=10122 name=tethering scontext=u:r:sprd_radio_app:s0:c512,c768 tcontext=u:object_r:tethering_service:s0 tclass=service_manager permissive=0
05-24 20:19:25.738   321   321 E SELinux : avc:  denied  { find } for pid=1943 uid=10122 name=tethering scontext=u:r:sprd_radio_app:s0:c512,c768 tcontext=u:object_r:tethering_service:s0 tclass=service_manager permissive=0
05-24 20:19:25.940   321   321 E SELinux : avc:  denied  { find } for pid=1943 uid=10122 name=tethering scontext=u:r:sprd_radio_app:s0:c512,c768 tcontext=u:object_r:tethering_service:s0 tclass=service_manager permissive=0
05-24 20:19:26.142   321   321 E SELinux : avc:  denied  { find } for pid=1943 uid=10122 name=tethering scontext=u:r:sprd_radio_app:s0:c512,c768 tcontext=u:object_r:tethering_service:s0 tclass=service_manager permissive=0
05-24 20:19:26.344   321   321 E SELinux : avc:  denied  { find } for pid=1943 uid=10122 name=tethering scontext=u:r:sprd_radio_app:s0:c512,c768 tcontext=u:object_r:tethering_service:s0 tclass=service_manager permissive=0
05-24 20:19:26.546   321   321 E SELinux : avc:  denied  { find } for pid=1943 uid=10122 name=tethering scontext=u:r:sprd_radio_app:s0:c512,c768 tcontext=u:object_r:tethering_service:s0 tclass=service_manager permissive=0
05-24 20:19:26.747   321   321 E SELinux : avc:  denied  { find } for pid=1943 uid=10122 name=tethering scontext=u:r:sprd_radio_app:s0:c512,c768 tcontext=u:object_r:tethering_service:s0 tclass=service_manager permissive=0
