05-24 16:58:18.126   321   321 E SELinux : avc:  denied  { find } for pid=1943 uid=10122 name=tethering scontext=u:r:sprd_radio_app:s0:c512,c768 tcontext=u:object_r:tethering_service:s0 tclass=service_manager permissive=0
05-24 16:58:18.328   321   321 E SELinux : avc:  denied  { find } for pid=1943 uid=10122 name=tethering scontext=u:r:sprd_radio_app:s0:c512,c768 tcontext=u:object_r:tethering_service:s0 tclass=service_manager permissive=0
05-24 16:58:19.137   321   321 E SELinux : avc:  denied  { find } for pid=1943 uid=10122 name=tethering scontext=u:r:sprd_radio_app:s0:c512,c768 tcontext=u:object_r:tethering_service:s0 tclass=service_manager permissive=0
05-24 16:58:19.339   321   321 E SELinux : avc:  denied  { find } for pid=1943 uid=10122 name=tethering scontext=u:r:sprd_radio_app:s0:c512,c768 tcontext=u:object_r:tethering_service:s0 tclass=service_manager permissive=0
05-24 16:58:23.184   321   321 E SELinux : avc:  denied  { find } for pid=1943 uid=10122 name=tethering scontext=u:r:sprd_radio_app:s0:c512,c768 tcontext=u:object_r:tethering_service:s0 tclass=service_manager permissive=0
05-24 16:58:23.386   321   321 E SELinux : avc:  denied  { find } for pid=1943 uid=10122 name=tethering scontext=u:r:sprd_radio_app:s0:c512,c768 tcontext=u:object_r:tethering_service:s0 tclass=service_manager permissive=0
05-24 16:58:25.813   321   321 E SELinux : avc:  denied  { find } for pid=1943 uid=10122 name=tethering scontext=u:r:sprd_radio_app:s0:c512,c768 tcontext=u:object_r:tethering_service:s0 tclass=service_manager permissive=0
05-24 16:58:25.831  6334 16899 E AuthPII : [RequestTokenManager] getToken() -> NETWORK_ERROR. App: com.google.android.gms, Service: oauth2:https://www.googleapis.com/auth/playatoms
05-24 16:58:25.831  6334 16899 E AuthPII : aihl: Error when calling server using GmsNetworkStack.
05-24 16:58:25.831  6334 16899 E AuthPII : 	at szh.b(:com.google.android.gms@241319057@24.13.19 (170300-626168189):1413)
05-24 16:58:25.831  6334 16899 E AuthPII : 	at szf.a(:com.google.android.gms@241319057@24.13.19 (170300-626168189):620)
05-24 16:58:25.831  6334 16899 E AuthPII : 	at sze.a(:com.google.android.gms@241319057@24.13.19 (170300-626168189):92)
05-24 16:58:25.831  6334 16899 E AuthPII : 	at njz.c(:com.google.android.gms@241319057@24.13.19 (170300-626168189):263)
05-24 16:58:25.831  6334 16899 E AuthPII : 	at njz.h(:com.google.android.gms@241319057@24.13.19 (170300-626168189):2)
05-24 16:58:25.831  6334 16899 E AuthPII : 	at sqm.getAuthToken(:com.google.android.gms@241319057@24.13.19 (170300-626168189):400)
05-24 16:58:25.831  6334 16899 E AuthPII : 	at android.accounts.AbstractAccountAuthenticator$Transport.getAuthToken(AbstractAccountAuthenticator.java:244)
05-24 16:58:25.831  6334 16899 E AuthPII : 	at android.accounts.IAccountAuthenticator$Stub.onTransact(IAccountAuthenticator.java:282)
05-24 16:58:25.831  6334 16899 E AuthPII : 	at android.os.Binder.transact(Binder.java:1043)
05-24 16:58:25.831  6334 16899 E AuthPII : 	at azlr.onTransact(:com.google.android.gms@241319057@24.13.19 (170300-626168189):26)
05-24 16:58:25.831  6334 16899 E AuthPII : 	at android.os.Binder.transact(Binder.java:1043)
05-24 16:58:25.831  6334 16899 E AuthPII : 	at autl.onTransact(:com.google.android.gms@241319057@24.13.19 (170300-626168189):147)
05-24 16:58:25.831  6334 16899 E AuthPII : 	at android.os.Binder.execTransactInternal(Binder.java:1159)
05-24 16:58:25.831  6334 16899 E AuthPII : 	at android.os.Binder.execTransact(Binder.java:1123)
05-24 16:58:25.831  6334 16899 E AuthPII : Caused by: aihl: Error requesting token.
05-24 16:58:25.831  6334 16899 E AuthPII : 	at szh.d(:com.google.android.gms@241319057@24.13.19 (170300-626168189):207)
05-24 16:58:25.831  6334 16899 E AuthPII : 	at szh.b(:com.google.android.gms@241319057@24.13.19 (170300-626168189):57)
05-24 16:58:25.831  6334 16899 E AuthPII : 	... 13 more
05-24 16:58:25.831  6334 16899 E AuthPII : Caused by: java.util.concurrent.TimeoutException: Waited 30 seconds (plus 40531094 nanoseconds delay) for dgkh@623cdff[status=PENDING, info=[inputFuture=[dgkh@83c97cc[status=PENDING, info=[inputFuture=[gsx@bd4fa15[status=PENDING, info=[tag=[GmsUrlRequestImpl.startWithFuture()]]]], function=[yeo@f1f112a]]]], function=[szg@7f14b1b]]]
05-24 16:58:25.831  6334 16899 E AuthPII : 	at dgkc.get(:com.google.android.gms@241319057@24.13.19 (170300-626168189):52)
05-24 16:58:25.831  6334 16899 E AuthPII : 	at szh.d(:com.google.android.gms@241319057@24.13.19 (170300-626168189):189)
05-24 16:58:25.831  6334 16899 E AuthPII : 	... 14 more
05-24 16:58:25.831  6334 16899 E AuthPII : Message is Error when calling server using GmsNetworkStack.
05-24 16:58:25.831  6334 16899 E AuthPII : aihl: Error when calling server using GmsNetworkStack.
05-24 16:58:25.831  6334 16899 E AuthPII : 	at szh.b(:com.google.android.gms@241319057@24.13.19 (170300-626168189):1413)
05-24 16:58:25.831  6334 16899 E AuthPII : 	at szf.a(:com.google.android.gms@241319057@24.13.19 (170300-626168189):620)
05-24 16:58:25.831  6334 16899 E AuthPII : 	at sze.a(:com.google.android.gms@241319057@24.13.19 (170300-626168189):92)
05-24 16:58:25.831  6334 16899 E AuthPII : 	at njz.c(:com.google.android.gms@241319057@24.13.19 (170300-626168189):263)
05-24 16:58:25.831  6334 16899 E AuthPII : 	at njz.h(:com.google.android.gms@241319057@24.13.19 (170300-626168189):2)
05-24 16:58:25.831  6334 16899 E AuthPII : 	at sqm.getAuthToken(:com.google.android.gms@241319057@24.13.19 (170300-626168189):400)
05-24 16:58:25.831  6334 16899 E AuthPII : 	at android.accounts.AbstractAccountAuthenticator$Transport.getAuthToken(AbstractAccountAuthenticator.java:244)
05-24 16:58:25.831  6334 16899 E AuthPII : 	at android.accounts.IAccountAuthenticator$Stub.onTransact(IAccountAuthenticator.java:282)
05-24 16:58:25.831  6334 16899 E AuthPII : 	at android.os.Binder.transact(Binder.java:1043)
05-24 16:58:25.831  6334 16899 E AuthPII : 	at azlr.onTransact(:com.google.android.gms@241319057@24.13.19 (170300-626168189):26)
05-24 16:58:25.831  6334 16899 E AuthPII : 	at android.os.Binder.transact(Binder.java:1043)
05-24 16:58:25.831  6334 16899 E AuthPII : 	at autl.onTransact(:com.google.android.gms@241319057@24.13.19 (170300-626168189):147)
05-24 16:58:25.831  6334 16899 E AuthPII : 	at android.os.Binder.execTransactInternal(Binder.java:1159)
05-24 16:58:25.831  6334 16899 E AuthPII : 	at android.os.Binder.execTransact(Binder.java:1123)
05-24 16:58:25.831  6334 16899 E AuthPII : Caused by: aihl: Error requesting token.
05-24 16:58:25.831  6334 16899 E AuthPII : 	at szh.d(:com.google.android.gms@241319057@24.13.19 (170300-626168189):207)
05-24 16:58:25.831  6334 16899 E AuthPII : 	at szh.b(:com.google.android.gms@241319057@24.13.19 (170300-626168189):57)
05-24 16:58:25.831  6334 16899 E AuthPII : 	... 13 more
05-24 16:58:25.831  6334 16899 E AuthPII : Caused by: java.util.concurrent.TimeoutException: Waited 30 seconds (plus 40531094 nanoseconds delay) for dgkh@623cdff[status=PENDING, info=[inputFuture=[dgkh@83c97cc[status=PENDING, info=[inputFuture=[gsx@bd4fa15[status=PENDING, info=[tag=[GmsUrlRequestImpl.startWithFuture()]]]], function=[yeo@f1f112a]]]], function=[szg@7f14b1b]]]
05-24 16:58:25.831  6334 16899 E AuthPII : 	at dgkc.get(:com.google.android.gms@241319057@24.13.19 (170300-626168189):52)
05-24 16:58:25.831  6334 16899 E AuthPII : 	at szh.d(:com.google.android.gms@241319057@24.13.19 (170300-626168189):189)
05-24 16:58:25.831  6334 16899 E AuthPII : 	... 14 more
05-24 16:58:25.843  6334 17603 E OAuthTokenProviderImpl: getTokenWithNotification failed [CONTEXT service_id=121 ]
05-24 16:58:25.843  6334 17603 E OAuthTokenProviderImpl: java.io.IOException: NetworkError
05-24 16:58:25.843  6334 17603 E OAuthTokenProviderImpl: 	at android.accounts.AccountManager.convertErrorToException(AccountManager.java:2501)
05-24 16:58:25.843  6334 17603 E OAuthTokenProviderImpl: 	at android.accounts.AccountManager.access$700(AccountManager.java:164)
05-24 16:58:25.843  6334 17603 E OAuthTokenProviderImpl: 	at android.accounts.AccountManager$AmsTask$Response.onError(AccountManager.java:2352)
05-24 16:58:25.843  6334 17603 E OAuthTokenProviderImpl: 	at android.accounts.IAccountManagerResponse$Stub.onTransact(IAccountManagerResponse.java:107)
05-24 16:58:25.843  6334 17603 E OAuthTokenProviderImpl: 	at android.os.Binder.execTransactInternal(Binder.java:1159)
05-24 16:58:25.843  6334 17603 E OAuthTokenProviderImpl: 	at android.os.Binder.execTransact(Binder.java:1123)
05-24 16:58:25.844  6334 17603 E RouterBackendClient: updateUserPrefs failed [CONTEXT service_id=121 ]
05-24 16:58:25.844  6334 17603 E RouterBackendClient: aydg: getTokenWithNotification failed
05-24 16:58:25.844  6334 17603 E RouterBackendClient: 	at aycu.a(:com.google.android.gms@241319057@24.13.19 (170300-626168189):69)
05-24 16:58:25.844  6334 17603 E RouterBackendClient: 	at aydc.a(:com.google.android.gms@241319057@24.13.19 (170300-626168189):260)
05-24 16:58:25.844  6334 17603 E RouterBackendClient: 	at ajdn.call(:com.google.android.gms@241319057@24.13.19 (170300-626168189):3)
05-24 16:58:25.844  6334 17603 E RouterBackendClient: 	at java.util.concurrent.FutureTask.run(FutureTask.java:266)
05-24 16:58:25.844  6334 17603 E RouterBackendClient: 	at ajjo.c(:com.google.android.gms@241319057@24.13.19 (170300-626168189):50)
05-24 16:58:25.844  6334 17603 E RouterBackendClient: 	at ajjo.run(:com.google.android.gms@241319057@24.13.19 (170300-626168189):76)
05-24 16:58:25.844  6334 17603 E RouterBackendClient: 	at java.util.concurrent.ThreadPoolExecutor.runWorker(ThreadPoolExecutor.java:1167)
05-24 16:58:25.844  6334 17603 E RouterBackendClient: 	at java.util.concurrent.ThreadPoolExecutor$Worker.run(ThreadPoolExecutor.java:641)
05-24 16:58:25.844  6334 17603 E RouterBackendClient: 	at ajpb.run(:com.google.android.gms@241319057@24.13.19 (170300-626168189):8)
05-24 16:58:25.844  6334 17603 E RouterBackendClient: 	at java.lang.Thread.run(Thread.java:923)
05-24 16:58:25.844  6334 17603 E RouterBackendClient: Caused by: java.io.IOException: NetworkError
05-24 16:58:25.844  6334 17603 E RouterBackendClient: 	at android.accounts.AccountManager.convertErrorToException(AccountManager.java:2501)
05-24 16:58:25.844  6334 17603 E RouterBackendClient: 	at android.accounts.AccountManager.access$700(AccountManager.java:164)
05-24 16:58:25.844  6334 17603 E RouterBackendClient: 	at android.accounts.AccountManager$AmsTask$Response.onError(AccountManager.java:2352)
05-24 16:58:25.844  6334 17603 E RouterBackendClient: 	at android.accounts.IAccountManagerResponse$Stub.onTransact(IAccountManagerResponse.java:107)
05-24 16:58:25.844  6334 17603 E RouterBackendClient: 	at android.os.Binder.execTransactInternal(Binder.java:1159)
05-24 16:58:25.844  6334 17603 E RouterBackendClient: 	at android.os.Binder.execTransact(Binder.java:1123)
05-24 16:58:25.845  6334 17603 E UserPrefsUpdater: Failed updateUserPrefs: status=0 force=false [CONTEXT service_id=121 ]
05-24 16:58:25.845  6334 17603 E UserPrefsUpdater: eioz: UNAUTHENTICATED
05-24 16:58:25.845  6334 17603 E UserPrefsUpdater: 	at aydc.a(:com.google.android.gms@241319057@24.13.19 (170300-626168189):368)
05-24 16:58:25.845  6334 17603 E UserPrefsUpdater: 	at ajdn.call(:com.google.android.gms@241319057@24.13.19 (170300-626168189):3)
05-24 16:58:25.845  6334 17603 E UserPrefsUpdater: 	at java.util.concurrent.FutureTask.run(FutureTask.java:266)
05-24 16:58:25.845  6334 17603 E UserPrefsUpdater: 	at ajjo.c(:com.google.android.gms@241319057@24.13.19 (170300-626168189):50)
05-24 16:58:25.845  6334 17603 E UserPrefsUpdater: 	at ajjo.run(:com.google.android.gms@241319057@24.13.19 (170300-626168189):76)
05-24 16:58:25.845  6334 17603 E UserPrefsUpdater: 	at java.util.concurrent.ThreadPoolExecutor.runWorker(ThreadPoolExecutor.java:1167)
05-24 16:58:25.845  6334 17603 E UserPrefsUpdater: 	at java.util.concurrent.ThreadPoolExecutor$Worker.run(ThreadPoolExecutor.java:641)
05-24 16:58:25.845  6334 17603 E UserPrefsUpdater: 	at ajpb.run(:com.google.android.gms@241319057@24.13.19 (170300-626168189):8)
05-24 16:58:25.845  6334 17603 E UserPrefsUpdater: 	at java.lang.Thread.run(Thread.java:923)
05-24 16:58:25.924   824   845 E Watchdog: WDT_Monitor: checkSFStatus sfBlocked=false
05-24 16:58:25.924   824   845 E Watchdog: WDT_Monitor: writeWDTMonitor duration=50,shutdowning=false
05-24 16:58:26.004  6334  6350 E AuthPII : [RequestTokenManager] getToken() -> NETWORK_ERROR. App: com.google.android.gms, Service: oauth2:https://www.googleapis.com/auth/identity.passwords.leak.check
05-24 16:58:26.004  6334  6350 E AuthPII : aihl: Error when calling server using GmsNetworkStack.
05-24 16:58:26.004  6334  6350 E AuthPII : 	at szh.b(:com.google.android.gms@241319057@24.13.19 (170300-626168189):1413)
05-24 16:58:26.004  6334  6350 E AuthPII : 	at szf.a(:com.google.android.gms@241319057@24.13.19 (170300-626168189):620)
05-24 16:58:26.004  6334  6350 E AuthPII : 	at sze.a(:com.google.android.gms@241319057@24.13.19 (170300-626168189):92)
05-24 16:58:26.004  6334  6350 E AuthPII : 	at njz.c(:com.google.android.gms@241319057@24.13.19 (170300-626168189):263)
05-24 16:58:26.004  6334  6350 E AuthPII : 	at njz.h(:com.google.android.gms@241319057@24.13.19 (170300-626168189):2)
05-24 16:58:26.004  6334  6350 E AuthPII : 	at njz.gY(:com.google.android.gms@241319057@24.13.19 (170300-626168189):200)
05-24 16:58:26.004  6334  6350 E AuthPII : 	at nft.onTransact(:com.google.android.gms@241319057@24.13.19 (170300-626168189):96)
05-24 16:58:26.004  6334  6350 E AuthPII : 	at android.os.Binder.transact(Binder.java:1043)
05-24 16:58:26.004  6334  6350 E AuthPII : 	at azlr.onTransact(:com.google.android.gms@241319057@24.13.19 (170300-626168189):26)
05-24 16:58:26.004  6334  6350 E AuthPII : 	at android.os.Binder.transact(Binder.java:1043)
05-24 16:58:26.004  6334  6350 E AuthPII : 	at autl.onTransact(:com.google.android.gms@241319057@24.13.19 (170300-626168189):147)
05-24 16:58:26.004  6334  6350 E AuthPII : 	at android.os.Binder.execTransactInternal(Binder.java:1154)
05-24 16:58:26.004  6334  6350 E AuthPII : 	at android.os.Binder.execTransact(Binder.java:1123)
05-24 16:58:26.004  6334  6350 E AuthPII : Caused by: aihl: Error requesting token.
05-24 16:58:26.004  6334  6350 E AuthPII : 	at szh.d(:com.google.android.gms@241319057@24.13.19 (170300-626168189):207)
05-24 16:58:26.004  6334  6350 E AuthPII : 	at szh.b(:com.google.android.gms@241319057@24.13.19 (170300-626168189):57)
05-24 16:58:26.004  6334  6350 E AuthPII : 	... 12 more
05-24 16:58:26.004  6334  6350 E AuthPII : Caused by: java.util.concurrent.TimeoutException: Waited 30 seconds (plus 385286 nanoseconds delay) for dgkh@b5234ef[status=PENDING, info=[inputFuture=[dgkh@dfb8bfc[status=PENDING, info=[inputFuture=[gsx@9a99285[status=PENDING, info=[tag=[GmsUrlRequestImpl.startWithFuture()]]]], function=[yeo@fb618da]]]], function=[szg@eb7310b]]]
05-24 16:58:26.004  6334  6350 E AuthPII : 	at dgkc.get(:com.google.android.gms@241319057@24.13.19 (170300-626168189):52)
05-24 16:58:26.004  6334  6350 E AuthPII : 	at szh.d(:com.google.android.gms@241319057@24.13.19 (170300-626168189):189)
05-24 16:58:26.004  6334  6350 E AuthPII : 	... 13 more
05-24 16:58:26.005  6334  6350 E AuthPII : Message is Error when calling server using GmsNetworkStack.
05-24 16:58:26.005  6334  6350 E AuthPII : aihl: Error when calling server using GmsNetworkStack.
05-24 16:58:26.005  6334  6350 E AuthPII : 	at szh.b(:com.google.android.gms@241319057@24.13.19 (170300-626168189):1413)
05-24 16:58:26.005  6334  6350 E AuthPII : 	at szf.a(:com.google.android.gms@241319057@24.13.19 (170300-626168189):620)
05-24 16:58:26.005  6334  6350 E AuthPII : 	at sze.a(:com.google.android.gms@241319057@24.13.19 (170300-626168189):92)
05-24 16:58:26.005  6334  6350 E AuthPII : 	at njz.c(:com.google.android.gms@241319057@24.13.19 (170300-626168189):263)
05-24 16:58:26.005  6334  6350 E AuthPII : 	at njz.h(:com.google.android.gms@241319057@24.13.19 (170300-626168189):2)
05-24 16:58:26.005  6334  6350 E AuthPII : 	at njz.gY(:com.google.android.gms@241319057@24.13.19 (170300-626168189):200)
05-24 16:58:26.005  6334  6350 E AuthPII : 	at nft.onTransact(:com.google.android.gms@241319057@24.13.19 (170300-626168189):96)
05-24 16:58:26.005  6334  6350 E AuthPII : 	at android.os.Binder.transact(Binder.java:1043)
05-24 16:58:26.005  6334  6350 E AuthPII : 	at azlr.onTransact(:com.google.android.gms@241319057@24.13.19 (170300-626168189):26)
05-24 16:58:26.005  6334  6350 E AuthPII : 	at android.os.Binder.transact(Binder.java:1043)
05-24 16:58:26.005  6334  6350 E AuthPII : 	at autl.onTransact(:com.google.android.gms@241319057@24.13.19 (170300-626168189):147)
05-24 16:58:26.005  6334  6350 E AuthPII : 	at android.os.Binder.execTransactInternal(Binder.java:1154)
05-24 16:58:26.005  6334  6350 E AuthPII : 	at android.os.Binder.execTransact(Binder.java:1123)
05-24 16:58:26.005  6334  6350 E AuthPII : Caused by: aihl: Error requesting token.
05-24 16:58:26.005  6334  6350 E AuthPII : 	at szh.d(:com.google.android.gms@241319057@24.13.19 (170300-626168189):207)
05-24 16:58:26.005  6334  6350 E AuthPII : 	at szh.b(:com.google.android.gms@241319057@24.13.19 (170300-626168189):57)
05-24 16:58:26.005  6334  6350 E AuthPII : 	... 12 more
05-24 16:58:26.005  6334  6350 E AuthPII : Caused by: java.util.concurrent.TimeoutException: Waited 30 seconds (plus 385286 nanoseconds delay) for dgkh@b5234ef[status=PENDING, info=[inputFuture=[dgkh@dfb8bfc[status=PENDING, info=[inputFuture=[gsx@9a99285[status=PENDING, info=[tag=[GmsUrlRequestImpl.startWithFuture()]]]], function=[yeo@fb618da]]]], function=[szg@eb7310b]]]
05-24 16:58:26.005  6334  6350 E AuthPII : 	at dgkc.get(:com.google.android.gms@241319057@24.13.19 (170300-626168189):52)
05-24 16:58:26.005  6334  6350 E AuthPII : 	at szh.d(:com.google.android.gms@241319057@24.13.19 (170300-626168189):189)
05-24 16:58:26.005  6334  6350 E AuthPII : 	... 13 more
05-24 16:58:26.015   321   321 E SELinux : avc:  denied  { find } for pid=1943 uid=10122 name=tethering scontext=u:r:sprd_radio_app:s0:c512,c768 tcontext=u:object_r:tethering_service:s0 tclass=service_manager permissive=0
05-24 16:58:26.217   321   321 E SELinux : avc:  denied  { find } for pid=1943 uid=10122 name=tethering scontext=u:r:sprd_radio_app:s0:c512,c768 tcontext=u:object_r:tethering_service:s0 tclass=service_manager permissive=0
05-24 16:58:26.419   321   321 E SELinux : avc:  denied  { find } for pid=1943 uid=10122 name=tethering scontext=u:r:sprd_radio_app:s0:c512,c768 tcontext=u:object_r:tethering_service:s0 tclass=service_manager permissive=0
05-24 16:58:28.443   321   321 E SELinux : avc:  denied  { find } for pid=1943 uid=10122 name=tethering scontext=u:r:sprd_radio_app:s0:c512,c768 tcontext=u:object_r:tethering_service:s0 tclass=service_manager permissive=0
05-24 16:58:28.645   321   321 E SELinux : avc:  denied  { find } for pid=1943 uid=10122 name=tethering scontext=u:r:sprd_radio_app:s0:c512,c768 tcontext=u:object_r:tethering_service:s0 tclass=service_manager permissive=0
05-24 16:58:33.496   321   321 E SELinux : avc:  denied  { find } for pid=1943 uid=10122 name=tethering scontext=u:r:sprd_radio_app:s0:c512,c768 tcontext=u:object_r:tethering_service:s0 tclass=service_manager permissive=0
05-24 16:58:33.698   321   321 E SELinux : avc:  denied  { find } for pid=1943 uid=10122 name=tethering scontext=u:r:sprd_radio_app:s0:c512,c768 tcontext=u:object_r:tethering_service:s0 tclass=service_manager permissive=0
05-24 16:58:35.722   321   321 E SELinux : avc:  denied  { find } for pid=1943 uid=10122 name=tethering scontext=u:r:sprd_radio_app:s0:c512,c768 tcontext=u:object_r:tethering_service:s0 tclass=service_manager permissive=0
05-24 16:58:35.810 19737 20009 E fb4a.TigonNetworkSessionListenerManager: handleDataTask failed for handleDataTaskType
05-24 16:58:35.811 19737 11737 E fb4a.msys: E[N data-request]_HandleDataResponse(1681)=>Data request error for task 463099ab-d775-4fac-a3aa-25195cad0e41 (response type 1): network disconnected
05-24 16:58:35.814 19737 11739 E fb4a.msys: E[S sync]_createResponseError(241)=>Network Response 463099ab-d775-4fac-a3aa-25195cad0e41 contains sync error Error Domain=NSURLErrorDomain Code=1 UserInfo=0xd63bc200 {MCFErrorDirectUnderlyingErrorKey=0xbe760980 "Error Domain=NSURLErrorDomain Code=1 UserInfo=0xe5f1ca00 {MCFErrorDirectLocalizedFailureReasonKey=TigonError(error=TransientError, errorDomain=TigonLigerErrorDomain, domainErrorCode=3, analyticsDetail="AsyncSocketException: connect timed out after 29995ms, type = Timed out")}", MCFErrorDirectLocalizedFailureReasonKey=network disconnected} - Underlying error Error Domain=NSURLErrorDomain Code=1 UserInfo=0xe5f1ca00 {MCFErrorDirectLocalizedFailureReasonKey=TigonError(error=TransientError, errorDomain=TigonLigerErrorDomain, domainErrorCode=3, analyticsDetail="AsyncSocketException: connect timed out after 29995ms, type = Timed out")}: Error Domain=NSURLErrorDomain Code=1 UserInfo=0xd63bc200 {MCFErrorDirectUnderlyingErrorKey=0xbe760980 "Error Domain=NSURLErrorDomain Code=1 UserInfo=0xe5f1ca00 {MCFErrorDirectLocalizedFailureReasonKey=TigonError(error=TransientError, errorDomain=TigonLigerErrorDomain, domainErrorCode=3, analyticsDetail="AsyncSocketException: connect timed out after 29995ms, type = Timed out")}", MCFErrorDirectLocalizedFailureReasonKey=network disconnected}
05-24 16:58:35.924   321   321 E SELinux : avc:  denied  { find } for pid=1943 uid=10122 name=tethering scontext=u:r:sprd_radio_app:s0:c512,c768 tcontext=u:object_r:tethering_service:s0 tclass=service_manager permissive=0
05-24 16:58:38.555   321   321 E SELinux : avc:  denied  { find } for pid=1943 uid=10122 name=tethering scontext=u:r:sprd_radio_app:s0:c512,c768 tcontext=u:object_r:tethering_service:s0 tclass=service_manager permissive=0
05-24 16:58:38.757   321   321 E SELinux : avc:  denied  { find } for pid=1943 uid=10122 name=tethering scontext=u:r:sprd_radio_app:s0:c512,c768 tcontext=u:object_r:tethering_service:s0 tclass=service_manager permissive=0
05-24 16:58:40.781   321   321 E SELinux : avc:  denied  { find } for pid=1943 uid=10122 name=tethering scontext=u:r:sprd_radio_app:s0:c512,c768 tcontext=u:object_r:tethering_service:s0 tclass=service_manager permissive=0
05-24 16:58:40.982   321   321 E SELinux : avc:  denied  { find } for pid=1943 uid=10122 name=tethering scontext=u:r:sprd_radio_app:s0:c512,c768 tcontext=u:object_r:tethering_service:s0 tclass=service_manager permissive=0
05-24 16:58:43.610   321   321 E SELinux : avc:  denied  { find } for pid=1943 uid=10122 name=tethering scontext=u:r:sprd_radio_app:s0:c512,c768 tcontext=u:object_r:tethering_service:s0 tclass=service_manager permissive=0
05-24 16:58:43.811   321   321 E SELinux : avc:  denied  { find } for pid=1943 uid=10122 name=tethering scontext=u:r:sprd_radio_app:s0:c512,c768 tcontext=u:object_r:tethering_service:s0 tclass=service_manager permissive=0
05-24 16:58:48.859   321   321 E SELinux : avc:  denied  { find } for pid=1943 uid=10122 name=tethering scontext=u:r:sprd_radio_app:s0:c512,c768 tcontext=u:object_r:tethering_service:s0 tclass=service_manager permissive=0
05-24 16:58:49.061   321   321 E SELinux : avc:  denied  { find } for pid=1943 uid=10122 name=tethering scontext=u:r:sprd_radio_app:s0:c512,c768 tcontext=u:object_r:tethering_service:s0 tclass=service_manager permissive=0
05-24 16:58:53.916   321   321 E SELinux : avc:  denied  { find } for pid=1943 uid=10122 name=tethering scontext=u:r:sprd_radio_app:s0:c512,c768 tcontext=u:object_r:tethering_service:s0 tclass=service_manager permissive=0
05-24 16:58:54.119   321   321 E SELinux : avc:  denied  { find } for pid=1943 uid=10122 name=tethering scontext=u:r:sprd_radio_app:s0:c512,c768 tcontext=u:object_r:tethering_service:s0 tclass=service_manager permissive=0
05-24 16:58:55.736   321   321 E SELinux : avc:  denied  { find } for pid=1943 uid=10122 name=tethering scontext=u:r:sprd_radio_app:s0:c512,c768 tcontext=u:object_r:tethering_service:s0 tclass=service_manager permissive=0
05-24 16:58:55.930   824   845 E Watchdog: WDT_Monitor: checkSFStatus sfBlocked=false
05-24 16:58:55.930   824   845 E Watchdog: WDT_Monitor: writeWDTMonitor duration=50,shutdowning=false
05-24 16:58:55.938   321   321 E SELinux : avc:  denied  { find } for pid=1943 uid=10122 name=tethering scontext=u:r:sprd_radio_app:s0:c512,c768 tcontext=u:object_r:tethering_service:s0 tclass=service_manager permissive=0
05-24 16:58:56.098  6334 16899 E AuthPII : [RequestTokenManager] getToken() -> NETWORK_ERROR. App: com.google.android.gms, Service: oauth2:https://www.googleapis.com/auth/playatoms
05-24 16:58:56.098  6334 16899 E AuthPII : aihl: Error when calling server using GmsNetworkStack.
05-24 16:58:56.098  6334 16899 E AuthPII : 	at szh.b(:com.google.android.gms@241319057@24.13.19 (170300-626168189):1413)
05-24 16:58:56.098  6334 16899 E AuthPII : 	at szf.a(:com.google.android.gms@241319057@24.13.19 (170300-626168189):620)
05-24 16:58:56.098  6334 16899 E AuthPII : 	at sze.a(:com.google.android.gms@241319057@24.13.19 (170300-626168189):92)
05-24 16:58:56.098  6334 16899 E AuthPII : 	at njz.c(:com.google.android.gms@241319057@24.13.19 (170300-626168189):263)
05-24 16:58:56.098  6334 16899 E AuthPII : 	at njz.h(:com.google.android.gms@241319057@24.13.19 (170300-626168189):2)
05-24 16:58:56.098  6334 16899 E AuthPII : 	at sqm.getAuthToken(:com.google.android.gms@241319057@24.13.19 (170300-626168189):400)
05-24 16:58:56.098  6334 16899 E AuthPII : 	at android.accounts.AbstractAccountAuthenticator$Transport.getAuthToken(AbstractAccountAuthenticator.java:244)
05-24 16:58:56.098  6334 16899 E AuthPII : 	at android.accounts.IAccountAuthenticator$Stub.onTransact(IAccountAuthenticator.java:282)
05-24 16:58:56.098  6334 16899 E AuthPII : 	at android.os.Binder.transact(Binder.java:1043)
05-24 16:58:56.098  6334 16899 E AuthPII : 	at azlr.onTransact(:com.google.android.gms@241319057@24.13.19 (170300-626168189):26)
05-24 16:58:56.098  6334 16899 E AuthPII : 	at android.os.Binder.transact(Binder.java:1043)
05-24 16:58:56.098  6334 16899 E AuthPII : 	at autl.onTransact(:com.google.android.gms@241319057@24.13.19 (170300-626168189):147)
05-24 16:58:56.098  6334 16899 E AuthPII : 	at android.os.Binder.execTransactInternal(Binder.java:1159)
05-24 16:58:56.098  6334 16899 E AuthPII : 	at android.os.Binder.execTransact(Binder.java:1123)
05-24 16:58:56.098  6334 16899 E AuthPII : Caused by: aihl: Error requesting token.
05-24 16:58:56.098  6334 16899 E AuthPII : 	at szh.d(:com.google.android.gms@241319057@24.13.19 (170300-626168189):207)
05-24 16:58:56.098  6334 16899 E AuthPII : 	at szh.b(:com.google.android.gms@241319057@24.13.19 (170300-626168189):57)
05-24 16:58:56.098  6334 16899 E AuthPII : 	... 13 more
05-24 16:58:56.098  6334 16899 E AuthPII : Caused by: java.util.concurrent.TimeoutException: Waited 30 seconds (plus 40492709 nanoseconds delay) for dgkh@d6ee932[status=PENDING, info=[inputFuture=[dgkh@1f2b683[status=PENDING, info=[inputFuture=[gsx@445d000[status=PENDING, info=[tag=[GmsUrlRequestImpl.startWithFuture()]]]], function=[yeo@719c039]]]], function=[szg@39e667e]]]
05-24 16:58:56.098  6334 16899 E AuthPII : 	at dgkc.get(:com.google.android.gms@241319057@24.13.19 (170300-626168189):52)
05-24 16:58:56.098  6334 16899 E AuthPII : 	at szh.d(:com.google.android.gms@241319057@24.13.19 (170300-626168189):189)
05-24 16:58:56.098  6334 16899 E AuthPII : 	... 14 more
05-24 16:58:56.099  6334 16899 E AuthPII : Message is Error when calling server using GmsNetworkStack.
05-24 16:58:56.099  6334 16899 E AuthPII : aihl: Error when calling server using GmsNetworkStack.
05-24 16:58:56.099  6334 16899 E AuthPII : 	at szh.b(:com.google.android.gms@241319057@24.13.19 (170300-626168189):1413)
05-24 16:58:56.099  6334 16899 E AuthPII : 	at szf.a(:com.google.android.gms@241319057@24.13.19 (170300-626168189):620)
05-24 16:58:56.099  6334 16899 E AuthPII : 	at sze.a(:com.google.android.gms@241319057@24.13.19 (170300-626168189):92)
05-24 16:58:56.099  6334 16899 E AuthPII : 	at njz.c(:com.google.android.gms@241319057@24.13.19 (170300-626168189):263)
05-24 16:58:56.099  6334 16899 E AuthPII : 	at njz.h(:com.google.android.gms@241319057@24.13.19 (170300-626168189):2)
05-24 16:58:56.099  6334 16899 E AuthPII : 	at sqm.getAuthToken(:com.google.android.gms@241319057@24.13.19 (170300-626168189):400)
05-24 16:58:56.099  6334 16899 E AuthPII : 	at android.accounts.AbstractAccountAuthenticator$Transport.getAuthToken(AbstractAccountAuthenticator.java:244)
05-24 16:58:56.099  6334 16899 E AuthPII : 	at android.accounts.IAccountAuthenticator$Stub.onTransact(IAccountAuthenticator.java:282)
05-24 16:58:56.099  6334 16899 E AuthPII : 	at android.os.Binder.transact(Binder.java:1043)
05-24 16:58:56.099  6334 16899 E AuthPII : 	at azlr.onTransact(:com.google.android.gms@241319057@24.13.19 (170300-626168189):26)
05-24 16:58:56.099  6334 16899 E AuthPII : 	at android.os.Binder.transact(Binder.java:1043)
05-24 16:58:56.099  6334 16899 E AuthPII : 	at autl.onTransact(:com.google.android.gms@241319057@24.13.19 (170300-626168189):147)
05-24 16:58:56.099  6334 16899 E AuthPII : 	at android.os.Binder.execTransactInternal(Binder.java:1159)
05-24 16:58:56.099  6334 16899 E AuthPII : 	at android.os.Binder.execTransact(Binder.java:1123)
05-24 16:58:56.099  6334 16899 E AuthPII : Caused by: aihl: Error requesting token.
05-24 16:58:56.099  6334 16899 E AuthPII : 	at szh.d(:com.google.android.gms@241319057@24.13.19 (170300-626168189):207)
05-24 16:58:56.099  6334 16899 E AuthPII : 	at szh.b(:com.google.android.gms@241319057@24.13.19 (170300-626168189):57)
05-24 16:58:56.099  6334 16899 E AuthPII : 	... 13 more
05-24 16:58:56.099  6334 16899 E AuthPII : Caused by: java.util.concurrent.TimeoutException: Waited 30 seconds (plus 40492709 nanoseconds delay) for dgkh@d6ee932[status=PENDING, info=[inputFuture=[dgkh@1f2b683[status=PENDING, info=[inputFuture=[gsx@445d000[status=PENDING, info=[tag=[GmsUrlRequestImpl.startWithFuture()]]]], function=[yeo@719c039]]]], function=[szg@39e667e]]]
05-24 16:58:56.099  6334 16899 E AuthPII : 	at dgkc.get(:com.google.android.gms@241319057@24.13.19 (170300-626168189):52)
05-24 16:58:56.099  6334 16899 E AuthPII : 	at szh.d(:com.google.android.gms@241319057@24.13.19 (170300-626168189):189)
05-24 16:58:56.099  6334 16899 E AuthPII : 	... 14 more
05-24 16:58:56.104  6334 17206 E OAuthTokenProviderImpl: getTokenWithNotification failed [CONTEXT service_id=121 ]
05-24 16:58:56.104  6334 17206 E OAuthTokenProviderImpl: java.io.IOException: NetworkError
05-24 16:58:56.104  6334 17206 E OAuthTokenProviderImpl: 	at android.accounts.AccountManager.convertErrorToException(AccountManager.java:2501)
05-24 16:58:56.104  6334 17206 E OAuthTokenProviderImpl: 	at android.accounts.AccountManager.access$700(AccountManager.java:164)
05-24 16:58:56.104  6334 17206 E OAuthTokenProviderImpl: 	at android.accounts.AccountManager$AmsTask$Response.onError(AccountManager.java:2352)
05-24 16:58:56.104  6334 17206 E OAuthTokenProviderImpl: 	at android.accounts.IAccountManagerResponse$Stub.onTransact(IAccountManagerResponse.java:107)
05-24 16:58:56.104  6334 17206 E OAuthTokenProviderImpl: 	at android.os.Binder.execTransactInternal(Binder.java:1159)
05-24 16:58:56.104  6334 17206 E OAuthTokenProviderImpl: 	at android.os.Binder.execTransact(Binder.java:1123)
05-24 16:58:56.105  6334 17524 E DomainFilterImpl: Error while reading domain filter from WHAPI [CONTEXT service_id=121 ]
05-24 16:58:56.105  6334 17524 E DomainFilterImpl: java.util.concurrent.ExecutionException: eioz: UNAUTHENTICATED
05-24 16:58:56.105  6334 17524 E DomainFilterImpl: 	at java.util.concurrent.FutureTask.report(FutureTask.java:123)
05-24 16:58:56.105  6334 17524 E DomainFilterImpl: 	at java.util.concurrent.FutureTask.get(FutureTask.java:193)
05-24 16:58:56.105  6334 17524 E DomainFilterImpl: 	at ajdp.get(:com.google.android.gms@241319057@24.13.19 (170300-626168189):1)
05-24 16:58:56.105  6334 17524 E DomainFilterImpl: 	at ayhr.t(:com.google.android.gms@241319057@24.13.19 (170300-626168189):88)
05-24 16:58:56.105  6334 17524 E DomainFilterImpl: 	at ayhr.d(:com.google.android.gms@241319057@24.13.19 (170300-626168189):73)
05-24 16:58:56.105  6334 17524 E DomainFilterImpl: 	at ayhl.d(:com.google.android.gms@241319057@24.13.19 (170300-626168189):5)
05-24 16:58:56.105  6334 17524 E DomainFilterImpl: 	at com.google.android.gms.instantapps.routing.DomainFilterUpdateChimeraService.iK(:com.google.android.gms@241319057@24.13.19 (170300-626168189):190)
05-24 16:58:56.105  6334 17524 E DomainFilterImpl: 	at beju.call(:com.google.android.gms@241319057@24.13.19 (170300-626168189):32)
05-24 16:58:56.105  6334 17524 E DomainFilterImpl: 	at java.util.concurrent.FutureTask.run(FutureTask.java:266)
05-24 16:58:56.105  6334 17524 E DomainFilterImpl: 	at ajjo.c(:com.google.android.gms@241319057@24.13.19 (170300-626168189):50)
05-24 16:58:56.105  6334 17524 E DomainFilterImpl: 	at ajjo.run(:com.google.android.gms@241319057@24.13.19 (170300-626168189):76)
05-24 16:58:56.105  6334 17524 E DomainFilterImpl: 	at java.util.concurrent.ThreadPoolExecutor.runWorker(ThreadPoolExecutor.java:1167)
05-24 16:58:56.105  6334 17524 E DomainFilterImpl: 	at java.util.concurrent.ThreadPoolExecutor$Worker.run(ThreadPoolExecutor.java:641)
05-24 16:58:56.105  6334 17524 E DomainFilterImpl: 	at ajpb.run(:com.google.android.gms@241319057@24.13.19 (170300-626168189):8)
05-24 16:58:56.105  6334 17524 E DomainFilterImpl: 	at java.lang.Thread.run(Thread.java:923)
05-24 16:58:56.105  6334 17524 E DomainFilterImpl: Caused by: eioz: UNAUTHENTICATED
05-24 16:58:56.105  6334 17524 E DomainFilterImpl: 	at aycz.a(:com.google.android.gms@241319057@24.13.19 (170300-626168189):417)
05-24 16:58:56.105  6334 17524 E DomainFilterImpl: 	at ajdn.call(:com.google.android.gms@241319057@24.13.19 (170300-626168189):3)
05-24 16:58:56.105  6334 17524 E DomainFilterImpl: 	... 7 more
05-24 16:58:56.140   321   321 E SELinux : avc:  denied  { find } for pid=1943 uid=10122 name=tethering scontext=u:r:sprd_radio_app:s0:c512,c768 tcontext=u:object_r:tethering_service:s0 tclass=service_manager permissive=0
05-24 16:58:56.263  6334  6350 E AuthPII : [RequestTokenManager] getToken() -> NETWORK_ERROR. App: com.google.android.gms, Service: oauth2:https://www.googleapis.com/auth/identity.passwords.leak.check
05-24 16:58:56.263  6334  6350 E AuthPII : aihl: Error when calling server using GmsNetworkStack.
05-24 16:58:56.263  6334  6350 E AuthPII : 	at szh.b(:com.google.android.gms@241319057@24.13.19 (170300-626168189):1413)
05-24 16:58:56.263  6334  6350 E AuthPII : 	at szf.a(:com.google.android.gms@241319057@24.13.19 (170300-626168189):620)
05-24 16:58:56.263  6334  6350 E AuthPII : 	at sze.a(:com.google.android.gms@241319057@24.13.19 (170300-626168189):92)
05-24 16:58:56.263  6334  6350 E AuthPII : 	at njz.c(:com.google.android.gms@241319057@24.13.19 (170300-626168189):263)
05-24 16:58:56.263  6334  6350 E AuthPII : 	at njz.h(:com.google.android.gms@241319057@24.13.19 (170300-626168189):2)
05-24 16:58:56.263  6334  6350 E AuthPII : 	at njz.gY(:com.google.android.gms@241319057@24.13.19 (170300-626168189):200)
05-24 16:58:56.263  6334  6350 E AuthPII : 	at nft.onTransact(:com.google.android.gms@241319057@24.13.19 (170300-626168189):96)
05-24 16:58:56.263  6334  6350 E AuthPII : 	at android.os.Binder.transact(Binder.java:1043)
05-24 16:58:56.263  6334  6350 E AuthPII : 	at azlr.onTransact(:com.google.android.gms@241319057@24.13.19 (170300-626168189):26)
05-24 16:58:56.263  6334  6350 E AuthPII : 	at android.os.Binder.transact(Binder.java:1043)
05-24 16:58:56.263  6334  6350 E AuthPII : 	at autl.onTransact(:com.google.android.gms@241319057@24.13.19 (170300-626168189):147)
05-24 16:58:56.263  6334  6350 E AuthPII : 	at android.os.Binder.execTransactInternal(Binder.java:1154)
05-24 16:58:56.263  6334  6350 E AuthPII : 	at android.os.Binder.execTransact(Binder.java:1123)
05-24 16:58:56.263  6334  6350 E AuthPII : Caused by: aihl: Error requesting token.
05-24 16:58:56.263  6334  6350 E AuthPII : 	at szh.d(:com.google.android.gms@241319057@24.13.19 (170300-626168189):207)
05-24 16:58:56.263  6334  6350 E AuthPII : 	at szh.b(:com.google.android.gms@241319057@24.13.19 (170300-626168189):57)
05-24 16:58:56.263  6334  6350 E AuthPII : 	... 12 more
05-24 16:58:56.263  6334  6350 E AuthPII : Caused by: java.util.concurrent.TimeoutException: Waited 30 seconds (plus 125671 nanoseconds delay) for dgkh@a2064e1[status=PENDING, info=[inputFuture=[dgkh@58db206[status=PENDING, info=[inputFuture=[gsx@36d0c7[status=PENDING, info=[tag=[GmsUrlRequestImpl.startWithFuture()]]]], function=[yeo@bddb6f4]]]], function=[szg@fdd6e1d]]]
05-24 16:58:56.263  6334  6350 E AuthPII : 	at dgkc.get(:com.google.android.gms@241319057@24.13.19 (170300-626168189):52)
05-24 16:58:56.263  6334  6350 E AuthPII : 	at szh.d(:com.google.android.gms@241319057@24.13.19 (170300-626168189):189)
05-24 16:58:56.263  6334  6350 E AuthPII : 	... 13 more
05-24 16:58:56.264  6334  6350 E AuthPII : Message is Error when calling server using GmsNetworkStack.
05-24 16:58:56.264  6334  6350 E AuthPII : aihl: Error when calling server using GmsNetworkStack.
05-24 16:58:56.264  6334  6350 E AuthPII : 	at szh.b(:com.google.android.gms@241319057@24.13.19 (170300-626168189):1413)
05-24 16:58:56.264  6334  6350 E AuthPII : 	at szf.a(:com.google.android.gms@241319057@24.13.19 (170300-626168189):620)
05-24 16:58:56.264  6334  6350 E AuthPII : 	at sze.a(:com.google.android.gms@241319057@24.13.19 (170300-626168189):92)
05-24 16:58:56.264  6334  6350 E AuthPII : 	at njz.c(:com.google.android.gms@241319057@24.13.19 (170300-626168189):263)
05-24 16:58:56.264  6334  6350 E AuthPII : 	at njz.h(:com.google.android.gms@241319057@24.13.19 (170300-626168189):2)
05-24 16:58:56.264  6334  6350 E AuthPII : 	at njz.gY(:com.google.android.gms@241319057@24.13.19 (170300-626168189):200)
05-24 16:58:56.264  6334  6350 E AuthPII : 	at nft.onTransact(:com.google.android.gms@241319057@24.13.19 (170300-626168189):96)
05-24 16:58:56.264  6334  6350 E AuthPII : 	at android.os.Binder.transact(Binder.java:1043)
05-24 16:58:56.264  6334  6350 E AuthPII : 	at azlr.onTransact(:com.google.android.gms@241319057@24.13.19 (170300-626168189):26)
05-24 16:58:56.264  6334  6350 E AuthPII : 	at android.os.Binder.transact(Binder.java:1043)
05-24 16:58:56.264  6334  6350 E AuthPII : 	at autl.onTransact(:com.google.android.gms@241319057@24.13.19 (170300-626168189):147)
05-24 16:58:56.264  6334  6350 E AuthPII : 	at android.os.Binder.execTransactInternal(Binder.java:1154)
05-24 16:58:56.264  6334  6350 E AuthPII : 	at android.os.Binder.execTransact(Binder.java:1123)
05-24 16:58:56.264  6334  6350 E AuthPII : Caused by: aihl: Error requesting token.
05-24 16:58:56.264  6334  6350 E AuthPII : 	at szh.d(:com.google.android.gms@241319057@24.13.19 (170300-626168189):207)
05-24 16:58:56.264  6334  6350 E AuthPII : 	at szh.b(:com.google.android.gms@241319057@24.13.19 (170300-626168189):57)
05-24 16:58:56.264  6334  6350 E AuthPII : 	... 12 more
05-24 16:58:56.264  6334  6350 E AuthPII : Caused by: java.util.concurrent.TimeoutException: Waited 30 seconds (plus 125671 nanoseconds delay) for dgkh@a2064e1[status=PENDING, info=[inputFuture=[dgkh@58db206[status=PENDING, info=[inputFuture=[gsx@36d0c7[status=PENDING, info=[tag=[GmsUrlRequestImpl.startWithFuture()]]]], function=[yeo@bddb6f4]]]], function=[szg@fdd6e1d]]]
05-24 16:58:56.264  6334  6350 E AuthPII : 	at dgkc.get(:com.google.android.gms@241319057@24.13.19 (170300-626168189):52)
05-24 16:58:56.264  6334  6350 E AuthPII : 	at szh.d(:com.google.android.gms@241319057@24.13.19 (170300-626168189):189)
05-24 16:58:56.264  6334  6350 E AuthPII : 	... 13 more
05-24 16:58:56.342   321   321 E SELinux : avc:  denied  { find } for pid=1943 uid=10122 name=tethering scontext=u:r:sprd_radio_app:s0:c512,c768 tcontext=u:object_r:tethering_service:s0 tclass=service_manager permissive=0
05-24 16:58:56.544   321   321 E SELinux : avc:  denied  { find } for pid=1943 uid=10122 name=tethering scontext=u:r:sprd_radio_app:s0:c512,c768 tcontext=u:object_r:tethering_service:s0 tclass=service_manager permissive=0
05-24 16:58:56.747   321   321 E SELinux : avc:  denied  { find } for pid=1943 uid=10122 name=tethering scontext=u:r:sprd_radio_app:s0:c512,c768 tcontext=u:object_r:tethering_service:s0 tclass=service_manager permissive=0
05-24 16:58:57.756   321   321 E SELinux : avc:  denied  { find } for pid=1943 uid=10122 name=tethering scontext=u:r:sprd_radio_app:s0:c512,c768 tcontext=u:object_r:tethering_service:s0 tclass=service_manager permissive=0
05-24 16:58:57.959   321   321 E SELinux : avc:  denied  { find } for pid=1943 uid=10122 name=tethering scontext=u:r:sprd_radio_app:s0:c512,c768 tcontext=u:object_r:tethering_service:s0 tclass=service_manager permissive=0
05-24 16:58:58.162   321   321 E SELinux : avc:  denied  { find } for pid=1943 uid=10122 name=tethering scontext=u:r:sprd_radio_app:s0:c512,c768 tcontext=u:object_r:tethering_service:s0 tclass=service_manager permissive=0
05-24 16:58:59.172   321   321 E SELinux : avc:  denied  { find } for pid=1943 uid=10122 name=tethering scontext=u:r:sprd_radio_app:s0:c512,c768 tcontext=u:object_r:tethering_service:s0 tclass=service_manager permissive=0
05-24 16:58:59.375   321   321 E SELinux : avc:  denied  { find } for pid=1943 uid=10122 name=tethering scontext=u:r:sprd_radio_app:s0:c512,c768 tcontext=u:object_r:tethering_service:s0 tclass=service_manager permissive=0
05-24 16:59:04.226   321   321 E SELinux : avc:  denied  { find } for pid=1943 uid=10122 name=tethering scontext=u:r:sprd_radio_app:s0:c512,c768 tcontext=u:object_r:tethering_service:s0 tclass=service_manager permissive=0
05-24 16:59:04.428   321   321 E SELinux : avc:  denied  { find } for pid=1943 uid=10122 name=tethering scontext=u:r:sprd_radio_app:s0:c512,c768 tcontext=u:object_r:tethering_service:s0 tclass=service_manager permissive=0
05-24 16:59:05.844   321   321 E SELinux : avc:  denied  { find } for pid=1943 uid=10122 name=tethering scontext=u:r:sprd_radio_app:s0:c512,c768 tcontext=u:object_r:tethering_service:s0 tclass=service_manager permissive=0
05-24 16:59:05.870 19737 20009 E fb4a.TigonNetworkSessionListenerManager: handleDataTask failed for handleDataTaskType
05-24 16:59:05.871 19737 11737 E fb4a.msys: E[N data-request]_HandleDataResponse(1681)=>Data request error for task bcc82df3-7470-4e90-8f3d-7fb1b0802b46 (response type 1): network disconnected
05-24 16:59:05.874 19737 11739 E fb4a.msys: E[S sync]_createResponseError(241)=>Network Response bcc82df3-7470-4e90-8f3d-7fb1b0802b46 contains sync error Error Domain=NSURLErrorDomain Code=1 UserInfo=0xe5f20100 {MCFErrorDirectUnderlyingErrorKey=0xd62df200 "Error Domain=NSURLErrorDomain Code=1 UserInfo=0xe5f1ca00 {MCFErrorDirectLocalizedFailureReasonKey=TigonError(error=TransientError, errorDomain=TigonLigerErrorDomain, domainErrorCode=3, analyticsDetail="AsyncSocketException: connect timed out after 29995ms, type = Timed out")}", MCFErrorDirectLocalizedFailureReasonKey=network disconnected} - Underlying error Error Domain=NSURLErrorDomain Code=1 UserInfo=0xe5f1ca00 {MCFErrorDirectLocalizedFailureReasonKey=TigonError(error=TransientError, errorDomain=TigonLigerErrorDomain, domainErrorCode=3, analyticsDetail="AsyncSocketException: connect timed out after 29995ms, type = Timed out")}: Error Domain=NSURLErrorDomain Code=1 UserInfo=0xe5f20100 {MCFErrorDirectUnderlyingErrorKey=0xd62df200 "Error Domain=NSURLErrorDomain Code=1 UserInfo=0xe5f1ca00 {MCFErrorDirectLocalizedFailureReasonKey=TigonError(error=TransientError, errorDomain=TigonLigerErrorDomain, domainErrorCode=3, analyticsDetail="AsyncSocketException: connect timed out after 29995ms, type = Timed out")}", MCFErrorDirectLocalizedFailureReasonKey=network disconnected}
05-24 16:59:06.047   321   321 E SELinux : avc:  denied  { find } for pid=1943 uid=10122 name=tethering scontext=u:r:sprd_radio_app:s0:c512,c768 tcontext=u:object_r:tethering_service:s0 tclass=service_manager permissive=0
05-24 16:59:09.283   321   321 E SELinux : avc:  denied  { find } for pid=1943 uid=10122 name=tethering scontext=u:r:sprd_radio_app:s0:c512,c768 tcontext=u:object_r:tethering_service:s0 tclass=service_manager permissive=0
05-24 16:59:09.485   321   321 E SELinux : avc:  denied  { find } for pid=1943 uid=10122 name=tethering scontext=u:r:sprd_radio_app:s0:c512,c768 tcontext=u:object_r:tethering_service:s0 tclass=service_manager permissive=0
05-24 16:59:11.102   321   321 E SELinux : avc:  denied  { find } for pid=1943 uid=10122 name=tethering scontext=u:r:sprd_radio_app:s0:c512,c768 tcontext=u:object_r:tethering_service:s0 tclass=service_manager permissive=0
05-24 16:59:11.302   462   498 E IMGMemtrackHAL: DbgFsParseFile: fopen of /proc/pvr/driver_stats failed (Permission denied)
05-24 16:59:11.303   321   321 E SELinux : avc:  denied  { find } for pid=1943 uid=10122 name=tethering scontext=u:r:sprd_radio_app:s0:c512,c768 tcontext=u:object_r:tethering_service:s0 tclass=service_manager permissive=0
05-24 16:59:11.304   462   498 E IMGMemtrackHAL: GetGraphicsMemtrackRecords: DbgFsParseDir for /d/ion failed (No such file or directory)
05-24 16:59:11.505   321   321 E SELinux : avc:  denied  { find } for pid=1943 uid=10122 name=tethering scontext=u:r:sprd_radio_app:s0:c512,c768 tcontext=u:object_r:tethering_service:s0 tclass=service_manager permissive=0
05-24 16:59:13.529   321   321 E SELinux : avc:  denied  { find } for pid=1943 uid=10122 name=tethering scontext=u:r:sprd_radio_app:s0:c512,c768 tcontext=u:object_r:tethering_service:s0 tclass=service_manager permissive=0
05-24 16:59:13.731   321   321 E SELinux : avc:  denied  { find } for pid=1943 uid=10122 name=tethering scontext=u:r:sprd_radio_app:s0:c512,c768 tcontext=u:object_r:tethering_service:s0 tclass=service_manager permissive=0
05-24 16:59:14.338   321   321 E SELinux : avc:  denied  { find } for pid=1943 uid=10122 name=tethering scontext=u:r:sprd_radio_app:s0:c512,c768 tcontext=u:object_r:tethering_service:s0 tclass=service_manager permissive=0
05-24 16:59:14.539   321   321 E SELinux : avc:  denied  { find } for pid=1943 uid=10122 name=tethering scontext=u:r:sprd_radio_app:s0:c512,c768 tcontext=u:object_r:tethering_service:s0 tclass=service_manager permissive=0
05-24 16:59:14.742   321   321 E SELinux : avc:  denied  { find } for pid=1943 uid=10122 name=tethering scontext=u:r:sprd_radio_app:s0:c512,c768 tcontext=u:object_r:tethering_service:s0 tclass=service_manager permissive=0
05-24 16:59:16.765   321   321 E SELinux : avc:  denied  { find } for pid=1943 uid=10122 name=tethering scontext=u:r:sprd_radio_app:s0:c512,c768 tcontext=u:object_r:tethering_service:s0 tclass=service_manager permissive=0
05-24 16:59:16.967   321   321 E SELinux : avc:  denied  { find } for pid=1943 uid=10122 name=tethering scontext=u:r:sprd_radio_app:s0:c512,c768 tcontext=u:object_r:tethering_service:s0 tclass=service_manager permissive=0
05-24 16:59:17.978   321   321 E SELinux : avc:  denied  { find } for pid=1943 uid=10122 name=tethering scontext=u:r:sprd_radio_app:s0:c512,c768 tcontext=u:object_r:tethering_service:s0 tclass=service_manager permissive=0
05-24 16:59:18.180   321   321 E SELinux : avc:  denied  { find } for pid=1943 uid=10122 name=tethering scontext=u:r:sprd_radio_app:s0:c512,c768 tcontext=u:object_r:tethering_service:s0 tclass=service_manager permissive=0
05-24 16:59:19.192   321   321 E SELinux : avc:  denied  { find } for pid=1943 uid=10122 name=tethering scontext=u:r:sprd_radio_app:s0:c512,c768 tcontext=u:object_r:tethering_service:s0 tclass=service_manager permissive=0
05-24 16:59:19.394   321   321 E SELinux : avc:  denied  { find } for pid=1943 uid=10122 name=tethering scontext=u:r:sprd_radio_app:s0:c512,c768 tcontext=u:object_r:tethering_service:s0 tclass=service_manager permissive=0
05-24 16:59:19.596   321   321 E SELinux : avc:  denied  { find } for pid=1943 uid=10122 name=tethering scontext=u:r:sprd_radio_app:s0:c512,c768 tcontext=u:object_r:tethering_service:s0 tclass=service_manager permissive=0
05-24 16:59:19.799   321   321 E SELinux : avc:  denied  { find } for pid=1943 uid=10122 name=tethering scontext=u:r:sprd_radio_app:s0:c512,c768 tcontext=u:object_r:tethering_service:s0 tclass=service_manager permissive=0
05-24 16:59:24.655   321   321 E SELinux : avc:  denied  { find } for pid=1943 uid=10122 name=tethering scontext=u:r:sprd_radio_app:s0:c512,c768 tcontext=u:object_r:tethering_service:s0 tclass=service_manager permissive=0
05-24 16:59:24.857   321   321 E SELinux : avc:  denied  { find } for pid=1943 uid=10122 name=tethering scontext=u:r:sprd_radio_app:s0:c512,c768 tcontext=u:object_r:tethering_service:s0 tclass=service_manager permissive=0
05-24 16:59:25.936   824   845 E Watchdog: WDT_Monitor: checkSFStatus sfBlocked=false
05-24 16:59:25.936   824   845 E Watchdog: WDT_Monitor: writeWDTMonitor duration=50,shutdowning=false
05-24 16:59:26.272   321   321 E SELinux : avc:  denied  { find } for pid=1943 uid=10122 name=tethering scontext=u:r:sprd_radio_app:s0:c512,c768 tcontext=u:object_r:tethering_service:s0 tclass=service_manager permissive=0
05-24 16:59:26.444  6334  7846 E AuthPII : [RequestTokenManager] getToken() -> NETWORK_ERROR. App: com.google.android.gms, Service: oauth2:https://www.googleapis.com/auth/emeraldsea.mobileapps.doritos.cookie
05-24 16:59:26.444  6334  7846 E AuthPII : aihl: Error when calling server using GmsNetworkStack.
05-24 16:59:26.444  6334  7846 E AuthPII : 	at szh.b(:com.google.android.gms@241319057@24.13.19 (170300-626168189):1413)
05-24 16:59:26.444  6334  7846 E AuthPII : 	at szf.a(:com.google.android.gms@241319057@24.13.19 (170300-626168189):620)
05-24 16:59:26.444  6334  7846 E AuthPII : 	at sze.a(:com.google.android.gms@241319057@24.13.19 (170300-626168189):92)
05-24 16:59:26.444  6334  7846 E AuthPII : 	at njz.c(:com.google.android.gms@241319057@24.13.19 (170300-626168189):263)
